BATCH.SH START ./experiments/mbssp-control/runs:1140 (ulimit --clean)
Start EncodeRecord { instance: Some(Instance { problem: Mbssp { b: 10, n: 8, m: 12, q: 50, instances: 100 }, i: 14, lp: "./experiments/mbssp-control/lps/2/014.lp" }), experiment: Some(Experiment { system: MiniZinc, pb_encoding: Gt, int_encoding: Dir, con_encoding: Include, split_eq: false, model_config: ModelConfig { scm: Add, cutoff: Order, decomposer: Gt, equalize_ternaries: true, add_consistency: false, propagate: None, equalize_uniform_bin_ineqs: false } }), statics: None, pb_statics: None, principal: None, time: None, dimacs: None }
model = 
	c_1:	29·(x_1 ∈ |0..10|11 []) + 44·(x_2 ∈ |0..10|11 []) + 31·(x_3 ∈ |0..10|11 []) + 4·(x_4 ∈ |0..10|11 []) + 46·(x_5 ∈ |0..10|11 []) + 20·(x_6 ∈ |0..10|11 []) + 21·(x_7 ∈ |0..10|11 []) + 39·(x_8 ∈ |0..10|11 []) + 9·(x_9 ∈ |0..10|11 []) + 23·(x_10 ∈ |0..10|11 []) + 49·(x_11 ∈ |0..10|11 []) + 25·(x_12 ∈ |0..10|11 []) = 2362
	c_2:	47·(x_1 ∈ |0..10|11 []) + 20·(x_2 ∈ |0..10|11 []) + 18·(x_3 ∈ |0..10|11 []) + 20·(x_4 ∈ |0..10|11 []) + 40·(x_5 ∈ |0..10|11 []) + 9·(x_6 ∈ |0..10|11 []) + 32·(x_7 ∈ |0..10|11 []) + 7·(x_8 ∈ |0..10|11 []) + 44·(x_9 ∈ |0..10|11 []) + 35·(x_10 ∈ |0..10|11 []) + 29·(x_11 ∈ |0..10|11 []) + 45·(x_12 ∈ |0..10|11 []) = 1849
	c_3:	48·(x_1 ∈ |0..10|11 []) + 19·(x_2 ∈ |0..10|11 []) + 19·(x_3 ∈ |0..10|11 []) + 44·(x_4 ∈ |0..10|11 []) + 50·(x_5 ∈ |0..10|11 []) + 21·(x_6 ∈ |0..10|11 []) + 6·(x_7 ∈ |0..10|11 []) + 17·(x_8 ∈ |0..10|11 []) + 30·(x_9 ∈ |0..10|11 []) + 36·(x_10 ∈ |0..10|11 []) + 8·(x_11 ∈ |0..10|11 []) + (x_12 ∈ |0..10|11 []) = 1526
	c_4:	10·(x_1 ∈ |0..10|11 []) + 25·(x_2 ∈ |0..10|11 []) + 14·(x_3 ∈ |0..10|11 []) + 5·(x_4 ∈ |0..10|11 []) + 30·(x_5 ∈ |0..10|11 []) + 38·(x_6 ∈ |0..10|11 []) + 41·(x_7 ∈ |0..10|11 []) + 49·(x_8 ∈ |0..10|11 []) + 5·(x_9 ∈ |0..10|11 []) + 44·(x_10 ∈ |0..10|11 []) + 25·(x_11 ∈ |0..10|11 []) + 35·(x_12 ∈ |0..10|11 []) = 1953
	c_5:	43·(x_1 ∈ |0..10|11 []) + 13·(x_2 ∈ |0..10|11 []) + 6·(x_3 ∈ |0..10|11 []) + 22·(x_4 ∈ |0..10|11 []) + 5·(x_5 ∈ |0..10|11 []) + 28·(x_6 ∈ |0..10|11 []) + 8·(x_7 ∈ |0..10|11 []) + 24·(x_8 ∈ |0..10|11 []) + 24·(x_9 ∈ |0..10|11 []) + 12·(x_10 ∈ |0..10|11 []) + 46·(x_11 ∈ |0..10|11 []) + 41·(x_12 ∈ |0..10|11 []) = 1529
	c_6:	4·(x_1 ∈ |0..10|11 []) + 17·(x_2 ∈ |0..10|11 []) + 44·(x_3 ∈ |0..10|11 []) + 50·(x_4 ∈ |0..10|11 []) + 49·(x_5 ∈ |0..10|11 []) + 44·(x_6 ∈ |0..10|11 []) + 38·(x_7 ∈ |0..10|11 []) + 14·(x_8 ∈ |0..10|11 []) + 44·(x_9 ∈ |0..10|11 []) + 40·(x_10 ∈ |0..10|11 []) + 11·(x_11 ∈ |0..10|11 []) + 6·(x_12 ∈ |0..10|11 []) = 1666
	c_7:	29·(x_1 ∈ |0..10|11 []) + 30·(x_2 ∈ |0..10|11 []) + 8·(x_3 ∈ |0..10|11 []) + 44·(x_4 ∈ |0..10|11 []) + 5·(x_5 ∈ |0..10|11 []) + 13·(x_6 ∈ |0..10|11 []) + 14·(x_7 ∈ |0..10|11 []) + 24·(x_8 ∈ |0..10|11 []) + (x_9 ∈ |0..10|11 []) + 22·(x_10 ∈ |0..10|11 []) + 50·(x_11 ∈ |0..10|11 []) + 31·(x_12 ∈ |0..10|11 []) = 1581
	c_8:	13·(x_1 ∈ |0..10|11 []) + 28·(x_2 ∈ |0..10|11 []) + 47·(x_3 ∈ |0..10|11 []) + 28·(x_4 ∈ |0..10|11 []) + 42·(x_5 ∈ |0..10|11 []) + 10·(x_6 ∈ |0..10|11 []) + 16·(x_7 ∈ |0..10|11 []) + 43·(x_8 ∈ |0..10|11 []) + 2·(x_9 ∈ |0..10|11 []) + 50·(x_10 ∈ |0..10|11 []) + 15·(x_11 ∈ |0..10|11 []) + 18·(x_12 ∈ |0..10|11 []) = 1880
	CSE: ""

CMD timeout 180 minizinc -c --solver ./bin/fzn_picat/picat.msc ./experiments/mbssp-control/aux/1140.picat.mzn --fzn ./experiments/mbssp-control/aux/1140.picat.fzn
Flattening done @0.43092838s
CMD timeout 180 ./bin/fzn_picat/Picat/picat ./bin/fzn_picat/fzn_picat_sat.pi -e ./experiments/mbssp-control/aux/1140.picat.dimacs ./experiments/mbssp-control/aux/1140.picat.fzn
Picat encoding done @0.56002367s
Encoded Picat-SAT in 0.5662482 seconds as 1597/13381/60878

SOLVE T/O Some(60.0)
SOLVE DONE @1.4360287
SOLVE CALL RESULT: Got SAT in 1.4360287s with check None: 
BATCH.SH END 0
