BATCH.SH START ./experiments/mbssp-control/runs:1220 (ulimit --clean)
Start EncodeRecord { instance: Some(Instance { problem: Mbssp { b: 10, n: 8, m: 12, q: 50, instances: 100 }, i: 22, lp: "./experiments/mbssp-control/lps/2/022.lp" }), experiment: Some(Experiment { system: MiniZinc, pb_encoding: Gt, int_encoding: Dir, con_encoding: Include, split_eq: false, model_config: ModelConfig { scm: Add, cutoff: Order, decomposer: Gt, equalize_ternaries: true, add_consistency: false, propagate: None, equalize_uniform_bin_ineqs: false } }), statics: None, pb_statics: None, principal: None, time: None, dimacs: None }
model = 
	c_1:	3·(x_1 ∈ |0..10|11 []) + 25·(x_2 ∈ |0..10|11 []) + 5·(x_3 ∈ |0..10|11 []) + 32·(x_4 ∈ |0..10|11 []) + 10·(x_5 ∈ |0..10|11 []) + 16·(x_6 ∈ |0..10|11 []) + 48·(x_7 ∈ |0..10|11 []) + 39·(x_8 ∈ |0..10|11 []) + (x_9 ∈ |0..10|11 []) + 3·(x_10 ∈ |0..10|11 []) + 13·(x_11 ∈ |0..10|11 []) + 33·(x_12 ∈ |0..10|11 []) = 1439
	c_2:	32·(x_1 ∈ |0..10|11 []) + 37·(x_2 ∈ |0..10|11 []) + 8·(x_3 ∈ |0..10|11 []) + 23·(x_4 ∈ |0..10|11 []) + 29·(x_5 ∈ |0..10|11 []) + 47·(x_6 ∈ |0..10|11 []) + 41·(x_7 ∈ |0..10|11 []) + 13·(x_8 ∈ |0..10|11 []) + 28·(x_9 ∈ |0..10|11 []) + 50·(x_10 ∈ |0..10|11 []) + 45·(x_11 ∈ |0..10|11 []) + 36·(x_12 ∈ |0..10|11 []) = 1386
	c_3:	2·(x_1 ∈ |0..10|11 []) + 5·(x_2 ∈ |0..10|11 []) + 30·(x_3 ∈ |0..10|11 []) + 46·(x_4 ∈ |0..10|11 []) + 27·(x_5 ∈ |0..10|11 []) + 26·(x_6 ∈ |0..10|11 []) + 50·(x_7 ∈ |0..10|11 []) + 48·(x_8 ∈ |0..10|11 []) + 31·(x_9 ∈ |0..10|11 []) + 6·(x_10 ∈ |0..10|11 []) + 28·(x_11 ∈ |0..10|11 []) + 31·(x_12 ∈ |0..10|11 []) = 1620
	c_4:	22·(x_1 ∈ |0..10|11 []) + 41·(x_2 ∈ |0..10|11 []) + 11·(x_3 ∈ |0..10|11 []) + 18·(x_4 ∈ |0..10|11 []) + 36·(x_5 ∈ |0..10|11 []) + 45·(x_6 ∈ |0..10|11 []) + 29·(x_7 ∈ |0..10|11 []) + 6·(x_8 ∈ |0..10|11 []) + 5·(x_9 ∈ |0..10|11 []) + 33·(x_10 ∈ |0..10|11 []) + 47·(x_11 ∈ |0..10|11 []) + 37·(x_12 ∈ |0..10|11 []) = 1222
	c_5:	9·(x_1 ∈ |0..10|11 []) + 30·(x_2 ∈ |0..10|11 []) + 18·(x_3 ∈ |0..10|11 []) + 34·(x_4 ∈ |0..10|11 []) + 4·(x_5 ∈ |0..10|11 []) + 7·(x_6 ∈ |0..10|11 []) + 13·(x_7 ∈ |0..10|11 []) + 18·(x_8 ∈ |0..10|11 []) + 42·(x_9 ∈ |0..10|11 []) + 27·(x_10 ∈ |0..10|11 []) + 15·(x_11 ∈ |0..10|11 []) + 5·(x_12 ∈ |0..10|11 []) = 740
	c_6:	44·(x_1 ∈ |0..10|11 []) + 29·(x_2 ∈ |0..10|11 []) + 31·(x_3 ∈ |0..10|11 []) + 33·(x_4 ∈ |0..10|11 []) + 32·(x_5 ∈ |0..10|11 []) + 40·(x_6 ∈ |0..10|11 []) + 38·(x_7 ∈ |0..10|11 []) + 16·(x_8 ∈ |0..10|11 []) + 38·(x_9 ∈ |0..10|11 []) + 23·(x_10 ∈ |0..10|11 []) + 21·(x_11 ∈ |0..10|11 []) + 47·(x_12 ∈ |0..10|11 []) = 1437
	c_7:	32·(x_1 ∈ |0..10|11 []) + 40·(x_2 ∈ |0..10|11 []) + 24·(x_3 ∈ |0..10|11 []) + 49·(x_4 ∈ |0..10|11 []) + 20·(x_5 ∈ |0..10|11 []) + 22·(x_6 ∈ |0..10|11 []) + 13·(x_7 ∈ |0..10|11 []) + 39·(x_8 ∈ |0..10|11 []) + 50·(x_9 ∈ |0..10|11 []) + 48·(x_10 ∈ |0..10|11 []) + 5·(x_11 ∈ |0..10|11 []) + 50·(x_12 ∈ |0..10|11 []) = 1426
	c_8:	4·(x_1 ∈ |0..10|11 []) + 16·(x_2 ∈ |0..10|11 []) + 13·(x_3 ∈ |0..10|11 []) + 9·(x_4 ∈ |0..10|11 []) + 16·(x_5 ∈ |0..10|11 []) + 10·(x_6 ∈ |0..10|11 []) + 26·(x_7 ∈ |0..10|11 []) + 35·(x_8 ∈ |0..10|11 []) + 24·(x_9 ∈ |0..10|11 []) + 3·(x_10 ∈ |0..10|11 []) + 21·(x_11 ∈ |0..10|11 []) + 46·(x_12 ∈ |0..10|11 []) = 1113
	CSE: ""

CMD timeout 180 minizinc -c --solver ./bin/fzn_picat/picat.msc ./experiments/mbssp-control/aux/1220.picat.mzn --fzn ./experiments/mbssp-control/aux/1220.picat.fzn
Flattening done @0.6719627s
CMD timeout 179 ./bin/fzn_picat/Picat/picat ./bin/fzn_picat/fzn_picat_sat.pi -e ./experiments/mbssp-control/aux/1220.picat.dimacs ./experiments/mbssp-control/aux/1220.picat.fzn
Picat encoding done @0.8132606s
Encoded Picat-SAT in 0.8196467 seconds as 1594/12917/57721

SOLVE T/O Some(60.0)
SOLVE DONE @0.9710852
SOLVE CALL RESULT: Got SAT in 0.9710852s with check None: 
BATCH.SH END 0
