BATCH.SH START ./experiments/mbssp-control/runs:1250 (ulimit --clean)
Start EncodeRecord { instance: Some(Instance { problem: Mbssp { b: 10, n: 8, m: 12, q: 50, instances: 100 }, i: 25, lp: "./experiments/mbssp-control/lps/2/025.lp" }), experiment: Some(Experiment { system: MiniZinc, pb_encoding: Gt, int_encoding: Dir, con_encoding: Include, split_eq: false, model_config: ModelConfig { scm: Add, cutoff: Order, decomposer: Gt, equalize_ternaries: true, add_consistency: false, propagate: None, equalize_uniform_bin_ineqs: false } }), statics: None, pb_statics: None, principal: None, time: None, dimacs: None }
model = 
	c_1:	33·(x_1 ∈ |0..10|11 []) + 17·(x_2 ∈ |0..10|11 []) + 34·(x_3 ∈ |0..10|11 []) + 37·(x_4 ∈ |0..10|11 []) + 19·(x_5 ∈ |0..10|11 []) + 20·(x_6 ∈ |0..10|11 []) + 44·(x_7 ∈ |0..10|11 []) + 40·(x_8 ∈ |0..10|11 []) + 9·(x_9 ∈ |0..10|11 []) + 31·(x_10 ∈ |0..10|11 []) + 46·(x_11 ∈ |0..10|11 []) + 50·(x_12 ∈ |0..10|11 []) = 2797
	c_2:	32·(x_1 ∈ |0..10|11 []) + 29·(x_2 ∈ |0..10|11 []) + 30·(x_3 ∈ |0..10|11 []) + 6·(x_4 ∈ |0..10|11 []) + 34·(x_5 ∈ |0..10|11 []) + 29·(x_6 ∈ |0..10|11 []) + 35·(x_7 ∈ |0..10|11 []) + 50·(x_8 ∈ |0..10|11 []) + 14·(x_9 ∈ |0..10|11 []) + 9·(x_10 ∈ |0..10|11 []) + 30·(x_11 ∈ |0..10|11 []) + 2·(x_12 ∈ |0..10|11 []) = 1894
	c_3:	(x_1 ∈ |0..10|11 []) + 3·(x_2 ∈ |0..10|11 []) + 17·(x_3 ∈ |0..10|11 []) + 36·(x_4 ∈ |0..10|11 []) + 45·(x_5 ∈ |0..10|11 []) + 19·(x_6 ∈ |0..10|11 []) + 36·(x_7 ∈ |0..10|11 []) + 35·(x_8 ∈ |0..10|11 []) + 31·(x_9 ∈ |0..10|11 []) + 4·(x_10 ∈ |0..10|11 []) + 46·(x_11 ∈ |0..10|11 []) + 26·(x_12 ∈ |0..10|11 []) = 2012
	c_4:	14·(x_1 ∈ |0..10|11 []) + 42·(x_2 ∈ |0..10|11 []) + 46·(x_3 ∈ |0..10|11 []) + 39·(x_4 ∈ |0..10|11 []) + 43·(x_5 ∈ |0..10|11 []) + 13·(x_6 ∈ |0..10|11 []) + 10·(x_7 ∈ |0..10|11 []) + 2·(x_8 ∈ |0..10|11 []) + 38·(x_9 ∈ |0..10|11 []) + 19·(x_10 ∈ |0..10|11 []) + 29·(x_11 ∈ |0..10|11 []) + 42·(x_12 ∈ |0..10|11 []) = 2021
	c_5:	27·(x_1 ∈ |0..10|11 []) + 10·(x_2 ∈ |0..10|11 []) + 36·(x_3 ∈ |0..10|11 []) + 46·(x_4 ∈ |0..10|11 []) + 11·(x_5 ∈ |0..10|11 []) + 21·(x_6 ∈ |0..10|11 []) + 18·(x_7 ∈ |0..10|11 []) + 16·(x_8 ∈ |0..10|11 []) + 27·(x_9 ∈ |0..10|11 []) + 20·(x_10 ∈ |0..10|11 []) + 38·(x_11 ∈ |0..10|11 []) + 16·(x_12 ∈ |0..10|11 []) = 1906
	c_6:	27·(x_1 ∈ |0..10|11 []) + 22·(x_2 ∈ |0..10|11 []) + 32·(x_3 ∈ |0..10|11 []) + 45·(x_4 ∈ |0..10|11 []) + 7·(x_5 ∈ |0..10|11 []) + (x_6 ∈ |0..10|11 []) + 40·(x_7 ∈ |0..10|11 []) + 9·(x_8 ∈ |0..10|11 []) + 35·(x_9 ∈ |0..10|11 []) + 3·(x_10 ∈ |0..10|11 []) + 8·(x_11 ∈ |0..10|11 []) + 28·(x_12 ∈ |0..10|11 []) = 1708
	c_7:	23·(x_1 ∈ |0..10|11 []) + 48·(x_2 ∈ |0..10|11 []) + 47·(x_3 ∈ |0..10|11 []) + 22·(x_4 ∈ |0..10|11 []) + 13·(x_5 ∈ |0..10|11 []) + 6·(x_6 ∈ |0..10|11 []) + 10·(x_7 ∈ |0..10|11 []) + 23·(x_8 ∈ |0..10|11 []) + 10·(x_9 ∈ |0..10|11 []) + 33·(x_10 ∈ |0..10|11 []) + 37·(x_11 ∈ |0..10|11 []) + 43·(x_12 ∈ |0..10|11 []) = 2131
	c_8:	48·(x_1 ∈ |0..10|11 []) + 39·(x_2 ∈ |0..10|11 []) + 2·(x_3 ∈ |0..10|11 []) + 49·(x_4 ∈ |0..10|11 []) + 6·(x_5 ∈ |0..10|11 []) + 32·(x_6 ∈ |0..10|11 []) + 48·(x_7 ∈ |0..10|11 []) + 43·(x_8 ∈ |0..10|11 []) + 23·(x_9 ∈ |0..10|11 []) + 44·(x_10 ∈ |0..10|11 []) + 2·(x_11 ∈ |0..10|11 []) + 15·(x_12 ∈ |0..10|11 []) = 2242
	CSE: ""

CMD timeout 180 minizinc -c --solver ./bin/fzn_picat/picat.msc ./experiments/mbssp-control/aux/1250.picat.mzn --fzn ./experiments/mbssp-control/aux/1250.picat.fzn
Flattening done @0.5066403s
CMD timeout 179 ./bin/fzn_picat/Picat/picat ./bin/fzn_picat/fzn_picat_sat.pi -e ./experiments/mbssp-control/aux/1250.picat.dimacs ./experiments/mbssp-control/aux/1250.picat.fzn
Picat encoding done @0.64626575s
Encoded Picat-SAT in 0.6530835 seconds as 1588/13235/60127

SOLVE T/O Some(60.0)
SOLVE DONE @1.2380059
SOLVE CALL RESULT: Got SAT in 1.2380059s with check None: 
BATCH.SH END 0
