BATCH.SH START ./experiments/mbssp-control/runs:1290 (ulimit --clean)
Start EncodeRecord { instance: Some(Instance { problem: Mbssp { b: 10, n: 8, m: 12, q: 50, instances: 100 }, i: 29, lp: "./experiments/mbssp-control/lps/2/029.lp" }), experiment: Some(Experiment { system: MiniZinc, pb_encoding: Gt, int_encoding: Dir, con_encoding: Include, split_eq: false, model_config: ModelConfig { scm: Add, cutoff: Order, decomposer: Gt, equalize_ternaries: true, add_consistency: false, propagate: None, equalize_uniform_bin_ineqs: false } }), statics: None, pb_statics: None, principal: None, time: None, dimacs: None }
model = 
	c_1:	11·(x_1 ∈ |0..10|11 []) + 19·(x_2 ∈ |0..10|11 []) + 39·(x_3 ∈ |0..10|11 []) + 43·(x_4 ∈ |0..10|11 []) + 23·(x_5 ∈ |0..10|11 []) + 30·(x_6 ∈ |0..10|11 []) + 23·(x_7 ∈ |0..10|11 []) + 7·(x_8 ∈ |0..10|11 []) + 46·(x_9 ∈ |0..10|11 []) + 44·(x_10 ∈ |0..10|11 []) + 30·(x_11 ∈ |0..10|11 []) + 18·(x_12 ∈ |0..10|11 []) = 2281
	c_2:	50·(x_1 ∈ |0..10|11 []) + 38·(x_2 ∈ |0..10|11 []) + 25·(x_3 ∈ |0..10|11 []) + 3·(x_4 ∈ |0..10|11 []) + 23·(x_5 ∈ |0..10|11 []) + 49·(x_6 ∈ |0..10|11 []) + 6·(x_7 ∈ |0..10|11 []) + 14·(x_8 ∈ |0..10|11 []) + 22·(x_9 ∈ |0..10|11 []) + 27·(x_10 ∈ |0..10|11 []) + 30·(x_11 ∈ |0..10|11 []) + 18·(x_12 ∈ |0..10|11 []) = 1623
	c_3:	50·(x_1 ∈ |0..10|11 []) + 38·(x_2 ∈ |0..10|11 []) + 24·(x_3 ∈ |0..10|11 []) + 17·(x_4 ∈ |0..10|11 []) + 9·(x_5 ∈ |0..10|11 []) + 20·(x_6 ∈ |0..10|11 []) + 16·(x_7 ∈ |0..10|11 []) + 2·(x_8 ∈ |0..10|11 []) + 48·(x_9 ∈ |0..10|11 []) + 38·(x_10 ∈ |0..10|11 []) + 33·(x_11 ∈ |0..10|11 []) + 4·(x_12 ∈ |0..10|11 []) = 1860
	c_4:	50·(x_1 ∈ |0..10|11 []) + 50·(x_2 ∈ |0..10|11 []) + 17·(x_3 ∈ |0..10|11 []) + 26·(x_4 ∈ |0..10|11 []) + 2·(x_5 ∈ |0..10|11 []) + 30·(x_6 ∈ |0..10|11 []) + 21·(x_7 ∈ |0..10|11 []) + 15·(x_8 ∈ |0..10|11 []) + 34·(x_9 ∈ |0..10|11 []) + 29·(x_10 ∈ |0..10|11 []) + 31·(x_11 ∈ |0..10|11 []) + 3·(x_12 ∈ |0..10|11 []) = 1755
	c_5:	26·(x_1 ∈ |0..10|11 []) + 15·(x_2 ∈ |0..10|11 []) + 24·(x_3 ∈ |0..10|11 []) + 39·(x_4 ∈ |0..10|11 []) + 32·(x_5 ∈ |0..10|11 []) + 18·(x_6 ∈ |0..10|11 []) + 50·(x_7 ∈ |0..10|11 []) + 7·(x_8 ∈ |0..10|11 []) + 40·(x_9 ∈ |0..10|11 []) + 14·(x_10 ∈ |0..10|11 []) + 45·(x_11 ∈ |0..10|11 []) + 38·(x_12 ∈ |0..10|11 []) = 2040
	c_6:	26·(x_1 ∈ |0..10|11 []) + 40·(x_2 ∈ |0..10|11 []) + (x_3 ∈ |0..10|11 []) + 4·(x_4 ∈ |0..10|11 []) + 42·(x_5 ∈ |0..10|11 []) + (x_6 ∈ |0..10|11 []) + 22·(x_7 ∈ |0..10|11 []) + 7·(x_8 ∈ |0..10|11 []) + 41·(x_9 ∈ |0..10|11 []) + 43·(x_10 ∈ |0..10|11 []) + 4·(x_11 ∈ |0..10|11 []) + 46·(x_12 ∈ |0..10|11 []) = 1526
	c_7:	43·(x_1 ∈ |0..10|11 []) + 44·(x_2 ∈ |0..10|11 []) + 20·(x_3 ∈ |0..10|11 []) + 48·(x_4 ∈ |0..10|11 []) + 18·(x_5 ∈ |0..10|11 []) + 10·(x_6 ∈ |0..10|11 []) + 42·(x_7 ∈ |0..10|11 []) + 8·(x_8 ∈ |0..10|11 []) + 5·(x_9 ∈ |0..10|11 []) + 27·(x_10 ∈ |0..10|11 []) + 36·(x_11 ∈ |0..10|11 []) + 48·(x_12 ∈ |0..10|11 []) = 1833
	c_8:	19·(x_1 ∈ |0..10|11 []) + 26·(x_2 ∈ |0..10|11 []) + 40·(x_3 ∈ |0..10|11 []) + 34·(x_4 ∈ |0..10|11 []) + 6·(x_5 ∈ |0..10|11 []) + 5·(x_6 ∈ |0..10|11 []) + 34·(x_7 ∈ |0..10|11 []) + 29·(x_8 ∈ |0..10|11 []) + 5·(x_9 ∈ |0..10|11 []) + 9·(x_10 ∈ |0..10|11 []) + 39·(x_11 ∈ |0..10|11 []) + 14·(x_12 ∈ |0..10|11 []) = 1400
	CSE: ""

CMD timeout 180 minizinc -c --solver ./bin/fzn_picat/picat.msc ./experiments/mbssp-control/aux/1290.picat.mzn --fzn ./experiments/mbssp-control/aux/1290.picat.fzn
Flattening done @0.5250835s
CMD timeout 179 ./bin/fzn_picat/Picat/picat ./bin/fzn_picat/fzn_picat_sat.pi -e ./experiments/mbssp-control/aux/1290.picat.dimacs ./experiments/mbssp-control/aux/1290.picat.fzn
Picat encoding done @0.66343725s
Encoded Picat-SAT in 0.6699318 seconds as 1568/12654/56752

SOLVE T/O Some(60.0)
SOLVE DONE @0.42385525
SOLVE CALL RESULT: Got SAT in 0.42385525s with check None: 
BATCH.SH END 0
