BATCH.SH START ./experiments/mbssp-control/runs:1350 (ulimit --clean)
Start EncodeRecord { instance: Some(Instance { problem: Mbssp { b: 10, n: 8, m: 12, q: 50, instances: 100 }, i: 35, lp: "./experiments/mbssp-control/lps/2/035.lp" }), experiment: Some(Experiment { system: MiniZinc, pb_encoding: Gt, int_encoding: Dir, con_encoding: Include, split_eq: false, model_config: ModelConfig { scm: Add, cutoff: Order, decomposer: Gt, equalize_ternaries: true, add_consistency: false, propagate: None, equalize_uniform_bin_ineqs: false } }), statics: None, pb_statics: None, principal: None, time: None, dimacs: None }
model = 
	c_1:	38·(x_1 ∈ |0..10|11 []) + 34·(x_2 ∈ |0..10|11 []) + 40·(x_3 ∈ |0..10|11 []) + 28·(x_4 ∈ |0..10|11 []) + 13·(x_5 ∈ |0..10|11 []) + 17·(x_6 ∈ |0..10|11 []) + 30·(x_7 ∈ |0..10|11 []) + 42·(x_8 ∈ |0..10|11 []) + 49·(x_9 ∈ |0..10|11 []) + 48·(x_10 ∈ |0..10|11 []) + 22·(x_11 ∈ |0..10|11 []) + 27·(x_12 ∈ |0..10|11 []) = 2858
	c_2:	25·(x_1 ∈ |0..10|11 []) + 36·(x_2 ∈ |0..10|11 []) + 23·(x_3 ∈ |0..10|11 []) + 27·(x_4 ∈ |0..10|11 []) + 34·(x_5 ∈ |0..10|11 []) + 15·(x_6 ∈ |0..10|11 []) + 24·(x_7 ∈ |0..10|11 []) + 21·(x_8 ∈ |0..10|11 []) + 7·(x_9 ∈ |0..10|11 []) + 4·(x_10 ∈ |0..10|11 []) + 46·(x_11 ∈ |0..10|11 []) + 34·(x_12 ∈ |0..10|11 []) = 1708
	c_3:	15·(x_1 ∈ |0..10|11 []) + 2·(x_2 ∈ |0..10|11 []) + 18·(x_3 ∈ |0..10|11 []) + 5·(x_4 ∈ |0..10|11 []) + 2·(x_5 ∈ |0..10|11 []) + 49·(x_6 ∈ |0..10|11 []) + 9·(x_7 ∈ |0..10|11 []) + 9·(x_8 ∈ |0..10|11 []) + 10·(x_9 ∈ |0..10|11 []) + 36·(x_10 ∈ |0..10|11 []) + 5·(x_11 ∈ |0..10|11 []) + 44·(x_12 ∈ |0..10|11 []) = 1294
	c_4:	2·(x_1 ∈ |0..10|11 []) + 23·(x_2 ∈ |0..10|11 []) + (x_3 ∈ |0..10|11 []) + 32·(x_4 ∈ |0..10|11 []) + 35·(x_5 ∈ |0..10|11 []) + 48·(x_6 ∈ |0..10|11 []) + 47·(x_7 ∈ |0..10|11 []) + 7·(x_8 ∈ |0..10|11 []) + 36·(x_9 ∈ |0..10|11 []) + 30·(x_10 ∈ |0..10|11 []) + 14·(x_11 ∈ |0..10|11 []) + 22·(x_12 ∈ |0..10|11 []) = 1762
	c_5:	23·(x_1 ∈ |0..10|11 []) + 49·(x_2 ∈ |0..10|11 []) + 7·(x_3 ∈ |0..10|11 []) + 16·(x_4 ∈ |0..10|11 []) + 11·(x_5 ∈ |0..10|11 []) + 24·(x_6 ∈ |0..10|11 []) + 30·(x_7 ∈ |0..10|11 []) + 8·(x_8 ∈ |0..10|11 []) + 31·(x_9 ∈ |0..10|11 []) + 43·(x_10 ∈ |0..10|11 []) + 37·(x_11 ∈ |0..10|11 []) + 5·(x_12 ∈ |0..10|11 []) = 1938
	c_6:	28·(x_1 ∈ |0..10|11 []) + 3·(x_2 ∈ |0..10|11 []) + 34·(x_3 ∈ |0..10|11 []) + 36·(x_4 ∈ |0..10|11 []) + 35·(x_5 ∈ |0..10|11 []) + 36·(x_6 ∈ |0..10|11 []) + 47·(x_7 ∈ |0..10|11 []) + 27·(x_8 ∈ |0..10|11 []) + 2·(x_9 ∈ |0..10|11 []) + 37·(x_10 ∈ |0..10|11 []) + 12·(x_11 ∈ |0..10|11 []) + 18·(x_12 ∈ |0..10|11 []) = 1964
	c_7:	44·(x_1 ∈ |0..10|11 []) + 33·(x_2 ∈ |0..10|11 []) + 26·(x_3 ∈ |0..10|11 []) + 37·(x_4 ∈ |0..10|11 []) + 34·(x_5 ∈ |0..10|11 []) + 14·(x_6 ∈ |0..10|11 []) + 9·(x_7 ∈ |0..10|11 []) + 24·(x_8 ∈ |0..10|11 []) + 36·(x_9 ∈ |0..10|11 []) + 23·(x_10 ∈ |0..10|11 []) + 21·(x_11 ∈ |0..10|11 []) + 43·(x_12 ∈ |0..10|11 []) = 2282
	c_8:	(x_1 ∈ |0..10|11 []) + 40·(x_2 ∈ |0..10|11 []) + 43·(x_3 ∈ |0..10|11 []) + 33·(x_4 ∈ |0..10|11 []) + 45·(x_5 ∈ |0..10|11 []) + 17·(x_6 ∈ |0..10|11 []) + 33·(x_7 ∈ |0..10|11 []) + 28·(x_8 ∈ |0..10|11 []) + 4·(x_9 ∈ |0..10|11 []) + 29·(x_10 ∈ |0..10|11 []) + 16·(x_11 ∈ |0..10|11 []) + 30·(x_12 ∈ |0..10|11 []) = 1965
	CSE: ""

CMD timeout 180 minizinc -c --solver ./bin/fzn_picat/picat.msc ./experiments/mbssp-control/aux/1350.picat.mzn --fzn ./experiments/mbssp-control/aux/1350.picat.fzn
Flattening done @0.55092394s
CMD timeout 179 ./bin/fzn_picat/Picat/picat ./bin/fzn_picat/fzn_picat_sat.pi -e ./experiments/mbssp-control/aux/1350.picat.dimacs ./experiments/mbssp-control/aux/1350.picat.fzn
Picat encoding done @0.6855158s
Encoded Picat-SAT in 0.69154346 seconds as 1613/12619/55748

SOLVE T/O Some(60.0)
SOLVE DONE @3.1332512
SOLVE CALL RESULT: Got SAT in 3.1332512s with check None: 
BATCH.SH END 0
