BATCH.SH START ./experiments/mbssp-control/runs:1380 (ulimit --clean)
Start EncodeRecord { instance: Some(Instance { problem: Mbssp { b: 10, n: 8, m: 12, q: 50, instances: 100 }, i: 38, lp: "./experiments/mbssp-control/lps/2/038.lp" }), experiment: Some(Experiment { system: MiniZinc, pb_encoding: Gt, int_encoding: Dir, con_encoding: Include, split_eq: false, model_config: ModelConfig { scm: Add, cutoff: Order, decomposer: Gt, equalize_ternaries: true, add_consistency: false, propagate: None, equalize_uniform_bin_ineqs: false } }), statics: None, pb_statics: None, principal: None, time: None, dimacs: None }
model = 
	c_1:	12·(x_1 ∈ |0..10|11 []) + 37·(x_2 ∈ |0..10|11 []) + 16·(x_3 ∈ |0..10|11 []) + 24·(x_4 ∈ |0..10|11 []) + 42·(x_5 ∈ |0..10|11 []) + 25·(x_6 ∈ |0..10|11 []) + 13·(x_7 ∈ |0..10|11 []) + 28·(x_8 ∈ |0..10|11 []) + 2·(x_9 ∈ |0..10|11 []) + 28·(x_10 ∈ |0..10|11 []) + 27·(x_11 ∈ |0..10|11 []) + 11·(x_12 ∈ |0..10|11 []) = 1473
	c_2:	3·(x_1 ∈ |0..10|11 []) + 38·(x_2 ∈ |0..10|11 []) + 7·(x_3 ∈ |0..10|11 []) + 6·(x_4 ∈ |0..10|11 []) + 45·(x_5 ∈ |0..10|11 []) + 47·(x_6 ∈ |0..10|11 []) + 29·(x_7 ∈ |0..10|11 []) + 25·(x_8 ∈ |0..10|11 []) + 44·(x_9 ∈ |0..10|11 []) + 16·(x_10 ∈ |0..10|11 []) + 37·(x_11 ∈ |0..10|11 []) + 3·(x_12 ∈ |0..10|11 []) = 1458
	c_3:	23·(x_1 ∈ |0..10|11 []) + 30·(x_2 ∈ |0..10|11 []) + 12·(x_3 ∈ |0..10|11 []) + 14·(x_4 ∈ |0..10|11 []) + (x_5 ∈ |0..10|11 []) + 22·(x_6 ∈ |0..10|11 []) + 47·(x_7 ∈ |0..10|11 []) + 38·(x_8 ∈ |0..10|11 []) + 29·(x_9 ∈ |0..10|11 []) + 32·(x_10 ∈ |0..10|11 []) + 13·(x_11 ∈ |0..10|11 []) + 39·(x_12 ∈ |0..10|11 []) = 1138
	c_4:	19·(x_1 ∈ |0..10|11 []) + 26·(x_2 ∈ |0..10|11 []) + 45·(x_3 ∈ |0..10|11 []) + 28·(x_4 ∈ |0..10|11 []) + 46·(x_5 ∈ |0..10|11 []) + 7·(x_6 ∈ |0..10|11 []) + 11·(x_7 ∈ |0..10|11 []) + 40·(x_8 ∈ |0..10|11 []) + 27·(x_9 ∈ |0..10|11 []) + 20·(x_10 ∈ |0..10|11 []) + 38·(x_11 ∈ |0..10|11 []) + 31·(x_12 ∈ |0..10|11 []) = 1578
	c_5:	21·(x_1 ∈ |0..10|11 []) + 10·(x_2 ∈ |0..10|11 []) + 20·(x_3 ∈ |0..10|11 []) + 43·(x_4 ∈ |0..10|11 []) + 23·(x_5 ∈ |0..10|11 []) + 15·(x_6 ∈ |0..10|11 []) + 44·(x_7 ∈ |0..10|11 []) + 22·(x_8 ∈ |0..10|11 []) + 20·(x_9 ∈ |0..10|11 []) + 6·(x_10 ∈ |0..10|11 []) + 23·(x_11 ∈ |0..10|11 []) + 19·(x_12 ∈ |0..10|11 []) = 1078
	c_6:	30·(x_1 ∈ |0..10|11 []) + 2·(x_2 ∈ |0..10|11 []) + 8·(x_3 ∈ |0..10|11 []) + 20·(x_4 ∈ |0..10|11 []) + (x_5 ∈ |0..10|11 []) + 33·(x_6 ∈ |0..10|11 []) + 16·(x_7 ∈ |0..10|11 []) + 25·(x_8 ∈ |0..10|11 []) + 42·(x_9 ∈ |0..10|11 []) + 14·(x_10 ∈ |0..10|11 []) + 10·(x_11 ∈ |0..10|11 []) + 2·(x_12 ∈ |0..10|11 []) = 692
	c_7:	45·(x_1 ∈ |0..10|11 []) + 32·(x_2 ∈ |0..10|11 []) + 13·(x_3 ∈ |0..10|11 []) + 49·(x_4 ∈ |0..10|11 []) + 22·(x_5 ∈ |0..10|11 []) + 42·(x_6 ∈ |0..10|11 []) + 11·(x_7 ∈ |0..10|11 []) + 9·(x_8 ∈ |0..10|11 []) + 19·(x_9 ∈ |0..10|11 []) + 37·(x_10 ∈ |0..10|11 []) + 10·(x_11 ∈ |0..10|11 []) + 13·(x_12 ∈ |0..10|11 []) = 1380
	c_8:	16·(x_1 ∈ |0..10|11 []) + 37·(x_2 ∈ |0..10|11 []) + 2·(x_3 ∈ |0..10|11 []) + 27·(x_4 ∈ |0..10|11 []) + 42·(x_5 ∈ |0..10|11 []) + 50·(x_6 ∈ |0..10|11 []) + 4·(x_7 ∈ |0..10|11 []) + 28·(x_8 ∈ |0..10|11 []) + 21·(x_9 ∈ |0..10|11 []) + 32·(x_10 ∈ |0..10|11 []) + 29·(x_11 ∈ |0..10|11 []) + 20·(x_12 ∈ |0..10|11 []) = 1613
	CSE: ""

CMD timeout 180 minizinc -c --solver ./bin/fzn_picat/picat.msc ./experiments/mbssp-control/aux/1380.picat.mzn --fzn ./experiments/mbssp-control/aux/1380.picat.fzn
Flattening done @0.49122396s
CMD timeout 180 ./bin/fzn_picat/Picat/picat ./bin/fzn_picat/fzn_picat_sat.pi -e ./experiments/mbssp-control/aux/1380.picat.dimacs ./experiments/mbssp-control/aux/1380.picat.fzn
Picat encoding done @0.6250465s
Encoded Picat-SAT in 0.6311111 seconds as 1579/13381/60795

SOLVE T/O Some(60.0)
SOLVE DONE @0.4027547
SOLVE CALL RESULT: Got SAT in 0.4027547s with check None: 
BATCH.SH END 0
