BATCH.SH START ./experiments/mbssp-control/runs:1480 (ulimit --clean)
Start EncodeRecord { instance: Some(Instance { problem: Mbssp { b: 10, n: 8, m: 12, q: 50, instances: 100 }, i: 48, lp: "./experiments/mbssp-control/lps/2/048.lp" }), experiment: Some(Experiment { system: MiniZinc, pb_encoding: Gt, int_encoding: Dir, con_encoding: Include, split_eq: false, model_config: ModelConfig { scm: Add, cutoff: Order, decomposer: Gt, equalize_ternaries: true, add_consistency: false, propagate: None, equalize_uniform_bin_ineqs: false } }), statics: None, pb_statics: None, principal: None, time: None, dimacs: None }
model = 
	c_1:	16·(x_1 ∈ |0..10|11 []) + 19·(x_2 ∈ |0..10|11 []) + 50·(x_3 ∈ |0..10|11 []) + 33·(x_4 ∈ |0..10|11 []) + 18·(x_5 ∈ |0..10|11 []) + 14·(x_6 ∈ |0..10|11 []) + 21·(x_7 ∈ |0..10|11 []) + 9·(x_8 ∈ |0..10|11 []) + 38·(x_9 ∈ |0..10|11 []) + 11·(x_10 ∈ |0..10|11 []) + 43·(x_11 ∈ |0..10|11 []) + 48·(x_12 ∈ |0..10|11 []) = 2223
	c_2:	25·(x_1 ∈ |0..10|11 []) + 23·(x_2 ∈ |0..10|11 []) + 13·(x_3 ∈ |0..10|11 []) + (x_4 ∈ |0..10|11 []) + 14·(x_5 ∈ |0..10|11 []) + 2·(x_6 ∈ |0..10|11 []) + 11·(x_7 ∈ |0..10|11 []) + 49·(x_8 ∈ |0..10|11 []) + 16·(x_9 ∈ |0..10|11 []) + 21·(x_10 ∈ |0..10|11 []) + 24·(x_11 ∈ |0..10|11 []) + 33·(x_12 ∈ |0..10|11 []) = 1159
	c_3:	50·(x_1 ∈ |0..10|11 []) + 30·(x_2 ∈ |0..10|11 []) + 39·(x_3 ∈ |0..10|11 []) + 45·(x_4 ∈ |0..10|11 []) + (x_5 ∈ |0..10|11 []) + 36·(x_6 ∈ |0..10|11 []) + 6·(x_7 ∈ |0..10|11 []) + 46·(x_8 ∈ |0..10|11 []) + 28·(x_9 ∈ |0..10|11 []) + 50·(x_10 ∈ |0..10|11 []) + 37·(x_11 ∈ |0..10|11 []) + 4·(x_12 ∈ |0..10|11 []) = 1817
	c_4:	46·(x_1 ∈ |0..10|11 []) + 24·(x_2 ∈ |0..10|11 []) + 36·(x_3 ∈ |0..10|11 []) + 17·(x_4 ∈ |0..10|11 []) + 16·(x_5 ∈ |0..10|11 []) + 44·(x_6 ∈ |0..10|11 []) + 35·(x_7 ∈ |0..10|11 []) + 17·(x_8 ∈ |0..10|11 []) + 3·(x_9 ∈ |0..10|11 []) + 45·(x_10 ∈ |0..10|11 []) + 16·(x_11 ∈ |0..10|11 []) + 48·(x_12 ∈ |0..10|11 []) = 1744
	c_5:	12·(x_1 ∈ |0..10|11 []) + 42·(x_2 ∈ |0..10|11 []) + 7·(x_3 ∈ |0..10|11 []) + 35·(x_4 ∈ |0..10|11 []) + 42·(x_5 ∈ |0..10|11 []) + 43·(x_6 ∈ |0..10|11 []) + 33·(x_7 ∈ |0..10|11 []) + 43·(x_8 ∈ |0..10|11 []) + 41·(x_9 ∈ |0..10|11 []) + 17·(x_10 ∈ |0..10|11 []) + 40·(x_11 ∈ |0..10|11 []) + 39·(x_12 ∈ |0..10|11 []) = 2018
	c_6:	25·(x_1 ∈ |0..10|11 []) + 27·(x_2 ∈ |0..10|11 []) + 9·(x_3 ∈ |0..10|11 []) + 50·(x_4 ∈ |0..10|11 []) + 45·(x_5 ∈ |0..10|11 []) + 18·(x_6 ∈ |0..10|11 []) + 14·(x_7 ∈ |0..10|11 []) + 15·(x_8 ∈ |0..10|11 []) + 42·(x_9 ∈ |0..10|11 []) + 38·(x_10 ∈ |0..10|11 []) + 15·(x_11 ∈ |0..10|11 []) + 43·(x_12 ∈ |0..10|11 []) = 1842
	c_7:	19·(x_1 ∈ |0..10|11 []) + 10·(x_2 ∈ |0..10|11 []) + 11·(x_3 ∈ |0..10|11 []) + 35·(x_4 ∈ |0..10|11 []) + 37·(x_5 ∈ |0..10|11 []) + 45·(x_6 ∈ |0..10|11 []) + 3·(x_7 ∈ |0..10|11 []) + 49·(x_8 ∈ |0..10|11 []) + 16·(x_9 ∈ |0..10|11 []) + 48·(x_10 ∈ |0..10|11 []) + 29·(x_11 ∈ |0..10|11 []) + 47·(x_12 ∈ |0..10|11 []) = 1669
	c_8:	4·(x_1 ∈ |0..10|11 []) + 37·(x_2 ∈ |0..10|11 []) + 5·(x_3 ∈ |0..10|11 []) + 49·(x_4 ∈ |0..10|11 []) + 10·(x_5 ∈ |0..10|11 []) + 2·(x_6 ∈ |0..10|11 []) + 2·(x_7 ∈ |0..10|11 []) + 48·(x_8 ∈ |0..10|11 []) + 12·(x_9 ∈ |0..10|11 []) + 23·(x_10 ∈ |0..10|11 []) + 20·(x_11 ∈ |0..10|11 []) + 2·(x_12 ∈ |0..10|11 []) = 985
	CSE: ""

CMD timeout 180 minizinc -c --solver ./bin/fzn_picat/picat.msc ./experiments/mbssp-control/aux/1480.picat.mzn --fzn ./experiments/mbssp-control/aux/1480.picat.fzn
Flattening done @0.42861372s
CMD timeout 180 ./bin/fzn_picat/Picat/picat ./bin/fzn_picat/fzn_picat_sat.pi -e ./experiments/mbssp-control/aux/1480.picat.dimacs ./experiments/mbssp-control/aux/1480.picat.fzn
Picat encoding done @0.5520569s
Encoded Picat-SAT in 0.5581471 seconds as 1576/13034/58963

SOLVE T/O Some(60.0)
SOLVE DONE @2.691546
SOLVE CALL RESULT: Got SAT in 2.691546s with check None: 
BATCH.SH END 0
