BATCH.SH START ./experiments/mbssp-control/runs:1680 (ulimit --clean)
Start EncodeRecord { instance: Some(Instance { problem: Mbssp { b: 10, n: 8, m: 12, q: 50, instances: 100 }, i: 68, lp: "./experiments/mbssp-control/lps/2/068.lp" }), experiment: Some(Experiment { system: MiniZinc, pb_encoding: Gt, int_encoding: Dir, con_encoding: Include, split_eq: false, model_config: ModelConfig { scm: Add, cutoff: Order, decomposer: Gt, equalize_ternaries: true, add_consistency: false, propagate: None, equalize_uniform_bin_ineqs: false } }), statics: None, pb_statics: None, principal: None, time: None, dimacs: None }
model = 
	c_1:	38·(x_1 ∈ |0..10|11 []) + 41·(x_2 ∈ |0..10|11 []) + 37·(x_3 ∈ |0..10|11 []) + 43·(x_4 ∈ |0..10|11 []) + 27·(x_5 ∈ |0..10|11 []) + 32·(x_6 ∈ |0..10|11 []) + 34·(x_7 ∈ |0..10|11 []) + 50·(x_8 ∈ |0..10|11 []) + 6·(x_9 ∈ |0..10|11 []) + 24·(x_10 ∈ |0..10|11 []) + 6·(x_11 ∈ |0..10|11 []) + 25·(x_12 ∈ |0..10|11 []) = 2600
	c_2:	7·(x_1 ∈ |0..10|11 []) + 6·(x_2 ∈ |0..10|11 []) + 41·(x_3 ∈ |0..10|11 []) + 37·(x_4 ∈ |0..10|11 []) + 35·(x_5 ∈ |0..10|11 []) + 17·(x_6 ∈ |0..10|11 []) + 2·(x_7 ∈ |0..10|11 []) + 5·(x_8 ∈ |0..10|11 []) + 49·(x_9 ∈ |0..10|11 []) + 27·(x_10 ∈ |0..10|11 []) + 29·(x_11 ∈ |0..10|11 []) + 41·(x_12 ∈ |0..10|11 []) = 1483
	c_3:	26·(x_1 ∈ |0..10|11 []) + 12·(x_2 ∈ |0..10|11 []) + 24·(x_3 ∈ |0..10|11 []) + 2·(x_4 ∈ |0..10|11 []) + 2·(x_5 ∈ |0..10|11 []) + 7·(x_6 ∈ |0..10|11 []) + 14·(x_7 ∈ |0..10|11 []) + 33·(x_8 ∈ |0..10|11 []) + 50·(x_9 ∈ |0..10|11 []) + 32·(x_10 ∈ |0..10|11 []) + 36·(x_11 ∈ |0..10|11 []) + 39·(x_12 ∈ |0..10|11 []) = 1411
	c_4:	22·(x_1 ∈ |0..10|11 []) + 9·(x_2 ∈ |0..10|11 []) + 32·(x_3 ∈ |0..10|11 []) + 42·(x_4 ∈ |0..10|11 []) + 48·(x_5 ∈ |0..10|11 []) + 14·(x_6 ∈ |0..10|11 []) + 11·(x_7 ∈ |0..10|11 []) + 5·(x_8 ∈ |0..10|11 []) + 17·(x_9 ∈ |0..10|11 []) + 20·(x_10 ∈ |0..10|11 []) + 34·(x_11 ∈ |0..10|11 []) + 16·(x_12 ∈ |0..10|11 []) = 1532
	c_5:	41·(x_1 ∈ |0..10|11 []) + 30·(x_2 ∈ |0..10|11 []) + 42·(x_3 ∈ |0..10|11 []) + 46·(x_4 ∈ |0..10|11 []) + 27·(x_5 ∈ |0..10|11 []) + 43·(x_6 ∈ |0..10|11 []) + 15·(x_7 ∈ |0..10|11 []) + 7·(x_8 ∈ |0..10|11 []) + 42·(x_9 ∈ |0..10|11 []) + 47·(x_10 ∈ |0..10|11 []) + 37·(x_11 ∈ |0..10|11 []) + 35·(x_12 ∈ |0..10|11 []) = 2333
	c_6:	(x_1 ∈ |0..10|11 []) + 14·(x_2 ∈ |0..10|11 []) + 27·(x_3 ∈ |0..10|11 []) + 46·(x_4 ∈ |0..10|11 []) + 45·(x_5 ∈ |0..10|11 []) + 34·(x_6 ∈ |0..10|11 []) + 10·(x_7 ∈ |0..10|11 []) + 12·(x_8 ∈ |0..10|11 []) + 37·(x_9 ∈ |0..10|11 []) + 10·(x_10 ∈ |0..10|11 []) + 18·(x_11 ∈ |0..10|11 []) + 33·(x_12 ∈ |0..10|11 []) = 1612
	c_7:	49·(x_1 ∈ |0..10|11 []) + 49·(x_2 ∈ |0..10|11 []) + 33·(x_3 ∈ |0..10|11 []) + 20·(x_4 ∈ |0..10|11 []) + 32·(x_5 ∈ |0..10|11 []) + 40·(x_6 ∈ |0..10|11 []) + 12·(x_7 ∈ |0..10|11 []) + 30·(x_8 ∈ |0..10|11 []) + 41·(x_9 ∈ |0..10|11 []) + 19·(x_10 ∈ |0..10|11 []) + 34·(x_11 ∈ |0..10|11 []) + 30·(x_12 ∈ |0..10|11 []) = 2299
	c_8:	18·(x_1 ∈ |0..10|11 []) + 11·(x_2 ∈ |0..10|11 []) + (x_3 ∈ |0..10|11 []) + 12·(x_4 ∈ |0..10|11 []) + 48·(x_5 ∈ |0..10|11 []) + 41·(x_6 ∈ |0..10|11 []) + (x_7 ∈ |0..10|11 []) + 2·(x_8 ∈ |0..10|11 []) + 5·(x_9 ∈ |0..10|11 []) + 32·(x_10 ∈ |0..10|11 []) + 8·(x_11 ∈ |0..10|11 []) + 49·(x_12 ∈ |0..10|11 []) = 1278
	CSE: ""

CMD timeout 180 minizinc -c --solver ./bin/fzn_picat/picat.msc ./experiments/mbssp-control/aux/1680.picat.mzn --fzn ./experiments/mbssp-control/aux/1680.picat.fzn
Flattening done @0.5054352s
CMD timeout 179 ./bin/fzn_picat/Picat/picat ./bin/fzn_picat/fzn_picat_sat.pi -e ./experiments/mbssp-control/aux/1680.picat.dimacs ./experiments/mbssp-control/aux/1680.picat.fzn
Picat encoding done @0.6339214s
Encoded Picat-SAT in 0.64018935 seconds as 1579/12623/56530

SOLVE T/O Some(60.0)
SOLVE DONE @1.96314
SOLVE CALL RESULT: Got SAT in 1.96314s with check None: 
BATCH.SH END 0
