BATCH.SH START ./experiments/mbssp-control/runs:1770 (ulimit --clean)
Start EncodeRecord { instance: Some(Instance { problem: Mbssp { b: 10, n: 8, m: 12, q: 50, instances: 100 }, i: 77, lp: "./experiments/mbssp-control/lps/2/077.lp" }), experiment: Some(Experiment { system: MiniZinc, pb_encoding: Gt, int_encoding: Dir, con_encoding: Include, split_eq: false, model_config: ModelConfig { scm: Add, cutoff: Order, decomposer: Gt, equalize_ternaries: true, add_consistency: false, propagate: None, equalize_uniform_bin_ineqs: false } }), statics: None, pb_statics: None, principal: None, time: None, dimacs: None }
model = 
	c_1:	49·(x_1 ∈ |0..10|11 []) + 41·(x_2 ∈ |0..10|11 []) + 29·(x_3 ∈ |0..10|11 []) + 38·(x_4 ∈ |0..10|11 []) + 34·(x_5 ∈ |0..10|11 []) + 13·(x_6 ∈ |0..10|11 []) + 12·(x_7 ∈ |0..10|11 []) + 39·(x_8 ∈ |0..10|11 []) + 18·(x_9 ∈ |0..10|11 []) + 4·(x_10 ∈ |0..10|11 []) + 22·(x_11 ∈ |0..10|11 []) + 10·(x_12 ∈ |0..10|11 []) = 2058
	c_2:	41·(x_1 ∈ |0..10|11 []) + 8·(x_2 ∈ |0..10|11 []) + 9·(x_3 ∈ |0..10|11 []) + 4·(x_4 ∈ |0..10|11 []) + 25·(x_5 ∈ |0..10|11 []) + 39·(x_6 ∈ |0..10|11 []) + 14·(x_7 ∈ |0..10|11 []) + 23·(x_8 ∈ |0..10|11 []) + 42·(x_9 ∈ |0..10|11 []) + 17·(x_10 ∈ |0..10|11 []) + 9·(x_11 ∈ |0..10|11 []) + 13·(x_12 ∈ |0..10|11 []) = 1213
	c_3:	50·(x_1 ∈ |0..10|11 []) + 3·(x_2 ∈ |0..10|11 []) + 46·(x_3 ∈ |0..10|11 []) + 28·(x_4 ∈ |0..10|11 []) + 35·(x_5 ∈ |0..10|11 []) + 33·(x_6 ∈ |0..10|11 []) + 35·(x_7 ∈ |0..10|11 []) + 30·(x_8 ∈ |0..10|11 []) + 28·(x_9 ∈ |0..10|11 []) + 18·(x_10 ∈ |0..10|11 []) + 43·(x_11 ∈ |0..10|11 []) + 33·(x_12 ∈ |0..10|11 []) = 1967
	c_4:	19·(x_1 ∈ |0..10|11 []) + 41·(x_2 ∈ |0..10|11 []) + (x_3 ∈ |0..10|11 []) + 42·(x_4 ∈ |0..10|11 []) + (x_5 ∈ |0..10|11 []) + 9·(x_6 ∈ |0..10|11 []) + 19·(x_7 ∈ |0..10|11 []) + 43·(x_8 ∈ |0..10|11 []) + 12·(x_9 ∈ |0..10|11 []) + 47·(x_10 ∈ |0..10|11 []) + 46·(x_11 ∈ |0..10|11 []) + 44·(x_12 ∈ |0..10|11 []) = 1575
	c_5:	35·(x_1 ∈ |0..10|11 []) + 31·(x_2 ∈ |0..10|11 []) + 28·(x_3 ∈ |0..10|11 []) + 38·(x_4 ∈ |0..10|11 []) + 46·(x_5 ∈ |0..10|11 []) + 43·(x_6 ∈ |0..10|11 []) + 16·(x_7 ∈ |0..10|11 []) + 25·(x_8 ∈ |0..10|11 []) + 21·(x_9 ∈ |0..10|11 []) + 17·(x_10 ∈ |0..10|11 []) + 2·(x_11 ∈ |0..10|11 []) + 40·(x_12 ∈ |0..10|11 []) = 1861
	c_6:	16·(x_1 ∈ |0..10|11 []) + 50·(x_2 ∈ |0..10|11 []) + 23·(x_3 ∈ |0..10|11 []) + 23·(x_4 ∈ |0..10|11 []) + 26·(x_5 ∈ |0..10|11 []) + 42·(x_6 ∈ |0..10|11 []) + 48·(x_7 ∈ |0..10|11 []) + 37·(x_8 ∈ |0..10|11 []) + 11·(x_9 ∈ |0..10|11 []) + 7·(x_10 ∈ |0..10|11 []) + 13·(x_11 ∈ |0..10|11 []) + 9·(x_12 ∈ |0..10|11 []) = 1643
	c_7:	14·(x_1 ∈ |0..10|11 []) + 42·(x_2 ∈ |0..10|11 []) + 7·(x_3 ∈ |0..10|11 []) + 17·(x_4 ∈ |0..10|11 []) + 43·(x_5 ∈ |0..10|11 []) + 48·(x_6 ∈ |0..10|11 []) + 8·(x_7 ∈ |0..10|11 []) + 34·(x_8 ∈ |0..10|11 []) + 4·(x_9 ∈ |0..10|11 []) + 50·(x_10 ∈ |0..10|11 []) + 31·(x_11 ∈ |0..10|11 []) + 39·(x_12 ∈ |0..10|11 []) = 1553
	c_8:	39·(x_1 ∈ |0..10|11 []) + 8·(x_2 ∈ |0..10|11 []) + 9·(x_3 ∈ |0..10|11 []) + 37·(x_4 ∈ |0..10|11 []) + 29·(x_5 ∈ |0..10|11 []) + 48·(x_6 ∈ |0..10|11 []) + 6·(x_7 ∈ |0..10|11 []) + 2·(x_8 ∈ |0..10|11 []) + 29·(x_9 ∈ |0..10|11 []) + 21·(x_10 ∈ |0..10|11 []) + 10·(x_11 ∈ |0..10|11 []) + 20·(x_12 ∈ |0..10|11 []) = 1298
	CSE: ""

CMD timeout 180 minizinc -c --solver ./bin/fzn_picat/picat.msc ./experiments/mbssp-control/aux/1770.picat.mzn --fzn ./experiments/mbssp-control/aux/1770.picat.fzn
Flattening done @0.60146457s
CMD timeout 179 ./bin/fzn_picat/Picat/picat ./bin/fzn_picat/fzn_picat_sat.pi -e ./experiments/mbssp-control/aux/1770.picat.dimacs ./experiments/mbssp-control/aux/1770.picat.fzn
Picat encoding done @0.73328304s
Encoded Picat-SAT in 0.7397746 seconds as 1582/13252/60307

SOLVE T/O Some(60.0)
SOLVE DONE @2.9783843
SOLVE CALL RESULT: Got SAT in 2.9783843s with check None: 
BATCH.SH END 0
