BATCH.SH START ./experiments/mbssp-control/runs:1790 (ulimit --clean)
Start EncodeRecord { instance: Some(Instance { problem: Mbssp { b: 10, n: 8, m: 12, q: 50, instances: 100 }, i: 79, lp: "./experiments/mbssp-control/lps/2/079.lp" }), experiment: Some(Experiment { system: MiniZinc, pb_encoding: Gt, int_encoding: Dir, con_encoding: Include, split_eq: false, model_config: ModelConfig { scm: Add, cutoff: Order, decomposer: Gt, equalize_ternaries: true, add_consistency: false, propagate: None, equalize_uniform_bin_ineqs: false } }), statics: None, pb_statics: None, principal: None, time: None, dimacs: None }
model = 
	c_1:	45·(x_1 ∈ |0..10|11 []) + 47·(x_2 ∈ |0..10|11 []) + 38·(x_3 ∈ |0..10|11 []) + 6·(x_4 ∈ |0..10|11 []) + 33·(x_5 ∈ |0..10|11 []) + (x_6 ∈ |0..10|11 []) + 2·(x_7 ∈ |0..10|11 []) + 49·(x_8 ∈ |0..10|11 []) + 16·(x_9 ∈ |0..10|11 []) + 33·(x_10 ∈ |0..10|11 []) + 19·(x_11 ∈ |0..10|11 []) + 7·(x_12 ∈ |0..10|11 []) = 2268
	c_2:	18·(x_1 ∈ |0..10|11 []) + 18·(x_2 ∈ |0..10|11 []) + 20·(x_3 ∈ |0..10|11 []) + 44·(x_4 ∈ |0..10|11 []) + 35·(x_5 ∈ |0..10|11 []) + 5·(x_6 ∈ |0..10|11 []) + 20·(x_7 ∈ |0..10|11 []) + 31·(x_8 ∈ |0..10|11 []) + 24·(x_9 ∈ |0..10|11 []) + 40·(x_10 ∈ |0..10|11 []) + 29·(x_11 ∈ |0..10|11 []) + (x_12 ∈ |0..10|11 []) = 1570
	c_3:	4·(x_1 ∈ |0..10|11 []) + 5·(x_2 ∈ |0..10|11 []) + 41·(x_3 ∈ |0..10|11 []) + 20·(x_4 ∈ |0..10|11 []) + 41·(x_5 ∈ |0..10|11 []) + 46·(x_6 ∈ |0..10|11 []) + 22·(x_7 ∈ |0..10|11 []) + 30·(x_8 ∈ |0..10|11 []) + 8·(x_9 ∈ |0..10|11 []) + (x_10 ∈ |0..10|11 []) + 50·(x_11 ∈ |0..10|11 []) + 46·(x_12 ∈ |0..10|11 []) = 1298
	c_4:	3·(x_1 ∈ |0..10|11 []) + 21·(x_2 ∈ |0..10|11 []) + 22·(x_3 ∈ |0..10|11 []) + 46·(x_4 ∈ |0..10|11 []) + 45·(x_5 ∈ |0..10|11 []) + 2·(x_6 ∈ |0..10|11 []) + 13·(x_7 ∈ |0..10|11 []) + (x_8 ∈ |0..10|11 []) + 25·(x_9 ∈ |0..10|11 []) + 2·(x_10 ∈ |0..10|11 []) + 7·(x_11 ∈ |0..10|11 []) + 33·(x_12 ∈ |0..10|11 []) = 934
	c_5:	19·(x_1 ∈ |0..10|11 []) + 42·(x_2 ∈ |0..10|11 []) + 3·(x_3 ∈ |0..10|11 []) + 26·(x_4 ∈ |0..10|11 []) + 35·(x_5 ∈ |0..10|11 []) + 37·(x_6 ∈ |0..10|11 []) + (x_7 ∈ |0..10|11 []) + 18·(x_8 ∈ |0..10|11 []) + 25·(x_9 ∈ |0..10|11 []) + 2·(x_10 ∈ |0..10|11 []) + 25·(x_11 ∈ |0..10|11 []) + 6·(x_12 ∈ |0..10|11 []) = 1261
	c_6:	35·(x_1 ∈ |0..10|11 []) + 24·(x_2 ∈ |0..10|11 []) + 33·(x_3 ∈ |0..10|11 []) + 30·(x_4 ∈ |0..10|11 []) + 41·(x_5 ∈ |0..10|11 []) + 26·(x_6 ∈ |0..10|11 []) + 48·(x_7 ∈ |0..10|11 []) + 27·(x_8 ∈ |0..10|11 []) + 23·(x_9 ∈ |0..10|11 []) + 30·(x_10 ∈ |0..10|11 []) + 25·(x_11 ∈ |0..10|11 []) + 28·(x_12 ∈ |0..10|11 []) = 1813
	c_7:	36·(x_1 ∈ |0..10|11 []) + 25·(x_2 ∈ |0..10|11 []) + 8·(x_3 ∈ |0..10|11 []) + 9·(x_4 ∈ |0..10|11 []) + 23·(x_5 ∈ |0..10|11 []) + 9·(x_6 ∈ |0..10|11 []) + 4·(x_7 ∈ |0..10|11 []) + 41·(x_8 ∈ |0..10|11 []) + 31·(x_9 ∈ |0..10|11 []) + 18·(x_10 ∈ |0..10|11 []) + 27·(x_11 ∈ |0..10|11 []) + 19·(x_12 ∈ |0..10|11 []) = 1564
	c_8:	22·(x_1 ∈ |0..10|11 []) + 22·(x_2 ∈ |0..10|11 []) + 30·(x_3 ∈ |0..10|11 []) + 42·(x_4 ∈ |0..10|11 []) + 18·(x_5 ∈ |0..10|11 []) + 49·(x_6 ∈ |0..10|11 []) + 11·(x_7 ∈ |0..10|11 []) + 31·(x_8 ∈ |0..10|11 []) + 12·(x_9 ∈ |0..10|11 []) + 50·(x_10 ∈ |0..10|11 []) + 19·(x_11 ∈ |0..10|11 []) + 10·(x_12 ∈ |0..10|11 []) = 1608
	CSE: ""

CMD timeout 180 minizinc -c --solver ./bin/fzn_picat/picat.msc ./experiments/mbssp-control/aux/1790.picat.mzn --fzn ./experiments/mbssp-control/aux/1790.picat.fzn
Flattening done @0.43542427s
CMD timeout 180 ./bin/fzn_picat/Picat/picat ./bin/fzn_picat/fzn_picat_sat.pi -e ./experiments/mbssp-control/aux/1790.picat.dimacs ./experiments/mbssp-control/aux/1790.picat.fzn
Picat encoding done @0.56319857s
Encoded Picat-SAT in 0.5695982 seconds as 1531/12682/57374

SOLVE T/O Some(60.0)
SOLVE DONE @0.26664972
SOLVE CALL RESULT: Got SAT in 0.26664972s with check None: 
BATCH.SH END 0
