BATCH.SH START ./experiments/mbssp-control/runs:1830 (ulimit --clean)
Start EncodeRecord { instance: Some(Instance { problem: Mbssp { b: 10, n: 8, m: 12, q: 50, instances: 100 }, i: 83, lp: "./experiments/mbssp-control/lps/2/083.lp" }), experiment: Some(Experiment { system: MiniZinc, pb_encoding: Gt, int_encoding: Dir, con_encoding: Include, split_eq: false, model_config: ModelConfig { scm: Add, cutoff: Order, decomposer: Gt, equalize_ternaries: true, add_consistency: false, propagate: None, equalize_uniform_bin_ineqs: false } }), statics: None, pb_statics: None, principal: None, time: None, dimacs: None }
model = 
	c_1:	36·(x_1 ∈ |0..10|11 []) + 12·(x_2 ∈ |0..10|11 []) + 36·(x_3 ∈ |0..10|11 []) + 9·(x_4 ∈ |0..10|11 []) + 36·(x_5 ∈ |0..10|11 []) + 24·(x_6 ∈ |0..10|11 []) + 4·(x_7 ∈ |0..10|11 []) + 45·(x_8 ∈ |0..10|11 []) + 17·(x_9 ∈ |0..10|11 []) + 37·(x_10 ∈ |0..10|11 []) + 35·(x_11 ∈ |0..10|11 []) + 40·(x_12 ∈ |0..10|11 []) = 2226
	c_2:	14·(x_1 ∈ |0..10|11 []) + 18·(x_2 ∈ |0..10|11 []) + 31·(x_3 ∈ |0..10|11 []) + 45·(x_4 ∈ |0..10|11 []) + 30·(x_5 ∈ |0..10|11 []) + 31·(x_6 ∈ |0..10|11 []) + 44·(x_7 ∈ |0..10|11 []) + 18·(x_8 ∈ |0..10|11 []) + 35·(x_9 ∈ |0..10|11 []) + 45·(x_10 ∈ |0..10|11 []) + 41·(x_11 ∈ |0..10|11 []) + 2·(x_12 ∈ |0..10|11 []) = 1691
	c_3:	34·(x_1 ∈ |0..10|11 []) + 31·(x_2 ∈ |0..10|11 []) + 25·(x_3 ∈ |0..10|11 []) + (x_4 ∈ |0..10|11 []) + 11·(x_5 ∈ |0..10|11 []) + 45·(x_6 ∈ |0..10|11 []) + 19·(x_7 ∈ |0..10|11 []) + 6·(x_8 ∈ |0..10|11 []) + 30·(x_9 ∈ |0..10|11 []) + 2·(x_10 ∈ |0..10|11 []) + 37·(x_11 ∈ |0..10|11 []) + 40·(x_12 ∈ |0..10|11 []) = 1517
	c_4:	44·(x_1 ∈ |0..10|11 []) + 17·(x_2 ∈ |0..10|11 []) + 40·(x_3 ∈ |0..10|11 []) + 46·(x_4 ∈ |0..10|11 []) + 25·(x_5 ∈ |0..10|11 []) + 44·(x_6 ∈ |0..10|11 []) + 39·(x_7 ∈ |0..10|11 []) + 36·(x_8 ∈ |0..10|11 []) + (x_9 ∈ |0..10|11 []) + 15·(x_10 ∈ |0..10|11 []) + 13·(x_11 ∈ |0..10|11 []) + 27·(x_12 ∈ |0..10|11 []) = 1817
	c_5:	2·(x_1 ∈ |0..10|11 []) + 31·(x_2 ∈ |0..10|11 []) + 23·(x_3 ∈ |0..10|11 []) + 24·(x_4 ∈ |0..10|11 []) + 27·(x_5 ∈ |0..10|11 []) + 44·(x_6 ∈ |0..10|11 []) + 4·(x_7 ∈ |0..10|11 []) + 28·(x_8 ∈ |0..10|11 []) + 40·(x_9 ∈ |0..10|11 []) + 37·(x_10 ∈ |0..10|11 []) + 25·(x_11 ∈ |0..10|11 []) + 29·(x_12 ∈ |0..10|11 []) = 1745
	c_6:	34·(x_1 ∈ |0..10|11 []) + 35·(x_2 ∈ |0..10|11 []) + 25·(x_3 ∈ |0..10|11 []) + 23·(x_4 ∈ |0..10|11 []) + 35·(x_5 ∈ |0..10|11 []) + 41·(x_6 ∈ |0..10|11 []) + 21·(x_7 ∈ |0..10|11 []) + 35·(x_8 ∈ |0..10|11 []) + 20·(x_9 ∈ |0..10|11 []) + 18·(x_10 ∈ |0..10|11 []) + (x_11 ∈ |0..10|11 []) + 36·(x_12 ∈ |0..10|11 []) = 1770
	c_7:	20·(x_1 ∈ |0..10|11 []) + 16·(x_2 ∈ |0..10|11 []) + 28·(x_3 ∈ |0..10|11 []) + 9·(x_4 ∈ |0..10|11 []) + 31·(x_5 ∈ |0..10|11 []) + 48·(x_6 ∈ |0..10|11 []) + 28·(x_7 ∈ |0..10|11 []) + 24·(x_8 ∈ |0..10|11 []) + 36·(x_9 ∈ |0..10|11 []) + 10·(x_10 ∈ |0..10|11 []) + 5·(x_11 ∈ |0..10|11 []) + 18·(x_12 ∈ |0..10|11 []) = 1417
	c_8:	42·(x_1 ∈ |0..10|11 []) + 22·(x_2 ∈ |0..10|11 []) + 29·(x_3 ∈ |0..10|11 []) + 20·(x_4 ∈ |0..10|11 []) + 7·(x_5 ∈ |0..10|11 []) + 49·(x_6 ∈ |0..10|11 []) + 42·(x_7 ∈ |0..10|11 []) + 24·(x_8 ∈ |0..10|11 []) + 40·(x_9 ∈ |0..10|11 []) + 32·(x_10 ∈ |0..10|11 []) + 35·(x_11 ∈ |0..10|11 []) + 42·(x_12 ∈ |0..10|11 []) = 2028
	CSE: ""

CMD timeout 180 minizinc -c --solver ./bin/fzn_picat/picat.msc ./experiments/mbssp-control/aux/1830.picat.mzn --fzn ./experiments/mbssp-control/aux/1830.picat.fzn
Flattening done @0.43331423s
CMD timeout 180 ./bin/fzn_picat/Picat/picat ./bin/fzn_picat/fzn_picat_sat.pi -e ./experiments/mbssp-control/aux/1830.picat.dimacs ./experiments/mbssp-control/aux/1830.picat.fzn
Picat encoding done @0.5616874s
Encoded Picat-SAT in 0.5681232 seconds as 1527/12943/59210

SOLVE T/O Some(60.0)
SOLVE DONE @0.8020799
SOLVE CALL RESULT: Got SAT in 0.8020799s with check None: 
BATCH.SH END 0
