BATCH.SH START ./experiments/mbssp-control/runs:1850 (ulimit --clean)
Start EncodeRecord { instance: Some(Instance { problem: Mbssp { b: 10, n: 8, m: 12, q: 50, instances: 100 }, i: 85, lp: "./experiments/mbssp-control/lps/2/085.lp" }), experiment: Some(Experiment { system: MiniZinc, pb_encoding: Gt, int_encoding: Dir, con_encoding: Include, split_eq: false, model_config: ModelConfig { scm: Add, cutoff: Order, decomposer: Gt, equalize_ternaries: true, add_consistency: false, propagate: None, equalize_uniform_bin_ineqs: false } }), statics: None, pb_statics: None, principal: None, time: None, dimacs: None }
model = 
	c_1:	2·(x_1 ∈ |0..10|11 []) + 10·(x_2 ∈ |0..10|11 []) + 19·(x_3 ∈ |0..10|11 []) + 3·(x_4 ∈ |0..10|11 []) + 35·(x_5 ∈ |0..10|11 []) + 2·(x_6 ∈ |0..10|11 []) + 10·(x_7 ∈ |0..10|11 []) + 10·(x_8 ∈ |0..10|11 []) + 37·(x_9 ∈ |0..10|11 []) + 11·(x_10 ∈ |0..10|11 []) + 37·(x_11 ∈ |0..10|11 []) + 4·(x_12 ∈ |0..10|11 []) = 995
	c_2:	21·(x_1 ∈ |0..10|11 []) + 16·(x_2 ∈ |0..10|11 []) + 27·(x_3 ∈ |0..10|11 []) + 44·(x_4 ∈ |0..10|11 []) + 29·(x_5 ∈ |0..10|11 []) + 11·(x_6 ∈ |0..10|11 []) + 7·(x_7 ∈ |0..10|11 []) + 43·(x_8 ∈ |0..10|11 []) + 26·(x_9 ∈ |0..10|11 []) + 39·(x_10 ∈ |0..10|11 []) + 26·(x_11 ∈ |0..10|11 []) + 47·(x_12 ∈ |0..10|11 []) = 937
	c_3:	35·(x_1 ∈ |0..10|11 []) + 46·(x_2 ∈ |0..10|11 []) + 16·(x_3 ∈ |0..10|11 []) + 42·(x_4 ∈ |0..10|11 []) + 15·(x_5 ∈ |0..10|11 []) + 15·(x_6 ∈ |0..10|11 []) + 3·(x_7 ∈ |0..10|11 []) + 19·(x_8 ∈ |0..10|11 []) + 5·(x_9 ∈ |0..10|11 []) + 21·(x_10 ∈ |0..10|11 []) + 23·(x_11 ∈ |0..10|11 []) + 34·(x_12 ∈ |0..10|11 []) = 571
	c_4:	36·(x_1 ∈ |0..10|11 []) + 6·(x_2 ∈ |0..10|11 []) + 19·(x_3 ∈ |0..10|11 []) + (x_4 ∈ |0..10|11 []) + (x_5 ∈ |0..10|11 []) + 28·(x_6 ∈ |0..10|11 []) + 8·(x_7 ∈ |0..10|11 []) + 48·(x_8 ∈ |0..10|11 []) + 25·(x_9 ∈ |0..10|11 []) + 40·(x_10 ∈ |0..10|11 []) + 19·(x_11 ∈ |0..10|11 []) + 49·(x_12 ∈ |0..10|11 []) = 639
	c_5:	12·(x_1 ∈ |0..10|11 []) + 50·(x_2 ∈ |0..10|11 []) + 49·(x_3 ∈ |0..10|11 []) + 28·(x_4 ∈ |0..10|11 []) + 2·(x_5 ∈ |0..10|11 []) + 15·(x_6 ∈ |0..10|11 []) + 42·(x_7 ∈ |0..10|11 []) + 22·(x_8 ∈ |0..10|11 []) + 32·(x_9 ∈ |0..10|11 []) + 45·(x_10 ∈ |0..10|11 []) + 23·(x_11 ∈ |0..10|11 []) + 36·(x_12 ∈ |0..10|11 []) = 968
	c_6:	9·(x_1 ∈ |0..10|11 []) + 17·(x_2 ∈ |0..10|11 []) + 27·(x_3 ∈ |0..10|11 []) + 15·(x_4 ∈ |0..10|11 []) + 7·(x_5 ∈ |0..10|11 []) + 12·(x_6 ∈ |0..10|11 []) + 16·(x_7 ∈ |0..10|11 []) + 20·(x_8 ∈ |0..10|11 []) + 35·(x_9 ∈ |0..10|11 []) + 4·(x_10 ∈ |0..10|11 []) + 2·(x_11 ∈ |0..10|11 []) + 30·(x_12 ∈ |0..10|11 []) = 567
	c_7:	27·(x_1 ∈ |0..10|11 []) + 45·(x_2 ∈ |0..10|11 []) + 23·(x_3 ∈ |0..10|11 []) + 5·(x_4 ∈ |0..10|11 []) + 29·(x_5 ∈ |0..10|11 []) + 16·(x_6 ∈ |0..10|11 []) + (x_7 ∈ |0..10|11 []) + 16·(x_8 ∈ |0..10|11 []) + 41·(x_9 ∈ |0..10|11 []) + 36·(x_10 ∈ |0..10|11 []) + 22·(x_11 ∈ |0..10|11 []) + 8·(x_12 ∈ |0..10|11 []) = 995
	c_8:	30·(x_1 ∈ |0..10|11 []) + 26·(x_2 ∈ |0..10|11 []) + 25·(x_3 ∈ |0..10|11 []) + 48·(x_4 ∈ |0..10|11 []) + 19·(x_5 ∈ |0..10|11 []) + 5·(x_6 ∈ |0..10|11 []) + 13·(x_7 ∈ |0..10|11 []) + 17·(x_8 ∈ |0..10|11 []) + 36·(x_9 ∈ |0..10|11 []) + 8·(x_10 ∈ |0..10|11 []) + 44·(x_11 ∈ |0..10|11 []) + 43·(x_12 ∈ |0..10|11 []) = 1001
	CSE: ""

CMD timeout 180 minizinc -c --solver ./bin/fzn_picat/picat.msc ./experiments/mbssp-control/aux/1850.picat.mzn --fzn ./experiments/mbssp-control/aux/1850.picat.fzn
Flattening done @0.57596684s
CMD timeout 179 ./bin/fzn_picat/Picat/picat ./bin/fzn_picat/fzn_picat_sat.pi -e ./experiments/mbssp-control/aux/1850.picat.dimacs ./experiments/mbssp-control/aux/1850.picat.fzn
Picat encoding done @0.71687454s
Encoded Picat-SAT in 0.72270495 seconds as 1479/12419/56113

SOLVE T/O Some(60.0)
SOLVE DONE @0.58052796
SOLVE CALL RESULT: Got SAT in 0.58052796s with check None: 
BATCH.SH END 0
