BATCH.SH START ./experiments/mbssp-control/runs:1860 (ulimit --clean)
Start EncodeRecord { instance: Some(Instance { problem: Mbssp { b: 10, n: 8, m: 12, q: 50, instances: 100 }, i: 86, lp: "./experiments/mbssp-control/lps/2/086.lp" }), experiment: Some(Experiment { system: MiniZinc, pb_encoding: Gt, int_encoding: Dir, con_encoding: Include, split_eq: false, model_config: ModelConfig { scm: Add, cutoff: Order, decomposer: Gt, equalize_ternaries: true, add_consistency: false, propagate: None, equalize_uniform_bin_ineqs: false } }), statics: None, pb_statics: None, principal: None, time: None, dimacs: None }
model = 
	c_1:	(x_1 ∈ |0..10|11 []) + 21·(x_2 ∈ |0..10|11 []) + 36·(x_3 ∈ |0..10|11 []) + 2·(x_4 ∈ |0..10|11 []) + 27·(x_5 ∈ |0..10|11 []) + 25·(x_6 ∈ |0..10|11 []) + 4·(x_7 ∈ |0..10|11 []) + 36·(x_8 ∈ |0..10|11 []) + 38·(x_9 ∈ |0..10|11 []) + 13·(x_10 ∈ |0..10|11 []) + 47·(x_11 ∈ |0..10|11 []) + 33·(x_12 ∈ |0..10|11 []) = 1879
	c_2:	11·(x_1 ∈ |0..10|11 []) + 27·(x_2 ∈ |0..10|11 []) + 6·(x_3 ∈ |0..10|11 []) + 43·(x_4 ∈ |0..10|11 []) + 22·(x_5 ∈ |0..10|11 []) + 30·(x_6 ∈ |0..10|11 []) + 41·(x_7 ∈ |0..10|11 []) + 4·(x_8 ∈ |0..10|11 []) + 13·(x_9 ∈ |0..10|11 []) + 46·(x_10 ∈ |0..10|11 []) + 16·(x_11 ∈ |0..10|11 []) + 47·(x_12 ∈ |0..10|11 []) = 1123
	c_3:	31·(x_1 ∈ |0..10|11 []) + 5·(x_2 ∈ |0..10|11 []) + 26·(x_3 ∈ |0..10|11 []) + 28·(x_4 ∈ |0..10|11 []) + 11·(x_5 ∈ |0..10|11 []) + 41·(x_6 ∈ |0..10|11 []) + 5·(x_7 ∈ |0..10|11 []) + 31·(x_8 ∈ |0..10|11 []) + 45·(x_9 ∈ |0..10|11 []) + 13·(x_10 ∈ |0..10|11 []) + 2·(x_11 ∈ |0..10|11 []) + 30·(x_12 ∈ |0..10|11 []) = 1295
	c_4:	11·(x_1 ∈ |0..10|11 []) + 36·(x_2 ∈ |0..10|11 []) + 12·(x_3 ∈ |0..10|11 []) + 12·(x_4 ∈ |0..10|11 []) + 5·(x_5 ∈ |0..10|11 []) + 47·(x_6 ∈ |0..10|11 []) + 18·(x_7 ∈ |0..10|11 []) + 13·(x_8 ∈ |0..10|11 []) + 40·(x_9 ∈ |0..10|11 []) + 30·(x_10 ∈ |0..10|11 []) + 39·(x_11 ∈ |0..10|11 []) + 50·(x_12 ∈ |0..10|11 []) = 1699
	c_5:	50·(x_1 ∈ |0..10|11 []) + 33·(x_2 ∈ |0..10|11 []) + 46·(x_3 ∈ |0..10|11 []) + 23·(x_4 ∈ |0..10|11 []) + 24·(x_5 ∈ |0..10|11 []) + 37·(x_6 ∈ |0..10|11 []) + 46·(x_7 ∈ |0..10|11 []) + 21·(x_8 ∈ |0..10|11 []) + 43·(x_9 ∈ |0..10|11 []) + 40·(x_10 ∈ |0..10|11 []) + 15·(x_11 ∈ |0..10|11 []) + 23·(x_12 ∈ |0..10|11 []) = 1641
	c_6:	8·(x_1 ∈ |0..10|11 []) + 20·(x_2 ∈ |0..10|11 []) + 12·(x_3 ∈ |0..10|11 []) + 15·(x_4 ∈ |0..10|11 []) + 3·(x_5 ∈ |0..10|11 []) + 39·(x_6 ∈ |0..10|11 []) + 50·(x_7 ∈ |0..10|11 []) + 27·(x_8 ∈ |0..10|11 []) + 5·(x_9 ∈ |0..10|11 []) + 33·(x_10 ∈ |0..10|11 []) + 27·(x_11 ∈ |0..10|11 []) + 37·(x_12 ∈ |0..10|11 []) = 1198
	c_7:	34·(x_1 ∈ |0..10|11 []) + 3·(x_2 ∈ |0..10|11 []) + 43·(x_3 ∈ |0..10|11 []) + 49·(x_4 ∈ |0..10|11 []) + 15·(x_5 ∈ |0..10|11 []) + 5·(x_6 ∈ |0..10|11 []) + 31·(x_7 ∈ |0..10|11 []) + 4·(x_8 ∈ |0..10|11 []) + 2·(x_9 ∈ |0..10|11 []) + 41·(x_10 ∈ |0..10|11 []) + 24·(x_11 ∈ |0..10|11 []) + 8·(x_12 ∈ |0..10|11 []) = 835
	c_8:	39·(x_1 ∈ |0..10|11 []) + 17·(x_2 ∈ |0..10|11 []) + 47·(x_3 ∈ |0..10|11 []) + 12·(x_4 ∈ |0..10|11 []) + 22·(x_5 ∈ |0..10|11 []) + 14·(x_6 ∈ |0..10|11 []) + 38·(x_7 ∈ |0..10|11 []) + 27·(x_8 ∈ |0..10|11 []) + 10·(x_9 ∈ |0..10|11 []) + 46·(x_10 ∈ |0..10|11 []) + 3·(x_11 ∈ |0..10|11 []) + 13·(x_12 ∈ |0..10|11 []) = 1059
	CSE: ""

CMD timeout 180 minizinc -c --solver ./bin/fzn_picat/picat.msc ./experiments/mbssp-control/aux/1860.picat.mzn --fzn ./experiments/mbssp-control/aux/1860.picat.fzn
Flattening done @0.5025849s
CMD timeout 179 ./bin/fzn_picat/Picat/picat ./bin/fzn_picat/fzn_picat_sat.pi -e ./experiments/mbssp-control/aux/1860.picat.dimacs ./experiments/mbssp-control/aux/1860.picat.fzn
Picat encoding done @0.62976104s
Encoded Picat-SAT in 0.6360061 seconds as 1598/13348/60451

SOLVE T/O Some(60.0)
SOLVE DONE @1.823349
SOLVE CALL RESULT: Got SAT in 1.823349s with check None: 
BATCH.SH END 0
