BATCH.SH START ./experiments/mbssp-control/runs:1880 (ulimit --clean)
Start EncodeRecord { instance: Some(Instance { problem: Mbssp { b: 10, n: 8, m: 12, q: 50, instances: 100 }, i: 88, lp: "./experiments/mbssp-control/lps/2/088.lp" }), experiment: Some(Experiment { system: MiniZinc, pb_encoding: Gt, int_encoding: Dir, con_encoding: Include, split_eq: false, model_config: ModelConfig { scm: Add, cutoff: Order, decomposer: Gt, equalize_ternaries: true, add_consistency: false, propagate: None, equalize_uniform_bin_ineqs: false } }), statics: None, pb_statics: None, principal: None, time: None, dimacs: None }
model = 
	c_1:	16·(x_1 ∈ |0..10|11 []) + 43·(x_2 ∈ |0..10|11 []) + 16·(x_3 ∈ |0..10|11 []) + 12·(x_4 ∈ |0..10|11 []) + 14·(x_5 ∈ |0..10|11 []) + 37·(x_6 ∈ |0..10|11 []) + 24·(x_7 ∈ |0..10|11 []) + 30·(x_8 ∈ |0..10|11 []) + 13·(x_9 ∈ |0..10|11 []) + 25·(x_10 ∈ |0..10|11 []) + 15·(x_11 ∈ |0..10|11 []) + 50·(x_12 ∈ |0..10|11 []) = 1804
	c_2:	40·(x_1 ∈ |0..10|11 []) + 32·(x_2 ∈ |0..10|11 []) + 12·(x_3 ∈ |0..10|11 []) + 24·(x_4 ∈ |0..10|11 []) + 30·(x_5 ∈ |0..10|11 []) + 34·(x_6 ∈ |0..10|11 []) + 8·(x_7 ∈ |0..10|11 []) + 13·(x_8 ∈ |0..10|11 []) + 21·(x_9 ∈ |0..10|11 []) + 6·(x_10 ∈ |0..10|11 []) + 37·(x_11 ∈ |0..10|11 []) + 50·(x_12 ∈ |0..10|11 []) = 1621
	c_3:	43·(x_1 ∈ |0..10|11 []) + 45·(x_2 ∈ |0..10|11 []) + (x_3 ∈ |0..10|11 []) + 17·(x_4 ∈ |0..10|11 []) + 20·(x_5 ∈ |0..10|11 []) + 35·(x_6 ∈ |0..10|11 []) + 25·(x_7 ∈ |0..10|11 []) + 15·(x_8 ∈ |0..10|11 []) + 39·(x_9 ∈ |0..10|11 []) + 19·(x_10 ∈ |0..10|11 []) + 24·(x_11 ∈ |0..10|11 []) + 21·(x_12 ∈ |0..10|11 []) = 1546
	c_4:	3·(x_1 ∈ |0..10|11 []) + 35·(x_2 ∈ |0..10|11 []) + 40·(x_3 ∈ |0..10|11 []) + 22·(x_4 ∈ |0..10|11 []) + 14·(x_5 ∈ |0..10|11 []) + 28·(x_6 ∈ |0..10|11 []) + 21·(x_7 ∈ |0..10|11 []) + 9·(x_8 ∈ |0..10|11 []) + 6·(x_9 ∈ |0..10|11 []) + 22·(x_10 ∈ |0..10|11 []) + 22·(x_11 ∈ |0..10|11 []) + 39·(x_12 ∈ |0..10|11 []) = 1463
	c_5:	48·(x_1 ∈ |0..10|11 []) + 16·(x_2 ∈ |0..10|11 []) + 13·(x_3 ∈ |0..10|11 []) + 15·(x_4 ∈ |0..10|11 []) + 24·(x_5 ∈ |0..10|11 []) + 9·(x_6 ∈ |0..10|11 []) + 44·(x_7 ∈ |0..10|11 []) + 4·(x_8 ∈ |0..10|11 []) + 13·(x_9 ∈ |0..10|11 []) + 36·(x_10 ∈ |0..10|11 []) + 35·(x_11 ∈ |0..10|11 []) + 31·(x_12 ∈ |0..10|11 []) = 1357
	c_6:	50·(x_1 ∈ |0..10|11 []) + 12·(x_2 ∈ |0..10|11 []) + 29·(x_3 ∈ |0..10|11 []) + 31·(x_4 ∈ |0..10|11 []) + 5·(x_5 ∈ |0..10|11 []) + 45·(x_6 ∈ |0..10|11 []) + 2·(x_7 ∈ |0..10|11 []) + 39·(x_8 ∈ |0..10|11 []) + 29·(x_9 ∈ |0..10|11 []) + 27·(x_10 ∈ |0..10|11 []) + 5·(x_11 ∈ |0..10|11 []) + 23·(x_12 ∈ |0..10|11 []) = 1419
	c_7:	26·(x_1 ∈ |0..10|11 []) + 35·(x_2 ∈ |0..10|11 []) + 13·(x_3 ∈ |0..10|11 []) + 13·(x_4 ∈ |0..10|11 []) + 17·(x_5 ∈ |0..10|11 []) + 11·(x_6 ∈ |0..10|11 []) + 34·(x_7 ∈ |0..10|11 []) + 50·(x_8 ∈ |0..10|11 []) + 41·(x_9 ∈ |0..10|11 []) + 15·(x_10 ∈ |0..10|11 []) + 13·(x_11 ∈ |0..10|11 []) + 9·(x_12 ∈ |0..10|11 []) = 1342
	c_8:	4·(x_1 ∈ |0..10|11 []) + 35·(x_2 ∈ |0..10|11 []) + 30·(x_3 ∈ |0..10|11 []) + 23·(x_4 ∈ |0..10|11 []) + 7·(x_5 ∈ |0..10|11 []) + 36·(x_6 ∈ |0..10|11 []) + 46·(x_7 ∈ |0..10|11 []) + 28·(x_8 ∈ |0..10|11 []) + 5·(x_9 ∈ |0..10|11 []) + 24·(x_10 ∈ |0..10|11 []) + 28·(x_11 ∈ |0..10|11 []) + 6·(x_12 ∈ |0..10|11 []) = 1408
	CSE: ""

CMD timeout 180 minizinc -c --solver ./bin/fzn_picat/picat.msc ./experiments/mbssp-control/aux/1880.picat.mzn --fzn ./experiments/mbssp-control/aux/1880.picat.fzn
Flattening done @0.5205888s
CMD timeout 179 ./bin/fzn_picat/Picat/picat ./bin/fzn_picat/fzn_picat_sat.pi -e ./experiments/mbssp-control/aux/1880.picat.dimacs ./experiments/mbssp-control/aux/1880.picat.fzn
Picat encoding done @0.65666956s
Encoded Picat-SAT in 0.662762 seconds as 1587/13418/61002

SOLVE T/O Some(60.0)
SOLVE DONE @1.162214
SOLVE CALL RESULT: Got SAT in 1.162214s with check None: 
BATCH.SH END 0
