BATCH.SH START ./experiments/mbssp-control/runs:1890 (ulimit --clean)
Start EncodeRecord { instance: Some(Instance { problem: Mbssp { b: 10, n: 8, m: 12, q: 50, instances: 100 }, i: 89, lp: "./experiments/mbssp-control/lps/2/089.lp" }), experiment: Some(Experiment { system: MiniZinc, pb_encoding: Gt, int_encoding: Dir, con_encoding: Include, split_eq: false, model_config: ModelConfig { scm: Add, cutoff: Order, decomposer: Gt, equalize_ternaries: true, add_consistency: false, propagate: None, equalize_uniform_bin_ineqs: false } }), statics: None, pb_statics: None, principal: None, time: None, dimacs: None }
model = 
	c_1:	(x_1 ∈ |0..10|11 []) + 38·(x_2 ∈ |0..10|11 []) + 21·(x_3 ∈ |0..10|11 []) + 31·(x_4 ∈ |0..10|11 []) + 34·(x_5 ∈ |0..10|11 []) + 38·(x_6 ∈ |0..10|11 []) + 43·(x_7 ∈ |0..10|11 []) + 45·(x_8 ∈ |0..10|11 []) + 15·(x_9 ∈ |0..10|11 []) + 26·(x_10 ∈ |0..10|11 []) + 14·(x_11 ∈ |0..10|11 []) + 25·(x_12 ∈ |0..10|11 []) = 2236
	c_2:	34·(x_1 ∈ |0..10|11 []) + 47·(x_2 ∈ |0..10|11 []) + 31·(x_3 ∈ |0..10|11 []) + 28·(x_4 ∈ |0..10|11 []) + (x_5 ∈ |0..10|11 []) + 30·(x_6 ∈ |0..10|11 []) + 17·(x_7 ∈ |0..10|11 []) + 9·(x_8 ∈ |0..10|11 []) + 49·(x_9 ∈ |0..10|11 []) + 13·(x_10 ∈ |0..10|11 []) + 50·(x_11 ∈ |0..10|11 []) + 43·(x_12 ∈ |0..10|11 []) = 1676
	c_3:	13·(x_1 ∈ |0..10|11 []) + 17·(x_2 ∈ |0..10|11 []) + 4·(x_3 ∈ |0..10|11 []) + 25·(x_4 ∈ |0..10|11 []) + 6·(x_5 ∈ |0..10|11 []) + 21·(x_6 ∈ |0..10|11 []) + 42·(x_7 ∈ |0..10|11 []) + 37·(x_8 ∈ |0..10|11 []) + 42·(x_9 ∈ |0..10|11 []) + 50·(x_10 ∈ |0..10|11 []) + 32·(x_11 ∈ |0..10|11 []) + 7·(x_12 ∈ |0..10|11 []) = 1698
	c_4:	37·(x_1 ∈ |0..10|11 []) + 37·(x_2 ∈ |0..10|11 []) + 14·(x_3 ∈ |0..10|11 []) + 31·(x_4 ∈ |0..10|11 []) + 22·(x_5 ∈ |0..10|11 []) + 23·(x_6 ∈ |0..10|11 []) + 15·(x_7 ∈ |0..10|11 []) + 39·(x_8 ∈ |0..10|11 []) + 18·(x_9 ∈ |0..10|11 []) + 35·(x_10 ∈ |0..10|11 []) + 8·(x_11 ∈ |0..10|11 []) + 46·(x_12 ∈ |0..10|11 []) = 1837
	c_5:	49·(x_1 ∈ |0..10|11 []) + 40·(x_2 ∈ |0..10|11 []) + 4·(x_3 ∈ |0..10|11 []) + 24·(x_4 ∈ |0..10|11 []) + 46·(x_5 ∈ |0..10|11 []) + 4·(x_6 ∈ |0..10|11 []) + 19·(x_7 ∈ |0..10|11 []) + 41·(x_8 ∈ |0..10|11 []) + 43·(x_9 ∈ |0..10|11 []) + 40·(x_10 ∈ |0..10|11 []) + 40·(x_11 ∈ |0..10|11 []) + 41·(x_12 ∈ |0..10|11 []) = 1988
	c_6:	34·(x_1 ∈ |0..10|11 []) + 22·(x_2 ∈ |0..10|11 []) + 25·(x_3 ∈ |0..10|11 []) + 16·(x_4 ∈ |0..10|11 []) + 26·(x_5 ∈ |0..10|11 []) + 14·(x_6 ∈ |0..10|11 []) + 28·(x_7 ∈ |0..10|11 []) + 2·(x_8 ∈ |0..10|11 []) + 13·(x_9 ∈ |0..10|11 []) + 21·(x_10 ∈ |0..10|11 []) + 47·(x_11 ∈ |0..10|11 []) + 42·(x_12 ∈ |0..10|11 []) = 1384
	c_7:	33·(x_1 ∈ |0..10|11 []) + 31·(x_2 ∈ |0..10|11 []) + 47·(x_3 ∈ |0..10|11 []) + 50·(x_4 ∈ |0..10|11 []) + 48·(x_5 ∈ |0..10|11 []) + 23·(x_6 ∈ |0..10|11 []) + 43·(x_7 ∈ |0..10|11 []) + 5·(x_8 ∈ |0..10|11 []) + 36·(x_9 ∈ |0..10|11 []) + 2·(x_10 ∈ |0..10|11 []) + 11·(x_11 ∈ |0..10|11 []) + 17·(x_12 ∈ |0..10|11 []) = 1913
	c_8:	5·(x_1 ∈ |0..10|11 []) + 50·(x_2 ∈ |0..10|11 []) + 27·(x_3 ∈ |0..10|11 []) + 33·(x_4 ∈ |0..10|11 []) + 26·(x_5 ∈ |0..10|11 []) + 41·(x_6 ∈ |0..10|11 []) + 12·(x_7 ∈ |0..10|11 []) + 10·(x_8 ∈ |0..10|11 []) + 40·(x_9 ∈ |0..10|11 []) + 29·(x_10 ∈ |0..10|11 []) + 4·(x_11 ∈ |0..10|11 []) + 14·(x_12 ∈ |0..10|11 []) = 1757
	CSE: ""

CMD timeout 180 minizinc -c --solver ./bin/fzn_picat/picat.msc ./experiments/mbssp-control/aux/1890.picat.mzn --fzn ./experiments/mbssp-control/aux/1890.picat.fzn
Flattening done @0.4733914s
CMD timeout 180 ./bin/fzn_picat/Picat/picat ./bin/fzn_picat/fzn_picat_sat.pi -e ./experiments/mbssp-control/aux/1890.picat.dimacs ./experiments/mbssp-control/aux/1890.picat.fzn
Picat encoding done @0.6095168s
Encoded Picat-SAT in 0.6159656 seconds as 1640/13581/61631

SOLVE T/O Some(60.0)
SOLVE DONE @0.6647006
SOLVE CALL RESULT: Got SAT in 0.6647006s with check None: 
BATCH.SH END 0
