BATCH.SH START ./experiments/mbssp-control/runs:1930 (ulimit --clean)
Start EncodeRecord { instance: Some(Instance { problem: Mbssp { b: 10, n: 8, m: 12, q: 50, instances: 100 }, i: 93, lp: "./experiments/mbssp-control/lps/2/093.lp" }), experiment: Some(Experiment { system: MiniZinc, pb_encoding: Gt, int_encoding: Dir, con_encoding: Include, split_eq: false, model_config: ModelConfig { scm: Add, cutoff: Order, decomposer: Gt, equalize_ternaries: true, add_consistency: false, propagate: None, equalize_uniform_bin_ineqs: false } }), statics: None, pb_statics: None, principal: None, time: None, dimacs: None }
model = 
	c_1:	31·(x_1 ∈ |0..10|11 []) + 29·(x_2 ∈ |0..10|11 []) + 19·(x_3 ∈ |0..10|11 []) + 18·(x_4 ∈ |0..10|11 []) + 19·(x_5 ∈ |0..10|11 []) + 32·(x_6 ∈ |0..10|11 []) + 40·(x_7 ∈ |0..10|11 []) + 41·(x_8 ∈ |0..10|11 []) + 43·(x_9 ∈ |0..10|11 []) + 17·(x_10 ∈ |0..10|11 []) + 37·(x_11 ∈ |0..10|11 []) + (x_12 ∈ |0..10|11 []) = 2103
	c_2:	9·(x_1 ∈ |0..10|11 []) + 21·(x_2 ∈ |0..10|11 []) + 28·(x_3 ∈ |0..10|11 []) + 37·(x_4 ∈ |0..10|11 []) + 4·(x_5 ∈ |0..10|11 []) + 5·(x_6 ∈ |0..10|11 []) + 35·(x_7 ∈ |0..10|11 []) + 23·(x_8 ∈ |0..10|11 []) + 9·(x_9 ∈ |0..10|11 []) + 46·(x_10 ∈ |0..10|11 []) + 25·(x_11 ∈ |0..10|11 []) + 46·(x_12 ∈ |0..10|11 []) = 1307
	c_3:	30·(x_1 ∈ |0..10|11 []) + 25·(x_2 ∈ |0..10|11 []) + 14·(x_3 ∈ |0..10|11 []) + (x_4 ∈ |0..10|11 []) + 41·(x_5 ∈ |0..10|11 []) + 17·(x_6 ∈ |0..10|11 []) + 47·(x_7 ∈ |0..10|11 []) + 43·(x_8 ∈ |0..10|11 []) + 34·(x_9 ∈ |0..10|11 []) + 4·(x_10 ∈ |0..10|11 []) + 10·(x_11 ∈ |0..10|11 []) + 13·(x_12 ∈ |0..10|11 []) = 1763
	c_4:	24·(x_1 ∈ |0..10|11 []) + 9·(x_2 ∈ |0..10|11 []) + 42·(x_3 ∈ |0..10|11 []) + 16·(x_4 ∈ |0..10|11 []) + (x_5 ∈ |0..10|11 []) + 40·(x_6 ∈ |0..10|11 []) + 11·(x_7 ∈ |0..10|11 []) + 8·(x_8 ∈ |0..10|11 []) + 25·(x_9 ∈ |0..10|11 []) + 47·(x_10 ∈ |0..10|11 []) + 17·(x_11 ∈ |0..10|11 []) + 49·(x_12 ∈ |0..10|11 []) = 1295
	c_5:	46·(x_1 ∈ |0..10|11 []) + 19·(x_2 ∈ |0..10|11 []) + 31·(x_3 ∈ |0..10|11 []) + 46·(x_4 ∈ |0..10|11 []) + 8·(x_5 ∈ |0..10|11 []) + 14·(x_6 ∈ |0..10|11 []) + 17·(x_7 ∈ |0..10|11 []) + 42·(x_8 ∈ |0..10|11 []) + 24·(x_9 ∈ |0..10|11 []) + 20·(x_10 ∈ |0..10|11 []) + 11·(x_11 ∈ |0..10|11 []) + 23·(x_12 ∈ |0..10|11 []) = 1593
	c_6:	45·(x_1 ∈ |0..10|11 []) + 33·(x_2 ∈ |0..10|11 []) + 5·(x_3 ∈ |0..10|11 []) + 32·(x_4 ∈ |0..10|11 []) + 20·(x_5 ∈ |0..10|11 []) + 24·(x_6 ∈ |0..10|11 []) + 12·(x_7 ∈ |0..10|11 []) + 16·(x_8 ∈ |0..10|11 []) + 38·(x_9 ∈ |0..10|11 []) + 18·(x_10 ∈ |0..10|11 []) + 32·(x_11 ∈ |0..10|11 []) + 48·(x_12 ∈ |0..10|11 []) = 1652
	c_7:	34·(x_1 ∈ |0..10|11 []) + 19·(x_2 ∈ |0..10|11 []) + 6·(x_3 ∈ |0..10|11 []) + 36·(x_4 ∈ |0..10|11 []) + 21·(x_5 ∈ |0..10|11 []) + 6·(x_6 ∈ |0..10|11 []) + 8·(x_7 ∈ |0..10|11 []) + 18·(x_8 ∈ |0..10|11 []) + 17·(x_9 ∈ |0..10|11 []) + 45·(x_10 ∈ |0..10|11 []) + 2·(x_11 ∈ |0..10|11 []) + 46·(x_12 ∈ |0..10|11 []) = 1080
	c_8:	36·(x_1 ∈ |0..10|11 []) + 30·(x_2 ∈ |0..10|11 []) + 44·(x_3 ∈ |0..10|11 []) + 21·(x_4 ∈ |0..10|11 []) + 38·(x_5 ∈ |0..10|11 []) + 4·(x_6 ∈ |0..10|11 []) + 34·(x_7 ∈ |0..10|11 []) + 45·(x_8 ∈ |0..10|11 []) + 47·(x_9 ∈ |0..10|11 []) + 42·(x_10 ∈ |0..10|11 []) + 4·(x_11 ∈ |0..10|11 []) + 38·(x_12 ∈ |0..10|11 []) = 2020
	CSE: ""

CMD timeout 180 minizinc -c --solver ./bin/fzn_picat/picat.msc ./experiments/mbssp-control/aux/1930.picat.mzn --fzn ./experiments/mbssp-control/aux/1930.picat.fzn
Flattening done @0.5409249s
CMD timeout 179 ./bin/fzn_picat/Picat/picat ./bin/fzn_picat/fzn_picat_sat.pi -e ./experiments/mbssp-control/aux/1930.picat.dimacs ./experiments/mbssp-control/aux/1930.picat.fzn
Picat encoding done @0.681753s
Encoded Picat-SAT in 0.68876755 seconds as 1580/12695/57140

SOLVE T/O Some(60.0)
SOLVE DONE @0.7102116
SOLVE CALL RESULT: Got SAT in 0.7102116s with check None: 
BATCH.SH END 0
