BATCH.SH START ./experiments/mbssp-control/runs:1940 (ulimit --clean)
Start EncodeRecord { instance: Some(Instance { problem: Mbssp { b: 10, n: 8, m: 12, q: 50, instances: 100 }, i: 94, lp: "./experiments/mbssp-control/lps/2/094.lp" }), experiment: Some(Experiment { system: MiniZinc, pb_encoding: Gt, int_encoding: Dir, con_encoding: Include, split_eq: false, model_config: ModelConfig { scm: Add, cutoff: Order, decomposer: Gt, equalize_ternaries: true, add_consistency: false, propagate: None, equalize_uniform_bin_ineqs: false } }), statics: None, pb_statics: None, principal: None, time: None, dimacs: None }
model = 
	c_1:	30·(x_1 ∈ |0..10|11 []) + 2·(x_2 ∈ |0..10|11 []) + 48·(x_3 ∈ |0..10|11 []) + 35·(x_4 ∈ |0..10|11 []) + 25·(x_5 ∈ |0..10|11 []) + 42·(x_6 ∈ |0..10|11 []) + 9·(x_7 ∈ |0..10|11 []) + 45·(x_8 ∈ |0..10|11 []) + 33·(x_9 ∈ |0..10|11 []) + 46·(x_10 ∈ |0..10|11 []) + 17·(x_11 ∈ |0..10|11 []) + 41·(x_12 ∈ |0..10|11 []) = 2933
	c_2:	34·(x_1 ∈ |0..10|11 []) + 20·(x_2 ∈ |0..10|11 []) + 7·(x_3 ∈ |0..10|11 []) + 26·(x_4 ∈ |0..10|11 []) + 7·(x_5 ∈ |0..10|11 []) + 14·(x_6 ∈ |0..10|11 []) + 8·(x_7 ∈ |0..10|11 []) + 6·(x_8 ∈ |0..10|11 []) + 16·(x_9 ∈ |0..10|11 []) + 31·(x_10 ∈ |0..10|11 []) + 50·(x_11 ∈ |0..10|11 []) + 47·(x_12 ∈ |0..10|11 []) = 1674
	c_3:	2·(x_1 ∈ |0..10|11 []) + 23·(x_2 ∈ |0..10|11 []) + 39·(x_3 ∈ |0..10|11 []) + 4·(x_4 ∈ |0..10|11 []) + 24·(x_5 ∈ |0..10|11 []) + 16·(x_6 ∈ |0..10|11 []) + 19·(x_7 ∈ |0..10|11 []) + 32·(x_8 ∈ |0..10|11 []) + 36·(x_9 ∈ |0..10|11 []) + 49·(x_10 ∈ |0..10|11 []) + 12·(x_11 ∈ |0..10|11 []) + 37·(x_12 ∈ |0..10|11 []) = 2112
	c_4:	30·(x_1 ∈ |0..10|11 []) + 46·(x_2 ∈ |0..10|11 []) + 35·(x_3 ∈ |0..10|11 []) + 11·(x_4 ∈ |0..10|11 []) + 39·(x_5 ∈ |0..10|11 []) + 48·(x_6 ∈ |0..10|11 []) + 31·(x_7 ∈ |0..10|11 []) + 23·(x_8 ∈ |0..10|11 []) + 50·(x_9 ∈ |0..10|11 []) + 40·(x_10 ∈ |0..10|11 []) + 45·(x_11 ∈ |0..10|11 []) + 6·(x_12 ∈ |0..10|11 []) = 2411
	c_5:	25·(x_1 ∈ |0..10|11 []) + 5·(x_2 ∈ |0..10|11 []) + 16·(x_3 ∈ |0..10|11 []) + 44·(x_4 ∈ |0..10|11 []) + 5·(x_5 ∈ |0..10|11 []) + 4·(x_6 ∈ |0..10|11 []) + 29·(x_7 ∈ |0..10|11 []) + 32·(x_8 ∈ |0..10|11 []) + 39·(x_9 ∈ |0..10|11 []) + 50·(x_10 ∈ |0..10|11 []) + 18·(x_11 ∈ |0..10|11 []) + 4·(x_12 ∈ |0..10|11 []) = 1859
	c_6:	4·(x_1 ∈ |0..10|11 []) + 33·(x_2 ∈ |0..10|11 []) + 2·(x_3 ∈ |0..10|11 []) + 38·(x_4 ∈ |0..10|11 []) + 15·(x_5 ∈ |0..10|11 []) + 2·(x_6 ∈ |0..10|11 []) + 47·(x_7 ∈ |0..10|11 []) + 33·(x_8 ∈ |0..10|11 []) + 10·(x_9 ∈ |0..10|11 []) + 10·(x_10 ∈ |0..10|11 []) + (x_11 ∈ |0..10|11 []) + 3·(x_12 ∈ |0..10|11 []) = 947
	c_7:	5·(x_1 ∈ |0..10|11 []) + 6·(x_2 ∈ |0..10|11 []) + 4·(x_3 ∈ |0..10|11 []) + 8·(x_4 ∈ |0..10|11 []) + 49·(x_5 ∈ |0..10|11 []) + 9·(x_6 ∈ |0..10|11 []) + 26·(x_7 ∈ |0..10|11 []) + 35·(x_8 ∈ |0..10|11 []) + 24·(x_9 ∈ |0..10|11 []) + 42·(x_10 ∈ |0..10|11 []) + 45·(x_11 ∈ |0..10|11 []) + 32·(x_12 ∈ |0..10|11 []) = 1804
	c_8:	9·(x_1 ∈ |0..10|11 []) + 5·(x_2 ∈ |0..10|11 []) + 16·(x_3 ∈ |0..10|11 []) + 27·(x_4 ∈ |0..10|11 []) + 46·(x_5 ∈ |0..10|11 []) + 18·(x_6 ∈ |0..10|11 []) + 37·(x_7 ∈ |0..10|11 []) + (x_8 ∈ |0..10|11 []) + 9·(x_9 ∈ |0..10|11 []) + 6·(x_10 ∈ |0..10|11 []) + 33·(x_11 ∈ |0..10|11 []) + 47·(x_12 ∈ |0..10|11 []) = 1486
	CSE: ""

CMD timeout 180 minizinc -c --solver ./bin/fzn_picat/picat.msc ./experiments/mbssp-control/aux/1940.picat.mzn --fzn ./experiments/mbssp-control/aux/1940.picat.fzn
Flattening done @0.417735s
CMD timeout 180 ./bin/fzn_picat/Picat/picat ./bin/fzn_picat/fzn_picat_sat.pi -e ./experiments/mbssp-control/aux/1940.picat.dimacs ./experiments/mbssp-control/aux/1940.picat.fzn
Picat encoding done @0.55283s
Encoded Picat-SAT in 0.55855507 seconds as 1537/12017/52900

SOLVE T/O Some(60.0)
SOLVE DONE @1.8469536
SOLVE CALL RESULT: Got SAT in 1.8469536s with check None: 
BATCH.SH END 0
