BATCH.SH START ./experiments/mbssp-control/runs:1950 (ulimit --clean)
Start EncodeRecord { instance: Some(Instance { problem: Mbssp { b: 10, n: 8, m: 12, q: 50, instances: 100 }, i: 95, lp: "./experiments/mbssp-control/lps/2/095.lp" }), experiment: Some(Experiment { system: MiniZinc, pb_encoding: Gt, int_encoding: Dir, con_encoding: Include, split_eq: false, model_config: ModelConfig { scm: Add, cutoff: Order, decomposer: Gt, equalize_ternaries: true, add_consistency: false, propagate: None, equalize_uniform_bin_ineqs: false } }), statics: None, pb_statics: None, principal: None, time: None, dimacs: None }
model = 
	c_1:	38·(x_1 ∈ |0..10|11 []) + 2·(x_2 ∈ |0..10|11 []) + 31·(x_3 ∈ |0..10|11 []) + 40·(x_4 ∈ |0..10|11 []) + 14·(x_5 ∈ |0..10|11 []) + 35·(x_6 ∈ |0..10|11 []) + 16·(x_7 ∈ |0..10|11 []) + 45·(x_8 ∈ |0..10|11 []) + 20·(x_9 ∈ |0..10|11 []) + 35·(x_10 ∈ |0..10|11 []) + 30·(x_11 ∈ |0..10|11 []) + 3·(x_12 ∈ |0..10|11 []) = 2041
	c_2:	10·(x_1 ∈ |0..10|11 []) + 6·(x_2 ∈ |0..10|11 []) + 32·(x_3 ∈ |0..10|11 []) + 36·(x_4 ∈ |0..10|11 []) + 40·(x_5 ∈ |0..10|11 []) + 7·(x_6 ∈ |0..10|11 []) + 3·(x_7 ∈ |0..10|11 []) + 50·(x_8 ∈ |0..10|11 []) + 30·(x_9 ∈ |0..10|11 []) + 22·(x_10 ∈ |0..10|11 []) + 29·(x_11 ∈ |0..10|11 []) + 29·(x_12 ∈ |0..10|11 []) = 1596
	c_3:	28·(x_1 ∈ |0..10|11 []) + 19·(x_2 ∈ |0..10|11 []) + 20·(x_3 ∈ |0..10|11 []) + 21·(x_4 ∈ |0..10|11 []) + 5·(x_5 ∈ |0..10|11 []) + 36·(x_6 ∈ |0..10|11 []) + 2·(x_7 ∈ |0..10|11 []) + 13·(x_8 ∈ |0..10|11 []) + 25·(x_9 ∈ |0..10|11 []) + 42·(x_10 ∈ |0..10|11 []) + 33·(x_11 ∈ |0..10|11 []) + 45·(x_12 ∈ |0..10|11 []) = 1489
	c_4:	9·(x_1 ∈ |0..10|11 []) + 18·(x_2 ∈ |0..10|11 []) + 42·(x_3 ∈ |0..10|11 []) + 26·(x_4 ∈ |0..10|11 []) + 26·(x_5 ∈ |0..10|11 []) + 4·(x_6 ∈ |0..10|11 []) + 31·(x_7 ∈ |0..10|11 []) + 13·(x_8 ∈ |0..10|11 []) + 19·(x_9 ∈ |0..10|11 []) + 39·(x_10 ∈ |0..10|11 []) + 40·(x_11 ∈ |0..10|11 []) + 18·(x_12 ∈ |0..10|11 []) = 1411
	c_5:	36·(x_1 ∈ |0..10|11 []) + 4·(x_2 ∈ |0..10|11 []) + 10·(x_3 ∈ |0..10|11 []) + 19·(x_4 ∈ |0..10|11 []) + 42·(x_5 ∈ |0..10|11 []) + 39·(x_6 ∈ |0..10|11 []) + 18·(x_7 ∈ |0..10|11 []) + 17·(x_8 ∈ |0..10|11 []) + 2·(x_9 ∈ |0..10|11 []) + 16·(x_10 ∈ |0..10|11 []) + 46·(x_11 ∈ |0..10|11 []) + 18·(x_12 ∈ |0..10|11 []) = 1460
	c_6:	22·(x_1 ∈ |0..10|11 []) + 39·(x_2 ∈ |0..10|11 []) + 2·(x_3 ∈ |0..10|11 []) + 39·(x_4 ∈ |0..10|11 []) + 39·(x_5 ∈ |0..10|11 []) + 41·(x_6 ∈ |0..10|11 []) + 25·(x_7 ∈ |0..10|11 []) + 20·(x_8 ∈ |0..10|11 []) + 3·(x_9 ∈ |0..10|11 []) + 3·(x_10 ∈ |0..10|11 []) + 43·(x_11 ∈ |0..10|11 []) + 37·(x_12 ∈ |0..10|11 []) = 1411
	c_7:	31·(x_1 ∈ |0..10|11 []) + 26·(x_2 ∈ |0..10|11 []) + 17·(x_3 ∈ |0..10|11 []) + 11·(x_4 ∈ |0..10|11 []) + 31·(x_5 ∈ |0..10|11 []) + 8·(x_6 ∈ |0..10|11 []) + 43·(x_7 ∈ |0..10|11 []) + 10·(x_8 ∈ |0..10|11 []) + 35·(x_9 ∈ |0..10|11 []) + 45·(x_10 ∈ |0..10|11 []) + 28·(x_11 ∈ |0..10|11 []) + 37·(x_12 ∈ |0..10|11 []) = 1398
	c_8:	14·(x_1 ∈ |0..10|11 []) + 38·(x_2 ∈ |0..10|11 []) + 49·(x_3 ∈ |0..10|11 []) + 21·(x_4 ∈ |0..10|11 []) + 30·(x_5 ∈ |0..10|11 []) + 12·(x_6 ∈ |0..10|11 []) + 3·(x_7 ∈ |0..10|11 []) + 12·(x_8 ∈ |0..10|11 []) + 13·(x_9 ∈ |0..10|11 []) + 12·(x_10 ∈ |0..10|11 []) + 6·(x_11 ∈ |0..10|11 []) + 21·(x_12 ∈ |0..10|11 []) = 1007
	CSE: ""

CMD timeout 180 minizinc -c --solver ./bin/fzn_picat/picat.msc ./experiments/mbssp-control/aux/1950.picat.mzn --fzn ./experiments/mbssp-control/aux/1950.picat.fzn
Flattening done @0.5145982s
CMD timeout 179 ./bin/fzn_picat/Picat/picat ./bin/fzn_picat/fzn_picat_sat.pi -e ./experiments/mbssp-control/aux/1950.picat.dimacs ./experiments/mbssp-control/aux/1950.picat.fzn
Picat encoding done @0.6519932s
Encoded Picat-SAT in 0.6583454 seconds as 1541/13187/60218

SOLVE T/O Some(60.0)
SOLVE DONE @0.4829702
SOLVE CALL RESULT: Got SAT in 0.4829702s with check None: 
BATCH.SH END 0
