BATCH.SH START ./experiments/mbssp-control/runs:1970 (ulimit --clean)
Start EncodeRecord { instance: Some(Instance { problem: Mbssp { b: 10, n: 8, m: 12, q: 50, instances: 100 }, i: 97, lp: "./experiments/mbssp-control/lps/2/097.lp" }), experiment: Some(Experiment { system: MiniZinc, pb_encoding: Gt, int_encoding: Dir, con_encoding: Include, split_eq: false, model_config: ModelConfig { scm: Add, cutoff: Order, decomposer: Gt, equalize_ternaries: true, add_consistency: false, propagate: None, equalize_uniform_bin_ineqs: false } }), statics: None, pb_statics: None, principal: None, time: None, dimacs: None }
model = 
	c_1:	31·(x_1 ∈ |0..10|11 []) + 8·(x_2 ∈ |0..10|11 []) + 40·(x_3 ∈ |0..10|11 []) + 36·(x_4 ∈ |0..10|11 []) + 11·(x_5 ∈ |0..10|11 []) + 26·(x_6 ∈ |0..10|11 []) + 34·(x_7 ∈ |0..10|11 []) + 5·(x_8 ∈ |0..10|11 []) + 23·(x_9 ∈ |0..10|11 []) + 25·(x_10 ∈ |0..10|11 []) + 39·(x_11 ∈ |0..10|11 []) + 9·(x_12 ∈ |0..10|11 []) = 1699
	c_2:	30·(x_1 ∈ |0..10|11 []) + 39·(x_2 ∈ |0..10|11 []) + 50·(x_3 ∈ |0..10|11 []) + 35·(x_4 ∈ |0..10|11 []) + 12·(x_5 ∈ |0..10|11 []) + 22·(x_6 ∈ |0..10|11 []) + 33·(x_7 ∈ |0..10|11 []) + 40·(x_8 ∈ |0..10|11 []) + 17·(x_9 ∈ |0..10|11 []) + 33·(x_10 ∈ |0..10|11 []) + 25·(x_11 ∈ |0..10|11 []) + 18·(x_12 ∈ |0..10|11 []) = 1720
	c_3:	29·(x_1 ∈ |0..10|11 []) + 45·(x_2 ∈ |0..10|11 []) + 40·(x_3 ∈ |0..10|11 []) + 16·(x_4 ∈ |0..10|11 []) + 3·(x_5 ∈ |0..10|11 []) + 17·(x_6 ∈ |0..10|11 []) + 30·(x_7 ∈ |0..10|11 []) + 26·(x_8 ∈ |0..10|11 []) + 17·(x_9 ∈ |0..10|11 []) + 2·(x_10 ∈ |0..10|11 []) + 43·(x_11 ∈ |0..10|11 []) + 31·(x_12 ∈ |0..10|11 []) = 1431
	c_4:	4·(x_1 ∈ |0..10|11 []) + 18·(x_2 ∈ |0..10|11 []) + 10·(x_3 ∈ |0..10|11 []) + 23·(x_4 ∈ |0..10|11 []) + 21·(x_5 ∈ |0..10|11 []) + 18·(x_6 ∈ |0..10|11 []) + 4·(x_7 ∈ |0..10|11 []) + 38·(x_8 ∈ |0..10|11 []) + 6·(x_9 ∈ |0..10|11 []) + 12·(x_10 ∈ |0..10|11 []) + 9·(x_11 ∈ |0..10|11 []) + 22·(x_12 ∈ |0..10|11 []) = 659
	c_5:	43·(x_1 ∈ |0..10|11 []) + 45·(x_2 ∈ |0..10|11 []) + 45·(x_3 ∈ |0..10|11 []) + 50·(x_4 ∈ |0..10|11 []) + 36·(x_5 ∈ |0..10|11 []) + 12·(x_6 ∈ |0..10|11 []) + 49·(x_7 ∈ |0..10|11 []) + 23·(x_8 ∈ |0..10|11 []) + 3·(x_9 ∈ |0..10|11 []) + 41·(x_10 ∈ |0..10|11 []) + 31·(x_11 ∈ |0..10|11 []) + 19·(x_12 ∈ |0..10|11 []) = 1995
	c_6:	21·(x_1 ∈ |0..10|11 []) + 14·(x_2 ∈ |0..10|11 []) + 49·(x_3 ∈ |0..10|11 []) + 50·(x_4 ∈ |0..10|11 []) + 47·(x_5 ∈ |0..10|11 []) + 24·(x_6 ∈ |0..10|11 []) + 17·(x_7 ∈ |0..10|11 []) + 29·(x_8 ∈ |0..10|11 []) + 20·(x_9 ∈ |0..10|11 []) + 22·(x_10 ∈ |0..10|11 []) + 32·(x_11 ∈ |0..10|11 []) + 35·(x_12 ∈ |0..10|11 []) = 1725
	c_7:	37·(x_1 ∈ |0..10|11 []) + 38·(x_2 ∈ |0..10|11 []) + 25·(x_3 ∈ |0..10|11 []) + 4·(x_4 ∈ |0..10|11 []) + 3·(x_5 ∈ |0..10|11 []) + 6·(x_6 ∈ |0..10|11 []) + 20·(x_7 ∈ |0..10|11 []) + 31·(x_8 ∈ |0..10|11 []) + 22·(x_9 ∈ |0..10|11 []) + 8·(x_10 ∈ |0..10|11 []) + 22·(x_11 ∈ |0..10|11 []) + 42·(x_12 ∈ |0..10|11 []) = 1041
	c_8:	2·(x_1 ∈ |0..10|11 []) + 10·(x_2 ∈ |0..10|11 []) + 15·(x_3 ∈ |0..10|11 []) + 18·(x_4 ∈ |0..10|11 []) + 23·(x_5 ∈ |0..10|11 []) + 48·(x_6 ∈ |0..10|11 []) + 29·(x_7 ∈ |0..10|11 []) + 39·(x_8 ∈ |0..10|11 []) + 14·(x_9 ∈ |0..10|11 []) + 32·(x_10 ∈ |0..10|11 []) + (x_11 ∈ |0..10|11 []) + 49·(x_12 ∈ |0..10|11 []) = 1069
	CSE: ""

CMD timeout 180 minizinc -c --solver ./bin/fzn_picat/picat.msc ./experiments/mbssp-control/aux/1970.picat.mzn --fzn ./experiments/mbssp-control/aux/1970.picat.fzn
Flattening done @0.5282074s
CMD timeout 179 ./bin/fzn_picat/Picat/picat ./bin/fzn_picat/fzn_picat_sat.pi -e ./experiments/mbssp-control/aux/1970.picat.dimacs ./experiments/mbssp-control/aux/1970.picat.fzn
Picat encoding done @0.6628419s
Encoded Picat-SAT in 0.6689975 seconds as 1625/13058/58309

SOLVE T/O Some(60.0)
SOLVE DONE @2.5631142
SOLVE CALL RESULT: Got SAT in 2.5631142s with check None: 
BATCH.SH END 0
