BATCH.SH START ./experiments/mbssp-control/runs:2020 (ulimit --clean)
Start EncodeRecord { instance: Some(Instance { problem: Mbssp { b: 10, n: 8, m: 12, q: 250, instances: 100 }, i: 2, lp: "./experiments/mbssp-control/lps/3/002.lp" }), experiment: Some(Experiment { system: MiniZinc, pb_encoding: Gt, int_encoding: Dir, con_encoding: Include, split_eq: false, model_config: ModelConfig { scm: Add, cutoff: Order, decomposer: Gt, equalize_ternaries: true, add_consistency: false, propagate: None, equalize_uniform_bin_ineqs: false } }), statics: None, pb_statics: None, principal: None, time: None, dimacs: None }
model = 
	c_1:	75·(x_1 ∈ |0..10|11 []) + 5·(x_2 ∈ |0..10|11 []) + 116·(x_3 ∈ |0..10|11 []) + 124·(x_4 ∈ |0..10|11 []) + 49·(x_5 ∈ |0..10|11 []) + 68·(x_6 ∈ |0..10|11 []) + 247·(x_7 ∈ |0..10|11 []) + 199·(x_8 ∈ |0..10|11 []) + 60·(x_9 ∈ |0..10|11 []) + 71·(x_10 ∈ |0..10|11 []) + 161·(x_11 ∈ |0..10|11 []) + 56·(x_12 ∈ |0..10|11 []) = 7293
	c_2:	146·(x_1 ∈ |0..10|11 []) + 219·(x_2 ∈ |0..10|11 []) + 108·(x_3 ∈ |0..10|11 []) + 195·(x_4 ∈ |0..10|11 []) + 116·(x_5 ∈ |0..10|11 []) + 183·(x_6 ∈ |0..10|11 []) + 242·(x_7 ∈ |0..10|11 []) + 39·(x_8 ∈ |0..10|11 []) + 50·(x_9 ∈ |0..10|11 []) + 126·(x_10 ∈ |0..10|11 []) + 237·(x_11 ∈ |0..10|11 []) + 113·(x_12 ∈ |0..10|11 []) = 7646
	c_3:	250·(x_1 ∈ |0..10|11 []) + 155·(x_2 ∈ |0..10|11 []) + 2·(x_3 ∈ |0..10|11 []) + 84·(x_4 ∈ |0..10|11 []) + 161·(x_5 ∈ |0..10|11 []) + 14·(x_6 ∈ |0..10|11 []) + 202·(x_7 ∈ |0..10|11 []) + 107·(x_8 ∈ |0..10|11 []) + 138·(x_9 ∈ |0..10|11 []) + 177·(x_10 ∈ |0..10|11 []) + 208·(x_11 ∈ |0..10|11 []) + 182·(x_12 ∈ |0..10|11 []) = 7033
	c_4:	116·(x_1 ∈ |0..10|11 []) + 232·(x_2 ∈ |0..10|11 []) + 168·(x_3 ∈ |0..10|11 []) + 87·(x_4 ∈ |0..10|11 []) + 78·(x_5 ∈ |0..10|11 []) + 8·(x_6 ∈ |0..10|11 []) + 74·(x_7 ∈ |0..10|11 []) + 214·(x_8 ∈ |0..10|11 []) + 215·(x_9 ∈ |0..10|11 []) + 105·(x_10 ∈ |0..10|11 []) + 33·(x_11 ∈ |0..10|11 []) + 239·(x_12 ∈ |0..10|11 []) = 5701
	c_5:	29·(x_1 ∈ |0..10|11 []) + 159·(x_2 ∈ |0..10|11 []) + 216·(x_3 ∈ |0..10|11 []) + 33·(x_4 ∈ |0..10|11 []) + 178·(x_5 ∈ |0..10|11 []) + 241·(x_6 ∈ |0..10|11 []) + 169·(x_7 ∈ |0..10|11 []) + 232·(x_8 ∈ |0..10|11 []) + 18·(x_9 ∈ |0..10|11 []) + 218·(x_10 ∈ |0..10|11 []) + 35·(x_11 ∈ |0..10|11 []) + 113·(x_12 ∈ |0..10|11 []) = 6877
	c_6:	179·(x_1 ∈ |0..10|11 []) + 65·(x_2 ∈ |0..10|11 []) + 246·(x_3 ∈ |0..10|11 []) + 156·(x_4 ∈ |0..10|11 []) + 86·(x_5 ∈ |0..10|11 []) + 209·(x_6 ∈ |0..10|11 []) + 110·(x_7 ∈ |0..10|11 []) + 188·(x_8 ∈ |0..10|11 []) + 230·(x_9 ∈ |0..10|11 []) + 101·(x_10 ∈ |0..10|11 []) + 192·(x_11 ∈ |0..10|11 []) + 176·(x_12 ∈ |0..10|11 []) = 8200
	c_7:	91·(x_1 ∈ |0..10|11 []) + 31·(x_2 ∈ |0..10|11 []) + 146·(x_3 ∈ |0..10|11 []) + 208·(x_4 ∈ |0..10|11 []) + 233·(x_5 ∈ |0..10|11 []) + 177·(x_6 ∈ |0..10|11 []) + 143·(x_7 ∈ |0..10|11 []) + 211·(x_8 ∈ |0..10|11 []) + 5·(x_9 ∈ |0..10|11 []) + 161·(x_10 ∈ |0..10|11 []) + 12·(x_11 ∈ |0..10|11 []) + 166·(x_12 ∈ |0..10|11 []) = 6890
	c_8:	136·(x_1 ∈ |0..10|11 []) + 248·(x_2 ∈ |0..10|11 []) + 185·(x_3 ∈ |0..10|11 []) + 206·(x_4 ∈ |0..10|11 []) + 71·(x_5 ∈ |0..10|11 []) + 103·(x_6 ∈ |0..10|11 []) + 148·(x_7 ∈ |0..10|11 []) + 104·(x_8 ∈ |0..10|11 []) + 21·(x_9 ∈ |0..10|11 []) + 148·(x_10 ∈ |0..10|11 []) + 44·(x_11 ∈ |0..10|11 []) + 238·(x_12 ∈ |0..10|11 []) = 6293
	CSE: ""

CMD timeout 180 minizinc -c --solver ./bin/fzn_picat/picat.msc ./experiments/mbssp-control/aux/2020.picat.mzn --fzn ./experiments/mbssp-control/aux/2020.picat.fzn
Flattening done @0.63508976s
CMD timeout 179 ./bin/fzn_picat/Picat/picat ./bin/fzn_picat/fzn_picat_sat.pi -e ./experiments/mbssp-control/aux/2020.picat.dimacs ./experiments/mbssp-control/aux/2020.picat.fzn
Picat encoding done @0.7744729s
Encoded Picat-SAT in 0.7830407 seconds as 2211/19794/91252

SOLVE T/O Some(60.0)
SOLVE DONE @1.5538571
SOLVE CALL RESULT: Got SAT in 1.5538571s with check None: 
BATCH.SH END 0
