BATCH.SH START ./experiments/mbssp-control/runs:2100 (ulimit --clean)
Start EncodeRecord { instance: Some(Instance { problem: Mbssp { b: 10, n: 8, m: 12, q: 250, instances: 100 }, i: 10, lp: "./experiments/mbssp-control/lps/3/010.lp" }), experiment: Some(Experiment { system: MiniZinc, pb_encoding: Gt, int_encoding: Dir, con_encoding: Include, split_eq: false, model_config: ModelConfig { scm: Add, cutoff: Order, decomposer: Gt, equalize_ternaries: true, add_consistency: false, propagate: None, equalize_uniform_bin_ineqs: false } }), statics: None, pb_statics: None, principal: None, time: None, dimacs: None }
model = 
	c_1:	33·(x_1 ∈ |0..10|11 []) + 46·(x_2 ∈ |0..10|11 []) + 90·(x_3 ∈ |0..10|11 []) + 28·(x_4 ∈ |0..10|11 []) + 122·(x_5 ∈ |0..10|11 []) + 135·(x_6 ∈ |0..10|11 []) + 31·(x_7 ∈ |0..10|11 []) + 248·(x_8 ∈ |0..10|11 []) + 176·(x_9 ∈ |0..10|11 []) + 23·(x_10 ∈ |0..10|11 []) + 88·(x_11 ∈ |0..10|11 []) + 2·(x_12 ∈ |0..10|11 []) = 5715
	c_2:	44·(x_1 ∈ |0..10|11 []) + 214·(x_2 ∈ |0..10|11 []) + 233·(x_3 ∈ |0..10|11 []) + 246·(x_4 ∈ |0..10|11 []) + 92·(x_5 ∈ |0..10|11 []) + 70·(x_6 ∈ |0..10|11 []) + 2·(x_7 ∈ |0..10|11 []) + 194·(x_8 ∈ |0..10|11 []) + 178·(x_9 ∈ |0..10|11 []) + 97·(x_10 ∈ |0..10|11 []) + 158·(x_11 ∈ |0..10|11 []) + 117·(x_12 ∈ |0..10|11 []) = 5889
	c_3:	115·(x_1 ∈ |0..10|11 []) + 32·(x_2 ∈ |0..10|11 []) + 35·(x_3 ∈ |0..10|11 []) + 91·(x_4 ∈ |0..10|11 []) + 60·(x_5 ∈ |0..10|11 []) + 179·(x_6 ∈ |0..10|11 []) + 74·(x_7 ∈ |0..10|11 []) + 181·(x_8 ∈ |0..10|11 []) + 122·(x_9 ∈ |0..10|11 []) + 80·(x_10 ∈ |0..10|11 []) + 68·(x_11 ∈ |0..10|11 []) + 218·(x_12 ∈ |0..10|11 []) = 4512
	c_4:	172·(x_1 ∈ |0..10|11 []) + 247·(x_2 ∈ |0..10|11 []) + 166·(x_3 ∈ |0..10|11 []) + 153·(x_4 ∈ |0..10|11 []) + 211·(x_5 ∈ |0..10|11 []) + 211·(x_6 ∈ |0..10|11 []) + 140·(x_7 ∈ |0..10|11 []) + 63·(x_8 ∈ |0..10|11 []) + 25·(x_9 ∈ |0..10|11 []) + 188·(x_10 ∈ |0..10|11 []) + 170·(x_11 ∈ |0..10|11 []) + 15·(x_12 ∈ |0..10|11 []) = 4882
	c_5:	69·(x_1 ∈ |0..10|11 []) + 29·(x_2 ∈ |0..10|11 []) + 81·(x_3 ∈ |0..10|11 []) + 25·(x_4 ∈ |0..10|11 []) + 133·(x_5 ∈ |0..10|11 []) + 120·(x_6 ∈ |0..10|11 []) + 95·(x_7 ∈ |0..10|11 []) + 2·(x_8 ∈ |0..10|11 []) + 189·(x_9 ∈ |0..10|11 []) + 68·(x_10 ∈ |0..10|11 []) + 56·(x_11 ∈ |0..10|11 []) + 83·(x_12 ∈ |0..10|11 []) = 3266
	c_6:	244·(x_1 ∈ |0..10|11 []) + 37·(x_2 ∈ |0..10|11 []) + 136·(x_3 ∈ |0..10|11 []) + 229·(x_4 ∈ |0..10|11 []) + 144·(x_5 ∈ |0..10|11 []) + 233·(x_6 ∈ |0..10|11 []) + 6·(x_7 ∈ |0..10|11 []) + 30·(x_8 ∈ |0..10|11 []) + 164·(x_9 ∈ |0..10|11 []) + 180·(x_10 ∈ |0..10|11 []) + 6·(x_11 ∈ |0..10|11 []) + 238·(x_12 ∈ |0..10|11 []) = 4312
	c_7:	179·(x_1 ∈ |0..10|11 []) + 174·(x_2 ∈ |0..10|11 []) + 183·(x_3 ∈ |0..10|11 []) + 73·(x_4 ∈ |0..10|11 []) + 86·(x_5 ∈ |0..10|11 []) + 36·(x_6 ∈ |0..10|11 []) + 126·(x_7 ∈ |0..10|11 []) + 64·(x_8 ∈ |0..10|11 []) + 4·(x_9 ∈ |0..10|11 []) + 224·(x_10 ∈ |0..10|11 []) + 13·(x_11 ∈ |0..10|11 []) + 187·(x_12 ∈ |0..10|11 []) = 2592
	c_8:	162·(x_1 ∈ |0..10|11 []) + 238·(x_2 ∈ |0..10|11 []) + 56·(x_3 ∈ |0..10|11 []) + 130·(x_4 ∈ |0..10|11 []) + 46·(x_5 ∈ |0..10|11 []) + 22·(x_6 ∈ |0..10|11 []) + 179·(x_7 ∈ |0..10|11 []) + 129·(x_8 ∈ |0..10|11 []) + 39·(x_9 ∈ |0..10|11 []) + 129·(x_10 ∈ |0..10|11 []) + 64·(x_11 ∈ |0..10|11 []) + 7·(x_12 ∈ |0..10|11 []) = 3210
	CSE: ""

CMD timeout 180 minizinc -c --solver ./bin/fzn_picat/picat.msc ./experiments/mbssp-control/aux/2100.picat.mzn --fzn ./experiments/mbssp-control/aux/2100.picat.fzn
Flattening done @0.5153562s
CMD timeout 179 ./bin/fzn_picat/Picat/picat ./bin/fzn_picat/fzn_picat_sat.pi -e ./experiments/mbssp-control/aux/2100.picat.dimacs ./experiments/mbssp-control/aux/2100.picat.fzn
Picat encoding done @0.6671988s
Encoded Picat-SAT in 0.67452943 seconds as 2059/18015/82461

SOLVE T/O Some(60.0)
SOLVE DONE @0.5540891
SOLVE CALL RESULT: Got SAT in 0.5540891s with check None: 
BATCH.SH END 0
