BATCH.SH START ./experiments/mbssp-control/runs:2130 (ulimit --clean)
Start EncodeRecord { instance: Some(Instance { problem: Mbssp { b: 10, n: 8, m: 12, q: 250, instances: 100 }, i: 13, lp: "./experiments/mbssp-control/lps/3/013.lp" }), experiment: Some(Experiment { system: MiniZinc, pb_encoding: Gt, int_encoding: Dir, con_encoding: Include, split_eq: false, model_config: ModelConfig { scm: Add, cutoff: Order, decomposer: Gt, equalize_ternaries: true, add_consistency: false, propagate: None, equalize_uniform_bin_ineqs: false } }), statics: None, pb_statics: None, principal: None, time: None, dimacs: None }
model = 
	c_1:	135·(x_1 ∈ |0..10|11 []) + 68·(x_2 ∈ |0..10|11 []) + 158·(x_3 ∈ |0..10|11 []) + 137·(x_4 ∈ |0..10|11 []) + 132·(x_5 ∈ |0..10|11 []) + 90·(x_6 ∈ |0..10|11 []) + 250·(x_7 ∈ |0..10|11 []) + 170·(x_8 ∈ |0..10|11 []) + 198·(x_9 ∈ |0..10|11 []) + 95·(x_10 ∈ |0..10|11 []) + 58·(x_11 ∈ |0..10|11 []) + 167·(x_12 ∈ |0..10|11 []) = 10450
	c_2:	158·(x_1 ∈ |0..10|11 []) + 141·(x_2 ∈ |0..10|11 []) + 88·(x_3 ∈ |0..10|11 []) + 12·(x_4 ∈ |0..10|11 []) + 77·(x_5 ∈ |0..10|11 []) + 118·(x_6 ∈ |0..10|11 []) + 49·(x_7 ∈ |0..10|11 []) + 113·(x_8 ∈ |0..10|11 []) + 250·(x_9 ∈ |0..10|11 []) + 215·(x_10 ∈ |0..10|11 []) + 28·(x_11 ∈ |0..10|11 []) + 12·(x_12 ∈ |0..10|11 []) = 6692
	c_3:	197·(x_1 ∈ |0..10|11 []) + 172·(x_2 ∈ |0..10|11 []) + 150·(x_3 ∈ |0..10|11 []) + 214·(x_4 ∈ |0..10|11 []) + 191·(x_5 ∈ |0..10|11 []) + 83·(x_6 ∈ |0..10|11 []) + 140·(x_7 ∈ |0..10|11 []) + 163·(x_8 ∈ |0..10|11 []) + 15·(x_9 ∈ |0..10|11 []) + 168·(x_10 ∈ |0..10|11 []) + 77·(x_11 ∈ |0..10|11 []) + 158·(x_12 ∈ |0..10|11 []) = 9310
	c_4:	152·(x_1 ∈ |0..10|11 []) + 103·(x_2 ∈ |0..10|11 []) + 139·(x_3 ∈ |0..10|11 []) + 24·(x_4 ∈ |0..10|11 []) + 2·(x_5 ∈ |0..10|11 []) + 63·(x_6 ∈ |0..10|11 []) + 83·(x_7 ∈ |0..10|11 []) + 135·(x_8 ∈ |0..10|11 []) + 96·(x_9 ∈ |0..10|11 []) + 52·(x_10 ∈ |0..10|11 []) + 36·(x_11 ∈ |0..10|11 []) + 185·(x_12 ∈ |0..10|11 []) = 6261
	c_5:	144·(x_1 ∈ |0..10|11 []) + 137·(x_2 ∈ |0..10|11 []) + 76·(x_3 ∈ |0..10|11 []) + 80·(x_4 ∈ |0..10|11 []) + 89·(x_5 ∈ |0..10|11 []) + 235·(x_6 ∈ |0..10|11 []) + 13·(x_7 ∈ |0..10|11 []) + 146·(x_8 ∈ |0..10|11 []) + 176·(x_9 ∈ |0..10|11 []) + 157·(x_10 ∈ |0..10|11 []) + 27·(x_11 ∈ |0..10|11 []) + 96·(x_12 ∈ |0..10|11 []) = 6994
	c_6:	91·(x_1 ∈ |0..10|11 []) + 185·(x_2 ∈ |0..10|11 []) + 90·(x_3 ∈ |0..10|11 []) + 213·(x_4 ∈ |0..10|11 []) + 201·(x_5 ∈ |0..10|11 []) + 243·(x_6 ∈ |0..10|11 []) + 43·(x_7 ∈ |0..10|11 []) + 142·(x_8 ∈ |0..10|11 []) + 222·(x_9 ∈ |0..10|11 []) + 210·(x_10 ∈ |0..10|11 []) + 236·(x_11 ∈ |0..10|11 []) + 186·(x_12 ∈ |0..10|11 []) = 10191
	c_7:	212·(x_1 ∈ |0..10|11 []) + 211·(x_2 ∈ |0..10|11 []) + 200·(x_3 ∈ |0..10|11 []) + 240·(x_4 ∈ |0..10|11 []) + 72·(x_5 ∈ |0..10|11 []) + 249·(x_6 ∈ |0..10|11 []) + 213·(x_7 ∈ |0..10|11 []) + 170·(x_8 ∈ |0..10|11 []) + 239·(x_9 ∈ |0..10|11 []) + 101·(x_10 ∈ |0..10|11 []) + 223·(x_11 ∈ |0..10|11 []) + 197·(x_12 ∈ |0..10|11 []) = 12690
	c_8:	200·(x_1 ∈ |0..10|11 []) + 234·(x_2 ∈ |0..10|11 []) + 14·(x_3 ∈ |0..10|11 []) + 160·(x_4 ∈ |0..10|11 []) + 119·(x_5 ∈ |0..10|11 []) + 93·(x_6 ∈ |0..10|11 []) + 167·(x_7 ∈ |0..10|11 []) + 158·(x_8 ∈ |0..10|11 []) + 155·(x_9 ∈ |0..10|11 []) + 203·(x_10 ∈ |0..10|11 []) + 25·(x_11 ∈ |0..10|11 []) + 36·(x_12 ∈ |0..10|11 []) = 8516
	CSE: ""

CMD timeout 180 minizinc -c --solver ./bin/fzn_picat/picat.msc ./experiments/mbssp-control/aux/2130.picat.mzn --fzn ./experiments/mbssp-control/aux/2130.picat.fzn
Flattening done @0.52254444s
CMD timeout 179 ./bin/fzn_picat/Picat/picat ./bin/fzn_picat/fzn_picat_sat.pi -e ./experiments/mbssp-control/aux/2130.picat.dimacs ./experiments/mbssp-control/aux/2130.picat.fzn
Picat encoding done @0.6629616s
Encoded Picat-SAT in 0.6716294 seconds as 2226/20300/94125

SOLVE T/O Some(60.0)
SOLVE DONE @2.3571155
SOLVE CALL RESULT: Got SAT in 2.3571155s with check None: 
BATCH.SH END 0
