BATCH.SH START ./experiments/mbssp-control/runs:2190 (ulimit --clean)
Start EncodeRecord { instance: Some(Instance { problem: Mbssp { b: 10, n: 8, m: 12, q: 250, instances: 100 }, i: 19, lp: "./experiments/mbssp-control/lps/3/019.lp" }), experiment: Some(Experiment { system: MiniZinc, pb_encoding: Gt, int_encoding: Dir, con_encoding: Include, split_eq: false, model_config: ModelConfig { scm: Add, cutoff: Order, decomposer: Gt, equalize_ternaries: true, add_consistency: false, propagate: None, equalize_uniform_bin_ineqs: false } }), statics: None, pb_statics: None, principal: None, time: None, dimacs: None }
model = 
	c_1:	248·(x_1 ∈ |0..10|11 []) + 106·(x_2 ∈ |0..10|11 []) + 98·(x_3 ∈ |0..10|11 []) + 37·(x_4 ∈ |0..10|11 []) + 173·(x_5 ∈ |0..10|11 []) + 149·(x_6 ∈ |0..10|11 []) + 147·(x_7 ∈ |0..10|11 []) + 40·(x_8 ∈ |0..10|11 []) + 190·(x_9 ∈ |0..10|11 []) + 170·(x_10 ∈ |0..10|11 []) + 110·(x_11 ∈ |0..10|11 []) + 91·(x_12 ∈ |0..10|11 []) = 9783
	c_2:	142·(x_1 ∈ |0..10|11 []) + 239·(x_2 ∈ |0..10|11 []) + 106·(x_3 ∈ |0..10|11 []) + 168·(x_4 ∈ |0..10|11 []) + 85·(x_5 ∈ |0..10|11 []) + 19·(x_6 ∈ |0..10|11 []) + 75·(x_7 ∈ |0..10|11 []) + 164·(x_8 ∈ |0..10|11 []) + 160·(x_9 ∈ |0..10|11 []) + 249·(x_10 ∈ |0..10|11 []) + 76·(x_11 ∈ |0..10|11 []) + 195·(x_12 ∈ |0..10|11 []) = 8203
	c_3:	222·(x_1 ∈ |0..10|11 []) + 46·(x_2 ∈ |0..10|11 []) + 46·(x_3 ∈ |0..10|11 []) + 186·(x_4 ∈ |0..10|11 []) + 209·(x_5 ∈ |0..10|11 []) + 75·(x_6 ∈ |0..10|11 []) + 158·(x_7 ∈ |0..10|11 []) + 170·(x_8 ∈ |0..10|11 []) + 241·(x_9 ∈ |0..10|11 []) + 26·(x_10 ∈ |0..10|11 []) + 232·(x_11 ∈ |0..10|11 []) + 104·(x_12 ∈ |0..10|11 []) = 9155
	c_4:	231·(x_1 ∈ |0..10|11 []) + 18·(x_2 ∈ |0..10|11 []) + 31·(x_3 ∈ |0..10|11 []) + 177·(x_4 ∈ |0..10|11 []) + 165·(x_5 ∈ |0..10|11 []) + 217·(x_6 ∈ |0..10|11 []) + 89·(x_7 ∈ |0..10|11 []) + 168·(x_8 ∈ |0..10|11 []) + 134·(x_9 ∈ |0..10|11 []) + 51·(x_10 ∈ |0..10|11 []) + 142·(x_11 ∈ |0..10|11 []) + 8·(x_12 ∈ |0..10|11 []) = 7863
	c_5:	112·(x_1 ∈ |0..10|11 []) + 151·(x_2 ∈ |0..10|11 []) + 232·(x_3 ∈ |0..10|11 []) + 10·(x_4 ∈ |0..10|11 []) + 38·(x_5 ∈ |0..10|11 []) + 227·(x_6 ∈ |0..10|11 []) + 190·(x_7 ∈ |0..10|11 []) + 243·(x_8 ∈ |0..10|11 []) + 216·(x_9 ∈ |0..10|11 []) + 181·(x_10 ∈ |0..10|11 []) + 120·(x_11 ∈ |0..10|11 []) + 233·(x_12 ∈ |0..10|11 []) = 9847
	c_6:	78·(x_1 ∈ |0..10|11 []) + 96·(x_2 ∈ |0..10|11 []) + 13·(x_3 ∈ |0..10|11 []) + 187·(x_4 ∈ |0..10|11 []) + 18·(x_5 ∈ |0..10|11 []) + 232·(x_6 ∈ |0..10|11 []) + 108·(x_7 ∈ |0..10|11 []) + 214·(x_8 ∈ |0..10|11 []) + 241·(x_9 ∈ |0..10|11 []) + 140·(x_10 ∈ |0..10|11 []) + 63·(x_11 ∈ |0..10|11 []) + 124·(x_12 ∈ |0..10|11 []) = 7315
	c_7:	14·(x_1 ∈ |0..10|11 []) + 87·(x_2 ∈ |0..10|11 []) + 238·(x_3 ∈ |0..10|11 []) + 31·(x_4 ∈ |0..10|11 []) + 71·(x_5 ∈ |0..10|11 []) + 8·(x_6 ∈ |0..10|11 []) + 62·(x_7 ∈ |0..10|11 []) + 175·(x_8 ∈ |0..10|11 []) + 170·(x_9 ∈ |0..10|11 []) + 99·(x_10 ∈ |0..10|11 []) + 61·(x_11 ∈ |0..10|11 []) + 36·(x_12 ∈ |0..10|11 []) = 4968
	c_8:	244·(x_1 ∈ |0..10|11 []) + 245·(x_2 ∈ |0..10|11 []) + 113·(x_3 ∈ |0..10|11 []) + 122·(x_4 ∈ |0..10|11 []) + 187·(x_5 ∈ |0..10|11 []) + 127·(x_6 ∈ |0..10|11 []) + 177·(x_7 ∈ |0..10|11 []) + 12·(x_8 ∈ |0..10|11 []) + 114·(x_9 ∈ |0..10|11 []) + 186·(x_10 ∈ |0..10|11 []) + 141·(x_11 ∈ |0..10|11 []) + 25·(x_12 ∈ |0..10|11 []) = 9992
	CSE: ""

CMD timeout 180 minizinc -c --solver ./bin/fzn_picat/picat.msc ./experiments/mbssp-control/aux/2190.picat.mzn --fzn ./experiments/mbssp-control/aux/2190.picat.fzn
Flattening done @0.5272036s
CMD timeout 179 ./bin/fzn_picat/Picat/picat ./bin/fzn_picat/fzn_picat_sat.pi -e ./experiments/mbssp-control/aux/2190.picat.dimacs ./experiments/mbssp-control/aux/2190.picat.fzn
Picat encoding done @0.6790161s
Encoded Picat-SAT in 0.68702686 seconds as 2194/19708/91233

SOLVE T/O Some(60.0)
SOLVE DONE @1.097487
SOLVE CALL RESULT: Got SAT in 1.097487s with check None: 
BATCH.SH END 0
