BATCH.SH START ./experiments/mbssp-control/runs:2200 (ulimit --clean)
Start EncodeRecord { instance: Some(Instance { problem: Mbssp { b: 10, n: 8, m: 12, q: 250, instances: 100 }, i: 20, lp: "./experiments/mbssp-control/lps/3/020.lp" }), experiment: Some(Experiment { system: MiniZinc, pb_encoding: Gt, int_encoding: Dir, con_encoding: Include, split_eq: false, model_config: ModelConfig { scm: Add, cutoff: Order, decomposer: Gt, equalize_ternaries: true, add_consistency: false, propagate: None, equalize_uniform_bin_ineqs: false } }), statics: None, pb_statics: None, principal: None, time: None, dimacs: None }
model = 
	c_1:	112·(x_1 ∈ |0..10|11 []) + 9·(x_2 ∈ |0..10|11 []) + 208·(x_3 ∈ |0..10|11 []) + 136·(x_4 ∈ |0..10|11 []) + 171·(x_5 ∈ |0..10|11 []) + 124·(x_6 ∈ |0..10|11 []) + 23·(x_7 ∈ |0..10|11 []) + 65·(x_8 ∈ |0..10|11 []) + 219·(x_9 ∈ |0..10|11 []) + 44·(x_10 ∈ |0..10|11 []) + 67·(x_11 ∈ |0..10|11 []) + 119·(x_12 ∈ |0..10|11 []) = 7714
	c_2:	91·(x_1 ∈ |0..10|11 []) + 116·(x_2 ∈ |0..10|11 []) + 9·(x_3 ∈ |0..10|11 []) + 111·(x_4 ∈ |0..10|11 []) + 61·(x_5 ∈ |0..10|11 []) + 216·(x_6 ∈ |0..10|11 []) + 228·(x_7 ∈ |0..10|11 []) + 72·(x_8 ∈ |0..10|11 []) + 52·(x_9 ∈ |0..10|11 []) + 17·(x_10 ∈ |0..10|11 []) + 104·(x_11 ∈ |0..10|11 []) + 62·(x_12 ∈ |0..10|11 []) = 3882
	c_3:	149·(x_1 ∈ |0..10|11 []) + 226·(x_2 ∈ |0..10|11 []) + 193·(x_3 ∈ |0..10|11 []) + 114·(x_4 ∈ |0..10|11 []) + 200·(x_5 ∈ |0..10|11 []) + 79·(x_6 ∈ |0..10|11 []) + 135·(x_7 ∈ |0..10|11 []) + 16·(x_8 ∈ |0..10|11 []) + 122·(x_9 ∈ |0..10|11 []) + 192·(x_10 ∈ |0..10|11 []) + 82·(x_11 ∈ |0..10|11 []) + 48·(x_12 ∈ |0..10|11 []) = 6559
	c_4:	143·(x_1 ∈ |0..10|11 []) + 205·(x_2 ∈ |0..10|11 []) + 210·(x_3 ∈ |0..10|11 []) + 186·(x_4 ∈ |0..10|11 []) + 92·(x_5 ∈ |0..10|11 []) + 151·(x_6 ∈ |0..10|11 []) + 242·(x_7 ∈ |0..10|11 []) + 163·(x_8 ∈ |0..10|11 []) + 26·(x_9 ∈ |0..10|11 []) + 231·(x_10 ∈ |0..10|11 []) + 166·(x_11 ∈ |0..10|11 []) + 207·(x_12 ∈ |0..10|11 []) = 7191
	c_5:	103·(x_1 ∈ |0..10|11 []) + 16·(x_2 ∈ |0..10|11 []) + 126·(x_3 ∈ |0..10|11 []) + 92·(x_4 ∈ |0..10|11 []) + 117·(x_5 ∈ |0..10|11 []) + 153·(x_6 ∈ |0..10|11 []) + 112·(x_7 ∈ |0..10|11 []) + 13·(x_8 ∈ |0..10|11 []) + 43·(x_9 ∈ |0..10|11 []) + 192·(x_10 ∈ |0..10|11 []) + 120·(x_11 ∈ |0..10|11 []) + 216·(x_12 ∈ |0..10|11 []) = 5627
	c_6:	166·(x_1 ∈ |0..10|11 []) + 170·(x_2 ∈ |0..10|11 []) + 161·(x_3 ∈ |0..10|11 []) + 214·(x_4 ∈ |0..10|11 []) + 166·(x_5 ∈ |0..10|11 []) + 152·(x_6 ∈ |0..10|11 []) + 225·(x_7 ∈ |0..10|11 []) + 4·(x_8 ∈ |0..10|11 []) + 97·(x_9 ∈ |0..10|11 []) + 116·(x_10 ∈ |0..10|11 []) + 194·(x_11 ∈ |0..10|11 []) + 225·(x_12 ∈ |0..10|11 []) = 7840
	c_7:	185·(x_1 ∈ |0..10|11 []) + 26·(x_2 ∈ |0..10|11 []) + 91·(x_3 ∈ |0..10|11 []) + 242·(x_4 ∈ |0..10|11 []) + 60·(x_5 ∈ |0..10|11 []) + 150·(x_6 ∈ |0..10|11 []) + 249·(x_7 ∈ |0..10|11 []) + 77·(x_8 ∈ |0..10|11 []) + 246·(x_9 ∈ |0..10|11 []) + 164·(x_10 ∈ |0..10|11 []) + 246·(x_11 ∈ |0..10|11 []) + 15·(x_12 ∈ |0..10|11 []) = 7287
	c_8:	71·(x_1 ∈ |0..10|11 []) + 140·(x_2 ∈ |0..10|11 []) + 96·(x_3 ∈ |0..10|11 []) + 165·(x_4 ∈ |0..10|11 []) + 40·(x_5 ∈ |0..10|11 []) + 138·(x_6 ∈ |0..10|11 []) + 217·(x_7 ∈ |0..10|11 []) + 240·(x_8 ∈ |0..10|11 []) + 156·(x_9 ∈ |0..10|11 []) + 77·(x_10 ∈ |0..10|11 []) + 207·(x_11 ∈ |0..10|11 []) + 173·(x_12 ∈ |0..10|11 []) = 6400
	CSE: ""

CMD timeout 180 minizinc -c --solver ./bin/fzn_picat/picat.msc ./experiments/mbssp-control/aux/2200.picat.mzn --fzn ./experiments/mbssp-control/aux/2200.picat.fzn
Flattening done @0.5098326s
CMD timeout 179 ./bin/fzn_picat/Picat/picat ./bin/fzn_picat/fzn_picat_sat.pi -e ./experiments/mbssp-control/aux/2200.picat.dimacs ./experiments/mbssp-control/aux/2200.picat.fzn
Picat encoding done @0.77699584s
Encoded Picat-SAT in 0.78476804 seconds as 2116/19218/89186

SOLVE T/O Some(60.0)
SOLVE DONE @2.1784933
SOLVE CALL RESULT: Got SAT in 2.1784933s with check None: 
BATCH.SH END 0
