BATCH.SH START ./experiments/mbssp-control/runs:2240 (ulimit --clean)
Start EncodeRecord { instance: Some(Instance { problem: Mbssp { b: 10, n: 8, m: 12, q: 250, instances: 100 }, i: 24, lp: "./experiments/mbssp-control/lps/3/024.lp" }), experiment: Some(Experiment { system: MiniZinc, pb_encoding: Gt, int_encoding: Dir, con_encoding: Include, split_eq: false, model_config: ModelConfig { scm: Add, cutoff: Order, decomposer: Gt, equalize_ternaries: true, add_consistency: false, propagate: None, equalize_uniform_bin_ineqs: false } }), statics: None, pb_statics: None, principal: None, time: None, dimacs: None }
model = 
	c_1:	102·(x_1 ∈ |0..10|11 []) + 51·(x_2 ∈ |0..10|11 []) + 163·(x_3 ∈ |0..10|11 []) + 127·(x_4 ∈ |0..10|11 []) + 10·(x_5 ∈ |0..10|11 []) + 22·(x_6 ∈ |0..10|11 []) + 92·(x_7 ∈ |0..10|11 []) + 150·(x_8 ∈ |0..10|11 []) + 43·(x_9 ∈ |0..10|11 []) + 129·(x_10 ∈ |0..10|11 []) + 68·(x_11 ∈ |0..10|11 []) + 138·(x_12 ∈ |0..10|11 []) = 5206
	c_2:	45·(x_1 ∈ |0..10|11 []) + 176·(x_2 ∈ |0..10|11 []) + 159·(x_3 ∈ |0..10|11 []) + 163·(x_4 ∈ |0..10|11 []) + 30·(x_5 ∈ |0..10|11 []) + 173·(x_6 ∈ |0..10|11 []) + 202·(x_7 ∈ |0..10|11 []) + 65·(x_8 ∈ |0..10|11 []) + 112·(x_9 ∈ |0..10|11 []) + 203·(x_10 ∈ |0..10|11 []) + 189·(x_11 ∈ |0..10|11 []) + 238·(x_12 ∈ |0..10|11 []) = 6591
	c_3:	65·(x_1 ∈ |0..10|11 []) + 99·(x_2 ∈ |0..10|11 []) + 133·(x_3 ∈ |0..10|11 []) + 203·(x_4 ∈ |0..10|11 []) + 207·(x_5 ∈ |0..10|11 []) + 81·(x_6 ∈ |0..10|11 []) + 233·(x_7 ∈ |0..10|11 []) + 48·(x_8 ∈ |0..10|11 []) + 110·(x_9 ∈ |0..10|11 []) + 229·(x_10 ∈ |0..10|11 []) + 219·(x_11 ∈ |0..10|11 []) + 186·(x_12 ∈ |0..10|11 []) = 6433
	c_4:	42·(x_1 ∈ |0..10|11 []) + 23·(x_2 ∈ |0..10|11 []) + 163·(x_3 ∈ |0..10|11 []) + 130·(x_4 ∈ |0..10|11 []) + 131·(x_5 ∈ |0..10|11 []) + 124·(x_6 ∈ |0..10|11 []) + 187·(x_7 ∈ |0..10|11 []) + 60·(x_8 ∈ |0..10|11 []) + 160·(x_9 ∈ |0..10|11 []) + 84·(x_10 ∈ |0..10|11 []) + 134·(x_11 ∈ |0..10|11 []) + 126·(x_12 ∈ |0..10|11 []) = 4717
	c_5:	44·(x_1 ∈ |0..10|11 []) + 99·(x_2 ∈ |0..10|11 []) + 147·(x_3 ∈ |0..10|11 []) + 195·(x_4 ∈ |0..10|11 []) + 113·(x_5 ∈ |0..10|11 []) + 25·(x_6 ∈ |0..10|11 []) + 239·(x_7 ∈ |0..10|11 []) + 21·(x_8 ∈ |0..10|11 []) + 231·(x_9 ∈ |0..10|11 []) + 115·(x_10 ∈ |0..10|11 []) + 10·(x_11 ∈ |0..10|11 []) + 237·(x_12 ∈ |0..10|11 []) = 5708
	c_6:	188·(x_1 ∈ |0..10|11 []) + 115·(x_2 ∈ |0..10|11 []) + 158·(x_3 ∈ |0..10|11 []) + 74·(x_4 ∈ |0..10|11 []) + 159·(x_5 ∈ |0..10|11 []) + 175·(x_6 ∈ |0..10|11 []) + 65·(x_7 ∈ |0..10|11 []) + 235·(x_8 ∈ |0..10|11 []) + 17·(x_9 ∈ |0..10|11 []) + 231·(x_10 ∈ |0..10|11 []) + 76·(x_11 ∈ |0..10|11 []) + 6·(x_12 ∈ |0..10|11 []) = 5488
	c_7:	43·(x_1 ∈ |0..10|11 []) + 163·(x_2 ∈ |0..10|11 []) + 107·(x_3 ∈ |0..10|11 []) + 111·(x_4 ∈ |0..10|11 []) + 80·(x_5 ∈ |0..10|11 []) + 96·(x_6 ∈ |0..10|11 []) + 154·(x_7 ∈ |0..10|11 []) + 152·(x_8 ∈ |0..10|11 []) + 114·(x_9 ∈ |0..10|11 []) + 110·(x_10 ∈ |0..10|11 []) + 187·(x_11 ∈ |0..10|11 []) + 56·(x_12 ∈ |0..10|11 []) = 4704
	c_8:	134·(x_1 ∈ |0..10|11 []) + 200·(x_2 ∈ |0..10|11 []) + 117·(x_3 ∈ |0..10|11 []) + 186·(x_4 ∈ |0..10|11 []) + 56·(x_5 ∈ |0..10|11 []) + 218·(x_6 ∈ |0..10|11 []) + 123·(x_7 ∈ |0..10|11 []) + 99·(x_8 ∈ |0..10|11 []) + 160·(x_9 ∈ |0..10|11 []) + 86·(x_10 ∈ |0..10|11 []) + 24·(x_11 ∈ |0..10|11 []) + 79·(x_12 ∈ |0..10|11 []) = 4883
	CSE: ""

CMD timeout 180 minizinc -c --solver ./bin/fzn_picat/picat.msc ./experiments/mbssp-control/aux/2240.picat.mzn --fzn ./experiments/mbssp-control/aux/2240.picat.fzn
Flattening done @0.50107074s
CMD timeout 179 ./bin/fzn_picat/Picat/picat ./bin/fzn_picat/fzn_picat_sat.pi -e ./experiments/mbssp-control/aux/2240.picat.dimacs ./experiments/mbssp-control/aux/2240.picat.fzn
Picat encoding done @0.6334471s
Encoded Picat-SAT in 0.6412402 seconds as 2208/19441/89416

SOLVE T/O Some(60.0)
SOLVE DONE @0.45493624
SOLVE CALL RESULT: Got SAT in 0.45493624s with check None: 
BATCH.SH END 0
