BATCH.SH START ./experiments/mbssp-control/runs:2270 (ulimit --clean)
Start EncodeRecord { instance: Some(Instance { problem: Mbssp { b: 10, n: 8, m: 12, q: 250, instances: 100 }, i: 27, lp: "./experiments/mbssp-control/lps/3/027.lp" }), experiment: Some(Experiment { system: MiniZinc, pb_encoding: Gt, int_encoding: Dir, con_encoding: Include, split_eq: false, model_config: ModelConfig { scm: Add, cutoff: Order, decomposer: Gt, equalize_ternaries: true, add_consistency: false, propagate: None, equalize_uniform_bin_ineqs: false } }), statics: None, pb_statics: None, principal: None, time: None, dimacs: None }
model = 
	c_1:	53·(x_1 ∈ |0..10|11 []) + 181·(x_2 ∈ |0..10|11 []) + 204·(x_3 ∈ |0..10|11 []) + 60·(x_4 ∈ |0..10|11 []) + 183·(x_5 ∈ |0..10|11 []) + 233·(x_6 ∈ |0..10|11 []) + 24·(x_7 ∈ |0..10|11 []) + 190·(x_8 ∈ |0..10|11 []) + 127·(x_9 ∈ |0..10|11 []) + 192·(x_10 ∈ |0..10|11 []) + 39·(x_11 ∈ |0..10|11 []) + 226·(x_12 ∈ |0..10|11 []) = 12707
	c_2:	4·(x_1 ∈ |0..10|11 []) + 99·(x_2 ∈ |0..10|11 []) + 19·(x_3 ∈ |0..10|11 []) + 35·(x_4 ∈ |0..10|11 []) + 92·(x_5 ∈ |0..10|11 []) + 63·(x_6 ∈ |0..10|11 []) + 104·(x_7 ∈ |0..10|11 []) + 77·(x_8 ∈ |0..10|11 []) + 133·(x_9 ∈ |0..10|11 []) + 200·(x_10 ∈ |0..10|11 []) + 149·(x_11 ∈ |0..10|11 []) + 224·(x_12 ∈ |0..10|11 []) = 7439
	c_3:	105·(x_1 ∈ |0..10|11 []) + 198·(x_2 ∈ |0..10|11 []) + 112·(x_3 ∈ |0..10|11 []) + 62·(x_4 ∈ |0..10|11 []) + 71·(x_5 ∈ |0..10|11 []) + 120·(x_6 ∈ |0..10|11 []) + 42·(x_7 ∈ |0..10|11 []) + 126·(x_8 ∈ |0..10|11 []) + 101·(x_9 ∈ |0..10|11 []) + 30·(x_10 ∈ |0..10|11 []) + 33·(x_11 ∈ |0..10|11 []) + 22·(x_12 ∈ |0..10|11 []) = 6410
	c_4:	159·(x_1 ∈ |0..10|11 []) + 113·(x_2 ∈ |0..10|11 []) + 190·(x_3 ∈ |0..10|11 []) + 97·(x_4 ∈ |0..10|11 []) + 77·(x_5 ∈ |0..10|11 []) + 105·(x_6 ∈ |0..10|11 []) + 27·(x_7 ∈ |0..10|11 []) + 181·(x_8 ∈ |0..10|11 []) + 56·(x_9 ∈ |0..10|11 []) + 214·(x_10 ∈ |0..10|11 []) + 162·(x_11 ∈ |0..10|11 []) + 161·(x_12 ∈ |0..10|11 []) = 9567
	c_5:	250·(x_1 ∈ |0..10|11 []) + 23·(x_2 ∈ |0..10|11 []) + 50·(x_3 ∈ |0..10|11 []) + 21·(x_4 ∈ |0..10|11 []) + 22·(x_5 ∈ |0..10|11 []) + 49·(x_6 ∈ |0..10|11 []) + 175·(x_7 ∈ |0..10|11 []) + 194·(x_8 ∈ |0..10|11 []) + 79·(x_9 ∈ |0..10|11 []) + 193·(x_10 ∈ |0..10|11 []) + 213·(x_11 ∈ |0..10|11 []) + 38·(x_12 ∈ |0..10|11 []) = 5990
	c_6:	239·(x_1 ∈ |0..10|11 []) + 154·(x_2 ∈ |0..10|11 []) + 40·(x_3 ∈ |0..10|11 []) + 104·(x_4 ∈ |0..10|11 []) + 249·(x_5 ∈ |0..10|11 []) + 236·(x_6 ∈ |0..10|11 []) + 38·(x_7 ∈ |0..10|11 []) + 17·(x_8 ∈ |0..10|11 []) + 175·(x_9 ∈ |0..10|11 []) + 163·(x_10 ∈ |0..10|11 []) + 148·(x_11 ∈ |0..10|11 []) + 138·(x_12 ∈ |0..10|11 []) = 10179
	c_7:	148·(x_1 ∈ |0..10|11 []) + 51·(x_2 ∈ |0..10|11 []) + 232·(x_3 ∈ |0..10|11 []) + 223·(x_4 ∈ |0..10|11 []) + 89·(x_5 ∈ |0..10|11 []) + 232·(x_6 ∈ |0..10|11 []) + 222·(x_7 ∈ |0..10|11 []) + 226·(x_8 ∈ |0..10|11 []) + 97·(x_9 ∈ |0..10|11 []) + 105·(x_10 ∈ |0..10|11 []) + 217·(x_11 ∈ |0..10|11 []) + 194·(x_12 ∈ |0..10|11 []) = 11305
	c_8:	64·(x_1 ∈ |0..10|11 []) + 23·(x_2 ∈ |0..10|11 []) + 71·(x_3 ∈ |0..10|11 []) + 66·(x_4 ∈ |0..10|11 []) + 177·(x_5 ∈ |0..10|11 []) + 82·(x_6 ∈ |0..10|11 []) + 86·(x_7 ∈ |0..10|11 []) + 138·(x_8 ∈ |0..10|11 []) + 213·(x_9 ∈ |0..10|11 []) + 76·(x_10 ∈ |0..10|11 []) + 240·(x_11 ∈ |0..10|11 []) + 199·(x_12 ∈ |0..10|11 []) = 8119
	CSE: ""

CMD timeout 180 minizinc -c --solver ./bin/fzn_picat/picat.msc ./experiments/mbssp-control/aux/2270.picat.mzn --fzn ./experiments/mbssp-control/aux/2270.picat.fzn
Flattening done @0.6230708s
CMD timeout 179 ./bin/fzn_picat/Picat/picat ./bin/fzn_picat/fzn_picat_sat.pi -e ./experiments/mbssp-control/aux/2270.picat.dimacs ./experiments/mbssp-control/aux/2270.picat.fzn
Picat encoding done @0.7937496s
Encoded Picat-SAT in 0.8017111 seconds as 2173/19503/90379

SOLVE T/O Some(60.0)
SOLVE DONE @2.3213465
SOLVE CALL RESULT: Got SAT in 2.3213465s with check None: 
BATCH.SH END 0
