BATCH.SH START ./experiments/mbssp-control/runs:2340 (ulimit --clean)
Start EncodeRecord { instance: Some(Instance { problem: Mbssp { b: 10, n: 8, m: 12, q: 250, instances: 100 }, i: 34, lp: "./experiments/mbssp-control/lps/3/034.lp" }), experiment: Some(Experiment { system: MiniZinc, pb_encoding: Gt, int_encoding: Dir, con_encoding: Include, split_eq: false, model_config: ModelConfig { scm: Add, cutoff: Order, decomposer: Gt, equalize_ternaries: true, add_consistency: false, propagate: None, equalize_uniform_bin_ineqs: false } }), statics: None, pb_statics: None, principal: None, time: None, dimacs: None }
model = 
	c_1:	36·(x_1 ∈ |0..10|11 []) + 209·(x_2 ∈ |0..10|11 []) + 91·(x_3 ∈ |0..10|11 []) + 85·(x_4 ∈ |0..10|11 []) + 29·(x_5 ∈ |0..10|11 []) + 44·(x_6 ∈ |0..10|11 []) + 250·(x_7 ∈ |0..10|11 []) + 20·(x_8 ∈ |0..10|11 []) + 212·(x_9 ∈ |0..10|11 []) + 180·(x_10 ∈ |0..10|11 []) + 163·(x_11 ∈ |0..10|11 []) + 4·(x_12 ∈ |0..10|11 []) = 9327
	c_2:	29·(x_1 ∈ |0..10|11 []) + 49·(x_2 ∈ |0..10|11 []) + 35·(x_3 ∈ |0..10|11 []) + 44·(x_4 ∈ |0..10|11 []) + 57·(x_5 ∈ |0..10|11 []) + 79·(x_6 ∈ |0..10|11 []) + 56·(x_7 ∈ |0..10|11 []) + 189·(x_8 ∈ |0..10|11 []) + 223·(x_9 ∈ |0..10|11 []) + 142·(x_10 ∈ |0..10|11 []) + 116·(x_11 ∈ |0..10|11 []) + 9·(x_12 ∈ |0..10|11 []) = 5216
	c_3:	47·(x_1 ∈ |0..10|11 []) + 173·(x_2 ∈ |0..10|11 []) + 225·(x_3 ∈ |0..10|11 []) + 139·(x_4 ∈ |0..10|11 []) + 28·(x_5 ∈ |0..10|11 []) + 99·(x_6 ∈ |0..10|11 []) + 83·(x_7 ∈ |0..10|11 []) + 101·(x_8 ∈ |0..10|11 []) + 62·(x_9 ∈ |0..10|11 []) + 73·(x_10 ∈ |0..10|11 []) + 96·(x_11 ∈ |0..10|11 []) + 232·(x_12 ∈ |0..10|11 []) = 5394
	c_4:	194·(x_1 ∈ |0..10|11 []) + 148·(x_2 ∈ |0..10|11 []) + 24·(x_3 ∈ |0..10|11 []) + 43·(x_4 ∈ |0..10|11 []) + 245·(x_5 ∈ |0..10|11 []) + 167·(x_6 ∈ |0..10|11 []) + 76·(x_7 ∈ |0..10|11 []) + 140·(x_8 ∈ |0..10|11 []) + 107·(x_9 ∈ |0..10|11 []) + 3·(x_10 ∈ |0..10|11 []) + 104·(x_11 ∈ |0..10|11 []) + 35·(x_12 ∈ |0..10|11 []) = 4611
	c_5:	70·(x_1 ∈ |0..10|11 []) + 152·(x_2 ∈ |0..10|11 []) + 55·(x_3 ∈ |0..10|11 []) + 244·(x_4 ∈ |0..10|11 []) + 76·(x_5 ∈ |0..10|11 []) + 142·(x_6 ∈ |0..10|11 []) + 84·(x_7 ∈ |0..10|11 []) + 55·(x_8 ∈ |0..10|11 []) + 163·(x_9 ∈ |0..10|11 []) + 123·(x_10 ∈ |0..10|11 []) + 60·(x_11 ∈ |0..10|11 []) + 106·(x_12 ∈ |0..10|11 []) = 6141
	c_6:	112·(x_1 ∈ |0..10|11 []) + 141·(x_2 ∈ |0..10|11 []) + 128·(x_3 ∈ |0..10|11 []) + 38·(x_4 ∈ |0..10|11 []) + 148·(x_5 ∈ |0..10|11 []) + 26·(x_6 ∈ |0..10|11 []) + 106·(x_7 ∈ |0..10|11 []) + 171·(x_8 ∈ |0..10|11 []) + 136·(x_9 ∈ |0..10|11 []) + 140·(x_10 ∈ |0..10|11 []) + 8·(x_11 ∈ |0..10|11 []) + 43·(x_12 ∈ |0..10|11 []) = 5373
	c_7:	99·(x_1 ∈ |0..10|11 []) + 178·(x_2 ∈ |0..10|11 []) + 246·(x_3 ∈ |0..10|11 []) + 92·(x_4 ∈ |0..10|11 []) + 15·(x_5 ∈ |0..10|11 []) + 191·(x_6 ∈ |0..10|11 []) + 236·(x_7 ∈ |0..10|11 []) + 124·(x_8 ∈ |0..10|11 []) + 82·(x_9 ∈ |0..10|11 []) + 179·(x_10 ∈ |0..10|11 []) + 190·(x_11 ∈ |0..10|11 []) + 34·(x_12 ∈ |0..10|11 []) = 8602
	c_8:	218·(x_1 ∈ |0..10|11 []) + 230·(x_2 ∈ |0..10|11 []) + 28·(x_3 ∈ |0..10|11 []) + 230·(x_4 ∈ |0..10|11 []) + 245·(x_5 ∈ |0..10|11 []) + 245·(x_6 ∈ |0..10|11 []) + 16·(x_7 ∈ |0..10|11 []) + 217·(x_8 ∈ |0..10|11 []) + 229·(x_9 ∈ |0..10|11 []) + 36·(x_10 ∈ |0..10|11 []) + 200·(x_11 ∈ |0..10|11 []) + 48·(x_12 ∈ |0..10|11 []) = 7425
	CSE: ""

CMD timeout 180 minizinc -c --solver ./bin/fzn_picat/picat.msc ./experiments/mbssp-control/aux/2340.picat.mzn --fzn ./experiments/mbssp-control/aux/2340.picat.fzn
Flattening done @1.1379832s
CMD timeout 179 ./bin/fzn_picat/Picat/picat ./bin/fzn_picat/fzn_picat_sat.pi -e ./experiments/mbssp-control/aux/2340.picat.dimacs ./experiments/mbssp-control/aux/2340.picat.fzn
Picat encoding done @1.2921803s
Encoded Picat-SAT in 1.30036 seconds as 2080/19083/88864

SOLVE T/O Some(60.0)
SOLVE DONE @2.4282343
SOLVE CALL RESULT: Got SAT in 2.4282343s with check None: 
BATCH.SH END 0
