BATCH.SH START ./experiments/mbssp-control/runs:2570 (ulimit --clean)
Start EncodeRecord { instance: Some(Instance { problem: Mbssp { b: 10, n: 8, m: 12, q: 250, instances: 100 }, i: 57, lp: "./experiments/mbssp-control/lps/3/057.lp" }), experiment: Some(Experiment { system: MiniZinc, pb_encoding: Gt, int_encoding: Dir, con_encoding: Include, split_eq: false, model_config: ModelConfig { scm: Add, cutoff: Order, decomposer: Gt, equalize_ternaries: true, add_consistency: false, propagate: None, equalize_uniform_bin_ineqs: false } }), statics: None, pb_statics: None, principal: None, time: None, dimacs: None }
model = 
	c_1:	73·(x_1 ∈ |0..10|11 []) + 163·(x_2 ∈ |0..10|11 []) + 112·(x_3 ∈ |0..10|11 []) + 238·(x_4 ∈ |0..10|11 []) + 10·(x_5 ∈ |0..10|11 []) + 129·(x_6 ∈ |0..10|11 []) + 102·(x_7 ∈ |0..10|11 []) + 30·(x_8 ∈ |0..10|11 []) + 234·(x_9 ∈ |0..10|11 []) + 178·(x_10 ∈ |0..10|11 []) + 40·(x_11 ∈ |0..10|11 []) + 180·(x_12 ∈ |0..10|11 []) = 10157
	c_2:	212·(x_1 ∈ |0..10|11 []) + 222·(x_2 ∈ |0..10|11 []) + 26·(x_3 ∈ |0..10|11 []) + 229·(x_4 ∈ |0..10|11 []) + 209·(x_5 ∈ |0..10|11 []) + 61·(x_6 ∈ |0..10|11 []) + 99·(x_7 ∈ |0..10|11 []) + 184·(x_8 ∈ |0..10|11 []) + 56·(x_9 ∈ |0..10|11 []) + 181·(x_10 ∈ |0..10|11 []) + 66·(x_11 ∈ |0..10|11 []) + 177·(x_12 ∈ |0..10|11 []) = 8601
	c_3:	247·(x_1 ∈ |0..10|11 []) + 129·(x_2 ∈ |0..10|11 []) + 179·(x_3 ∈ |0..10|11 []) + 43·(x_4 ∈ |0..10|11 []) + 178·(x_5 ∈ |0..10|11 []) + 96·(x_6 ∈ |0..10|11 []) + 116·(x_7 ∈ |0..10|11 []) + 40·(x_8 ∈ |0..10|11 []) + 148·(x_9 ∈ |0..10|11 []) + 128·(x_10 ∈ |0..10|11 []) + 207·(x_11 ∈ |0..10|11 []) + 160·(x_12 ∈ |0..10|11 []) = 7477
	c_4:	151·(x_1 ∈ |0..10|11 []) + 103·(x_2 ∈ |0..10|11 []) + 141·(x_3 ∈ |0..10|11 []) + 80·(x_4 ∈ |0..10|11 []) + 155·(x_5 ∈ |0..10|11 []) + 55·(x_6 ∈ |0..10|11 []) + 15·(x_7 ∈ |0..10|11 []) + 182·(x_8 ∈ |0..10|11 []) + 171·(x_9 ∈ |0..10|11 []) + 67·(x_10 ∈ |0..10|11 []) + 54·(x_11 ∈ |0..10|11 []) + 31·(x_12 ∈ |0..10|11 []) = 5505
	c_5:	21·(x_1 ∈ |0..10|11 []) + 172·(x_2 ∈ |0..10|11 []) + 69·(x_3 ∈ |0..10|11 []) + 105·(x_4 ∈ |0..10|11 []) + 226·(x_5 ∈ |0..10|11 []) + 224·(x_6 ∈ |0..10|11 []) + 84·(x_7 ∈ |0..10|11 []) + 205·(x_8 ∈ |0..10|11 []) + 188·(x_9 ∈ |0..10|11 []) + 181·(x_10 ∈ |0..10|11 []) + 77·(x_11 ∈ |0..10|11 []) + 112·(x_12 ∈ |0..10|11 []) = 8262
	c_6:	221·(x_1 ∈ |0..10|11 []) + 206·(x_2 ∈ |0..10|11 []) + 82·(x_3 ∈ |0..10|11 []) + 23·(x_4 ∈ |0..10|11 []) + 214·(x_5 ∈ |0..10|11 []) + 34·(x_6 ∈ |0..10|11 []) + 80·(x_7 ∈ |0..10|11 []) + 129·(x_8 ∈ |0..10|11 []) + 183·(x_9 ∈ |0..10|11 []) + 47·(x_10 ∈ |0..10|11 []) + 175·(x_11 ∈ |0..10|11 []) + 110·(x_12 ∈ |0..10|11 []) = 6386
	c_7:	109·(x_1 ∈ |0..10|11 []) + 72·(x_2 ∈ |0..10|11 []) + 161·(x_3 ∈ |0..10|11 []) + 110·(x_4 ∈ |0..10|11 []) + 227·(x_5 ∈ |0..10|11 []) + 207·(x_6 ∈ |0..10|11 []) + 98·(x_7 ∈ |0..10|11 []) + 228·(x_8 ∈ |0..10|11 []) + 195·(x_9 ∈ |0..10|11 []) + 245·(x_10 ∈ |0..10|11 []) + 106·(x_11 ∈ |0..10|11 []) + 207·(x_12 ∈ |0..10|11 []) = 9450
	c_8:	170·(x_1 ∈ |0..10|11 []) + 155·(x_2 ∈ |0..10|11 []) + 113·(x_3 ∈ |0..10|11 []) + 151·(x_4 ∈ |0..10|11 []) + 156·(x_5 ∈ |0..10|11 []) + 145·(x_6 ∈ |0..10|11 []) + 161·(x_7 ∈ |0..10|11 []) + 206·(x_8 ∈ |0..10|11 []) + 191·(x_9 ∈ |0..10|11 []) + 208·(x_10 ∈ |0..10|11 []) + 165·(x_11 ∈ |0..10|11 []) + 35·(x_12 ∈ |0..10|11 []) = 8908
	CSE: ""

CMD timeout 180 minizinc -c --solver ./bin/fzn_picat/picat.msc ./experiments/mbssp-control/aux/2570.picat.mzn --fzn ./experiments/mbssp-control/aux/2570.picat.fzn
Flattening done @0.866433s
CMD timeout 179 ./bin/fzn_picat/Picat/picat ./bin/fzn_picat/fzn_picat_sat.pi -e ./experiments/mbssp-control/aux/2570.picat.dimacs ./experiments/mbssp-control/aux/2570.picat.fzn
Picat encoding done @1.0222197s
Encoded Picat-SAT in 1.0305988 seconds as 2238/20059/92708

SOLVE T/O Some(60.0)
SOLVE DONE @3.868216
SOLVE CALL RESULT: Got SAT in 3.868216s with check None: 
BATCH.SH END 0
