BATCH.SH START ./experiments/mbssp-control/runs:2590 (ulimit --clean)
Start EncodeRecord { instance: Some(Instance { problem: Mbssp { b: 10, n: 8, m: 12, q: 250, instances: 100 }, i: 59, lp: "./experiments/mbssp-control/lps/3/059.lp" }), experiment: Some(Experiment { system: MiniZinc, pb_encoding: Gt, int_encoding: Dir, con_encoding: Include, split_eq: false, model_config: ModelConfig { scm: Add, cutoff: Order, decomposer: Gt, equalize_ternaries: true, add_consistency: false, propagate: None, equalize_uniform_bin_ineqs: false } }), statics: None, pb_statics: None, principal: None, time: None, dimacs: None }
model = 
	c_1:	59·(x_1 ∈ |0..10|11 []) + 231·(x_2 ∈ |0..10|11 []) + 109·(x_3 ∈ |0..10|11 []) + 51·(x_4 ∈ |0..10|11 []) + 212·(x_5 ∈ |0..10|11 []) + 139·(x_6 ∈ |0..10|11 []) + 191·(x_7 ∈ |0..10|11 []) + 20·(x_8 ∈ |0..10|11 []) + 73·(x_9 ∈ |0..10|11 []) + 156·(x_10 ∈ |0..10|11 []) + 142·(x_11 ∈ |0..10|11 []) + 168·(x_12 ∈ |0..10|11 []) = 10419
	c_2:	160·(x_1 ∈ |0..10|11 []) + 86·(x_2 ∈ |0..10|11 []) + 205·(x_3 ∈ |0..10|11 []) + 35·(x_4 ∈ |0..10|11 []) + 229·(x_5 ∈ |0..10|11 []) + 163·(x_6 ∈ |0..10|11 []) + 202·(x_7 ∈ |0..10|11 []) + 97·(x_8 ∈ |0..10|11 []) + 152·(x_9 ∈ |0..10|11 []) + 86·(x_10 ∈ |0..10|11 []) + 164·(x_11 ∈ |0..10|11 []) + 120·(x_12 ∈ |0..10|11 []) = 9521
	c_3:	199·(x_1 ∈ |0..10|11 []) + 10·(x_2 ∈ |0..10|11 []) + 77·(x_3 ∈ |0..10|11 []) + 90·(x_4 ∈ |0..10|11 []) + 175·(x_5 ∈ |0..10|11 []) + 138·(x_6 ∈ |0..10|11 []) + 72·(x_7 ∈ |0..10|11 []) + 87·(x_8 ∈ |0..10|11 []) + 114·(x_9 ∈ |0..10|11 []) + 66·(x_10 ∈ |0..10|11 []) + 25·(x_11 ∈ |0..10|11 []) + 70·(x_12 ∈ |0..10|11 []) = 5343
	c_4:	100·(x_1 ∈ |0..10|11 []) + 158·(x_2 ∈ |0..10|11 []) + 210·(x_3 ∈ |0..10|11 []) + 123·(x_4 ∈ |0..10|11 []) + 110·(x_5 ∈ |0..10|11 []) + 24·(x_6 ∈ |0..10|11 []) + 96·(x_7 ∈ |0..10|11 []) + 56·(x_8 ∈ |0..10|11 []) + 246·(x_9 ∈ |0..10|11 []) + 136·(x_10 ∈ |0..10|11 []) + 203·(x_11 ∈ |0..10|11 []) + 93·(x_12 ∈ |0..10|11 []) = 8191
	c_5:	29·(x_1 ∈ |0..10|11 []) + 107·(x_2 ∈ |0..10|11 []) + 176·(x_3 ∈ |0..10|11 []) + 26·(x_4 ∈ |0..10|11 []) + 72·(x_5 ∈ |0..10|11 []) + 129·(x_6 ∈ |0..10|11 []) + 21·(x_7 ∈ |0..10|11 []) + 106·(x_8 ∈ |0..10|11 []) + 56·(x_9 ∈ |0..10|11 []) + 22·(x_10 ∈ |0..10|11 []) + 142·(x_11 ∈ |0..10|11 []) + 77·(x_12 ∈ |0..10|11 []) = 5165
	c_6:	17·(x_1 ∈ |0..10|11 []) + 37·(x_2 ∈ |0..10|11 []) + 21·(x_3 ∈ |0..10|11 []) + 56·(x_4 ∈ |0..10|11 []) + 103·(x_5 ∈ |0..10|11 []) + 84·(x_6 ∈ |0..10|11 []) + 99·(x_7 ∈ |0..10|11 []) + 60·(x_8 ∈ |0..10|11 []) + 73·(x_9 ∈ |0..10|11 []) + 242·(x_10 ∈ |0..10|11 []) + 84·(x_11 ∈ |0..10|11 []) + 60·(x_12 ∈ |0..10|11 []) = 5418
	c_7:	37·(x_1 ∈ |0..10|11 []) + 83·(x_2 ∈ |0..10|11 []) + 94·(x_3 ∈ |0..10|11 []) + 139·(x_4 ∈ |0..10|11 []) + 246·(x_5 ∈ |0..10|11 []) + 227·(x_6 ∈ |0..10|11 []) + 220·(x_7 ∈ |0..10|11 []) + 128·(x_8 ∈ |0..10|11 []) + 82·(x_9 ∈ |0..10|11 []) + 126·(x_10 ∈ |0..10|11 []) + 209·(x_11 ∈ |0..10|11 []) + 238·(x_12 ∈ |0..10|11 []) = 10816
	c_8:	157·(x_1 ∈ |0..10|11 []) + 94·(x_2 ∈ |0..10|11 []) + 18·(x_3 ∈ |0..10|11 []) + 177·(x_4 ∈ |0..10|11 []) + 38·(x_5 ∈ |0..10|11 []) + 241·(x_6 ∈ |0..10|11 []) + 4·(x_7 ∈ |0..10|11 []) + 187·(x_8 ∈ |0..10|11 []) + 173·(x_9 ∈ |0..10|11 []) + 62·(x_10 ∈ |0..10|11 []) + 87·(x_11 ∈ |0..10|11 []) + 54·(x_12 ∈ |0..10|11 []) = 5291
	CSE: ""

CMD timeout 180 minizinc -c --solver ./bin/fzn_picat/picat.msc ./experiments/mbssp-control/aux/2590.picat.mzn --fzn ./experiments/mbssp-control/aux/2590.picat.fzn
Flattening done @0.45236185s
CMD timeout 180 ./bin/fzn_picat/Picat/picat ./bin/fzn_picat/fzn_picat_sat.pi -e ./experiments/mbssp-control/aux/2590.picat.dimacs ./experiments/mbssp-control/aux/2590.picat.fzn
Picat encoding done @0.6004059s
Encoded Picat-SAT in 0.60858214 seconds as 2091/19055/88633

SOLVE T/O Some(60.0)
SOLVE DONE @0.85851496
SOLVE CALL RESULT: Got SAT in 0.85851496s with check None: 
BATCH.SH END 0
