BATCH.SH START ./experiments/mbssp-control/runs:2610 (ulimit --clean)
Start EncodeRecord { instance: Some(Instance { problem: Mbssp { b: 10, n: 8, m: 12, q: 250, instances: 100 }, i: 61, lp: "./experiments/mbssp-control/lps/3/061.lp" }), experiment: Some(Experiment { system: MiniZinc, pb_encoding: Gt, int_encoding: Dir, con_encoding: Include, split_eq: false, model_config: ModelConfig { scm: Add, cutoff: Order, decomposer: Gt, equalize_ternaries: true, add_consistency: false, propagate: None, equalize_uniform_bin_ineqs: false } }), statics: None, pb_statics: None, principal: None, time: None, dimacs: None }
model = 
	c_1:	161·(x_1 ∈ |0..10|11 []) + 158·(x_2 ∈ |0..10|11 []) + 25·(x_3 ∈ |0..10|11 []) + 14·(x_4 ∈ |0..10|11 []) + 188·(x_5 ∈ |0..10|11 []) + 242·(x_6 ∈ |0..10|11 []) + 41·(x_7 ∈ |0..10|11 []) + 106·(x_8 ∈ |0..10|11 []) + 87·(x_9 ∈ |0..10|11 []) + 170·(x_10 ∈ |0..10|11 []) + 247·(x_11 ∈ |0..10|11 []) + 206·(x_12 ∈ |0..10|11 []) = 12264
	c_2:	80·(x_1 ∈ |0..10|11 []) + 108·(x_2 ∈ |0..10|11 []) + 8·(x_3 ∈ |0..10|11 []) + 149·(x_4 ∈ |0..10|11 []) + 160·(x_5 ∈ |0..10|11 []) + 129·(x_6 ∈ |0..10|11 []) + 202·(x_7 ∈ |0..10|11 []) + 153·(x_8 ∈ |0..10|11 []) + 54·(x_9 ∈ |0..10|11 []) + 212·(x_10 ∈ |0..10|11 []) + 215·(x_11 ∈ |0..10|11 []) + 37·(x_12 ∈ |0..10|11 []) = 8729
	c_3:	79·(x_1 ∈ |0..10|11 []) + 94·(x_2 ∈ |0..10|11 []) + 71·(x_3 ∈ |0..10|11 []) + 63·(x_4 ∈ |0..10|11 []) + 233·(x_5 ∈ |0..10|11 []) + 6·(x_6 ∈ |0..10|11 []) + 238·(x_7 ∈ |0..10|11 []) + 19·(x_8 ∈ |0..10|11 []) + 33·(x_9 ∈ |0..10|11 []) + 212·(x_10 ∈ |0..10|11 []) + 95·(x_11 ∈ |0..10|11 []) + 210·(x_12 ∈ |0..10|11 []) = 7849
	c_4:	3·(x_1 ∈ |0..10|11 []) + 157·(x_2 ∈ |0..10|11 []) + 167·(x_3 ∈ |0..10|11 []) + 48·(x_4 ∈ |0..10|11 []) + 219·(x_5 ∈ |0..10|11 []) + 12·(x_6 ∈ |0..10|11 []) + 221·(x_7 ∈ |0..10|11 []) + 139·(x_8 ∈ |0..10|11 []) + 114·(x_9 ∈ |0..10|11 []) + 61·(x_10 ∈ |0..10|11 []) + 240·(x_11 ∈ |0..10|11 []) + 190·(x_12 ∈ |0..10|11 []) = 8658
	c_5:	23·(x_1 ∈ |0..10|11 []) + 170·(x_2 ∈ |0..10|11 []) + 49·(x_3 ∈ |0..10|11 []) + 210·(x_4 ∈ |0..10|11 []) + 86·(x_5 ∈ |0..10|11 []) + 202·(x_6 ∈ |0..10|11 []) + 196·(x_7 ∈ |0..10|11 []) + 242·(x_8 ∈ |0..10|11 []) + 201·(x_9 ∈ |0..10|11 []) + 43·(x_10 ∈ |0..10|11 []) + 224·(x_11 ∈ |0..10|11 []) + 68·(x_12 ∈ |0..10|11 []) = 8858
	c_6:	225·(x_1 ∈ |0..10|11 []) + 49·(x_2 ∈ |0..10|11 []) + 141·(x_3 ∈ |0..10|11 []) + 188·(x_4 ∈ |0..10|11 []) + 33·(x_5 ∈ |0..10|11 []) + 193·(x_6 ∈ |0..10|11 []) + 61·(x_7 ∈ |0..10|11 []) + 58·(x_8 ∈ |0..10|11 []) + 116·(x_9 ∈ |0..10|11 []) + 8·(x_10 ∈ |0..10|11 []) + 31·(x_11 ∈ |0..10|11 []) + 152·(x_12 ∈ |0..10|11 []) = 6579
	c_7:	30·(x_1 ∈ |0..10|11 []) + 219·(x_2 ∈ |0..10|11 []) + 164·(x_3 ∈ |0..10|11 []) + 195·(x_4 ∈ |0..10|11 []) + 15·(x_5 ∈ |0..10|11 []) + 140·(x_6 ∈ |0..10|11 []) + 135·(x_7 ∈ |0..10|11 []) + 42·(x_8 ∈ |0..10|11 []) + 149·(x_9 ∈ |0..10|11 []) + 93·(x_10 ∈ |0..10|11 []) + 211·(x_11 ∈ |0..10|11 []) + 198·(x_12 ∈ |0..10|11 []) = 8501
	c_8:	131·(x_1 ∈ |0..10|11 []) + 81·(x_2 ∈ |0..10|11 []) + 62·(x_3 ∈ |0..10|11 []) + 38·(x_4 ∈ |0..10|11 []) + 148·(x_5 ∈ |0..10|11 []) + 117·(x_6 ∈ |0..10|11 []) + 139·(x_7 ∈ |0..10|11 []) + 142·(x_8 ∈ |0..10|11 []) + 26·(x_9 ∈ |0..10|11 []) + 182·(x_10 ∈ |0..10|11 []) + 108·(x_11 ∈ |0..10|11 []) + 78·(x_12 ∈ |0..10|11 []) = 7660
	CSE: ""

CMD timeout 180 minizinc -c --solver ./bin/fzn_picat/picat.msc ./experiments/mbssp-control/aux/2610.picat.mzn --fzn ./experiments/mbssp-control/aux/2610.picat.fzn
Flattening done @0.52166796s
CMD timeout 179 ./bin/fzn_picat/Picat/picat ./bin/fzn_picat/fzn_picat_sat.pi -e ./experiments/mbssp-control/aux/2610.picat.dimacs ./experiments/mbssp-control/aux/2610.picat.fzn
Picat encoding done @0.66730493s
Encoded Picat-SAT in 0.6749766 seconds as 2210/19621/90294

SOLVE T/O Some(60.0)
SOLVE DONE @2.533627
SOLVE CALL RESULT: Got SAT in 2.533627s with check None: 
BATCH.SH END 0
