BATCH.SH START ./experiments/mbssp-control/runs:2620 (ulimit --clean)
Start EncodeRecord { instance: Some(Instance { problem: Mbssp { b: 10, n: 8, m: 12, q: 250, instances: 100 }, i: 62, lp: "./experiments/mbssp-control/lps/3/062.lp" }), experiment: Some(Experiment { system: MiniZinc, pb_encoding: Gt, int_encoding: Dir, con_encoding: Include, split_eq: false, model_config: ModelConfig { scm: Add, cutoff: Order, decomposer: Gt, equalize_ternaries: true, add_consistency: false, propagate: None, equalize_uniform_bin_ineqs: false } }), statics: None, pb_statics: None, principal: None, time: None, dimacs: None }
model = 
	c_1:	126·(x_1 ∈ |0..10|11 []) + 118·(x_2 ∈ |0..10|11 []) + 87·(x_3 ∈ |0..10|11 []) + 141·(x_4 ∈ |0..10|11 []) + 64·(x_5 ∈ |0..10|11 []) + 185·(x_6 ∈ |0..10|11 []) + 18·(x_7 ∈ |0..10|11 []) + 121·(x_8 ∈ |0..10|11 []) + 65·(x_9 ∈ |0..10|11 []) + 170·(x_10 ∈ |0..10|11 []) + 166·(x_11 ∈ |0..10|11 []) + 53·(x_12 ∈ |0..10|11 []) = 7128
	c_2:	123·(x_1 ∈ |0..10|11 []) + 184·(x_2 ∈ |0..10|11 []) + 140·(x_3 ∈ |0..10|11 []) + 236·(x_4 ∈ |0..10|11 []) + 21·(x_5 ∈ |0..10|11 []) + 153·(x_6 ∈ |0..10|11 []) + 214·(x_7 ∈ |0..10|11 []) + 111·(x_8 ∈ |0..10|11 []) + 56·(x_9 ∈ |0..10|11 []) + 136·(x_10 ∈ |0..10|11 []) + 164·(x_11 ∈ |0..10|11 []) + 15·(x_12 ∈ |0..10|11 []) = 7434
	c_3:	248·(x_1 ∈ |0..10|11 []) + 102·(x_2 ∈ |0..10|11 []) + 3·(x_3 ∈ |0..10|11 []) + 40·(x_4 ∈ |0..10|11 []) + 118·(x_5 ∈ |0..10|11 []) + 79·(x_6 ∈ |0..10|11 []) + 184·(x_7 ∈ |0..10|11 []) + 25·(x_8 ∈ |0..10|11 []) + 176·(x_9 ∈ |0..10|11 []) + 105·(x_10 ∈ |0..10|11 []) + 34·(x_11 ∈ |0..10|11 []) + 249·(x_12 ∈ |0..10|11 []) = 4815
	c_4:	149·(x_1 ∈ |0..10|11 []) + 176·(x_2 ∈ |0..10|11 []) + 174·(x_3 ∈ |0..10|11 []) + 39·(x_4 ∈ |0..10|11 []) + 237·(x_5 ∈ |0..10|11 []) + 130·(x_6 ∈ |0..10|11 []) + 141·(x_7 ∈ |0..10|11 []) + 242·(x_8 ∈ |0..10|11 []) + 123·(x_9 ∈ |0..10|11 []) + 247·(x_10 ∈ |0..10|11 []) + 176·(x_11 ∈ |0..10|11 []) + 119·(x_12 ∈ |0..10|11 []) = 8550
	c_5:	223·(x_1 ∈ |0..10|11 []) + 224·(x_2 ∈ |0..10|11 []) + 204·(x_3 ∈ |0..10|11 []) + 42·(x_4 ∈ |0..10|11 []) + 112·(x_5 ∈ |0..10|11 []) + 154·(x_6 ∈ |0..10|11 []) + 53·(x_7 ∈ |0..10|11 []) + 209·(x_8 ∈ |0..10|11 []) + 190·(x_9 ∈ |0..10|11 []) + 177·(x_10 ∈ |0..10|11 []) + 45·(x_11 ∈ |0..10|11 []) + 237·(x_12 ∈ |0..10|11 []) = 8008
	c_6:	41·(x_1 ∈ |0..10|11 []) + 193·(x_2 ∈ |0..10|11 []) + 157·(x_3 ∈ |0..10|11 []) + 33·(x_4 ∈ |0..10|11 []) + 114·(x_5 ∈ |0..10|11 []) + 128·(x_6 ∈ |0..10|11 []) + 176·(x_7 ∈ |0..10|11 []) + 173·(x_8 ∈ |0..10|11 []) + 30·(x_9 ∈ |0..10|11 []) + 31·(x_10 ∈ |0..10|11 []) + 163·(x_11 ∈ |0..10|11 []) + 233·(x_12 ∈ |0..10|11 []) = 5840
	c_7:	75·(x_1 ∈ |0..10|11 []) + 57·(x_2 ∈ |0..10|11 []) + 45·(x_3 ∈ |0..10|11 []) + 8·(x_4 ∈ |0..10|11 []) + 238·(x_5 ∈ |0..10|11 []) + 95·(x_6 ∈ |0..10|11 []) + 191·(x_7 ∈ |0..10|11 []) + 168·(x_8 ∈ |0..10|11 []) + 87·(x_9 ∈ |0..10|11 []) + 139·(x_10 ∈ |0..10|11 []) + 184·(x_11 ∈ |0..10|11 []) + 127·(x_12 ∈ |0..10|11 []) = 5608
	c_8:	96·(x_1 ∈ |0..10|11 []) + 89·(x_2 ∈ |0..10|11 []) + 144·(x_3 ∈ |0..10|11 []) + 89·(x_4 ∈ |0..10|11 []) + 49·(x_5 ∈ |0..10|11 []) + 173·(x_6 ∈ |0..10|11 []) + 229·(x_7 ∈ |0..10|11 []) + 229·(x_8 ∈ |0..10|11 []) + 153·(x_9 ∈ |0..10|11 []) + 192·(x_10 ∈ |0..10|11 []) + 98·(x_11 ∈ |0..10|11 []) + 32·(x_12 ∈ |0..10|11 []) = 6918
	CSE: ""

CMD timeout 180 minizinc -c --solver ./bin/fzn_picat/picat.msc ./experiments/mbssp-control/aux/2620.picat.mzn --fzn ./experiments/mbssp-control/aux/2620.picat.fzn
Flattening done @0.443923s
CMD timeout 180 ./bin/fzn_picat/Picat/picat ./bin/fzn_picat/fzn_picat_sat.pi -e ./experiments/mbssp-control/aux/2620.picat.dimacs ./experiments/mbssp-control/aux/2620.picat.fzn
Picat encoding done @0.5966095s
Encoded Picat-SAT in 0.6046252 seconds as 2161/19129/88566

SOLVE T/O Some(60.0)
SOLVE DONE @2.031433
SOLVE CALL RESULT: Got SAT in 2.031433s with check None: 
BATCH.SH END 0
