BATCH.SH START ./experiments/mbssp-control/runs:2690 (ulimit --clean)
Start EncodeRecord { instance: Some(Instance { problem: Mbssp { b: 10, n: 8, m: 12, q: 250, instances: 100 }, i: 69, lp: "./experiments/mbssp-control/lps/3/069.lp" }), experiment: Some(Experiment { system: MiniZinc, pb_encoding: Gt, int_encoding: Dir, con_encoding: Include, split_eq: false, model_config: ModelConfig { scm: Add, cutoff: Order, decomposer: Gt, equalize_ternaries: true, add_consistency: false, propagate: None, equalize_uniform_bin_ineqs: false } }), statics: None, pb_statics: None, principal: None, time: None, dimacs: None }
model = 
	c_1:	3·(x_1 ∈ |0..10|11 []) + 243·(x_2 ∈ |0..10|11 []) + 138·(x_3 ∈ |0..10|11 []) + 62·(x_4 ∈ |0..10|11 []) + 107·(x_5 ∈ |0..10|11 []) + 88·(x_6 ∈ |0..10|11 []) + 14·(x_7 ∈ |0..10|11 []) + 249·(x_8 ∈ |0..10|11 []) + 46·(x_9 ∈ |0..10|11 []) + 89·(x_10 ∈ |0..10|11 []) + 107·(x_11 ∈ |0..10|11 []) + 9·(x_12 ∈ |0..10|11 []) = 7351
	c_2:	202·(x_1 ∈ |0..10|11 []) + 122·(x_2 ∈ |0..10|11 []) + 243·(x_3 ∈ |0..10|11 []) + 113·(x_4 ∈ |0..10|11 []) + 223·(x_5 ∈ |0..10|11 []) + 187·(x_6 ∈ |0..10|11 []) + 140·(x_7 ∈ |0..10|11 []) + 156·(x_8 ∈ |0..10|11 []) + 122·(x_9 ∈ |0..10|11 []) + 126·(x_10 ∈ |0..10|11 []) + 250·(x_11 ∈ |0..10|11 []) + 96·(x_12 ∈ |0..10|11 []) = 7539
	c_3:	124·(x_1 ∈ |0..10|11 []) + 157·(x_2 ∈ |0..10|11 []) + 50·(x_3 ∈ |0..10|11 []) + 150·(x_4 ∈ |0..10|11 []) + 121·(x_5 ∈ |0..10|11 []) + 65·(x_6 ∈ |0..10|11 []) + 45·(x_7 ∈ |0..10|11 []) + 47·(x_8 ∈ |0..10|11 []) + 18·(x_9 ∈ |0..10|11 []) + 119·(x_10 ∈ |0..10|11 []) + 151·(x_11 ∈ |0..10|11 []) + 129·(x_12 ∈ |0..10|11 []) = 4316
	c_4:	106·(x_1 ∈ |0..10|11 []) + 132·(x_2 ∈ |0..10|11 []) + 219·(x_3 ∈ |0..10|11 []) + 83·(x_4 ∈ |0..10|11 []) + 195·(x_5 ∈ |0..10|11 []) + 177·(x_6 ∈ |0..10|11 []) + 137·(x_7 ∈ |0..10|11 []) + 135·(x_8 ∈ |0..10|11 []) + 52·(x_9 ∈ |0..10|11 []) + 238·(x_10 ∈ |0..10|11 []) + 172·(x_11 ∈ |0..10|11 []) + 77·(x_12 ∈ |0..10|11 []) = 6967
	c_5:	140·(x_1 ∈ |0..10|11 []) + 78·(x_2 ∈ |0..10|11 []) + 137·(x_3 ∈ |0..10|11 []) + 18·(x_4 ∈ |0..10|11 []) + 170·(x_5 ∈ |0..10|11 []) + 244·(x_6 ∈ |0..10|11 []) + 69·(x_7 ∈ |0..10|11 []) + 59·(x_8 ∈ |0..10|11 []) + 6·(x_9 ∈ |0..10|11 []) + 53·(x_10 ∈ |0..10|11 []) + 204·(x_11 ∈ |0..10|11 []) + 198·(x_12 ∈ |0..10|11 []) = 4627
	c_6:	187·(x_1 ∈ |0..10|11 []) + 121·(x_2 ∈ |0..10|11 []) + 146·(x_3 ∈ |0..10|11 []) + 73·(x_4 ∈ |0..10|11 []) + 163·(x_5 ∈ |0..10|11 []) + 187·(x_6 ∈ |0..10|11 []) + 243·(x_7 ∈ |0..10|11 []) + 82·(x_8 ∈ |0..10|11 []) + 8·(x_9 ∈ |0..10|11 []) + 103·(x_10 ∈ |0..10|11 []) + 145·(x_11 ∈ |0..10|11 []) + 26·(x_12 ∈ |0..10|11 []) = 5170
	c_7:	105·(x_1 ∈ |0..10|11 []) + 104·(x_2 ∈ |0..10|11 []) + 209·(x_3 ∈ |0..10|11 []) + 73·(x_4 ∈ |0..10|11 []) + 237·(x_5 ∈ |0..10|11 []) + 21·(x_6 ∈ |0..10|11 []) + 2·(x_7 ∈ |0..10|11 []) + 233·(x_8 ∈ |0..10|11 []) + 113·(x_9 ∈ |0..10|11 []) + 115·(x_10 ∈ |0..10|11 []) + 238·(x_11 ∈ |0..10|11 []) + 221·(x_12 ∈ |0..10|11 []) = 7304
	c_8:	86·(x_1 ∈ |0..10|11 []) + 205·(x_2 ∈ |0..10|11 []) + 238·(x_3 ∈ |0..10|11 []) + 167·(x_4 ∈ |0..10|11 []) + 139·(x_5 ∈ |0..10|11 []) + 167·(x_6 ∈ |0..10|11 []) + 160·(x_7 ∈ |0..10|11 []) + 148·(x_8 ∈ |0..10|11 []) + 230·(x_9 ∈ |0..10|11 []) + 179·(x_10 ∈ |0..10|11 []) + 118·(x_11 ∈ |0..10|11 []) + 192·(x_12 ∈ |0..10|11 []) = 7818
	CSE: ""

CMD timeout 180 minizinc -c --solver ./bin/fzn_picat/picat.msc ./experiments/mbssp-control/aux/2690.picat.mzn --fzn ./experiments/mbssp-control/aux/2690.picat.fzn
Flattening done @0.61496234s
CMD timeout 179 ./bin/fzn_picat/Picat/picat ./bin/fzn_picat/fzn_picat_sat.pi -e ./experiments/mbssp-control/aux/2690.picat.dimacs ./experiments/mbssp-control/aux/2690.picat.fzn
Picat encoding done @0.7472101s
Encoded Picat-SAT in 0.7553698 seconds as 2164/19963/93133

SOLVE T/O Some(60.0)
SOLVE DONE @2.820517
SOLVE CALL RESULT: Got SAT in 2.820517s with check None: 
BATCH.SH END 0
