BATCH.SH START ./experiments/mbssp-control/runs:2980 (ulimit --clean)
Start EncodeRecord { instance: Some(Instance { problem: Mbssp { b: 10, n: 8, m: 12, q: 250, instances: 100 }, i: 98, lp: "./experiments/mbssp-control/lps/3/098.lp" }), experiment: Some(Experiment { system: MiniZinc, pb_encoding: Gt, int_encoding: Dir, con_encoding: Include, split_eq: false, model_config: ModelConfig { scm: Add, cutoff: Order, decomposer: Gt, equalize_ternaries: true, add_consistency: false, propagate: None, equalize_uniform_bin_ineqs: false } }), statics: None, pb_statics: None, principal: None, time: None, dimacs: None }
model = 
	c_1:	136·(x_1 ∈ |0..10|11 []) + 167·(x_2 ∈ |0..10|11 []) + 30·(x_3 ∈ |0..10|11 []) + 121·(x_4 ∈ |0..10|11 []) + 133·(x_5 ∈ |0..10|11 []) + 167·(x_6 ∈ |0..10|11 []) + 240·(x_7 ∈ |0..10|11 []) + 109·(x_8 ∈ |0..10|11 []) + 145·(x_9 ∈ |0..10|11 []) + 50·(x_10 ∈ |0..10|11 []) + 144·(x_11 ∈ |0..10|11 []) + 223·(x_12 ∈ |0..10|11 []) = 10995
	c_2:	216·(x_1 ∈ |0..10|11 []) + 65·(x_2 ∈ |0..10|11 []) + 86·(x_3 ∈ |0..10|11 []) + 175·(x_4 ∈ |0..10|11 []) + 183·(x_5 ∈ |0..10|11 []) + 213·(x_6 ∈ |0..10|11 []) + 40·(x_7 ∈ |0..10|11 []) + 232·(x_8 ∈ |0..10|11 []) + 249·(x_9 ∈ |0..10|11 []) + 236·(x_10 ∈ |0..10|11 []) + 135·(x_11 ∈ |0..10|11 []) + 131·(x_12 ∈ |0..10|11 []) = 10185
	c_3:	194·(x_1 ∈ |0..10|11 []) + 78·(x_2 ∈ |0..10|11 []) + 175·(x_3 ∈ |0..10|11 []) + 228·(x_4 ∈ |0..10|11 []) + 50·(x_5 ∈ |0..10|11 []) + 31·(x_6 ∈ |0..10|11 []) + 195·(x_7 ∈ |0..10|11 []) + 184·(x_8 ∈ |0..10|11 []) + 146·(x_9 ∈ |0..10|11 []) + 204·(x_10 ∈ |0..10|11 []) + 112·(x_11 ∈ |0..10|11 []) + 86·(x_12 ∈ |0..10|11 []) = 8714
	c_4:	98·(x_1 ∈ |0..10|11 []) + 111·(x_2 ∈ |0..10|11 []) + 206·(x_3 ∈ |0..10|11 []) + 231·(x_4 ∈ |0..10|11 []) + 233·(x_5 ∈ |0..10|11 []) + 129·(x_6 ∈ |0..10|11 []) + 7·(x_7 ∈ |0..10|11 []) + 29·(x_8 ∈ |0..10|11 []) + 7·(x_9 ∈ |0..10|11 []) + 181·(x_10 ∈ |0..10|11 []) + 89·(x_11 ∈ |0..10|11 []) + 158·(x_12 ∈ |0..10|11 []) = 7242
	c_5:	83·(x_1 ∈ |0..10|11 []) + 185·(x_2 ∈ |0..10|11 []) + 88·(x_3 ∈ |0..10|11 []) + 32·(x_4 ∈ |0..10|11 []) + 202·(x_5 ∈ |0..10|11 []) + 211·(x_6 ∈ |0..10|11 []) + 90·(x_7 ∈ |0..10|11 []) + 18·(x_8 ∈ |0..10|11 []) + 54·(x_9 ∈ |0..10|11 []) + 81·(x_10 ∈ |0..10|11 []) + 196·(x_11 ∈ |0..10|11 []) + 50·(x_12 ∈ |0..10|11 []) = 7529
	c_6:	223·(x_1 ∈ |0..10|11 []) + 109·(x_2 ∈ |0..10|11 []) + 20·(x_3 ∈ |0..10|11 []) + 140·(x_4 ∈ |0..10|11 []) + 163·(x_5 ∈ |0..10|11 []) + 143·(x_6 ∈ |0..10|11 []) + 231·(x_7 ∈ |0..10|11 []) + 15·(x_8 ∈ |0..10|11 []) + 182·(x_9 ∈ |0..10|11 []) + 211·(x_10 ∈ |0..10|11 []) + 74·(x_11 ∈ |0..10|11 []) + 210·(x_12 ∈ |0..10|11 []) = 10632
	c_7:	121·(x_1 ∈ |0..10|11 []) + 227·(x_2 ∈ |0..10|11 []) + 93·(x_3 ∈ |0..10|11 []) + 105·(x_4 ∈ |0..10|11 []) + 118·(x_5 ∈ |0..10|11 []) + 235·(x_6 ∈ |0..10|11 []) + 186·(x_7 ∈ |0..10|11 []) + 216·(x_8 ∈ |0..10|11 []) + 119·(x_9 ∈ |0..10|11 []) + 222·(x_10 ∈ |0..10|11 []) + 105·(x_11 ∈ |0..10|11 []) + 199·(x_12 ∈ |0..10|11 []) = 11350
	c_8:	15·(x_1 ∈ |0..10|11 []) + 127·(x_2 ∈ |0..10|11 []) + 148·(x_3 ∈ |0..10|11 []) + 97·(x_4 ∈ |0..10|11 []) + 233·(x_5 ∈ |0..10|11 []) + 193·(x_6 ∈ |0..10|11 []) + 4·(x_7 ∈ |0..10|11 []) + 13·(x_8 ∈ |0..10|11 []) + 83·(x_9 ∈ |0..10|11 []) + 46·(x_10 ∈ |0..10|11 []) + 103·(x_11 ∈ |0..10|11 []) + 74·(x_12 ∈ |0..10|11 []) = 6079
	CSE: ""

CMD timeout 180 minizinc -c --solver ./bin/fzn_picat/picat.msc ./experiments/mbssp-control/aux/2980.picat.mzn --fzn ./experiments/mbssp-control/aux/2980.picat.fzn
Flattening done @0.510265s
CMD timeout 179 ./bin/fzn_picat/Picat/picat ./bin/fzn_picat/fzn_picat_sat.pi -e ./experiments/mbssp-control/aux/2980.picat.dimacs ./experiments/mbssp-control/aux/2980.picat.fzn
Picat encoding done @0.6629017s
Encoded Picat-SAT in 0.67095464 seconds as 2210/20023/92908

SOLVE T/O Some(60.0)
SOLVE DONE @2.6811504
SOLVE CALL RESULT: Got SAT in 2.6811504s with check None: 
BATCH.SH END 0
