BATCH.SH START ./experiments/mbkp/runs:1313 (ulimit --clean)
Start EncodeRecord { instance: Some(Instance { problem: Mbkp { bound: 10, n_: 10, m_: 200, q_: 50, family: 1, s_: 25, seed: 4, fl: "0.4", fu: None, skip_obj: true }, i: 10, lp: "./experiments/mbkp/lps/2/2_02.lp" }), experiment: Some(Experiment { system: Pbc, pb_encoding: Gt, int_encoding: Ord, con_encoding: Include, split_eq: false, model_config: ModelConfig { scm: Dnf, cutoff: Order, decomposer: Gt, equalize_ternaries: true, add_consistency: false, propagate: None, equalize_uniform_bin_ineqs: false } }), statics: None, pb_statics: None, principal: None, time: None, dimacs: None }
model = 
	w1:	32·(x_1 ∈ |0..10|11 []) + 11·(x_2 ∈ |0..10|11 []) + 29·(x_3 ∈ |0..10|11 []) + 43·(x_4 ∈ |0..10|11 []) + 22·(x_5 ∈ |0..10|11 []) + 39·(x_6 ∈ |0..10|11 []) + 23·(x_7 ∈ |0..10|11 []) + 36·(x_8 ∈ |0..10|11 []) + 48·(x_9 ∈ |0..10|11 []) + 8·(x_10 ∈ |0..10|11 []) ≤ 1210
	w2:	10·(x_1 ∈ |0..10|11 []) + 25·(x_2 ∈ |0..10|11 []) + 47·(x_3 ∈ |0..10|11 []) + 22·(x_4 ∈ |0..10|11 []) + 49·(x_5 ∈ |0..10|11 []) + 31·(x_6 ∈ |0..10|11 []) + (x_7 ∈ |0..10|11 []) + 17·(x_8 ∈ |0..10|11 []) + 32·(x_9 ∈ |0..10|11 []) + 3·(x_10 ∈ |0..10|11 []) ≤ 980
	w3:	40·(x_1 ∈ |0..10|11 []) + 21·(x_2 ∈ |0..10|11 []) + 27·(x_3 ∈ |0..10|11 []) + 35·(x_4 ∈ |0..10|11 []) + 41·(x_5 ∈ |0..10|11 []) + 36·(x_6 ∈ |0..10|11 []) + 23·(x_7 ∈ |0..10|11 []) + 46·(x_8 ∈ |0..10|11 []) + 33·(x_9 ∈ |0..10|11 []) + 18·(x_10 ∈ |0..10|11 []) ≤ 1330
	w4:	16·(x_1 ∈ |0..10|11 []) + 2·(x_2 ∈ |0..10|11 []) + 15·(x_3 ∈ |0..10|11 []) + 42·(x_4 ∈ |0..10|11 []) + 43·(x_5 ∈ |0..10|11 []) + 21·(x_6 ∈ |0..10|11 []) + 7·(x_7 ∈ |0..10|11 []) + 47·(x_8 ∈ |0..10|11 []) + 6·(x_9 ∈ |0..10|11 []) + 31·(x_10 ∈ |0..10|11 []) ≤ 950
	w5:	43·(x_1 ∈ |0..10|11 []) + 7·(x_2 ∈ |0..10|11 []) + 35·(x_3 ∈ |0..10|11 []) + 48·(x_4 ∈ |0..10|11 []) + 33·(x_5 ∈ |0..10|11 []) + 46·(x_6 ∈ |0..10|11 []) + 4·(x_7 ∈ |0..10|11 []) + 43·(x_8 ∈ |0..10|11 []) + 7·(x_9 ∈ |0..10|11 []) + 23·(x_10 ∈ |0..10|11 []) ≤ 1200
	w6:	36·(x_1 ∈ |0..10|11 []) + 13·(x_2 ∈ |0..10|11 []) + 49·(x_3 ∈ |0..10|11 []) + 31·(x_4 ∈ |0..10|11 []) + 17·(x_5 ∈ |0..10|11 []) + 41·(x_6 ∈ |0..10|11 []) + 22·(x_7 ∈ |0..10|11 []) + 37·(x_8 ∈ |0..10|11 []) + 46·(x_9 ∈ |0..10|11 []) + 20·(x_10 ∈ |0..10|11 []) ≤ 1290
	w7:	38·(x_1 ∈ |0..10|11 []) + 35·(x_2 ∈ |0..10|11 []) + 18·(x_3 ∈ |0..10|11 []) + 6·(x_4 ∈ |0..10|11 []) + 29·(x_5 ∈ |0..10|11 []) + 41·(x_6 ∈ |0..10|11 []) + 46·(x_7 ∈ |0..10|11 []) + 35·(x_8 ∈ |0..10|11 []) + 28·(x_9 ∈ |0..10|11 []) + 42·(x_10 ∈ |0..10|11 []) ≤ 1320
	w8:	(x_1 ∈ |0..10|11 []) + 32·(x_2 ∈ |0..10|11 []) + 3·(x_3 ∈ |0..10|11 []) + 33·(x_4 ∈ |0..10|11 []) + 27·(x_5 ∈ |0..10|11 []) + 49·(x_6 ∈ |0..10|11 []) + 37·(x_7 ∈ |0..10|11 []) + 41·(x_8 ∈ |0..10|11 []) + 14·(x_9 ∈ |0..10|11 []) + 21·(x_10 ∈ |0..10|11 []) ≤ 1070
	w9:	29·(x_1 ∈ |0..10|11 []) + 21·(x_2 ∈ |0..10|11 []) + 5·(x_3 ∈ |0..10|11 []) + 29·(x_4 ∈ |0..10|11 []) + 9·(x_5 ∈ |0..10|11 []) + 47·(x_6 ∈ |0..10|11 []) + 17·(x_7 ∈ |0..10|11 []) + 41·(x_8 ∈ |0..10|11 []) + 43·(x_9 ∈ |0..10|11 []) + 35·(x_10 ∈ |0..10|11 []) ≤ 1140
	w10:	47·(x_1 ∈ |0..10|11 []) + 18·(x_2 ∈ |0..10|11 []) + 7·(x_3 ∈ |0..10|11 []) + 21·(x_4 ∈ |0..10|11 []) + 8·(x_5 ∈ |0..10|11 []) + 33·(x_6 ∈ |0..10|11 []) + 42·(x_7 ∈ |0..10|11 []) + 40·(x_8 ∈ |0..10|11 []) + 10·(x_9 ∈ |0..10|11 []) + 47·(x_10 ∈ |0..10|11 []) ≤ 1130
	w11:	25·(x_1 ∈ |0..10|11 []) + 17·(x_2 ∈ |0..10|11 []) + 45·(x_3 ∈ |0..10|11 []) + 46·(x_4 ∈ |0..10|11 []) + 44·(x_5 ∈ |0..10|11 []) + 32·(x_6 ∈ |0..10|11 []) + 47·(x_7 ∈ |0..10|11 []) + 30·(x_8 ∈ |0..10|11 []) + 20·(x_9 ∈ |0..10|11 []) + 10·(x_10 ∈ |0..10|11 []) ≤ 1310
	w12:	2·(x_1 ∈ |0..10|11 []) + 15·(x_2 ∈ |0..10|11 []) + 25·(x_3 ∈ |0..10|11 []) + 9·(x_4 ∈ |0..10|11 []) + 37·(x_5 ∈ |0..10|11 []) + 44·(x_6 ∈ |0..10|11 []) + 48·(x_7 ∈ |0..10|11 []) + 19·(x_8 ∈ |0..10|11 []) + 9·(x_9 ∈ |0..10|11 []) + 43·(x_10 ∈ |0..10|11 []) ≤ 1040
	w13:	45·(x_1 ∈ |0..10|11 []) + 8·(x_2 ∈ |0..10|11 []) + 41·(x_3 ∈ |0..10|11 []) + 26·(x_4 ∈ |0..10|11 []) + 33·(x_5 ∈ |0..10|11 []) + 49·(x_6 ∈ |0..10|11 []) + 38·(x_7 ∈ |0..10|11 []) + 34·(x_8 ∈ |0..10|11 []) + 39·(x_9 ∈ |0..10|11 []) + 45·(x_10 ∈ |0..10|11 []) ≤ 1480
	w14:	5·(x_1 ∈ |0..10|11 []) + 8·(x_2 ∈ |0..10|11 []) + 43·(x_3 ∈ |0..10|11 []) + 31·(x_4 ∈ |0..10|11 []) + 47·(x_5 ∈ |0..10|11 []) + 35·(x_6 ∈ |0..10|11 []) + 11·(x_7 ∈ |0..10|11 []) + 49·(x_8 ∈ |0..10|11 []) + 10·(x_9 ∈ |0..10|11 []) + 14·(x_10 ∈ |0..10|11 []) ≤ 1050
	w15:	37·(x_1 ∈ |0..10|11 []) + 20·(x_2 ∈ |0..10|11 []) + 29·(x_3 ∈ |0..10|11 []) + 30·(x_4 ∈ |0..10|11 []) + 44·(x_5 ∈ |0..10|11 []) + 31·(x_6 ∈ |0..10|11 []) + 6·(x_7 ∈ |0..10|11 []) + 6·(x_8 ∈ |0..10|11 []) + 27·(x_9 ∈ |0..10|11 []) + 21·(x_10 ∈ |0..10|11 []) ≤ 1040
	w16:	44·(x_1 ∈ |0..10|11 []) + 14·(x_2 ∈ |0..10|11 []) + 40·(x_3 ∈ |0..10|11 []) + 48·(x_4 ∈ |0..10|11 []) + 11·(x_5 ∈ |0..10|11 []) + 4·(x_6 ∈ |0..10|11 []) + 28·(x_7 ∈ |0..10|11 []) + 6·(x_8 ∈ |0..10|11 []) + 49·(x_9 ∈ |0..10|11 []) + 17·(x_10 ∈ |0..10|11 []) ≤ 1080
	w17:	34·(x_1 ∈ |0..10|11 []) + 37·(x_2 ∈ |0..10|11 []) + (x_3 ∈ |0..10|11 []) + 38·(x_4 ∈ |0..10|11 []) + 26·(x_5 ∈ |0..10|11 []) + 18·(x_6 ∈ |0..10|11 []) + (x_7 ∈ |0..10|11 []) + 7·(x_8 ∈ |0..10|11 []) + 47·(x_9 ∈ |0..10|11 []) + 8·(x_10 ∈ |0..10|11 []) ≤ 900
	w18:	37·(x_1 ∈ |0..10|11 []) + 22·(x_2 ∈ |0..10|11 []) + 14·(x_3 ∈ |0..10|11 []) + 11·(x_4 ∈ |0..10|11 []) + 8·(x_5 ∈ |0..10|11 []) + 7·(x_6 ∈ |0..10|11 []) + 44·(x_7 ∈ |0..10|11 []) + 3·(x_8 ∈ |0..10|11 []) + 5·(x_9 ∈ |0..10|11 []) + 36·(x_10 ∈ |0..10|11 []) ≤ 770
	w19:	14·(x_1 ∈ |0..10|11 []) + (x_2 ∈ |0..10|11 []) + 30·(x_3 ∈ |0..10|11 []) + 10·(x_4 ∈ |0..10|11 []) + 37·(x_5 ∈ |0..10|11 []) + 9·(x_6 ∈ |0..10|11 []) + 14·(x_7 ∈ |0..10|11 []) + 22·(x_8 ∈ |0..10|11 []) + 43·(x_9 ∈ |0..10|11 []) + 47·(x_10 ∈ |0..10|11 []) ≤ 940
	w20:	19·(x_1 ∈ |0..10|11 []) + 5·(x_2 ∈ |0..10|11 []) + 38·(x_3 ∈ |0..10|11 []) + 46·(x_4 ∈ |0..10|11 []) + 20·(x_5 ∈ |0..10|11 []) + 11·(x_6 ∈ |0..10|11 []) + 14·(x_7 ∈ |0..10|11 []) + 10·(x_8 ∈ |0..10|11 []) + 30·(x_9 ∈ |0..10|11 []) + 15·(x_10 ∈ |0..10|11 []) ≤ 860
	w21:	(x_1 ∈ |0..10|11 []) + (x_2 ∈ |0..10|11 []) + 5·(x_3 ∈ |0..10|11 []) + 18·(x_4 ∈ |0..10|11 []) + 11·(x_5 ∈ |0..10|11 []) + 35·(x_6 ∈ |0..10|11 []) + 45·(x_7 ∈ |0..10|11 []) + 7·(x_8 ∈ |0..10|11 []) + 30·(x_9 ∈ |0..10|11 []) + 4·(x_10 ∈ |0..10|11 []) ≤ 650
	w22:	7·(x_1 ∈ |0..10|11 []) + 6·(x_2 ∈ |0..10|11 []) + 43·(x_3 ∈ |0..10|11 []) + 6·(x_4 ∈ |0..10|11 []) + 38·(x_5 ∈ |0..10|11 []) + 28·(x_6 ∈ |0..10|11 []) + 4·(x_7 ∈ |0..10|11 []) + 37·(x_8 ∈ |0..10|11 []) + 8·(x_9 ∈ |0..10|11 []) + 35·(x_10 ∈ |0..10|11 []) ≤ 880
	w23:	8·(x_1 ∈ |0..10|11 []) + 27·(x_2 ∈ |0..10|11 []) + 25·(x_3 ∈ |0..10|11 []) + 36·(x_4 ∈ |0..10|11 []) + 45·(x_5 ∈ |0..10|11 []) + 48·(x_6 ∈ |0..10|11 []) + 42·(x_7 ∈ |0..10|11 []) + 17·(x_8 ∈ |0..10|11 []) + 41·(x_9 ∈ |0..10|11 []) + 14·(x_10 ∈ |0..10|11 []) ≤ 1260
	w24:	30·(x_1 ∈ |0..10|11 []) + 12·(x_2 ∈ |0..10|11 []) + 33·(x_3 ∈ |0..10|11 []) + 44·(x_4 ∈ |0..10|11 []) + 41·(x_5 ∈ |0..10|11 []) + 26·(x_6 ∈ |0..10|11 []) + 27·(x_7 ∈ |0..10|11 []) + 44·(x_8 ∈ |0..10|11 []) + 42·(x_9 ∈ |0..10|11 []) + 8·(x_10 ∈ |0..10|11 []) ≤ 1270
	w25:	9·(x_1 ∈ |0..10|11 []) + 14·(x_2 ∈ |0..10|11 []) + 8·(x_3 ∈ |0..10|11 []) + 3·(x_4 ∈ |0..10|11 []) + 46·(x_5 ∈ |0..10|11 []) + 5·(x_6 ∈ |0..10|11 []) + 34·(x_7 ∈ |0..10|11 []) + 15·(x_8 ∈ |0..10|11 []) + 12·(x_9 ∈ |0..10|11 []) + 31·(x_10 ∈ |0..10|11 []) ≤ 730
	w26:	49·(x_1 ∈ |0..10|11 []) + 6·(x_2 ∈ |0..10|11 []) + 39·(x_3 ∈ |0..10|11 []) + 44·(x_4 ∈ |0..10|11 []) + 48·(x_5 ∈ |0..10|11 []) + 2·(x_6 ∈ |0..10|11 []) + 3·(x_7 ∈ |0..10|11 []) + 16·(x_8 ∈ |0..10|11 []) + 3·(x_9 ∈ |0..10|11 []) + 33·(x_10 ∈ |0..10|11 []) ≤ 1010
	w27:	45·(x_1 ∈ |0..10|11 []) + 42·(x_2 ∈ |0..10|11 []) + 38·(x_3 ∈ |0..10|11 []) + 42·(x_4 ∈ |0..10|11 []) + 10·(x_5 ∈ |0..10|11 []) + 42·(x_6 ∈ |0..10|11 []) + 8·(x_7 ∈ |0..10|11 []) + 27·(x_8 ∈ |0..10|11 []) + 30·(x_9 ∈ |0..10|11 []) + 45·(x_10 ∈ |0..10|11 []) ≤ 1360
	w28:	32·(x_1 ∈ |0..10|11 []) + 7·(x_2 ∈ |0..10|11 []) + 46·(x_3 ∈ |0..10|11 []) + 45·(x_4 ∈ |0..10|11 []) + 26·(x_5 ∈ |0..10|11 []) + 34·(x_6 ∈ |0..10|11 []) + 13·(x_7 ∈ |0..10|11 []) + 40·(x_8 ∈ |0..10|11 []) + 47·(x_9 ∈ |0..10|11 []) + 25·(x_10 ∈ |0..10|11 []) ≤ 1310
	w29:	41·(x_1 ∈ |0..10|11 []) + 23·(x_2 ∈ |0..10|11 []) + 36·(x_3 ∈ |0..10|11 []) + 17·(x_4 ∈ |0..10|11 []) + 34·(x_5 ∈ |0..10|11 []) + 38·(x_6 ∈ |0..10|11 []) + 22·(x_7 ∈ |0..10|11 []) + 2·(x_8 ∈ |0..10|11 []) + 49·(x_9 ∈ |0..10|11 []) + 19·(x_10 ∈ |0..10|11 []) ≤ 1160
	w30:	28·(x_1 ∈ |0..10|11 []) + 40·(x_2 ∈ |0..10|11 []) + 27·(x_3 ∈ |0..10|11 []) + 6·(x_4 ∈ |0..10|11 []) + 14·(x_5 ∈ |0..10|11 []) + 37·(x_6 ∈ |0..10|11 []) + 2·(x_7 ∈ |0..10|11 []) + 11·(x_8 ∈ |0..10|11 []) + 2·(x_9 ∈ |0..10|11 []) + 44·(x_10 ∈ |0..10|11 []) ≤ 870
	w31:	39·(x_1 ∈ |0..10|11 []) + 14·(x_2 ∈ |0..10|11 []) + 37·(x_3 ∈ |0..10|11 []) + 17·(x_4 ∈ |0..10|11 []) + 21·(x_5 ∈ |0..10|11 []) + 25·(x_6 ∈ |0..10|11 []) + 22·(x_7 ∈ |0..10|11 []) + 27·(x_8 ∈ |0..10|11 []) + 39·(x_9 ∈ |0..10|11 []) + 2·(x_10 ∈ |0..10|11 []) ≤ 1010
	w32:	13·(x_1 ∈ |0..10|11 []) + 2·(x_2 ∈ |0..10|11 []) + 30·(x_3 ∈ |0..10|11 []) + 4·(x_4 ∈ |0..10|11 []) + 9·(x_5 ∈ |0..10|11 []) + 7·(x_6 ∈ |0..10|11 []) + 36·(x_7 ∈ |0..10|11 []) + 32·(x_8 ∈ |0..10|11 []) + 39·(x_9 ∈ |0..10|11 []) + 2·(x_10 ∈ |0..10|11 []) ≤ 720
	w33:	41·(x_1 ∈ |0..10|11 []) + 25·(x_2 ∈ |0..10|11 []) + 39·(x_3 ∈ |0..10|11 []) + 3·(x_4 ∈ |0..10|11 []) + 4·(x_5 ∈ |0..10|11 []) + 18·(x_6 ∈ |0..10|11 []) + 26·(x_7 ∈ |0..10|11 []) + 24·(x_8 ∈ |0..10|11 []) + 11·(x_9 ∈ |0..10|11 []) + 12·(x_10 ∈ |0..10|11 []) ≤ 840
	w34:	43·(x_1 ∈ |0..10|11 []) + 10·(x_2 ∈ |0..10|11 []) + 41·(x_3 ∈ |0..10|11 []) + 34·(x_4 ∈ |0..10|11 []) + 18·(x_5 ∈ |0..10|11 []) + 24·(x_6 ∈ |0..10|11 []) + 30·(x_7 ∈ |0..10|11 []) + 17·(x_8 ∈ |0..10|11 []) + 12·(x_9 ∈ |0..10|11 []) + 22·(x_10 ∈ |0..10|11 []) ≤ 1040
	w35:	23·(x_1 ∈ |0..10|11 []) + 26·(x_2 ∈ |0..10|11 []) + 27·(x_3 ∈ |0..10|11 []) + 11·(x_4 ∈ |0..10|11 []) + (x_5 ∈ |0..10|11 []) + 16·(x_6 ∈ |0..10|11 []) + 19·(x_7 ∈ |0..10|11 []) + 49·(x_8 ∈ |0..10|11 []) + 46·(x_9 ∈ |0..10|11 []) + 46·(x_10 ∈ |0..10|11 []) ≤ 1090
	w36:	6·(x_1 ∈ |0..10|11 []) + 19·(x_2 ∈ |0..10|11 []) + 38·(x_3 ∈ |0..10|11 []) + 27·(x_4 ∈ |0..10|11 []) + 9·(x_5 ∈ |0..10|11 []) + 20·(x_6 ∈ |0..10|11 []) + 24·(x_7 ∈ |0..10|11 []) + 9·(x_8 ∈ |0..10|11 []) + 19·(x_9 ∈ |0..10|11 []) + 18·(x_10 ∈ |0..10|11 []) ≤ 780
	w37:	14·(x_1 ∈ |0..10|11 []) + 32·(x_2 ∈ |0..10|11 []) + 39·(x_3 ∈ |0..10|11 []) + 14·(x_4 ∈ |0..10|11 []) + 30·(x_5 ∈ |0..10|11 []) + 2·(x_6 ∈ |0..10|11 []) + 24·(x_7 ∈ |0..10|11 []) + 22·(x_8 ∈ |0..10|11 []) + 38·(x_9 ∈ |0..10|11 []) + 35·(x_10 ∈ |0..10|11 []) ≤ 1040
	w38:	13·(x_1 ∈ |0..10|11 []) + 3·(x_2 ∈ |0..10|11 []) + 13·(x_3 ∈ |0..10|11 []) + 37·(x_4 ∈ |0..10|11 []) + 18·(x_5 ∈ |0..10|11 []) + 42·(x_6 ∈ |0..10|11 []) + 43·(x_7 ∈ |0..10|11 []) + 7·(x_8 ∈ |0..10|11 []) + 39·(x_9 ∈ |0..10|11 []) + 15·(x_10 ∈ |0..10|11 []) ≤ 950
	w39:	16·(x_1 ∈ |0..10|11 []) + 38·(x_2 ∈ |0..10|11 []) + (x_3 ∈ |0..10|11 []) + 29·(x_4 ∈ |0..10|11 []) + (x_5 ∈ |0..10|11 []) + 20·(x_6 ∈ |0..10|11 []) + 16·(x_7 ∈ |0..10|11 []) + 10·(x_8 ∈ |0..10|11 []) + (x_9 ∈ |0..10|11 []) + 17·(x_10 ∈ |0..10|11 []) ≤ 610
	w40:	20·(x_1 ∈ |0..10|11 []) + 26·(x_2 ∈ |0..10|11 []) + 12·(x_3 ∈ |0..10|11 []) + 18·(x_4 ∈ |0..10|11 []) + 49·(x_5 ∈ |0..10|11 []) + 3·(x_6 ∈ |0..10|11 []) + 4·(x_7 ∈ |0..10|11 []) + 43·(x_8 ∈ |0..10|11 []) + 44·(x_9 ∈ |0..10|11 []) + 23·(x_10 ∈ |0..10|11 []) ≤ 1000
	w41:	16·(x_1 ∈ |0..10|11 []) + 20·(x_2 ∈ |0..10|11 []) + 17·(x_3 ∈ |0..10|11 []) + 10·(x_4 ∈ |0..10|11 []) + 36·(x_5 ∈ |0..10|11 []) + 47·(x_6 ∈ |0..10|11 []) + 16·(x_7 ∈ |0..10|11 []) + 30·(x_8 ∈ |0..10|11 []) + 23·(x_9 ∈ |0..10|11 []) + 46·(x_10 ∈ |0..10|11 []) ≤ 1080
	w42:	27·(x_1 ∈ |0..10|11 []) + 17·(x_2 ∈ |0..10|11 []) + 27·(x_3 ∈ |0..10|11 []) + 38·(x_4 ∈ |0..10|11 []) + 11·(x_5 ∈ |0..10|11 []) + 32·(x_6 ∈ |0..10|11 []) + 28·(x_7 ∈ |0..10|11 []) + 47·(x_8 ∈ |0..10|11 []) + 28·(x_9 ∈ |0..10|11 []) + 36·(x_10 ∈ |0..10|11 []) ≤ 1210
	w43:	19·(x_1 ∈ |0..10|11 []) + 27·(x_2 ∈ |0..10|11 []) + 34·(x_3 ∈ |0..10|11 []) + 18·(x_4 ∈ |0..10|11 []) + 11·(x_5 ∈ |0..10|11 []) + 44·(x_6 ∈ |0..10|11 []) + 27·(x_7 ∈ |0..10|11 []) + 16·(x_8 ∈ |0..10|11 []) + 29·(x_9 ∈ |0..10|11 []) + 27·(x_10 ∈ |0..10|11 []) ≤ 1040
	w44:	43·(x_1 ∈ |0..10|11 []) + 3·(x_2 ∈ |0..10|11 []) + 7·(x_3 ∈ |0..10|11 []) + 46·(x_4 ∈ |0..10|11 []) + 25·(x_5 ∈ |0..10|11 []) + 13·(x_6 ∈ |0..10|11 []) + 44·(x_7 ∈ |0..10|11 []) + 17·(x_8 ∈ |0..10|11 []) + 21·(x_9 ∈ |0..10|11 []) + 36·(x_10 ∈ |0..10|11 []) ≤ 1060
	w45:	8·(x_1 ∈ |0..10|11 []) + 37·(x_2 ∈ |0..10|11 []) + 26·(x_3 ∈ |0..10|11 []) + 33·(x_4 ∈ |0..10|11 []) + 8·(x_5 ∈ |0..10|11 []) + 29·(x_6 ∈ |0..10|11 []) + 23·(x_7 ∈ |0..10|11 []) + 20·(x_8 ∈ |0..10|11 []) + 44·(x_9 ∈ |0..10|11 []) + 10·(x_10 ∈ |0..10|11 []) ≤ 990
	w46:	29·(x_1 ∈ |0..10|11 []) + 25·(x_2 ∈ |0..10|11 []) + 10·(x_3 ∈ |0..10|11 []) + 2·(x_4 ∈ |0..10|11 []) + 49·(x_5 ∈ |0..10|11 []) + 14·(x_6 ∈ |0..10|11 []) + 4·(x_7 ∈ |0..10|11 []) + 13·(x_8 ∈ |0..10|11 []) + 21·(x_9 ∈ |0..10|11 []) + 2·(x_10 ∈ |0..10|11 []) ≤ 700
	w47:	21·(x_1 ∈ |0..10|11 []) + 29·(x_2 ∈ |0..10|11 []) + 45·(x_3 ∈ |0..10|11 []) + 10·(x_4 ∈ |0..10|11 []) + 4·(x_5 ∈ |0..10|11 []) + 15·(x_6 ∈ |0..10|11 []) + 15·(x_7 ∈ |0..10|11 []) + 37·(x_8 ∈ |0..10|11 []) + 48·(x_9 ∈ |0..10|11 []) + 38·(x_10 ∈ |0..10|11 []) ≤ 1080
	w48:	48·(x_1 ∈ |0..10|11 []) + 26·(x_2 ∈ |0..10|11 []) + (x_3 ∈ |0..10|11 []) + 24·(x_4 ∈ |0..10|11 []) + 27·(x_5 ∈ |0..10|11 []) + 23·(x_6 ∈ |0..10|11 []) + 9·(x_7 ∈ |0..10|11 []) + 33·(x_8 ∈ |0..10|11 []) + 30·(x_9 ∈ |0..10|11 []) + 34·(x_10 ∈ |0..10|11 []) ≤ 1060
	w49:	41·(x_1 ∈ |0..10|11 []) + 42·(x_2 ∈ |0..10|11 []) + 14·(x_3 ∈ |0..10|11 []) + 29·(x_4 ∈ |0..10|11 []) + 15·(x_5 ∈ |0..10|11 []) + 9·(x_6 ∈ |0..10|11 []) + 18·(x_7 ∈ |0..10|11 []) + 18·(x_8 ∈ |0..10|11 []) + 7·(x_9 ∈ |0..10|11 []) + 33·(x_10 ∈ |0..10|11 []) ≤ 940
	w50:	40·(x_1 ∈ |0..10|11 []) + 40·(x_2 ∈ |0..10|11 []) + 38·(x_3 ∈ |0..10|11 []) + 44·(x_4 ∈ |0..10|11 []) + 41·(x_5 ∈ |0..10|11 []) + 12·(x_6 ∈ |0..10|11 []) + (x_7 ∈ |0..10|11 []) + 41·(x_8 ∈ |0..10|11 []) + 32·(x_9 ∈ |0..10|11 []) + 44·(x_10 ∈ |0..10|11 []) ≤ 1380
	w51:	24·(x_1 ∈ |0..10|11 []) + 15·(x_2 ∈ |0..10|11 []) + 4·(x_3 ∈ |0..10|11 []) + 30·(x_4 ∈ |0..10|11 []) + 16·(x_5 ∈ |0..10|11 []) + 5·(x_6 ∈ |0..10|11 []) + 41·(x_7 ∈ |0..10|11 []) + 29·(x_8 ∈ |0..10|11 []) + 34·(x_9 ∈ |0..10|11 []) + 8·(x_10 ∈ |0..10|11 []) ≤ 850
	w52:	39·(x_1 ∈ |0..10|11 []) + 33·(x_2 ∈ |0..10|11 []) + 47·(x_3 ∈ |0..10|11 []) + 38·(x_4 ∈ |0..10|11 []) + 39·(x_5 ∈ |0..10|11 []) + 27·(x_6 ∈ |0..10|11 []) + 25·(x_7 ∈ |0..10|11 []) + 46·(x_8 ∈ |0..10|11 []) + 37·(x_9 ∈ |0..10|11 []) + 11·(x_10 ∈ |0..10|11 []) ≤ 1420
	w53:	12·(x_1 ∈ |0..10|11 []) + 47·(x_2 ∈ |0..10|11 []) + 27·(x_3 ∈ |0..10|11 []) + 27·(x_4 ∈ |0..10|11 []) + 39·(x_5 ∈ |0..10|11 []) + 23·(x_6 ∈ |0..10|11 []) + 47·(x_7 ∈ |0..10|11 []) + 18·(x_8 ∈ |0..10|11 []) + 26·(x_9 ∈ |0..10|11 []) + 32·(x_10 ∈ |0..10|11 []) ≤ 1230
	w54:	25·(x_1 ∈ |0..10|11 []) + 37·(x_2 ∈ |0..10|11 []) + 17·(x_3 ∈ |0..10|11 []) + 38·(x_4 ∈ |0..10|11 []) + 9·(x_5 ∈ |0..10|11 []) + 45·(x_6 ∈ |0..10|11 []) + 27·(x_7 ∈ |0..10|11 []) + 7·(x_8 ∈ |0..10|11 []) + 6·(x_9 ∈ |0..10|11 []) + 22·(x_10 ∈ |0..10|11 []) ≤ 960
	w55:	4·(x_1 ∈ |0..10|11 []) + 22·(x_2 ∈ |0..10|11 []) + 34·(x_3 ∈ |0..10|11 []) + 41·(x_4 ∈ |0..10|11 []) + 46·(x_5 ∈ |0..10|11 []) + 16·(x_6 ∈ |0..10|11 []) + 48·(x_7 ∈ |0..10|11 []) + 31·(x_8 ∈ |0..10|11 []) + 49·(x_9 ∈ |0..10|11 []) + 27·(x_10 ∈ |0..10|11 []) ≤ 1320
	w56:	5·(x_1 ∈ |0..10|11 []) + 25·(x_2 ∈ |0..10|11 []) + 11·(x_3 ∈ |0..10|11 []) + 28·(x_4 ∈ |0..10|11 []) + 44·(x_5 ∈ |0..10|11 []) + 13·(x_6 ∈ |0..10|11 []) + 5·(x_7 ∈ |0..10|11 []) + 5·(x_8 ∈ |0..10|11 []) + 9·(x_9 ∈ |0..10|11 []) + 26·(x_10 ∈ |0..10|11 []) ≤ 710
	w57:	16·(x_1 ∈ |0..10|11 []) + 9·(x_2 ∈ |0..10|11 []) + 25·(x_3 ∈ |0..10|11 []) + 4·(x_4 ∈ |0..10|11 []) + 11·(x_5 ∈ |0..10|11 []) + 41·(x_6 ∈ |0..10|11 []) + 31·(x_7 ∈ |0..10|11 []) + 13·(x_8 ∈ |0..10|11 []) + 42·(x_9 ∈ |0..10|11 []) + 33·(x_10 ∈ |0..10|11 []) ≤ 930
	w58:	2·(x_1 ∈ |0..10|11 []) + 19·(x_2 ∈ |0..10|11 []) + 20·(x_3 ∈ |0..10|11 []) + 33·(x_4 ∈ |0..10|11 []) + 29·(x_5 ∈ |0..10|11 []) + 28·(x_6 ∈ |0..10|11 []) + 10·(x_7 ∈ |0..10|11 []) + 31·(x_8 ∈ |0..10|11 []) + 32·(x_9 ∈ |0..10|11 []) + 42·(x_10 ∈ |0..10|11 []) ≤ 1020
	w59:	13·(x_1 ∈ |0..10|11 []) + 30·(x_2 ∈ |0..10|11 []) + 2·(x_3 ∈ |0..10|11 []) + 42·(x_4 ∈ |0..10|11 []) + 27·(x_5 ∈ |0..10|11 []) + 8·(x_6 ∈ |0..10|11 []) + 45·(x_7 ∈ |0..10|11 []) + 7·(x_8 ∈ |0..10|11 []) + 17·(x_9 ∈ |0..10|11 []) + 25·(x_10 ∈ |0..10|11 []) ≤ 890
	w60:	20·(x_1 ∈ |0..10|11 []) + 12·(x_2 ∈ |0..10|11 []) + 16·(x_3 ∈ |0..10|11 []) + 41·(x_4 ∈ |0..10|11 []) + 41·(x_5 ∈ |0..10|11 []) + 13·(x_6 ∈ |0..10|11 []) + 14·(x_7 ∈ |0..10|11 []) + 33·(x_8 ∈ |0..10|11 []) + 15·(x_9 ∈ |0..10|11 []) + 39·(x_10 ∈ |0..10|11 []) ≤ 1010
	w61:	20·(x_1 ∈ |0..10|11 []) + 32·(x_2 ∈ |0..10|11 []) + 4·(x_3 ∈ |0..10|11 []) + 8·(x_4 ∈ |0..10|11 []) + 23·(x_5 ∈ |0..10|11 []) + 32·(x_6 ∈ |0..10|11 []) + 24·(x_7 ∈ |0..10|11 []) + 34·(x_8 ∈ |0..10|11 []) + 34·(x_9 ∈ |0..10|11 []) + 40·(x_10 ∈ |0..10|11 []) ≤ 1040
	w62:	32·(x_1 ∈ |0..10|11 []) + 33·(x_2 ∈ |0..10|11 []) + 3·(x_3 ∈ |0..10|11 []) + 2·(x_4 ∈ |0..10|11 []) + 4·(x_5 ∈ |0..10|11 []) + 16·(x_6 ∈ |0..10|11 []) + 47·(x_7 ∈ |0..10|11 []) + 18·(x_8 ∈ |0..10|11 []) + 12·(x_9 ∈ |0..10|11 []) + 2·(x_10 ∈ |0..10|11 []) ≤ 700
	w63:	16·(x_1 ∈ |0..10|11 []) + 3·(x_2 ∈ |0..10|11 []) + 25·(x_3 ∈ |0..10|11 []) + 39·(x_4 ∈ |0..10|11 []) + 4·(x_5 ∈ |0..10|11 []) + 27·(x_6 ∈ |0..10|11 []) + 27·(x_7 ∈ |0..10|11 []) + (x_8 ∈ |0..10|11 []) + 35·(x_9 ∈ |0..10|11 []) + 45·(x_10 ∈ |0..10|11 []) ≤ 920
	w64:	43·(x_1 ∈ |0..10|11 []) + 49·(x_2 ∈ |0..10|11 []) + 24·(x_3 ∈ |0..10|11 []) + 11·(x_4 ∈ |0..10|11 []) + 5·(x_5 ∈ |0..10|11 []) + 48·(x_6 ∈ |0..10|11 []) + 14·(x_7 ∈ |0..10|11 []) + 44·(x_8 ∈ |0..10|11 []) + (x_9 ∈ |0..10|11 []) + 23·(x_10 ∈ |0..10|11 []) ≤ 1080
	w65:	8·(x_1 ∈ |0..10|11 []) + 29·(x_2 ∈ |0..10|11 []) + 12·(x_3 ∈ |0..10|11 []) + 6·(x_4 ∈ |0..10|11 []) + 27·(x_5 ∈ |0..10|11 []) + (x_6 ∈ |0..10|11 []) + 41·(x_7 ∈ |0..10|11 []) + 3·(x_8 ∈ |0..10|11 []) + 5·(x_9 ∈ |0..10|11 []) + 41·(x_10 ∈ |0..10|11 []) ≤ 710
	w66:	26·(x_1 ∈ |0..10|11 []) + 47·(x_2 ∈ |0..10|11 []) + 30·(x_3 ∈ |0..10|11 []) + 17·(x_4 ∈ |0..10|11 []) + 33·(x_5 ∈ |0..10|11 []) + 8·(x_6 ∈ |0..10|11 []) + 48·(x_7 ∈ |0..10|11 []) + 2·(x_8 ∈ |0..10|11 []) + 31·(x_9 ∈ |0..10|11 []) + 45·(x_10 ∈ |0..10|11 []) ≤ 1190
	w67:	24·(x_1 ∈ |0..10|11 []) + 6·(x_2 ∈ |0..10|11 []) + 24·(x_3 ∈ |0..10|11 []) + 16·(x_4 ∈ |0..10|11 []) + 3·(x_5 ∈ |0..10|11 []) + 19·(x_6 ∈ |0..10|11 []) + 41·(x_7 ∈ |0..10|11 []) + (x_8 ∈ |0..10|11 []) + 33·(x_9 ∈ |0..10|11 []) + 29·(x_10 ∈ |0..10|11 []) ≤ 810
	w68:	26·(x_1 ∈ |0..10|11 []) + 14·(x_2 ∈ |0..10|11 []) + 29·(x_3 ∈ |0..10|11 []) + 19·(x_4 ∈ |0..10|11 []) + 49·(x_5 ∈ |0..10|11 []) + 23·(x_6 ∈ |0..10|11 []) + 13·(x_7 ∈ |0..10|11 []) + 16·(x_8 ∈ |0..10|11 []) + 10·(x_9 ∈ |0..10|11 []) + 8·(x_10 ∈ |0..10|11 []) ≤ 860
	w69:	19·(x_1 ∈ |0..10|11 []) + 32·(x_2 ∈ |0..10|11 []) + 35·(x_3 ∈ |0..10|11 []) + 4·(x_4 ∈ |0..10|11 []) + 35·(x_5 ∈ |0..10|11 []) + 17·(x_6 ∈ |0..10|11 []) + 41·(x_7 ∈ |0..10|11 []) + 46·(x_8 ∈ |0..10|11 []) + 24·(x_9 ∈ |0..10|11 []) + (x_10 ∈ |0..10|11 []) ≤ 1050
	w70:	17·(x_1 ∈ |0..10|11 []) + 29·(x_2 ∈ |0..10|11 []) + 42·(x_3 ∈ |0..10|11 []) + 22·(x_4 ∈ |0..10|11 []) + 42·(x_5 ∈ |0..10|11 []) + 18·(x_6 ∈ |0..10|11 []) + 12·(x_7 ∈ |0..10|11 []) + 44·(x_8 ∈ |0..10|11 []) + 26·(x_9 ∈ |0..10|11 []) + 40·(x_10 ∈ |0..10|11 []) ≤ 1210
	w71:	11·(x_1 ∈ |0..10|11 []) + 14·(x_2 ∈ |0..10|11 []) + 28·(x_3 ∈ |0..10|11 []) + 3·(x_4 ∈ |0..10|11 []) + 29·(x_5 ∈ |0..10|11 []) + 31·(x_6 ∈ |0..10|11 []) + 18·(x_7 ∈ |0..10|11 []) + 48·(x_8 ∈ |0..10|11 []) + 46·(x_9 ∈ |0..10|11 []) + 38·(x_10 ∈ |0..10|11 []) ≤ 1100
	w72:	4·(x_1 ∈ |0..10|11 []) + 22·(x_2 ∈ |0..10|11 []) + 29·(x_3 ∈ |0..10|11 []) + 8·(x_4 ∈ |0..10|11 []) + 15·(x_5 ∈ |0..10|11 []) + 15·(x_6 ∈ |0..10|11 []) + 43·(x_7 ∈ |0..10|11 []) + 25·(x_8 ∈ |0..10|11 []) + 33·(x_9 ∈ |0..10|11 []) + 17·(x_10 ∈ |0..10|11 []) ≤ 870
	w73:	25·(x_1 ∈ |0..10|11 []) + 31·(x_2 ∈ |0..10|11 []) + 5·(x_3 ∈ |0..10|11 []) + 41·(x_4 ∈ |0..10|11 []) + 20·(x_5 ∈ |0..10|11 []) + 22·(x_6 ∈ |0..10|11 []) + 49·(x_7 ∈ |0..10|11 []) + 38·(x_8 ∈ |0..10|11 []) + 39·(x_9 ∈ |0..10|11 []) + 40·(x_10 ∈ |0..10|11 []) ≤ 1280
	w74:	38·(x_1 ∈ |0..10|11 []) + 43·(x_2 ∈ |0..10|11 []) + 27·(x_3 ∈ |0..10|11 []) + 12·(x_4 ∈ |0..10|11 []) + 23·(x_5 ∈ |0..10|11 []) + 13·(x_6 ∈ |0..10|11 []) + 30·(x_7 ∈ |0..10|11 []) + 6·(x_8 ∈ |0..10|11 []) + 48·(x_9 ∈ |0..10|11 []) + 29·(x_10 ∈ |0..10|11 []) ≤ 1110
	w75:	(x_1 ∈ |0..10|11 []) + 30·(x_2 ∈ |0..10|11 []) + 7·(x_3 ∈ |0..10|11 []) + 43·(x_4 ∈ |0..10|11 []) + 34·(x_5 ∈ |0..10|11 []) + 26·(x_6 ∈ |0..10|11 []) + 28·(x_7 ∈ |0..10|11 []) + 46·(x_8 ∈ |0..10|11 []) + 25·(x_9 ∈ |0..10|11 []) + 6·(x_10 ∈ |0..10|11 []) ≤ 1020
	w76:	27·(x_1 ∈ |0..10|11 []) + 7·(x_2 ∈ |0..10|11 []) + 25·(x_3 ∈ |0..10|11 []) + 3·(x_4 ∈ |0..10|11 []) + 35·(x_5 ∈ |0..10|11 []) + 9·(x_6 ∈ |0..10|11 []) + 12·(x_7 ∈ |0..10|11 []) + 10·(x_8 ∈ |0..10|11 []) + 35·(x_9 ∈ |0..10|11 []) + 11·(x_10 ∈ |0..10|11 []) ≤ 720
	w77:	49·(x_1 ∈ |0..10|11 []) + 33·(x_2 ∈ |0..10|11 []) + 35·(x_3 ∈ |0..10|11 []) + 7·(x_4 ∈ |0..10|11 []) + 49·(x_5 ∈ |0..10|11 []) + 27·(x_6 ∈ |0..10|11 []) + 20·(x_7 ∈ |0..10|11 []) + 17·(x_8 ∈ |0..10|11 []) + 27·(x_9 ∈ |0..10|11 []) + 30·(x_10 ∈ |0..10|11 []) ≤ 1220
	w78:	21·(x_1 ∈ |0..10|11 []) + 11·(x_2 ∈ |0..10|11 []) + 18·(x_3 ∈ |0..10|11 []) + 7·(x_4 ∈ |0..10|11 []) + 32·(x_5 ∈ |0..10|11 []) + 19·(x_6 ∈ |0..10|11 []) + 19·(x_7 ∈ |0..10|11 []) + 10·(x_8 ∈ |0..10|11 []) + 18·(x_9 ∈ |0..10|11 []) + 8·(x_10 ∈ |0..10|11 []) ≤ 670
	w79:	18·(x_1 ∈ |0..10|11 []) + 44·(x_2 ∈ |0..10|11 []) + 14·(x_3 ∈ |0..10|11 []) + 35·(x_4 ∈ |0..10|11 []) + 17·(x_5 ∈ |0..10|11 []) + (x_6 ∈ |0..10|11 []) + 29·(x_7 ∈ |0..10|11 []) + 31·(x_8 ∈ |0..10|11 []) + 41·(x_9 ∈ |0..10|11 []) + 18·(x_10 ∈ |0..10|11 []) ≤ 1030
	w80:	20·(x_1 ∈ |0..10|11 []) + 26·(x_2 ∈ |0..10|11 []) + 28·(x_3 ∈ |0..10|11 []) + 20·(x_4 ∈ |0..10|11 []) + 40·(x_5 ∈ |0..10|11 []) + 20·(x_6 ∈ |0..10|11 []) + 20·(x_7 ∈ |0..10|11 []) + 9·(x_8 ∈ |0..10|11 []) + 27·(x_9 ∈ |0..10|11 []) + 31·(x_10 ∈ |0..10|11 []) ≤ 1000
	w81:	35·(x_1 ∈ |0..10|11 []) + 36·(x_2 ∈ |0..10|11 []) + 19·(x_3 ∈ |0..10|11 []) + 24·(x_4 ∈ |0..10|11 []) + 39·(x_5 ∈ |0..10|11 []) + 47·(x_6 ∈ |0..10|11 []) + 29·(x_7 ∈ |0..10|11 []) + 21·(x_8 ∈ |0..10|11 []) + 6·(x_9 ∈ |0..10|11 []) + 37·(x_10 ∈ |0..10|11 []) ≤ 1210
	w82:	14·(x_1 ∈ |0..10|11 []) + 5·(x_2 ∈ |0..10|11 []) + 11·(x_3 ∈ |0..10|11 []) + 30·(x_4 ∈ |0..10|11 []) + 37·(x_5 ∈ |0..10|11 []) + 23·(x_6 ∈ |0..10|11 []) + 28·(x_7 ∈ |0..10|11 []) + 39·(x_8 ∈ |0..10|11 []) + 11·(x_9 ∈ |0..10|11 []) + 4·(x_10 ∈ |0..10|11 []) ≤ 840
	w83:	45·(x_1 ∈ |0..10|11 []) + 2·(x_2 ∈ |0..10|11 []) + 3·(x_3 ∈ |0..10|11 []) + 40·(x_4 ∈ |0..10|11 []) + 5·(x_5 ∈ |0..10|11 []) + 42·(x_6 ∈ |0..10|11 []) + 3·(x_7 ∈ |0..10|11 []) + 20·(x_8 ∈ |0..10|11 []) + 23·(x_9 ∈ |0..10|11 []) + 8·(x_10 ∈ |0..10|11 []) ≤ 790
	w84:	33·(x_1 ∈ |0..10|11 []) + 20·(x_2 ∈ |0..10|11 []) + 41·(x_3 ∈ |0..10|11 []) + 45·(x_4 ∈ |0..10|11 []) + 19·(x_5 ∈ |0..10|11 []) + 3·(x_6 ∈ |0..10|11 []) + 18·(x_7 ∈ |0..10|11 []) + 30·(x_8 ∈ |0..10|11 []) + (x_9 ∈ |0..10|11 []) + 9·(x_10 ∈ |0..10|11 []) ≤ 910
	w85:	24·(x_1 ∈ |0..10|11 []) + 11·(x_2 ∈ |0..10|11 []) + 26·(x_3 ∈ |0..10|11 []) + 41·(x_4 ∈ |0..10|11 []) + 16·(x_5 ∈ |0..10|11 []) + 33·(x_6 ∈ |0..10|11 []) + 15·(x_7 ∈ |0..10|11 []) + 35·(x_8 ∈ |0..10|11 []) + 17·(x_9 ∈ |0..10|11 []) + 9·(x_10 ∈ |0..10|11 []) ≤ 940
	w86:	25·(x_1 ∈ |0..10|11 []) + 48·(x_2 ∈ |0..10|11 []) + 42·(x_3 ∈ |0..10|11 []) + 39·(x_4 ∈ |0..10|11 []) + 13·(x_5 ∈ |0..10|11 []) + 11·(x_6 ∈ |0..10|11 []) + 9·(x_7 ∈ |0..10|11 []) + 38·(x_8 ∈ |0..10|11 []) + 41·(x_9 ∈ |0..10|11 []) + 19·(x_10 ∈ |0..10|11 []) ≤ 1180
	w87:	47·(x_1 ∈ |0..10|11 []) + 21·(x_2 ∈ |0..10|11 []) + 27·(x_3 ∈ |0..10|11 []) + 31·(x_4 ∈ |0..10|11 []) + 41·(x_5 ∈ |0..10|11 []) + 8·(x_6 ∈ |0..10|11 []) + 28·(x_7 ∈ |0..10|11 []) + 48·(x_8 ∈ |0..10|11 []) + 49·(x_9 ∈ |0..10|11 []) + 29·(x_10 ∈ |0..10|11 []) ≤ 1360
	w88:	42·(x_1 ∈ |0..10|11 []) + 10·(x_2 ∈ |0..10|11 []) + 9·(x_3 ∈ |0..10|11 []) + 24·(x_4 ∈ |0..10|11 []) + 39·(x_5 ∈ |0..10|11 []) + 16·(x_6 ∈ |0..10|11 []) + 41·(x_7 ∈ |0..10|11 []) + 32·(x_8 ∈ |0..10|11 []) + 17·(x_9 ∈ |0..10|11 []) + 45·(x_10 ∈ |0..10|11 []) ≤ 1140
	w89:	13·(x_1 ∈ |0..10|11 []) + 40·(x_2 ∈ |0..10|11 []) + 33·(x_3 ∈ |0..10|11 []) + 14·(x_4 ∈ |0..10|11 []) + 3·(x_5 ∈ |0..10|11 []) + 2·(x_6 ∈ |0..10|11 []) + 2·(x_7 ∈ |0..10|11 []) + 48·(x_8 ∈ |0..10|11 []) + 40·(x_9 ∈ |0..10|11 []) + 7·(x_10 ∈ |0..10|11 []) ≤ 840
	w90:	33·(x_1 ∈ |0..10|11 []) + 9·(x_2 ∈ |0..10|11 []) + 48·(x_3 ∈ |0..10|11 []) + 29·(x_4 ∈ |0..10|11 []) + 41·(x_5 ∈ |0..10|11 []) + 13·(x_6 ∈ |0..10|11 []) + (x_7 ∈ |0..10|11 []) + 18·(x_8 ∈ |0..10|11 []) + 4·(x_9 ∈ |0..10|11 []) + 36·(x_10 ∈ |0..10|11 []) ≤ 960
	w91:	31·(x_1 ∈ |0..10|11 []) + 29·(x_2 ∈ |0..10|11 []) + 38·(x_3 ∈ |0..10|11 []) + 29·(x_4 ∈ |0..10|11 []) + 21·(x_5 ∈ |0..10|11 []) + 22·(x_6 ∈ |0..10|11 []) + 19·(x_7 ∈ |0..10|11 []) + 6·(x_8 ∈ |0..10|11 []) + 7·(x_9 ∈ |0..10|11 []) + 10·(x_10 ∈ |0..10|11 []) ≤ 880
	w92:	6·(x_1 ∈ |0..10|11 []) + 15·(x_2 ∈ |0..10|11 []) + 39·(x_3 ∈ |0..10|11 []) + 49·(x_4 ∈ |0..10|11 []) + 49·(x_5 ∈ |0..10|11 []) + 28·(x_6 ∈ |0..10|11 []) + 42·(x_7 ∈ |0..10|11 []) + 16·(x_8 ∈ |0..10|11 []) + (x_9 ∈ |0..10|11 []) + 35·(x_10 ∈ |0..10|11 []) ≤ 1160
	w93:	31·(x_1 ∈ |0..10|11 []) + 48·(x_2 ∈ |0..10|11 []) + 35·(x_3 ∈ |0..10|11 []) + 28·(x_4 ∈ |0..10|11 []) + 40·(x_5 ∈ |0..10|11 []) + 26·(x_6 ∈ |0..10|11 []) + 16·(x_7 ∈ |0..10|11 []) + 38·(x_8 ∈ |0..10|11 []) + 41·(x_9 ∈ |0..10|11 []) + 44·(x_10 ∈ |0..10|11 []) ≤ 1440
	w94:	47·(x_1 ∈ |0..10|11 []) + 22·(x_2 ∈ |0..10|11 []) + 18·(x_3 ∈ |0..10|11 []) + 37·(x_4 ∈ |0..10|11 []) + 34·(x_5 ∈ |0..10|11 []) + (x_6 ∈ |0..10|11 []) + 28·(x_7 ∈ |0..10|11 []) + 17·(x_8 ∈ |0..10|11 []) + 13·(x_9 ∈ |0..10|11 []) + 15·(x_10 ∈ |0..10|11 []) ≤ 960
	w95:	48·(x_1 ∈ |0..10|11 []) + 11·(x_2 ∈ |0..10|11 []) + 10·(x_3 ∈ |0..10|11 []) + 10·(x_4 ∈ |0..10|11 []) + 38·(x_5 ∈ |0..10|11 []) + 33·(x_6 ∈ |0..10|11 []) + (x_7 ∈ |0..10|11 []) + 27·(x_8 ∈ |0..10|11 []) + 41·(x_9 ∈ |0..10|11 []) + 22·(x_10 ∈ |0..10|11 []) ≤ 1000
	w96:	27·(x_1 ∈ |0..10|11 []) + (x_2 ∈ |0..10|11 []) + 35·(x_3 ∈ |0..10|11 []) + 23·(x_4 ∈ |0..10|11 []) + 6·(x_5 ∈ |0..10|11 []) + 22·(x_6 ∈ |0..10|11 []) + 16·(x_7 ∈ |0..10|11 []) + 44·(x_8 ∈ |0..10|11 []) + 21·(x_9 ∈ |0..10|11 []) + 16·(x_10 ∈ |0..10|11 []) ≤ 870
	w97:	12·(x_1 ∈ |0..10|11 []) + 38·(x_2 ∈ |0..10|11 []) + 28·(x_3 ∈ |0..10|11 []) + 21·(x_4 ∈ |0..10|11 []) + 34·(x_5 ∈ |0..10|11 []) + (x_6 ∈ |0..10|11 []) + 38·(x_7 ∈ |0..10|11 []) + 29·(x_8 ∈ |0..10|11 []) + 13·(x_9 ∈ |0..10|11 []) + 14·(x_10 ∈ |0..10|11 []) ≤ 940
	w98:	34·(x_1 ∈ |0..10|11 []) + 43·(x_2 ∈ |0..10|11 []) + 38·(x_3 ∈ |0..10|11 []) + 47·(x_4 ∈ |0..10|11 []) + 3·(x_5 ∈ |0..10|11 []) + 13·(x_6 ∈ |0..10|11 []) + 33·(x_7 ∈ |0..10|11 []) + 44·(x_8 ∈ |0..10|11 []) + 21·(x_9 ∈ |0..10|11 []) + 41·(x_10 ∈ |0..10|11 []) ≤ 1310
	w99:	33·(x_1 ∈ |0..10|11 []) + 26·(x_2 ∈ |0..10|11 []) + 2·(x_3 ∈ |0..10|11 []) + 35·(x_4 ∈ |0..10|11 []) + 32·(x_5 ∈ |0..10|11 []) + 47·(x_6 ∈ |0..10|11 []) + 7·(x_7 ∈ |0..10|11 []) + 28·(x_8 ∈ |0..10|11 []) + 49·(x_9 ∈ |0..10|11 []) + 24·(x_10 ∈ |0..10|11 []) ≤ 1170
	w100:	26·(x_1 ∈ |0..10|11 []) + 49·(x_2 ∈ |0..10|11 []) + 44·(x_3 ∈ |0..10|11 []) + 32·(x_4 ∈ |0..10|11 []) + 43·(x_5 ∈ |0..10|11 []) + 4·(x_6 ∈ |0..10|11 []) + 20·(x_7 ∈ |0..10|11 []) + 7·(x_8 ∈ |0..10|11 []) + 46·(x_9 ∈ |0..10|11 []) + 32·(x_10 ∈ |0..10|11 []) ≤ 1260
	w101:	31·(x_1 ∈ |0..10|11 []) + 26·(x_2 ∈ |0..10|11 []) + 8·(x_3 ∈ |0..10|11 []) + (x_4 ∈ |0..10|11 []) + 49·(x_5 ∈ |0..10|11 []) + 32·(x_6 ∈ |0..10|11 []) + (x_7 ∈ |0..10|11 []) + 43·(x_8 ∈ |0..10|11 []) + 38·(x_9 ∈ |0..10|11 []) + 40·(x_10 ∈ |0..10|11 []) ≤ 1110
	w102:	17·(x_1 ∈ |0..10|11 []) + 23·(x_2 ∈ |0..10|11 []) + 45·(x_3 ∈ |0..10|11 []) + 13·(x_4 ∈ |0..10|11 []) + 42·(x_5 ∈ |0..10|11 []) + (x_6 ∈ |0..10|11 []) + 14·(x_7 ∈ |0..10|11 []) + 20·(x_8 ∈ |0..10|11 []) + 35·(x_9 ∈ |0..10|11 []) + 40·(x_10 ∈ |0..10|11 []) ≤ 1040
	w103:	48·(x_1 ∈ |0..10|11 []) + 36·(x_2 ∈ |0..10|11 []) + 4·(x_3 ∈ |0..10|11 []) + 35·(x_4 ∈ |0..10|11 []) + 34·(x_5 ∈ |0..10|11 []) + 27·(x_6 ∈ |0..10|11 []) + 35·(x_7 ∈ |0..10|11 []) + 45·(x_8 ∈ |0..10|11 []) + 20·(x_9 ∈ |0..10|11 []) + 36·(x_10 ∈ |0..10|11 []) ≤ 1330
	w104:	15·(x_1 ∈ |0..10|11 []) + 45·(x_2 ∈ |0..10|11 []) + 8·(x_3 ∈ |0..10|11 []) + 30·(x_4 ∈ |0..10|11 []) + 13·(x_5 ∈ |0..10|11 []) + 20·(x_6 ∈ |0..10|11 []) + 14·(x_7 ∈ |0..10|11 []) + 8·(x_8 ∈ |0..10|11 []) + 41·(x_9 ∈ |0..10|11 []) + 15·(x_10 ∈ |0..10|11 []) ≤ 860
	w105:	23·(x_1 ∈ |0..10|11 []) + 43·(x_2 ∈ |0..10|11 []) + 11·(x_3 ∈ |0..10|11 []) + 49·(x_4 ∈ |0..10|11 []) + 48·(x_5 ∈ |0..10|11 []) + 29·(x_6 ∈ |0..10|11 []) + 27·(x_7 ∈ |0..10|11 []) + 29·(x_8 ∈ |0..10|11 []) + 16·(x_9 ∈ |0..10|11 []) + 32·(x_10 ∈ |0..10|11 []) ≤ 1270
	w106:	37·(x_1 ∈ |0..10|11 []) + 9·(x_2 ∈ |0..10|11 []) + 48·(x_3 ∈ |0..10|11 []) + 15·(x_4 ∈ |0..10|11 []) + 40·(x_5 ∈ |0..10|11 []) + 41·(x_6 ∈ |0..10|11 []) + 41·(x_7 ∈ |0..10|11 []) + 41·(x_8 ∈ |0..10|11 []) + 35·(x_9 ∈ |0..10|11 []) + 48·(x_10 ∈ |0..10|11 []) ≤ 1470
	w107:	31·(x_1 ∈ |0..10|11 []) + 45·(x_2 ∈ |0..10|11 []) + 38·(x_3 ∈ |0..10|11 []) + 22·(x_4 ∈ |0..10|11 []) + 38·(x_5 ∈ |0..10|11 []) + 43·(x_6 ∈ |0..10|11 []) + 33·(x_7 ∈ |0..10|11 []) + 39·(x_8 ∈ |0..10|11 []) + 21·(x_9 ∈ |0..10|11 []) + 27·(x_10 ∈ |0..10|11 []) ≤ 1400
	w108:	45·(x_1 ∈ |0..10|11 []) + 21·(x_2 ∈ |0..10|11 []) + 7·(x_3 ∈ |0..10|11 []) + 34·(x_4 ∈ |0..10|11 []) + 9·(x_5 ∈ |0..10|11 []) + 34·(x_6 ∈ |0..10|11 []) + 30·(x_7 ∈ |0..10|11 []) + 44·(x_8 ∈ |0..10|11 []) + 3·(x_9 ∈ |0..10|11 []) + 9·(x_10 ∈ |0..10|11 []) ≤ 980
	w109:	26·(x_1 ∈ |0..10|11 []) + 45·(x_2 ∈ |0..10|11 []) + (x_3 ∈ |0..10|11 []) + 37·(x_4 ∈ |0..10|11 []) + 15·(x_5 ∈ |0..10|11 []) + 22·(x_6 ∈ |0..10|11 []) + 41·(x_7 ∈ |0..10|11 []) + 47·(x_8 ∈ |0..10|11 []) + 30·(x_9 ∈ |0..10|11 []) + 49·(x_10 ∈ |0..10|11 []) ≤ 1300
	w110:	27·(x_1 ∈ |0..10|11 []) + 32·(x_2 ∈ |0..10|11 []) + 45·(x_3 ∈ |0..10|11 []) + 16·(x_4 ∈ |0..10|11 []) + 31·(x_5 ∈ |0..10|11 []) + 37·(x_6 ∈ |0..10|11 []) + 3·(x_7 ∈ |0..10|11 []) + 10·(x_8 ∈ |0..10|11 []) + (x_9 ∈ |0..10|11 []) + 25·(x_10 ∈ |0..10|11 []) ≤ 940
	w111:	3·(x_1 ∈ |0..10|11 []) + 45·(x_2 ∈ |0..10|11 []) + 21·(x_3 ∈ |0..10|11 []) + 28·(x_4 ∈ |0..10|11 []) + 14·(x_5 ∈ |0..10|11 []) + 3·(x_6 ∈ |0..10|11 []) + 35·(x_7 ∈ |0..10|11 []) + 19·(x_8 ∈ |0..10|11 []) + 3·(x_9 ∈ |0..10|11 []) + 11·(x_10 ∈ |0..10|11 []) ≤ 750
	w112:	44·(x_1 ∈ |0..10|11 []) + 24·(x_2 ∈ |0..10|11 []) + 46·(x_3 ∈ |0..10|11 []) + 5·(x_4 ∈ |0..10|11 []) + 31·(x_5 ∈ |0..10|11 []) + 6·(x_6 ∈ |0..10|11 []) + 2·(x_7 ∈ |0..10|11 []) + 13·(x_8 ∈ |0..10|11 []) + 44·(x_9 ∈ |0..10|11 []) + 4·(x_10 ∈ |0..10|11 []) ≤ 910
	w113:	37·(x_1 ∈ |0..10|11 []) + 30·(x_2 ∈ |0..10|11 []) + 30·(x_3 ∈ |0..10|11 []) + 13·(x_4 ∈ |0..10|11 []) + 29·(x_5 ∈ |0..10|11 []) + 32·(x_6 ∈ |0..10|11 []) + 39·(x_7 ∈ |0..10|11 []) + 39·(x_8 ∈ |0..10|11 []) + 45·(x_9 ∈ |0..10|11 []) + 38·(x_10 ∈ |0..10|11 []) ≤ 1380
	w114:	11·(x_1 ∈ |0..10|11 []) + 16·(x_2 ∈ |0..10|11 []) + 7·(x_3 ∈ |0..10|11 []) + 2·(x_4 ∈ |0..10|11 []) + 47·(x_5 ∈ |0..10|11 []) + 23·(x_6 ∈ |0..10|11 []) + 22·(x_7 ∈ |0..10|11 []) + 6·(x_8 ∈ |0..10|11 []) + 7·(x_9 ∈ |0..10|11 []) + 36·(x_10 ∈ |0..10|11 []) ≤ 730
	w115:	37·(x_1 ∈ |0..10|11 []) + 35·(x_2 ∈ |0..10|11 []) + 42·(x_3 ∈ |0..10|11 []) + 45·(x_4 ∈ |0..10|11 []) + 23·(x_5 ∈ |0..10|11 []) + 44·(x_6 ∈ |0..10|11 []) + 21·(x_7 ∈ |0..10|11 []) + 35·(x_8 ∈ |0..10|11 []) + 29·(x_9 ∈ |0..10|11 []) + 20·(x_10 ∈ |0..10|11 []) ≤ 1370
	w116:	12·(x_1 ∈ |0..10|11 []) + 30·(x_2 ∈ |0..10|11 []) + 29·(x_3 ∈ |0..10|11 []) + 41·(x_4 ∈ |0..10|11 []) + 24·(x_5 ∈ |0..10|11 []) + 2·(x_6 ∈ |0..10|11 []) + 45·(x_7 ∈ |0..10|11 []) + 20·(x_8 ∈ |0..10|11 []) + 4·(x_9 ∈ |0..10|11 []) + 24·(x_10 ∈ |0..10|11 []) ≤ 960
	w117:	13·(x_1 ∈ |0..10|11 []) + 23·(x_2 ∈ |0..10|11 []) + 3·(x_3 ∈ |0..10|11 []) + 16·(x_4 ∈ |0..10|11 []) + (x_5 ∈ |0..10|11 []) + 16·(x_6 ∈ |0..10|11 []) + 11·(x_7 ∈ |0..10|11 []) + 12·(x_8 ∈ |0..10|11 []) + 6·(x_9 ∈ |0..10|11 []) + 16·(x_10 ∈ |0..10|11 []) ≤ 480
	w118:	42·(x_1 ∈ |0..10|11 []) + 33·(x_2 ∈ |0..10|11 []) + 44·(x_3 ∈ |0..10|11 []) + 35·(x_4 ∈ |0..10|11 []) + 38·(x_5 ∈ |0..10|11 []) + 25·(x_6 ∈ |0..10|11 []) + 47·(x_7 ∈ |0..10|11 []) + 15·(x_8 ∈ |0..10|11 []) + 45·(x_9 ∈ |0..10|11 []) + 11·(x_10 ∈ |0..10|11 []) ≤ 1390
	w119:	43·(x_1 ∈ |0..10|11 []) + 26·(x_2 ∈ |0..10|11 []) + 30·(x_3 ∈ |0..10|11 []) + 7·(x_4 ∈ |0..10|11 []) + 47·(x_5 ∈ |0..10|11 []) + 29·(x_6 ∈ |0..10|11 []) + 9·(x_7 ∈ |0..10|11 []) + 6·(x_8 ∈ |0..10|11 []) + 5·(x_9 ∈ |0..10|11 []) + 5·(x_10 ∈ |0..10|11 []) ≤ 860
	w120:	13·(x_1 ∈ |0..10|11 []) + 16·(x_2 ∈ |0..10|11 []) + 16·(x_3 ∈ |0..10|11 []) + 26·(x_4 ∈ |0..10|11 []) + 42·(x_5 ∈ |0..10|11 []) + 35·(x_6 ∈ |0..10|11 []) + 27·(x_7 ∈ |0..10|11 []) + 4·(x_8 ∈ |0..10|11 []) + 11·(x_9 ∈ |0..10|11 []) + 36·(x_10 ∈ |0..10|11 []) ≤ 940
	w121:	37·(x_1 ∈ |0..10|11 []) + 22·(x_2 ∈ |0..10|11 []) + 46·(x_3 ∈ |0..10|11 []) + 13·(x_4 ∈ |0..10|11 []) + 22·(x_5 ∈ |0..10|11 []) + 23·(x_6 ∈ |0..10|11 []) + 29·(x_7 ∈ |0..10|11 []) + 45·(x_8 ∈ |0..10|11 []) + 43·(x_9 ∈ |0..10|11 []) + 39·(x_10 ∈ |0..10|11 []) ≤ 1320
	w122:	3·(x_1 ∈ |0..10|11 []) + 11·(x_2 ∈ |0..10|11 []) + 7·(x_3 ∈ |0..10|11 []) + 36·(x_4 ∈ |0..10|11 []) + 7·(x_5 ∈ |0..10|11 []) + 25·(x_6 ∈ |0..10|11 []) + 22·(x_7 ∈ |0..10|11 []) + 45·(x_8 ∈ |0..10|11 []) + 11·(x_9 ∈ |0..10|11 []) + 45·(x_10 ∈ |0..10|11 []) ≤ 880
	w123:	32·(x_1 ∈ |0..10|11 []) + 43·(x_2 ∈ |0..10|11 []) + 6·(x_3 ∈ |0..10|11 []) + 24·(x_4 ∈ |0..10|11 []) + 30·(x_5 ∈ |0..10|11 []) + 25·(x_6 ∈ |0..10|11 []) + 30·(x_7 ∈ |0..10|11 []) + 37·(x_8 ∈ |0..10|11 []) + 6·(x_9 ∈ |0..10|11 []) + 22·(x_10 ∈ |0..10|11 []) ≤ 1060
	w124:	11·(x_1 ∈ |0..10|11 []) + 8·(x_2 ∈ |0..10|11 []) + 18·(x_3 ∈ |0..10|11 []) + 39·(x_4 ∈ |0..10|11 []) + 35·(x_5 ∈ |0..10|11 []) + 20·(x_6 ∈ |0..10|11 []) + 3·(x_7 ∈ |0..10|11 []) + 4·(x_8 ∈ |0..10|11 []) + 3·(x_9 ∈ |0..10|11 []) + 22·(x_10 ∈ |0..10|11 []) ≤ 670
	w125:	39·(x_1 ∈ |0..10|11 []) + 15·(x_2 ∈ |0..10|11 []) + 46·(x_3 ∈ |0..10|11 []) + 40·(x_4 ∈ |0..10|11 []) + 10·(x_5 ∈ |0..10|11 []) + 16·(x_6 ∈ |0..10|11 []) + 26·(x_7 ∈ |0..10|11 []) + 20·(x_8 ∈ |0..10|11 []) + 35·(x_9 ∈ |0..10|11 []) + 8·(x_10 ∈ |0..10|11 []) ≤ 1060
	w126:	39·(x_1 ∈ |0..10|11 []) + 20·(x_2 ∈ |0..10|11 []) + 21·(x_3 ∈ |0..10|11 []) + 39·(x_4 ∈ |0..10|11 []) + 18·(x_5 ∈ |0..10|11 []) + 2·(x_6 ∈ |0..10|11 []) + 41·(x_7 ∈ |0..10|11 []) + 40·(x_8 ∈ |0..10|11 []) + 15·(x_9 ∈ |0..10|11 []) + 42·(x_10 ∈ |0..10|11 []) ≤ 1150
	w127:	9·(x_1 ∈ |0..10|11 []) + 21·(x_2 ∈ |0..10|11 []) + (x_3 ∈ |0..10|11 []) + 33·(x_4 ∈ |0..10|11 []) + 35·(x_5 ∈ |0..10|11 []) + 7·(x_6 ∈ |0..10|11 []) + 3·(x_7 ∈ |0..10|11 []) + 8·(x_8 ∈ |0..10|11 []) + 31·(x_9 ∈ |0..10|11 []) + 20·(x_10 ∈ |0..10|11 []) ≤ 690
	w128:	14·(x_1 ∈ |0..10|11 []) + 47·(x_2 ∈ |0..10|11 []) + 32·(x_3 ∈ |0..10|11 []) + 27·(x_4 ∈ |0..10|11 []) + (x_5 ∈ |0..10|11 []) + 39·(x_6 ∈ |0..10|11 []) + 40·(x_7 ∈ |0..10|11 []) + 48·(x_8 ∈ |0..10|11 []) + 16·(x_9 ∈ |0..10|11 []) + 14·(x_10 ∈ |0..10|11 []) ≤ 1150
	w129:	12·(x_1 ∈ |0..10|11 []) + 49·(x_2 ∈ |0..10|11 []) + 3·(x_3 ∈ |0..10|11 []) + 19·(x_4 ∈ |0..10|11 []) + 6·(x_5 ∈ |0..10|11 []) + 44·(x_6 ∈ |0..10|11 []) + 20·(x_7 ∈ |0..10|11 []) + 8·(x_8 ∈ |0..10|11 []) + 5·(x_9 ∈ |0..10|11 []) + 41·(x_10 ∈ |0..10|11 []) ≤ 860
	w130:	10·(x_1 ∈ |0..10|11 []) + 27·(x_2 ∈ |0..10|11 []) + 4·(x_3 ∈ |0..10|11 []) + 34·(x_4 ∈ |0..10|11 []) + 35·(x_5 ∈ |0..10|11 []) + 40·(x_6 ∈ |0..10|11 []) + 24·(x_7 ∈ |0..10|11 []) + 7·(x_8 ∈ |0..10|11 []) + 47·(x_9 ∈ |0..10|11 []) + 21·(x_10 ∈ |0..10|11 []) ≤ 1030
	w131:	9·(x_1 ∈ |0..10|11 []) + 2·(x_2 ∈ |0..10|11 []) + 37·(x_3 ∈ |0..10|11 []) + 29·(x_4 ∈ |0..10|11 []) + (x_5 ∈ |0..10|11 []) + 33·(x_6 ∈ |0..10|11 []) + 38·(x_7 ∈ |0..10|11 []) + 31·(x_8 ∈ |0..10|11 []) + (x_9 ∈ |0..10|11 []) + 35·(x_10 ∈ |0..10|11 []) ≤ 890
	w132:	49·(x_1 ∈ |0..10|11 []) + 16·(x_2 ∈ |0..10|11 []) + 27·(x_3 ∈ |0..10|11 []) + 43·(x_4 ∈ |0..10|11 []) + 25·(x_5 ∈ |0..10|11 []) + 25·(x_6 ∈ |0..10|11 []) + 22·(x_7 ∈ |0..10|11 []) + 42·(x_8 ∈ |0..10|11 []) + 3·(x_9 ∈ |0..10|11 []) + 37·(x_10 ∈ |0..10|11 []) ≤ 1200
	w133:	25·(x_1 ∈ |0..10|11 []) + 13·(x_2 ∈ |0..10|11 []) + 7·(x_3 ∈ |0..10|11 []) + 21·(x_4 ∈ |0..10|11 []) + 16·(x_5 ∈ |0..10|11 []) + 14·(x_6 ∈ |0..10|11 []) + 14·(x_7 ∈ |0..10|11 []) + (x_8 ∈ |0..10|11 []) + 38·(x_9 ∈ |0..10|11 []) + 6·(x_10 ∈ |0..10|11 []) ≤ 640
	w134:	35·(x_1 ∈ |0..10|11 []) + 39·(x_2 ∈ |0..10|11 []) + 34·(x_3 ∈ |0..10|11 []) + 35·(x_4 ∈ |0..10|11 []) + 38·(x_5 ∈ |0..10|11 []) + 28·(x_6 ∈ |0..10|11 []) + (x_7 ∈ |0..10|11 []) + 27·(x_8 ∈ |0..10|11 []) + 2·(x_9 ∈ |0..10|11 []) + 10·(x_10 ∈ |0..10|11 []) ≤ 1030
	w135:	26·(x_1 ∈ |0..10|11 []) + 33·(x_2 ∈ |0..10|11 []) + 40·(x_3 ∈ |0..10|11 []) + 12·(x_4 ∈ |0..10|11 []) + 17·(x_5 ∈ |0..10|11 []) + 2·(x_6 ∈ |0..10|11 []) + 44·(x_7 ∈ |0..10|11 []) + 6·(x_8 ∈ |0..10|11 []) + 15·(x_9 ∈ |0..10|11 []) + 45·(x_10 ∈ |0..10|11 []) ≤ 990
	w136:	3·(x_1 ∈ |0..10|11 []) + 32·(x_2 ∈ |0..10|11 []) + 21·(x_3 ∈ |0..10|11 []) + 36·(x_4 ∈ |0..10|11 []) + 29·(x_5 ∈ |0..10|11 []) + 48·(x_6 ∈ |0..10|11 []) + 14·(x_7 ∈ |0..10|11 []) + 46·(x_8 ∈ |0..10|11 []) + 42·(x_9 ∈ |0..10|11 []) + 25·(x_10 ∈ |0..10|11 []) ≤ 1230
	w137:	31·(x_1 ∈ |0..10|11 []) + 24·(x_2 ∈ |0..10|11 []) + 10·(x_3 ∈ |0..10|11 []) + 12·(x_4 ∈ |0..10|11 []) + 28·(x_5 ∈ |0..10|11 []) + 32·(x_6 ∈ |0..10|11 []) + 24·(x_7 ∈ |0..10|11 []) + 42·(x_8 ∈ |0..10|11 []) + 4·(x_9 ∈ |0..10|11 []) + 21·(x_10 ∈ |0..10|11 []) ≤ 940
	w138:	44·(x_1 ∈ |0..10|11 []) + 14·(x_2 ∈ |0..10|11 []) + 22·(x_3 ∈ |0..10|11 []) + 31·(x_4 ∈ |0..10|11 []) + 44·(x_5 ∈ |0..10|11 []) + 29·(x_6 ∈ |0..10|11 []) + 7·(x_7 ∈ |0..10|11 []) + 6·(x_8 ∈ |0..10|11 []) + 12·(x_9 ∈ |0..10|11 []) + 6·(x_10 ∈ |0..10|11 []) ≤ 890
	w139:	45·(x_1 ∈ |0..10|11 []) + 2·(x_2 ∈ |0..10|11 []) + 36·(x_3 ∈ |0..10|11 []) + 24·(x_4 ∈ |0..10|11 []) + 45·(x_5 ∈ |0..10|11 []) + 29·(x_6 ∈ |0..10|11 []) + 20·(x_7 ∈ |0..10|11 []) + 42·(x_8 ∈ |0..10|11 []) + 31·(x_9 ∈ |0..10|11 []) + 5·(x_10 ∈ |0..10|11 []) ≤ 1160
	w140:	23·(x_1 ∈ |0..10|11 []) + 23·(x_2 ∈ |0..10|11 []) + 40·(x_3 ∈ |0..10|11 []) + 46·(x_4 ∈ |0..10|11 []) + 41·(x_5 ∈ |0..10|11 []) + 6·(x_6 ∈ |0..10|11 []) + 17·(x_7 ∈ |0..10|11 []) + 2·(x_8 ∈ |0..10|11 []) + 24·(x_9 ∈ |0..10|11 []) + 7·(x_10 ∈ |0..10|11 []) ≤ 950
	w141:	44·(x_1 ∈ |0..10|11 []) + 3·(x_2 ∈ |0..10|11 []) + 17·(x_3 ∈ |0..10|11 []) + 35·(x_4 ∈ |0..10|11 []) + 34·(x_5 ∈ |0..10|11 []) + 13·(x_6 ∈ |0..10|11 []) + 40·(x_7 ∈ |0..10|11 []) + 17·(x_8 ∈ |0..10|11 []) + 29·(x_9 ∈ |0..10|11 []) + 16·(x_10 ∈ |0..10|11 []) ≤ 1030
	w142:	8·(x_1 ∈ |0..10|11 []) + 42·(x_2 ∈ |0..10|11 []) + 7·(x_3 ∈ |0..10|11 []) + 8·(x_4 ∈ |0..10|11 []) + 27·(x_5 ∈ |0..10|11 []) + 35·(x_6 ∈ |0..10|11 []) + 7·(x_7 ∈ |0..10|11 []) + 21·(x_8 ∈ |0..10|11 []) + 3·(x_9 ∈ |0..10|11 []) + 11·(x_10 ∈ |0..10|11 []) ≤ 700
	w143:	41·(x_1 ∈ |0..10|11 []) + 25·(x_2 ∈ |0..10|11 []) + 22·(x_3 ∈ |0..10|11 []) + 4·(x_4 ∈ |0..10|11 []) + 2·(x_5 ∈ |0..10|11 []) + 12·(x_6 ∈ |0..10|11 []) + 15·(x_7 ∈ |0..10|11 []) + 16·(x_8 ∈ |0..10|11 []) + 8·(x_9 ∈ |0..10|11 []) + 14·(x_10 ∈ |0..10|11 []) ≤ 660
	w144:	6·(x_1 ∈ |0..10|11 []) + 40·(x_2 ∈ |0..10|11 []) + 27·(x_3 ∈ |0..10|11 []) + 21·(x_4 ∈ |0..10|11 []) + 39·(x_5 ∈ |0..10|11 []) + 12·(x_6 ∈ |0..10|11 []) + 40·(x_7 ∈ |0..10|11 []) + 3·(x_8 ∈ |0..10|11 []) + 35·(x_9 ∈ |0..10|11 []) + 29·(x_10 ∈ |0..10|11 []) ≤ 1040
	w145:	45·(x_1 ∈ |0..10|11 []) + 27·(x_2 ∈ |0..10|11 []) + 20·(x_3 ∈ |0..10|11 []) + 22·(x_4 ∈ |0..10|11 []) + 41·(x_5 ∈ |0..10|11 []) + 38·(x_6 ∈ |0..10|11 []) + 29·(x_7 ∈ |0..10|11 []) + 25·(x_8 ∈ |0..10|11 []) + 20·(x_9 ∈ |0..10|11 []) + 37·(x_10 ∈ |0..10|11 []) ≤ 1260
	w146:	32·(x_1 ∈ |0..10|11 []) + 45·(x_2 ∈ |0..10|11 []) + 12·(x_3 ∈ |0..10|11 []) + 30·(x_4 ∈ |0..10|11 []) + 30·(x_5 ∈ |0..10|11 []) + (x_6 ∈ |0..10|11 []) + 39·(x_7 ∈ |0..10|11 []) + 18·(x_8 ∈ |0..10|11 []) + 46·(x_9 ∈ |0..10|11 []) + 30·(x_10 ∈ |0..10|11 []) ≤ 1170
	w147:	13·(x_1 ∈ |0..10|11 []) + 40·(x_2 ∈ |0..10|11 []) + 23·(x_3 ∈ |0..10|11 []) + 25·(x_4 ∈ |0..10|11 []) + (x_5 ∈ |0..10|11 []) + 48·(x_6 ∈ |0..10|11 []) + 19·(x_7 ∈ |0..10|11 []) + 21·(x_8 ∈ |0..10|11 []) + 10·(x_9 ∈ |0..10|11 []) + 46·(x_10 ∈ |0..10|11 []) ≤ 1020
	w148:	23·(x_1 ∈ |0..10|11 []) + 29·(x_2 ∈ |0..10|11 []) + 23·(x_3 ∈ |0..10|11 []) + 13·(x_4 ∈ |0..10|11 []) + 34·(x_5 ∈ |0..10|11 []) + 27·(x_6 ∈ |0..10|11 []) + 11·(x_7 ∈ |0..10|11 []) + 30·(x_8 ∈ |0..10|11 []) + 36·(x_9 ∈ |0..10|11 []) + 40·(x_10 ∈ |0..10|11 []) ≤ 1100
	w149:	15·(x_1 ∈ |0..10|11 []) + 18·(x_2 ∈ |0..10|11 []) + 48·(x_3 ∈ |0..10|11 []) + 49·(x_4 ∈ |0..10|11 []) + 10·(x_5 ∈ |0..10|11 []) + 31·(x_6 ∈ |0..10|11 []) + 12·(x_7 ∈ |0..10|11 []) + 37·(x_8 ∈ |0..10|11 []) + 4·(x_9 ∈ |0..10|11 []) + 37·(x_10 ∈ |0..10|11 []) ≤ 1080
	w150:	45·(x_1 ∈ |0..10|11 []) + 39·(x_2 ∈ |0..10|11 []) + 31·(x_3 ∈ |0..10|11 []) + 13·(x_4 ∈ |0..10|11 []) + 48·(x_5 ∈ |0..10|11 []) + 43·(x_6 ∈ |0..10|11 []) + 7·(x_7 ∈ |0..10|11 []) + 7·(x_8 ∈ |0..10|11 []) + 15·(x_9 ∈ |0..10|11 []) + 17·(x_10 ∈ |0..10|11 []) ≤ 1100
	w151:	19·(x_1 ∈ |0..10|11 []) + 10·(x_2 ∈ |0..10|11 []) + 7·(x_3 ∈ |0..10|11 []) + 2·(x_4 ∈ |0..10|11 []) + 44·(x_5 ∈ |0..10|11 []) + 27·(x_6 ∈ |0..10|11 []) + 19·(x_7 ∈ |0..10|11 []) + 30·(x_8 ∈ |0..10|11 []) + 47·(x_9 ∈ |0..10|11 []) + 37·(x_10 ∈ |0..10|11 []) ≤ 1000
	w152:	33·(x_1 ∈ |0..10|11 []) + 17·(x_2 ∈ |0..10|11 []) + 23·(x_3 ∈ |0..10|11 []) + 47·(x_4 ∈ |0..10|11 []) + 42·(x_5 ∈ |0..10|11 []) + 8·(x_6 ∈ |0..10|11 []) + 28·(x_7 ∈ |0..10|11 []) + 2·(x_8 ∈ |0..10|11 []) + 2·(x_9 ∈ |0..10|11 []) + 38·(x_10 ∈ |0..10|11 []) ≤ 990
	w153:	28·(x_1 ∈ |0..10|11 []) + 39·(x_2 ∈ |0..10|11 []) + 46·(x_3 ∈ |0..10|11 []) + 46·(x_4 ∈ |0..10|11 []) + 3·(x_5 ∈ |0..10|11 []) + (x_6 ∈ |0..10|11 []) + 47·(x_7 ∈ |0..10|11 []) + 14·(x_8 ∈ |0..10|11 []) + 7·(x_9 ∈ |0..10|11 []) + 40·(x_10 ∈ |0..10|11 []) ≤ 1120
	w154:	32·(x_1 ∈ |0..10|11 []) + 22·(x_2 ∈ |0..10|11 []) + 23·(x_3 ∈ |0..10|11 []) + 30·(x_4 ∈ |0..10|11 []) + 19·(x_5 ∈ |0..10|11 []) + 13·(x_6 ∈ |0..10|11 []) + 42·(x_7 ∈ |0..10|11 []) + 42·(x_8 ∈ |0..10|11 []) + 3·(x_9 ∈ |0..10|11 []) + 29·(x_10 ∈ |0..10|11 []) ≤ 1060
	w155:	23·(x_1 ∈ |0..10|11 []) + 34·(x_2 ∈ |0..10|11 []) + 7·(x_3 ∈ |0..10|11 []) + 6·(x_4 ∈ |0..10|11 []) + (x_5 ∈ |0..10|11 []) + 35·(x_6 ∈ |0..10|11 []) + 7·(x_7 ∈ |0..10|11 []) + 7·(x_8 ∈ |0..10|11 []) + 47·(x_9 ∈ |0..10|11 []) + 18·(x_10 ∈ |0..10|11 []) ≤ 760
	w156:	14·(x_1 ∈ |0..10|11 []) + 9·(x_2 ∈ |0..10|11 []) + 40·(x_3 ∈ |0..10|11 []) + 49·(x_4 ∈ |0..10|11 []) + 30·(x_5 ∈ |0..10|11 []) + 13·(x_6 ∈ |0..10|11 []) + 21·(x_7 ∈ |0..10|11 []) + 43·(x_8 ∈ |0..10|11 []) + 4·(x_9 ∈ |0..10|11 []) + 40·(x_10 ∈ |0..10|11 []) ≤ 1090
	w157:	17·(x_1 ∈ |0..10|11 []) + 44·(x_2 ∈ |0..10|11 []) + 13·(x_3 ∈ |0..10|11 []) + 41·(x_4 ∈ |0..10|11 []) + 5·(x_5 ∈ |0..10|11 []) + 19·(x_6 ∈ |0..10|11 []) + 44·(x_7 ∈ |0..10|11 []) + 36·(x_8 ∈ |0..10|11 []) + 17·(x_9 ∈ |0..10|11 []) + 2·(x_10 ∈ |0..10|11 []) ≤ 990
	w158:	46·(x_1 ∈ |0..10|11 []) + 36·(x_2 ∈ |0..10|11 []) + 40·(x_3 ∈ |0..10|11 []) + 25·(x_4 ∈ |0..10|11 []) + 38·(x_5 ∈ |0..10|11 []) + 29·(x_6 ∈ |0..10|11 []) + (x_7 ∈ |0..10|11 []) + 24·(x_8 ∈ |0..10|11 []) + 18·(x_9 ∈ |0..10|11 []) + 5·(x_10 ∈ |0..10|11 []) ≤ 1080
	w159:	45·(x_1 ∈ |0..10|11 []) + 42·(x_2 ∈ |0..10|11 []) + 26·(x_3 ∈ |0..10|11 []) + 7·(x_4 ∈ |0..10|11 []) + 22·(x_5 ∈ |0..10|11 []) + 2·(x_6 ∈ |0..10|11 []) + 30·(x_7 ∈ |0..10|11 []) + 47·(x_8 ∈ |0..10|11 []) + 23·(x_9 ∈ |0..10|11 []) + 27·(x_10 ∈ |0..10|11 []) ≤ 1120
	w160:	6·(x_1 ∈ |0..10|11 []) + 20·(x_2 ∈ |0..10|11 []) + 18·(x_3 ∈ |0..10|11 []) + 44·(x_4 ∈ |0..10|11 []) + 4·(x_5 ∈ |0..10|11 []) + 10·(x_6 ∈ |0..10|11 []) + 25·(x_7 ∈ |0..10|11 []) + 11·(x_8 ∈ |0..10|11 []) + 41·(x_9 ∈ |0..10|11 []) + 47·(x_10 ∈ |0..10|11 []) ≤ 940
	w161:	11·(x_1 ∈ |0..10|11 []) + 8·(x_2 ∈ |0..10|11 []) + 40·(x_3 ∈ |0..10|11 []) + 40·(x_4 ∈ |0..10|11 []) + 36·(x_5 ∈ |0..10|11 []) + 40·(x_6 ∈ |0..10|11 []) + 49·(x_7 ∈ |0..10|11 []) + 29·(x_8 ∈ |0..10|11 []) + 12·(x_9 ∈ |0..10|11 []) + 43·(x_10 ∈ |0..10|11 []) ≤ 1280
	w162:	39·(x_1 ∈ |0..10|11 []) + 45·(x_2 ∈ |0..10|11 []) + 33·(x_3 ∈ |0..10|11 []) + 36·(x_4 ∈ |0..10|11 []) + 9·(x_5 ∈ |0..10|11 []) + 3·(x_6 ∈ |0..10|11 []) + 30·(x_7 ∈ |0..10|11 []) + 8·(x_8 ∈ |0..10|11 []) + 32·(x_9 ∈ |0..10|11 []) + 45·(x_10 ∈ |0..10|11 []) ≤ 1160
	w163:	26·(x_1 ∈ |0..10|11 []) + 34·(x_2 ∈ |0..10|11 []) + 27·(x_3 ∈ |0..10|11 []) + 11·(x_4 ∈ |0..10|11 []) + 11·(x_5 ∈ |0..10|11 []) + 16·(x_6 ∈ |0..10|11 []) + 37·(x_7 ∈ |0..10|11 []) + 11·(x_8 ∈ |0..10|11 []) + 4·(x_9 ∈ |0..10|11 []) + 23·(x_10 ∈ |0..10|11 []) ≤ 830
	w164:	26·(x_1 ∈ |0..10|11 []) + 24·(x_2 ∈ |0..10|11 []) + 47·(x_3 ∈ |0..10|11 []) + 27·(x_4 ∈ |0..10|11 []) + 44·(x_5 ∈ |0..10|11 []) + 12·(x_6 ∈ |0..10|11 []) + 44·(x_7 ∈ |0..10|11 []) + 16·(x_8 ∈ |0..10|11 []) + 15·(x_9 ∈ |0..10|11 []) + 8·(x_10 ∈ |0..10|11 []) ≤ 1090
	w165:	45·(x_1 ∈ |0..10|11 []) + 22·(x_2 ∈ |0..10|11 []) + 43·(x_3 ∈ |0..10|11 []) + 31·(x_4 ∈ |0..10|11 []) + 37·(x_5 ∈ |0..10|11 []) + 29·(x_6 ∈ |0..10|11 []) + 42·(x_7 ∈ |0..10|11 []) + 25·(x_8 ∈ |0..10|11 []) + 11·(x_9 ∈ |0..10|11 []) + 40·(x_10 ∈ |0..10|11 []) ≤ 1350
	w166:	45·(x_1 ∈ |0..10|11 []) + 40·(x_2 ∈ |0..10|11 []) + 22·(x_3 ∈ |0..10|11 []) + 32·(x_4 ∈ |0..10|11 []) + 36·(x_5 ∈ |0..10|11 []) + 45·(x_6 ∈ |0..10|11 []) + 19·(x_7 ∈ |0..10|11 []) + 29·(x_8 ∈ |0..10|11 []) + 5·(x_9 ∈ |0..10|11 []) + 48·(x_10 ∈ |0..10|11 []) ≤ 1330
	w167:	19·(x_1 ∈ |0..10|11 []) + 35·(x_2 ∈ |0..10|11 []) + 15·(x_3 ∈ |0..10|11 []) + 38·(x_4 ∈ |0..10|11 []) + 47·(x_5 ∈ |0..10|11 []) + 16·(x_6 ∈ |0..10|11 []) + 21·(x_7 ∈ |0..10|11 []) + 17·(x_8 ∈ |0..10|11 []) + 24·(x_9 ∈ |0..10|11 []) + 8·(x_10 ∈ |0..10|11 []) ≤ 990
	w168:	22·(x_1 ∈ |0..10|11 []) + 26·(x_2 ∈ |0..10|11 []) + 28·(x_3 ∈ |0..10|11 []) + 45·(x_4 ∈ |0..10|11 []) + 29·(x_5 ∈ |0..10|11 []) + 10·(x_6 ∈ |0..10|11 []) + 32·(x_7 ∈ |0..10|11 []) + 8·(x_8 ∈ |0..10|11 []) + 15·(x_9 ∈ |0..10|11 []) + 25·(x_10 ∈ |0..10|11 []) ≤ 990
	w169:	19·(x_1 ∈ |0..10|11 []) + 31·(x_2 ∈ |0..10|11 []) + 39·(x_3 ∈ |0..10|11 []) + 10·(x_4 ∈ |0..10|11 []) + 46·(x_5 ∈ |0..10|11 []) + 46·(x_6 ∈ |0..10|11 []) + 49·(x_7 ∈ |0..10|11 []) + 43·(x_8 ∈ |0..10|11 []) + 18·(x_9 ∈ |0..10|11 []) + 46·(x_10 ∈ |0..10|11 []) ≤ 1440
	w170:	2·(x_1 ∈ |0..10|11 []) + 8·(x_2 ∈ |0..10|11 []) + 49·(x_3 ∈ |0..10|11 []) + 38·(x_4 ∈ |0..10|11 []) + 5·(x_5 ∈ |0..10|11 []) + 3·(x_6 ∈ |0..10|11 []) + 13·(x_7 ∈ |0..10|11 []) + 37·(x_8 ∈ |0..10|11 []) + 48·(x_9 ∈ |0..10|11 []) + 12·(x_10 ∈ |0..10|11 []) ≤ 890
	w171:	7·(x_1 ∈ |0..10|11 []) + 12·(x_2 ∈ |0..10|11 []) + 6·(x_3 ∈ |0..10|11 []) + 5·(x_4 ∈ |0..10|11 []) + 18·(x_5 ∈ |0..10|11 []) + 27·(x_6 ∈ |0..10|11 []) + 24·(x_7 ∈ |0..10|11 []) + 28·(x_8 ∈ |0..10|11 []) + 14·(x_9 ∈ |0..10|11 []) + 35·(x_10 ∈ |0..10|11 []) ≤ 730
	w172:	3·(x_1 ∈ |0..10|11 []) + 29·(x_2 ∈ |0..10|11 []) + 38·(x_3 ∈ |0..10|11 []) + 38·(x_4 ∈ |0..10|11 []) + 4·(x_5 ∈ |0..10|11 []) + 15·(x_6 ∈ |0..10|11 []) + 7·(x_7 ∈ |0..10|11 []) + 23·(x_8 ∈ |0..10|11 []) + 25·(x_9 ∈ |0..10|11 []) + 22·(x_10 ∈ |0..10|11 []) ≤ 840
	w173:	6·(x_1 ∈ |0..10|11 []) + 12·(x_2 ∈ |0..10|11 []) + 27·(x_3 ∈ |0..10|11 []) + 25·(x_4 ∈ |0..10|11 []) + 42·(x_5 ∈ |0..10|11 []) + 9·(x_6 ∈ |0..10|11 []) + 34·(x_7 ∈ |0..10|11 []) + 42·(x_8 ∈ |0..10|11 []) + 42·(x_9 ∈ |0..10|11 []) + 5·(x_10 ∈ |0..10|11 []) ≤ 1010
	w174:	4·(x_1 ∈ |0..10|11 []) + 43·(x_2 ∈ |0..10|11 []) + 3·(x_3 ∈ |0..10|11 []) + 40·(x_4 ∈ |0..10|11 []) + 35·(x_5 ∈ |0..10|11 []) + 8·(x_6 ∈ |0..10|11 []) + 6·(x_7 ∈ |0..10|11 []) + 4·(x_8 ∈ |0..10|11 []) + 29·(x_9 ∈ |0..10|11 []) + 49·(x_10 ∈ |0..10|11 []) ≤ 910
	w175:	28·(x_1 ∈ |0..10|11 []) + 15·(x_2 ∈ |0..10|11 []) + 47·(x_3 ∈ |0..10|11 []) + 11·(x_4 ∈ |0..10|11 []) + 17·(x_5 ∈ |0..10|11 []) + 41·(x_6 ∈ |0..10|11 []) + 2·(x_7 ∈ |0..10|11 []) + 20·(x_8 ∈ |0..10|11 []) + 18·(x_9 ∈ |0..10|11 []) + 10·(x_10 ∈ |0..10|11 []) ≤ 860
	w176:	35·(x_1 ∈ |0..10|11 []) + 10·(x_2 ∈ |0..10|11 []) + 9·(x_3 ∈ |0..10|11 []) + 30·(x_4 ∈ |0..10|11 []) + 44·(x_5 ∈ |0..10|11 []) + 46·(x_6 ∈ |0..10|11 []) + 23·(x_7 ∈ |0..10|11 []) + 8·(x_8 ∈ |0..10|11 []) + 3·(x_9 ∈ |0..10|11 []) + 12·(x_10 ∈ |0..10|11 []) ≤ 910
	w177:	29·(x_1 ∈ |0..10|11 []) + 2·(x_2 ∈ |0..10|11 []) + 33·(x_3 ∈ |0..10|11 []) + 18·(x_4 ∈ |0..10|11 []) + 18·(x_5 ∈ |0..10|11 []) + 26·(x_6 ∈ |0..10|11 []) + 36·(x_7 ∈ |0..10|11 []) + 41·(x_8 ∈ |0..10|11 []) + 12·(x_9 ∈ |0..10|11 []) + 3·(x_10 ∈ |0..10|11 []) ≤ 900
	w178:	27·(x_1 ∈ |0..10|11 []) + 44·(x_2 ∈ |0..10|11 []) + 23·(x_3 ∈ |0..10|11 []) + 2·(x_4 ∈ |0..10|11 []) + 14·(x_5 ∈ |0..10|11 []) + 35·(x_6 ∈ |0..10|11 []) + 23·(x_7 ∈ |0..10|11 []) + 22·(x_8 ∈ |0..10|11 []) + 47·(x_9 ∈ |0..10|11 []) + 49·(x_10 ∈ |0..10|11 []) ≤ 1180
	w179:	20·(x_1 ∈ |0..10|11 []) + 34·(x_2 ∈ |0..10|11 []) + 31·(x_3 ∈ |0..10|11 []) + 21·(x_4 ∈ |0..10|11 []) + 3·(x_5 ∈ |0..10|11 []) + 7·(x_6 ∈ |0..10|11 []) + 35·(x_7 ∈ |0..10|11 []) + 12·(x_8 ∈ |0..10|11 []) + 9·(x_9 ∈ |0..10|11 []) + 39·(x_10 ∈ |0..10|11 []) ≤ 870
	w180:	10·(x_1 ∈ |0..10|11 []) + 17·(x_2 ∈ |0..10|11 []) + 38·(x_3 ∈ |0..10|11 []) + 16·(x_4 ∈ |0..10|11 []) + 6·(x_5 ∈ |0..10|11 []) + 38·(x_6 ∈ |0..10|11 []) + 39·(x_7 ∈ |0..10|11 []) + 15·(x_8 ∈ |0..10|11 []) + 46·(x_9 ∈ |0..10|11 []) + 12·(x_10 ∈ |0..10|11 []) ≤ 980
	w181:	33·(x_1 ∈ |0..10|11 []) + 47·(x_2 ∈ |0..10|11 []) + 3·(x_3 ∈ |0..10|11 []) + 25·(x_4 ∈ |0..10|11 []) + 41·(x_5 ∈ |0..10|11 []) + 31·(x_6 ∈ |0..10|11 []) + 41·(x_7 ∈ |0..10|11 []) + 19·(x_8 ∈ |0..10|11 []) + 3·(x_9 ∈ |0..10|11 []) + 19·(x_10 ∈ |0..10|11 []) ≤ 1080
	w182:	6·(x_1 ∈ |0..10|11 []) + 5·(x_2 ∈ |0..10|11 []) + 14·(x_3 ∈ |0..10|11 []) + 9·(x_4 ∈ |0..10|11 []) + 32·(x_5 ∈ |0..10|11 []) + 23·(x_6 ∈ |0..10|11 []) + 33·(x_7 ∈ |0..10|11 []) + 21·(x_8 ∈ |0..10|11 []) + 14·(x_9 ∈ |0..10|11 []) + 3·(x_10 ∈ |0..10|11 []) ≤ 660
	w183:	49·(x_1 ∈ |0..10|11 []) + 3·(x_2 ∈ |0..10|11 []) + 35·(x_3 ∈ |0..10|11 []) + 12·(x_4 ∈ |0..10|11 []) + 15·(x_5 ∈ |0..10|11 []) + 46·(x_6 ∈ |0..10|11 []) + 30·(x_7 ∈ |0..10|11 []) + 12·(x_8 ∈ |0..10|11 []) + 7·(x_9 ∈ |0..10|11 []) + 34·(x_10 ∈ |0..10|11 []) ≤ 1010
	w184:	45·(x_1 ∈ |0..10|11 []) + 37·(x_2 ∈ |0..10|11 []) + 27·(x_3 ∈ |0..10|11 []) + 48·(x_4 ∈ |0..10|11 []) + 2·(x_5 ∈ |0..10|11 []) + 35·(x_6 ∈ |0..10|11 []) + 36·(x_7 ∈ |0..10|11 []) + 21·(x_8 ∈ |0..10|11 []) + 4·(x_9 ∈ |0..10|11 []) + 45·(x_10 ∈ |0..10|11 []) ≤ 1240
	w185:	4·(x_1 ∈ |0..10|11 []) + 17·(x_2 ∈ |0..10|11 []) + 19·(x_3 ∈ |0..10|11 []) + 10·(x_4 ∈ |0..10|11 []) + 14·(x_5 ∈ |0..10|11 []) + 40·(x_6 ∈ |0..10|11 []) + 46·(x_7 ∈ |0..10|11 []) + 45·(x_8 ∈ |0..10|11 []) + 36·(x_9 ∈ |0..10|11 []) + 44·(x_10 ∈ |0..10|11 []) ≤ 1140
	w186:	10·(x_1 ∈ |0..10|11 []) + 6·(x_2 ∈ |0..10|11 []) + 46·(x_3 ∈ |0..10|11 []) + 23·(x_4 ∈ |0..10|11 []) + (x_5 ∈ |0..10|11 []) + 43·(x_6 ∈ |0..10|11 []) + 30·(x_7 ∈ |0..10|11 []) + 24·(x_8 ∈ |0..10|11 []) + 44·(x_9 ∈ |0..10|11 []) + 31·(x_10 ∈ |0..10|11 []) ≤ 1070
	w187:	17·(x_1 ∈ |0..10|11 []) + 42·(x_2 ∈ |0..10|11 []) + 45·(x_3 ∈ |0..10|11 []) + 34·(x_4 ∈ |0..10|11 []) + 29·(x_5 ∈ |0..10|11 []) + 46·(x_6 ∈ |0..10|11 []) + 23·(x_7 ∈ |0..10|11 []) + 15·(x_8 ∈ |0..10|11 []) + 13·(x_9 ∈ |0..10|11 []) + 17·(x_10 ∈ |0..10|11 []) ≤ 1160
	w188:	29·(x_1 ∈ |0..10|11 []) + 39·(x_2 ∈ |0..10|11 []) + 36·(x_3 ∈ |0..10|11 []) + 4·(x_4 ∈ |0..10|11 []) + 22·(x_5 ∈ |0..10|11 []) + 27·(x_6 ∈ |0..10|11 []) + 33·(x_7 ∈ |0..10|11 []) + 44·(x_8 ∈ |0..10|11 []) + 2·(x_9 ∈ |0..10|11 []) + 12·(x_10 ∈ |0..10|11 []) ≤ 1030
	w189:	18·(x_1 ∈ |0..10|11 []) + 26·(x_2 ∈ |0..10|11 []) + 41·(x_3 ∈ |0..10|11 []) + 11·(x_4 ∈ |0..10|11 []) + 28·(x_5 ∈ |0..10|11 []) + 46·(x_6 ∈ |0..10|11 []) + 13·(x_7 ∈ |0..10|11 []) + 32·(x_8 ∈ |0..10|11 []) + 37·(x_9 ∈ |0..10|11 []) + 48·(x_10 ∈ |0..10|11 []) ≤ 1240
	w190:	39·(x_1 ∈ |0..10|11 []) + 14·(x_2 ∈ |0..10|11 []) + 48·(x_3 ∈ |0..10|11 []) + 27·(x_4 ∈ |0..10|11 []) + (x_5 ∈ |0..10|11 []) + 3·(x_6 ∈ |0..10|11 []) + 27·(x_7 ∈ |0..10|11 []) + 4·(x_8 ∈ |0..10|11 []) + 35·(x_9 ∈ |0..10|11 []) + 16·(x_10 ∈ |0..10|11 []) ≤ 890
	w191:	43·(x_1 ∈ |0..10|11 []) + 5·(x_2 ∈ |0..10|11 []) + 11·(x_3 ∈ |0..10|11 []) + 47·(x_4 ∈ |0..10|11 []) + 32·(x_5 ∈ |0..10|11 []) + 8·(x_6 ∈ |0..10|11 []) + 5·(x_7 ∈ |0..10|11 []) + (x_8 ∈ |0..10|11 []) + 39·(x_9 ∈ |0..10|11 []) + 42·(x_10 ∈ |0..10|11 []) ≤ 960
	w192:	22·(x_1 ∈ |0..10|11 []) + 35·(x_2 ∈ |0..10|11 []) + 37·(x_3 ∈ |0..10|11 []) + 28·(x_4 ∈ |0..10|11 []) + 29·(x_5 ∈ |0..10|11 []) + 26·(x_6 ∈ |0..10|11 []) + 15·(x_7 ∈ |0..10|11 []) + 29·(x_8 ∈ |0..10|11 []) + 31·(x_9 ∈ |0..10|11 []) + 36·(x_10 ∈ |0..10|11 []) ≤ 1190
	w193:	7·(x_1 ∈ |0..10|11 []) + 6·(x_2 ∈ |0..10|11 []) + 12·(x_3 ∈ |0..10|11 []) + 35·(x_4 ∈ |0..10|11 []) + 29·(x_5 ∈ |0..10|11 []) + 43·(x_6 ∈ |0..10|11 []) + 26·(x_7 ∈ |0..10|11 []) + 43·(x_8 ∈ |0..10|11 []) + 5·(x_9 ∈ |0..10|11 []) + 25·(x_10 ∈ |0..10|11 []) ≤ 960
	w194:	41·(x_1 ∈ |0..10|11 []) + 39·(x_2 ∈ |0..10|11 []) + 45·(x_3 ∈ |0..10|11 []) + 3·(x_4 ∈ |0..10|11 []) + 43·(x_5 ∈ |0..10|11 []) + 45·(x_6 ∈ |0..10|11 []) + 43·(x_7 ∈ |0..10|11 []) + 45·(x_8 ∈ |0..10|11 []) + 32·(x_9 ∈ |0..10|11 []) + 19·(x_10 ∈ |0..10|11 []) ≤ 1470
	w195:	36·(x_1 ∈ |0..10|11 []) + 39·(x_2 ∈ |0..10|11 []) + 47·(x_3 ∈ |0..10|11 []) + 43·(x_4 ∈ |0..10|11 []) + 4·(x_5 ∈ |0..10|11 []) + 48·(x_6 ∈ |0..10|11 []) + 47·(x_7 ∈ |0..10|11 []) + 3·(x_8 ∈ |0..10|11 []) + 9·(x_9 ∈ |0..10|11 []) + 13·(x_10 ∈ |0..10|11 []) ≤ 1200
	w196:	8·(x_1 ∈ |0..10|11 []) + 46·(x_2 ∈ |0..10|11 []) + 6·(x_3 ∈ |0..10|11 []) + 37·(x_4 ∈ |0..10|11 []) + 13·(x_5 ∈ |0..10|11 []) + 46·(x_6 ∈ |0..10|11 []) + 41·(x_7 ∈ |0..10|11 []) + 36·(x_8 ∈ |0..10|11 []) + 42·(x_9 ∈ |0..10|11 []) + 25·(x_10 ∈ |0..10|11 []) ≤ 1240
	w197:	12·(x_1 ∈ |0..10|11 []) + 41·(x_2 ∈ |0..10|11 []) + 21·(x_3 ∈ |0..10|11 []) + 46·(x_4 ∈ |0..10|11 []) + 5·(x_5 ∈ |0..10|11 []) + 29·(x_6 ∈ |0..10|11 []) + 45·(x_7 ∈ |0..10|11 []) + 12·(x_8 ∈ |0..10|11 []) + 8·(x_9 ∈ |0..10|11 []) + (x_10 ∈ |0..10|11 []) ≤ 910
	w198:	45·(x_1 ∈ |0..10|11 []) + 43·(x_2 ∈ |0..10|11 []) + 16·(x_3 ∈ |0..10|11 []) + 14·(x_4 ∈ |0..10|11 []) + 31·(x_5 ∈ |0..10|11 []) + 3·(x_6 ∈ |0..10|11 []) + 47·(x_7 ∈ |0..10|11 []) + 38·(x_8 ∈ |0..10|11 []) + 43·(x_9 ∈ |0..10|11 []) + 39·(x_10 ∈ |0..10|11 []) ≤ 1320
	w199:	7·(x_1 ∈ |0..10|11 []) + 37·(x_2 ∈ |0..10|11 []) + 20·(x_3 ∈ |0..10|11 []) + 2·(x_4 ∈ |0..10|11 []) + 12·(x_5 ∈ |0..10|11 []) + 2·(x_6 ∈ |0..10|11 []) + 32·(x_7 ∈ |0..10|11 []) + 2·(x_8 ∈ |0..10|11 []) + 11·(x_9 ∈ |0..10|11 []) + 28·(x_10 ∈ |0..10|11 []) ≤ 630
	w200:	22·(x_1 ∈ |0..10|11 []) + 23·(x_2 ∈ |0..10|11 []) + 9·(x_3 ∈ |0..10|11 []) + 21·(x_4 ∈ |0..10|11 []) + 7·(x_5 ∈ |0..10|11 []) + 28·(x_6 ∈ |0..10|11 []) + (x_7 ∈ |0..10|11 []) + 29·(x_8 ∈ |0..10|11 []) + 49·(x_9 ∈ |0..10|11 []) + 12·(x_10 ∈ |0..10|11 []) ≤ 830
	profits:	15·(x_1 ∈ |0..10|11 []) + (x_2 ∈ |0..10|11 []) + 23·(x_3 ∈ |0..10|11 []) + 25·(x_4 ∈ |0..10|11 []) + 10·(x_5 ∈ |0..10|11 []) + 14·(x_6 ∈ |0..10|11 []) + 49·(x_7 ∈ |0..10|11 []) + 39·(x_8 ∈ |0..10|11 []) + 12·(x_9 ∈ |0..10|11 []) + 14·(x_10 ∈ |0..10|11 []) ≥ 1170
	CSE: ""

Encoded GT + Ord in 117.77045 seconds as 645732/150007135/383873870

/var/spool/slurmd/job1876643/slurm_script: line 5: 2502909 Killed                  ( exec ./target/release/pbc load "$1/$id.json" )
BATCH.SH END 137
slurmstepd-extra001: error: Detected 1 oom-kill event(s) in step 1876643.batch cgroup. Some of your processes may have been killed by the cgroup out-of-memory handler.
