BATCH.SH START ./experiments/mbkp/runs:1336 (ulimit --clean)
Start EncodeRecord { instance: Some(Instance { problem: Mbkp { bound: 10, n_: 10, m_: 200, q_: 50, family: 1, s_: 25, seed: 4, fl: "0.4", fu: None, skip_obj: true }, i: 12, lp: "./experiments/mbkp/lps/2/4_02.lp" }), experiment: Some(Experiment { system: Pbc, pb_encoding: Gt, int_encoding: Ord, con_encoding: Include, split_eq: false, model_config: ModelConfig { scm: Dnf, cutoff: Mix(150), decomposer: Gt, equalize_ternaries: true, add_consistency: false, propagate: None, equalize_uniform_bin_ineqs: false } }), statics: None, pb_statics: None, principal: None, time: None, dimacs: None }
model = 
	w1:	22·(x_1 ∈ |0..10|11 []) + 44·(x_2 ∈ |0..10|11 []) + 4·(x_3 ∈ |0..10|11 []) + 30·(x_4 ∈ |0..10|11 []) + 45·(x_5 ∈ |0..10|11 []) + 17·(x_6 ∈ |0..10|11 []) + 49·(x_7 ∈ |0..10|11 []) + (x_8 ∈ |0..10|11 []) + 7·(x_9 ∈ |0..10|11 []) + 38·(x_10 ∈ |0..10|11 []) ≤ 1060
	w2:	31·(x_1 ∈ |0..10|11 []) + 31·(x_2 ∈ |0..10|11 []) + 32·(x_3 ∈ |0..10|11 []) + 36·(x_4 ∈ |0..10|11 []) + 31·(x_5 ∈ |0..10|11 []) + 47·(x_6 ∈ |0..10|11 []) + 15·(x_7 ∈ |0..10|11 []) + 2·(x_8 ∈ |0..10|11 []) + 20·(x_9 ∈ |0..10|11 []) + 11·(x_10 ∈ |0..10|11 []) ≤ 1060
	w3:	44·(x_1 ∈ |0..10|11 []) + 18·(x_2 ∈ |0..10|11 []) + 44·(x_3 ∈ |0..10|11 []) + 17·(x_4 ∈ |0..10|11 []) + 17·(x_5 ∈ |0..10|11 []) + 13·(x_6 ∈ |0..10|11 []) + 10·(x_7 ∈ |0..10|11 []) + 47·(x_8 ∈ |0..10|11 []) + 26·(x_9 ∈ |0..10|11 []) + 5·(x_10 ∈ |0..10|11 []) ≤ 1000
	w4:	5·(x_1 ∈ |0..10|11 []) + 38·(x_2 ∈ |0..10|11 []) + 3·(x_3 ∈ |0..10|11 []) + 21·(x_4 ∈ |0..10|11 []) + 29·(x_5 ∈ |0..10|11 []) + 49·(x_6 ∈ |0..10|11 []) + 46·(x_7 ∈ |0..10|11 []) + 22·(x_8 ∈ |0..10|11 []) + 11·(x_9 ∈ |0..10|11 []) + 41·(x_10 ∈ |0..10|11 []) ≤ 1100
	w5:	47·(x_1 ∈ |0..10|11 []) + 48·(x_2 ∈ |0..10|11 []) + 47·(x_3 ∈ |0..10|11 []) + 5·(x_4 ∈ |0..10|11 []) + 49·(x_5 ∈ |0..10|11 []) + 6·(x_6 ∈ |0..10|11 []) + 39·(x_7 ∈ |0..10|11 []) + 6·(x_8 ∈ |0..10|11 []) + 29·(x_9 ∈ |0..10|11 []) + 36·(x_10 ∈ |0..10|11 []) ≤ 1290
	w6:	43·(x_1 ∈ |0..10|11 []) + 40·(x_2 ∈ |0..10|11 []) + 11·(x_3 ∈ |0..10|11 []) + 48·(x_4 ∈ |0..10|11 []) + 21·(x_5 ∈ |0..10|11 []) + 13·(x_6 ∈ |0..10|11 []) + 43·(x_7 ∈ |0..10|11 []) + 6·(x_8 ∈ |0..10|11 []) + 19·(x_9 ∈ |0..10|11 []) + 47·(x_10 ∈ |0..10|11 []) ≤ 1210
	w7:	11·(x_1 ∈ |0..10|11 []) + 33·(x_2 ∈ |0..10|11 []) + 5·(x_3 ∈ |0..10|11 []) + 33·(x_4 ∈ |0..10|11 []) + 45·(x_5 ∈ |0..10|11 []) + 45·(x_6 ∈ |0..10|11 []) + 41·(x_7 ∈ |0..10|11 []) + 14·(x_8 ∈ |0..10|11 []) + 31·(x_9 ∈ |0..10|11 []) + 27·(x_10 ∈ |0..10|11 []) ≤ 1180
	w8:	8·(x_1 ∈ |0..10|11 []) + 44·(x_2 ∈ |0..10|11 []) + 16·(x_3 ∈ |0..10|11 []) + 9·(x_4 ∈ |0..10|11 []) + 43·(x_5 ∈ |0..10|11 []) + 33·(x_6 ∈ |0..10|11 []) + 31·(x_7 ∈ |0..10|11 []) + 10·(x_8 ∈ |0..10|11 []) + (x_9 ∈ |0..10|11 []) + 24·(x_10 ∈ |0..10|11 []) ≤ 910
	w9:	48·(x_1 ∈ |0..10|11 []) + 28·(x_2 ∈ |0..10|11 []) + 27·(x_3 ∈ |0..10|11 []) + 23·(x_4 ∈ |0..10|11 []) + 10·(x_5 ∈ |0..10|11 []) + 13·(x_6 ∈ |0..10|11 []) + 24·(x_7 ∈ |0..10|11 []) + 47·(x_8 ∈ |0..10|11 []) + 4·(x_9 ∈ |0..10|11 []) + 6·(x_10 ∈ |0..10|11 []) ≤ 950
	w10:	46·(x_1 ∈ |0..10|11 []) + 42·(x_2 ∈ |0..10|11 []) + 2·(x_3 ∈ |0..10|11 []) + 34·(x_4 ∈ |0..10|11 []) + 16·(x_5 ∈ |0..10|11 []) + 37·(x_6 ∈ |0..10|11 []) + 11·(x_7 ∈ |0..10|11 []) + 8·(x_8 ∈ |0..10|11 []) + 35·(x_9 ∈ |0..10|11 []) + (x_10 ∈ |0..10|11 []) ≤ 960
	w11:	11·(x_1 ∈ |0..10|11 []) + 49·(x_2 ∈ |0..10|11 []) + 21·(x_3 ∈ |0..10|11 []) + 21·(x_4 ∈ |0..10|11 []) + 12·(x_5 ∈ |0..10|11 []) + 28·(x_6 ∈ |0..10|11 []) + 22·(x_7 ∈ |0..10|11 []) + 44·(x_8 ∈ |0..10|11 []) + 22·(x_9 ∈ |0..10|11 []) + 13·(x_10 ∈ |0..10|11 []) ≤ 1010
	w12:	7·(x_1 ∈ |0..10|11 []) + 46·(x_2 ∈ |0..10|11 []) + 27·(x_3 ∈ |0..10|11 []) + 5·(x_4 ∈ |0..10|11 []) + 5·(x_5 ∈ |0..10|11 []) + 29·(x_6 ∈ |0..10|11 []) + 5·(x_7 ∈ |0..10|11 []) + 45·(x_8 ∈ |0..10|11 []) + 8·(x_9 ∈ |0..10|11 []) + (x_10 ∈ |0..10|11 []) ≤ 740
	w13:	(x_1 ∈ |0..10|11 []) + 18·(x_2 ∈ |0..10|11 []) + 46·(x_3 ∈ |0..10|11 []) + 36·(x_4 ∈ |0..10|11 []) + 21·(x_5 ∈ |0..10|11 []) + 12·(x_6 ∈ |0..10|11 []) + 43·(x_7 ∈ |0..10|11 []) + 2·(x_8 ∈ |0..10|11 []) + 40·(x_9 ∈ |0..10|11 []) + 47·(x_10 ∈ |0..10|11 []) ≤ 1100
	w14:	26·(x_1 ∈ |0..10|11 []) + 28·(x_2 ∈ |0..10|11 []) + 20·(x_3 ∈ |0..10|11 []) + (x_4 ∈ |0..10|11 []) + 21·(x_5 ∈ |0..10|11 []) + 27·(x_6 ∈ |0..10|11 []) + 7·(x_7 ∈ |0..10|11 []) + 23·(x_8 ∈ |0..10|11 []) + 26·(x_9 ∈ |0..10|11 []) + 30·(x_10 ∈ |0..10|11 []) ≤ 860
	w15:	34·(x_1 ∈ |0..10|11 []) + (x_2 ∈ |0..10|11 []) + 17·(x_3 ∈ |0..10|11 []) + 13·(x_4 ∈ |0..10|11 []) + 2·(x_5 ∈ |0..10|11 []) + 4·(x_6 ∈ |0..10|11 []) + 9·(x_7 ∈ |0..10|11 []) + 30·(x_8 ∈ |0..10|11 []) + 16·(x_9 ∈ |0..10|11 []) + 16·(x_10 ∈ |0..10|11 []) ≤ 590
	w16:	21·(x_1 ∈ |0..10|11 []) + 25·(x_2 ∈ |0..10|11 []) + 17·(x_3 ∈ |0..10|11 []) + 31·(x_4 ∈ |0..10|11 []) + 27·(x_5 ∈ |0..10|11 []) + 20·(x_6 ∈ |0..10|11 []) + 43·(x_7 ∈ |0..10|11 []) + 26·(x_8 ∈ |0..10|11 []) + 9·(x_9 ∈ |0..10|11 []) + 32·(x_10 ∈ |0..10|11 []) ≤ 1040
	w17:	(x_1 ∈ |0..10|11 []) + 23·(x_2 ∈ |0..10|11 []) + 43·(x_3 ∈ |0..10|11 []) + 26·(x_4 ∈ |0..10|11 []) + 49·(x_5 ∈ |0..10|11 []) + 17·(x_6 ∈ |0..10|11 []) + 24·(x_7 ∈ |0..10|11 []) + 10·(x_8 ∈ |0..10|11 []) + 16·(x_9 ∈ |0..10|11 []) + 7·(x_10 ∈ |0..10|11 []) ≤ 890
	w18:	(x_1 ∈ |0..10|11 []) + 37·(x_2 ∈ |0..10|11 []) + 49·(x_3 ∈ |0..10|11 []) + 39·(x_4 ∈ |0..10|11 []) + 46·(x_5 ∈ |0..10|11 []) + 31·(x_6 ∈ |0..10|11 []) + 46·(x_7 ∈ |0..10|11 []) + 16·(x_8 ∈ |0..10|11 []) + 18·(x_9 ∈ |0..10|11 []) + 15·(x_10 ∈ |0..10|11 []) ≤ 1230
	w19:	20·(x_1 ∈ |0..10|11 []) + 19·(x_2 ∈ |0..10|11 []) + (x_3 ∈ |0..10|11 []) + 27·(x_4 ∈ |0..10|11 []) + 34·(x_5 ∈ |0..10|11 []) + 34·(x_6 ∈ |0..10|11 []) + 42·(x_7 ∈ |0..10|11 []) + 43·(x_8 ∈ |0..10|11 []) + 27·(x_9 ∈ |0..10|11 []) + 22·(x_10 ∈ |0..10|11 []) ≤ 1110
	w20:	25·(x_1 ∈ |0..10|11 []) + 17·(x_2 ∈ |0..10|11 []) + 17·(x_3 ∈ |0..10|11 []) + 9·(x_4 ∈ |0..10|11 []) + 11·(x_5 ∈ |0..10|11 []) + 20·(x_6 ∈ |0..10|11 []) + 16·(x_7 ∈ |0..10|11 []) + (x_8 ∈ |0..10|11 []) + 49·(x_9 ∈ |0..10|11 []) + 28·(x_10 ∈ |0..10|11 []) ≤ 800
	w21:	24·(x_1 ∈ |0..10|11 []) + 24·(x_2 ∈ |0..10|11 []) + 8·(x_3 ∈ |0..10|11 []) + 17·(x_4 ∈ |0..10|11 []) + 43·(x_5 ∈ |0..10|11 []) + 7·(x_6 ∈ |0..10|11 []) + 28·(x_7 ∈ |0..10|11 []) + 27·(x_8 ∈ |0..10|11 []) + 26·(x_9 ∈ |0..10|11 []) + 42·(x_10 ∈ |0..10|11 []) ≤ 1020
	w22:	25·(x_1 ∈ |0..10|11 []) + 4·(x_2 ∈ |0..10|11 []) + 24·(x_3 ∈ |0..10|11 []) + 38·(x_4 ∈ |0..10|11 []) + 43·(x_5 ∈ |0..10|11 []) + 12·(x_6 ∈ |0..10|11 []) + 22·(x_7 ∈ |0..10|11 []) + 48·(x_8 ∈ |0..10|11 []) + 11·(x_9 ∈ |0..10|11 []) + 27·(x_10 ∈ |0..10|11 []) ≤ 1050
	w23:	28·(x_1 ∈ |0..10|11 []) + 23·(x_2 ∈ |0..10|11 []) + 21·(x_3 ∈ |0..10|11 []) + 10·(x_4 ∈ |0..10|11 []) + 13·(x_5 ∈ |0..10|11 []) + 46·(x_6 ∈ |0..10|11 []) + 3·(x_7 ∈ |0..10|11 []) + 14·(x_8 ∈ |0..10|11 []) + 46·(x_9 ∈ |0..10|11 []) + 32·(x_10 ∈ |0..10|11 []) ≤ 980
	w24:	6·(x_1 ∈ |0..10|11 []) + 7·(x_2 ∈ |0..10|11 []) + 25·(x_3 ∈ |0..10|11 []) + 6·(x_4 ∈ |0..10|11 []) + 14·(x_5 ∈ |0..10|11 []) + 34·(x_6 ∈ |0..10|11 []) + 19·(x_7 ∈ |0..10|11 []) + 9·(x_8 ∈ |0..10|11 []) + 48·(x_9 ∈ |0..10|11 []) + 37·(x_10 ∈ |0..10|11 []) ≤ 850
	w25:	3·(x_1 ∈ |0..10|11 []) + 33·(x_2 ∈ |0..10|11 []) + 13·(x_3 ∈ |0..10|11 []) + 2·(x_4 ∈ |0..10|11 []) + 24·(x_5 ∈ |0..10|11 []) + 16·(x_6 ∈ |0..10|11 []) + 27·(x_7 ∈ |0..10|11 []) + 47·(x_8 ∈ |0..10|11 []) + 22·(x_9 ∈ |0..10|11 []) + 15·(x_10 ∈ |0..10|11 []) ≤ 840
	w26:	48·(x_1 ∈ |0..10|11 []) + 38·(x_2 ∈ |0..10|11 []) + 34·(x_3 ∈ |0..10|11 []) + 16·(x_4 ∈ |0..10|11 []) + 34·(x_5 ∈ |0..10|11 []) + 43·(x_6 ∈ |0..10|11 []) + 47·(x_7 ∈ |0..10|11 []) + 41·(x_8 ∈ |0..10|11 []) + 27·(x_9 ∈ |0..10|11 []) + 38·(x_10 ∈ |0..10|11 []) ≤ 1520
	w27:	48·(x_1 ∈ |0..10|11 []) + 35·(x_2 ∈ |0..10|11 []) + 13·(x_3 ∈ |0..10|11 []) + 29·(x_4 ∈ |0..10|11 []) + 5·(x_5 ∈ |0..10|11 []) + 23·(x_6 ∈ |0..10|11 []) + 16·(x_7 ∈ |0..10|11 []) + 29·(x_8 ∈ |0..10|11 []) + 32·(x_9 ∈ |0..10|11 []) + 9·(x_10 ∈ |0..10|11 []) ≤ 990
	w28:	38·(x_1 ∈ |0..10|11 []) + 18·(x_2 ∈ |0..10|11 []) + 14·(x_3 ∈ |0..10|11 []) + 32·(x_4 ∈ |0..10|11 []) + (x_5 ∈ |0..10|11 []) + 41·(x_6 ∈ |0..10|11 []) + 10·(x_7 ∈ |0..10|11 []) + 5·(x_8 ∈ |0..10|11 []) + 40·(x_9 ∈ |0..10|11 []) + 19·(x_10 ∈ |0..10|11 []) ≤ 900
	w29:	46·(x_1 ∈ |0..10|11 []) + 12·(x_2 ∈ |0..10|11 []) + 23·(x_3 ∈ |0..10|11 []) + 3·(x_4 ∈ |0..10|11 []) + 39·(x_5 ∈ |0..10|11 []) + 9·(x_6 ∈ |0..10|11 []) + 39·(x_7 ∈ |0..10|11 []) + 14·(x_8 ∈ |0..10|11 []) + 37·(x_9 ∈ |0..10|11 []) + 15·(x_10 ∈ |0..10|11 []) ≤ 980
	w30:	6·(x_1 ∈ |0..10|11 []) + 33·(x_2 ∈ |0..10|11 []) + 28·(x_3 ∈ |0..10|11 []) + 46·(x_4 ∈ |0..10|11 []) + 6·(x_5 ∈ |0..10|11 []) + (x_6 ∈ |0..10|11 []) + 20·(x_7 ∈ |0..10|11 []) + 30·(x_8 ∈ |0..10|11 []) + 43·(x_9 ∈ |0..10|11 []) + 33·(x_10 ∈ |0..10|11 []) ≤ 1020
	w31:	9·(x_1 ∈ |0..10|11 []) + 7·(x_2 ∈ |0..10|11 []) + 16·(x_3 ∈ |0..10|11 []) + 13·(x_4 ∈ |0..10|11 []) + 41·(x_5 ∈ |0..10|11 []) + 15·(x_6 ∈ |0..10|11 []) + 32·(x_7 ∈ |0..10|11 []) + 20·(x_8 ∈ |0..10|11 []) + 40·(x_9 ∈ |0..10|11 []) + 40·(x_10 ∈ |0..10|11 []) ≤ 960
	w32:	40·(x_1 ∈ |0..10|11 []) + 35·(x_2 ∈ |0..10|11 []) + 13·(x_3 ∈ |0..10|11 []) + 23·(x_4 ∈ |0..10|11 []) + 25·(x_5 ∈ |0..10|11 []) + 26·(x_6 ∈ |0..10|11 []) + 24·(x_7 ∈ |0..10|11 []) + 24·(x_8 ∈ |0..10|11 []) + 37·(x_9 ∈ |0..10|11 []) + 9·(x_10 ∈ |0..10|11 []) ≤ 1060
	w33:	2·(x_1 ∈ |0..10|11 []) + 7·(x_2 ∈ |0..10|11 []) + 40·(x_3 ∈ |0..10|11 []) + 23·(x_4 ∈ |0..10|11 []) + 19·(x_5 ∈ |0..10|11 []) + 31·(x_6 ∈ |0..10|11 []) + 17·(x_7 ∈ |0..10|11 []) + 4·(x_8 ∈ |0..10|11 []) + 28·(x_9 ∈ |0..10|11 []) + 18·(x_10 ∈ |0..10|11 []) ≤ 780
	w34:	13·(x_1 ∈ |0..10|11 []) + 35·(x_2 ∈ |0..10|11 []) + 36·(x_3 ∈ |0..10|11 []) + 36·(x_4 ∈ |0..10|11 []) + 15·(x_5 ∈ |0..10|11 []) + 27·(x_6 ∈ |0..10|11 []) + 25·(x_7 ∈ |0..10|11 []) + 32·(x_8 ∈ |0..10|11 []) + 31·(x_9 ∈ |0..10|11 []) + 10·(x_10 ∈ |0..10|11 []) ≤ 1080
	w35:	25·(x_1 ∈ |0..10|11 []) + 32·(x_2 ∈ |0..10|11 []) + 9·(x_3 ∈ |0..10|11 []) + 5·(x_4 ∈ |0..10|11 []) + 36·(x_5 ∈ |0..10|11 []) + 22·(x_6 ∈ |0..10|11 []) + 38·(x_7 ∈ |0..10|11 []) + 36·(x_8 ∈ |0..10|11 []) + 2·(x_9 ∈ |0..10|11 []) + 43·(x_10 ∈ |0..10|11 []) ≤ 1030
	w36:	43·(x_1 ∈ |0..10|11 []) + 40·(x_2 ∈ |0..10|11 []) + 38·(x_3 ∈ |0..10|11 []) + 6·(x_4 ∈ |0..10|11 []) + 22·(x_5 ∈ |0..10|11 []) + 10·(x_6 ∈ |0..10|11 []) + 19·(x_7 ∈ |0..10|11 []) + 48·(x_8 ∈ |0..10|11 []) + 24·(x_9 ∈ |0..10|11 []) + 36·(x_10 ∈ |0..10|11 []) ≤ 1180
	w37:	17·(x_1 ∈ |0..10|11 []) + 25·(x_2 ∈ |0..10|11 []) + 4·(x_3 ∈ |0..10|11 []) + 44·(x_4 ∈ |0..10|11 []) + 15·(x_5 ∈ |0..10|11 []) + 12·(x_6 ∈ |0..10|11 []) + 40·(x_7 ∈ |0..10|11 []) + 32·(x_8 ∈ |0..10|11 []) + 46·(x_9 ∈ |0..10|11 []) + 12·(x_10 ∈ |0..10|11 []) ≤ 1020
	w38:	38·(x_1 ∈ |0..10|11 []) + 28·(x_2 ∈ |0..10|11 []) + 36·(x_3 ∈ |0..10|11 []) + 16·(x_4 ∈ |0..10|11 []) + 45·(x_5 ∈ |0..10|11 []) + 41·(x_6 ∈ |0..10|11 []) + 41·(x_7 ∈ |0..10|11 []) + 32·(x_8 ∈ |0..10|11 []) + 34·(x_9 ∈ |0..10|11 []) + (x_10 ∈ |0..10|11 []) ≤ 1290
	w39:	11·(x_1 ∈ |0..10|11 []) + 31·(x_2 ∈ |0..10|11 []) + (x_3 ∈ |0..10|11 []) + 36·(x_4 ∈ |0..10|11 []) + 39·(x_5 ∈ |0..10|11 []) + 25·(x_6 ∈ |0..10|11 []) + 22·(x_7 ∈ |0..10|11 []) + 29·(x_8 ∈ |0..10|11 []) + 47·(x_9 ∈ |0..10|11 []) + 30·(x_10 ∈ |0..10|11 []) ≤ 1120
	w40:	35·(x_1 ∈ |0..10|11 []) + 26·(x_2 ∈ |0..10|11 []) + 9·(x_3 ∈ |0..10|11 []) + 19·(x_4 ∈ |0..10|11 []) + 37·(x_5 ∈ |0..10|11 []) + 14·(x_6 ∈ |0..10|11 []) + 32·(x_7 ∈ |0..10|11 []) + 9·(x_8 ∈ |0..10|11 []) + 18·(x_9 ∈ |0..10|11 []) + 13·(x_10 ∈ |0..10|11 []) ≤ 880
	w41:	9·(x_1 ∈ |0..10|11 []) + 22·(x_2 ∈ |0..10|11 []) + 32·(x_3 ∈ |0..10|11 []) + 8·(x_4 ∈ |0..10|11 []) + 9·(x_5 ∈ |0..10|11 []) + 28·(x_6 ∈ |0..10|11 []) + 49·(x_7 ∈ |0..10|11 []) + 44·(x_8 ∈ |0..10|11 []) + 31·(x_9 ∈ |0..10|11 []) + 11·(x_10 ∈ |0..10|11 []) ≤ 1010
	w42:	19·(x_1 ∈ |0..10|11 []) + 27·(x_2 ∈ |0..10|11 []) + 12·(x_3 ∈ |0..10|11 []) + 22·(x_4 ∈ |0..10|11 []) + 32·(x_5 ∈ |0..10|11 []) + 43·(x_6 ∈ |0..10|11 []) + 39·(x_7 ∈ |0..10|11 []) + 13·(x_8 ∈ |0..10|11 []) + 34·(x_9 ∈ |0..10|11 []) + 48·(x_10 ∈ |0..10|11 []) ≤ 1200
	w43:	12·(x_1 ∈ |0..10|11 []) + 19·(x_2 ∈ |0..10|11 []) + 35·(x_3 ∈ |0..10|11 []) + 8·(x_4 ∈ |0..10|11 []) + 16·(x_5 ∈ |0..10|11 []) + 31·(x_6 ∈ |0..10|11 []) + 30·(x_7 ∈ |0..10|11 []) + 6·(x_8 ∈ |0..10|11 []) + 42·(x_9 ∈ |0..10|11 []) + (x_10 ∈ |0..10|11 []) ≤ 830
	w44:	11·(x_1 ∈ |0..10|11 []) + 19·(x_2 ∈ |0..10|11 []) + 2·(x_3 ∈ |0..10|11 []) + 31·(x_4 ∈ |0..10|11 []) + 5·(x_5 ∈ |0..10|11 []) + 40·(x_6 ∈ |0..10|11 []) + 25·(x_7 ∈ |0..10|11 []) + 35·(x_8 ∈ |0..10|11 []) + 31·(x_9 ∈ |0..10|11 []) + 3·(x_10 ∈ |0..10|11 []) ≤ 840
	w45:	4·(x_1 ∈ |0..10|11 []) + 22·(x_2 ∈ |0..10|11 []) + 39·(x_3 ∈ |0..10|11 []) + 26·(x_4 ∈ |0..10|11 []) + 48·(x_5 ∈ |0..10|11 []) + 14·(x_6 ∈ |0..10|11 []) + 3·(x_7 ∈ |0..10|11 []) + 39·(x_8 ∈ |0..10|11 []) + 29·(x_9 ∈ |0..10|11 []) + 30·(x_10 ∈ |0..10|11 []) ≤ 1050
	w46:	45·(x_1 ∈ |0..10|11 []) + 6·(x_2 ∈ |0..10|11 []) + 8·(x_3 ∈ |0..10|11 []) + 38·(x_4 ∈ |0..10|11 []) + 23·(x_5 ∈ |0..10|11 []) + 43·(x_6 ∈ |0..10|11 []) + 48·(x_7 ∈ |0..10|11 []) + 33·(x_8 ∈ |0..10|11 []) + 47·(x_9 ∈ |0..10|11 []) + 44·(x_10 ∈ |0..10|11 []) ≤ 1390
	w47:	25·(x_1 ∈ |0..10|11 []) + 46·(x_2 ∈ |0..10|11 []) + 25·(x_3 ∈ |0..10|11 []) + 5·(x_4 ∈ |0..10|11 []) + 18·(x_5 ∈ |0..10|11 []) + 21·(x_6 ∈ |0..10|11 []) + 8·(x_7 ∈ |0..10|11 []) + 11·(x_8 ∈ |0..10|11 []) + 43·(x_9 ∈ |0..10|11 []) + 16·(x_10 ∈ |0..10|11 []) ≤ 900
	w48:	15·(x_1 ∈ |0..10|11 []) + 38·(x_2 ∈ |0..10|11 []) + 18·(x_3 ∈ |0..10|11 []) + 26·(x_4 ∈ |0..10|11 []) + 28·(x_5 ∈ |0..10|11 []) + 37·(x_6 ∈ |0..10|11 []) + 4·(x_7 ∈ |0..10|11 []) + 28·(x_8 ∈ |0..10|11 []) + 40·(x_9 ∈ |0..10|11 []) + 20·(x_10 ∈ |0..10|11 []) ≤ 1050
	w49:	41·(x_1 ∈ |0..10|11 []) + 36·(x_2 ∈ |0..10|11 []) + 42·(x_3 ∈ |0..10|11 []) + 47·(x_4 ∈ |0..10|11 []) + 31·(x_5 ∈ |0..10|11 []) + 15·(x_6 ∈ |0..10|11 []) + 12·(x_7 ∈ |0..10|11 []) + 18·(x_8 ∈ |0..10|11 []) + 25·(x_9 ∈ |0..10|11 []) + 32·(x_10 ∈ |0..10|11 []) ≤ 1240
	w50:	40·(x_1 ∈ |0..10|11 []) + 46·(x_2 ∈ |0..10|11 []) + 39·(x_3 ∈ |0..10|11 []) + 45·(x_4 ∈ |0..10|11 []) + 38·(x_5 ∈ |0..10|11 []) + 7·(x_6 ∈ |0..10|11 []) + 24·(x_7 ∈ |0..10|11 []) + 42·(x_8 ∈ |0..10|11 []) + 19·(x_9 ∈ |0..10|11 []) + 32·(x_10 ∈ |0..10|11 []) ≤ 1380
	w51:	8·(x_1 ∈ |0..10|11 []) + 48·(x_2 ∈ |0..10|11 []) + 6·(x_3 ∈ |0..10|11 []) + 35·(x_4 ∈ |0..10|11 []) + 8·(x_5 ∈ |0..10|11 []) + 18·(x_6 ∈ |0..10|11 []) + 35·(x_7 ∈ |0..10|11 []) + 32·(x_8 ∈ |0..10|11 []) + 24·(x_9 ∈ |0..10|11 []) + 12·(x_10 ∈ |0..10|11 []) ≤ 940
	w52:	25·(x_1 ∈ |0..10|11 []) + 42·(x_2 ∈ |0..10|11 []) + 46·(x_3 ∈ |0..10|11 []) + 46·(x_4 ∈ |0..10|11 []) + 25·(x_5 ∈ |0..10|11 []) + 46·(x_6 ∈ |0..10|11 []) + 30·(x_7 ∈ |0..10|11 []) + 7·(x_8 ∈ |0..10|11 []) + 25·(x_9 ∈ |0..10|11 []) + 13·(x_10 ∈ |0..10|11 []) ≤ 1260
	w53:	12·(x_1 ∈ |0..10|11 []) + 21·(x_2 ∈ |0..10|11 []) + 11·(x_3 ∈ |0..10|11 []) + 6·(x_4 ∈ |0..10|11 []) + 23·(x_5 ∈ |0..10|11 []) + 17·(x_6 ∈ |0..10|11 []) + 22·(x_7 ∈ |0..10|11 []) + 44·(x_8 ∈ |0..10|11 []) + 6·(x_9 ∈ |0..10|11 []) + (x_10 ∈ |0..10|11 []) ≤ 670
	w54:	5·(x_1 ∈ |0..10|11 []) + 15·(x_2 ∈ |0..10|11 []) + 3·(x_3 ∈ |0..10|11 []) + 4·(x_4 ∈ |0..10|11 []) + 38·(x_5 ∈ |0..10|11 []) + 29·(x_6 ∈ |0..10|11 []) + 11·(x_7 ∈ |0..10|11 []) + 25·(x_8 ∈ |0..10|11 []) + 28·(x_9 ∈ |0..10|11 []) + 19·(x_10 ∈ |0..10|11 []) ≤ 730
	w55:	27·(x_1 ∈ |0..10|11 []) + 12·(x_2 ∈ |0..10|11 []) + 17·(x_3 ∈ |0..10|11 []) + 28·(x_4 ∈ |0..10|11 []) + (x_5 ∈ |0..10|11 []) + 33·(x_6 ∈ |0..10|11 []) + 17·(x_7 ∈ |0..10|11 []) + 20·(x_8 ∈ |0..10|11 []) + 8·(x_9 ∈ |0..10|11 []) + 9·(x_10 ∈ |0..10|11 []) ≤ 710
	w56:	24·(x_1 ∈ |0..10|11 []) + 8·(x_2 ∈ |0..10|11 []) + 29·(x_3 ∈ |0..10|11 []) + 29·(x_4 ∈ |0..10|11 []) + 15·(x_5 ∈ |0..10|11 []) + 41·(x_6 ∈ |0..10|11 []) + 13·(x_7 ∈ |0..10|11 []) + 20·(x_8 ∈ |0..10|11 []) + 30·(x_9 ∈ |0..10|11 []) + 26·(x_10 ∈ |0..10|11 []) ≤ 970
	w57:	10·(x_1 ∈ |0..10|11 []) + 40·(x_2 ∈ |0..10|11 []) + 41·(x_3 ∈ |0..10|11 []) + 44·(x_4 ∈ |0..10|11 []) + 40·(x_5 ∈ |0..10|11 []) + 12·(x_6 ∈ |0..10|11 []) + 28·(x_7 ∈ |0..10|11 []) + 10·(x_8 ∈ |0..10|11 []) + 5·(x_9 ∈ |0..10|11 []) + 20·(x_10 ∈ |0..10|11 []) ≤ 1040
	w58:	37·(x_1 ∈ |0..10|11 []) + 40·(x_2 ∈ |0..10|11 []) + 23·(x_3 ∈ |0..10|11 []) + 48·(x_4 ∈ |0..10|11 []) + 45·(x_5 ∈ |0..10|11 []) + 3·(x_6 ∈ |0..10|11 []) + 48·(x_7 ∈ |0..10|11 []) + 33·(x_8 ∈ |0..10|11 []) + 18·(x_9 ∈ |0..10|11 []) + 25·(x_10 ∈ |0..10|11 []) ≤ 1330
	w59:	13·(x_1 ∈ |0..10|11 []) + 12·(x_2 ∈ |0..10|11 []) + 39·(x_3 ∈ |0..10|11 []) + 49·(x_4 ∈ |0..10|11 []) + 49·(x_5 ∈ |0..10|11 []) + 25·(x_6 ∈ |0..10|11 []) + 7·(x_7 ∈ |0..10|11 []) + 4·(x_8 ∈ |0..10|11 []) + 32·(x_9 ∈ |0..10|11 []) + 29·(x_10 ∈ |0..10|11 []) ≤ 1070
	w60:	48·(x_1 ∈ |0..10|11 []) + 24·(x_2 ∈ |0..10|11 []) + 6·(x_3 ∈ |0..10|11 []) + 17·(x_4 ∈ |0..10|11 []) + 22·(x_5 ∈ |0..10|11 []) + 22·(x_6 ∈ |0..10|11 []) + 47·(x_7 ∈ |0..10|11 []) + 22·(x_8 ∈ |0..10|11 []) + 39·(x_9 ∈ |0..10|11 []) + 8·(x_10 ∈ |0..10|11 []) ≤ 1060
	w61:	15·(x_1 ∈ |0..10|11 []) + 23·(x_2 ∈ |0..10|11 []) + 10·(x_3 ∈ |0..10|11 []) + 30·(x_4 ∈ |0..10|11 []) + 3·(x_5 ∈ |0..10|11 []) + 2·(x_6 ∈ |0..10|11 []) + 7·(x_7 ∈ |0..10|11 []) + 28·(x_8 ∈ |0..10|11 []) + 14·(x_9 ∈ |0..10|11 []) + 26·(x_10 ∈ |0..10|11 []) ≤ 650
	w62:	(x_1 ∈ |0..10|11 []) + 7·(x_2 ∈ |0..10|11 []) + 28·(x_3 ∈ |0..10|11 []) + 23·(x_4 ∈ |0..10|11 []) + 30·(x_5 ∈ |0..10|11 []) + 35·(x_6 ∈ |0..10|11 []) + 40·(x_7 ∈ |0..10|11 []) + 3·(x_8 ∈ |0..10|11 []) + 47·(x_9 ∈ |0..10|11 []) + 44·(x_10 ∈ |0..10|11 []) ≤ 1070
	w63:	30·(x_1 ∈ |0..10|11 []) + 36·(x_2 ∈ |0..10|11 []) + 43·(x_3 ∈ |0..10|11 []) + 18·(x_4 ∈ |0..10|11 []) + 4·(x_5 ∈ |0..10|11 []) + 48·(x_6 ∈ |0..10|11 []) + 34·(x_7 ∈ |0..10|11 []) + 36·(x_8 ∈ |0..10|11 []) + 42·(x_9 ∈ |0..10|11 []) + 43·(x_10 ∈ |0..10|11 []) ≤ 1380
	w64:	45·(x_1 ∈ |0..10|11 []) + 26·(x_2 ∈ |0..10|11 []) + 7·(x_3 ∈ |0..10|11 []) + 24·(x_4 ∈ |0..10|11 []) + 16·(x_5 ∈ |0..10|11 []) + 46·(x_6 ∈ |0..10|11 []) + 26·(x_7 ∈ |0..10|11 []) + 33·(x_8 ∈ |0..10|11 []) + 32·(x_9 ∈ |0..10|11 []) + 43·(x_10 ∈ |0..10|11 []) ≤ 1230
	w65:	45·(x_1 ∈ |0..10|11 []) + 18·(x_2 ∈ |0..10|11 []) + 48·(x_3 ∈ |0..10|11 []) + (x_4 ∈ |0..10|11 []) + 13·(x_5 ∈ |0..10|11 []) + 13·(x_6 ∈ |0..10|11 []) + 19·(x_7 ∈ |0..10|11 []) + 14·(x_8 ∈ |0..10|11 []) + 47·(x_9 ∈ |0..10|11 []) + 34·(x_10 ∈ |0..10|11 []) ≤ 1040
	w66:	40·(x_1 ∈ |0..10|11 []) + 18·(x_2 ∈ |0..10|11 []) + 17·(x_3 ∈ |0..10|11 []) + 46·(x_4 ∈ |0..10|11 []) + 20·(x_5 ∈ |0..10|11 []) + 2·(x_6 ∈ |0..10|11 []) + 38·(x_7 ∈ |0..10|11 []) + 20·(x_8 ∈ |0..10|11 []) + 4·(x_9 ∈ |0..10|11 []) + 9·(x_10 ∈ |0..10|11 []) ≤ 890
	w67:	42·(x_1 ∈ |0..10|11 []) + 43·(x_2 ∈ |0..10|11 []) + 49·(x_3 ∈ |0..10|11 []) + 35·(x_4 ∈ |0..10|11 []) + 21·(x_5 ∈ |0..10|11 []) + 34·(x_6 ∈ |0..10|11 []) + 17·(x_7 ∈ |0..10|11 []) + 49·(x_8 ∈ |0..10|11 []) + 30·(x_9 ∈ |0..10|11 []) + 47·(x_10 ∈ |0..10|11 []) ≤ 1520
	w68:	25·(x_1 ∈ |0..10|11 []) + 20·(x_2 ∈ |0..10|11 []) + 28·(x_3 ∈ |0..10|11 []) + 27·(x_4 ∈ |0..10|11 []) + 3·(x_5 ∈ |0..10|11 []) + 6·(x_6 ∈ |0..10|11 []) + 23·(x_7 ∈ |0..10|11 []) + 23·(x_8 ∈ |0..10|11 []) + 43·(x_9 ∈ |0..10|11 []) + 9·(x_10 ∈ |0..10|11 []) ≤ 860
	w69:	16·(x_1 ∈ |0..10|11 []) + 22·(x_2 ∈ |0..10|11 []) + 15·(x_3 ∈ |0..10|11 []) + 40·(x_4 ∈ |0..10|11 []) + 17·(x_5 ∈ |0..10|11 []) + 30·(x_6 ∈ |0..10|11 []) + 11·(x_7 ∈ |0..10|11 []) + (x_8 ∈ |0..10|11 []) + 44·(x_9 ∈ |0..10|11 []) + 42·(x_10 ∈ |0..10|11 []) ≤ 990
	w70:	46·(x_1 ∈ |0..10|11 []) + 31·(x_2 ∈ |0..10|11 []) + 30·(x_3 ∈ |0..10|11 []) + 2·(x_4 ∈ |0..10|11 []) + 17·(x_5 ∈ |0..10|11 []) + 20·(x_6 ∈ |0..10|11 []) + 7·(x_7 ∈ |0..10|11 []) + 46·(x_8 ∈ |0..10|11 []) + 13·(x_9 ∈ |0..10|11 []) + 9·(x_10 ∈ |0..10|11 []) ≤ 910
	w71:	45·(x_1 ∈ |0..10|11 []) + 24·(x_2 ∈ |0..10|11 []) + 26·(x_3 ∈ |0..10|11 []) + 32·(x_4 ∈ |0..10|11 []) + 26·(x_5 ∈ |0..10|11 []) + 8·(x_6 ∈ |0..10|11 []) + 2·(x_7 ∈ |0..10|11 []) + 20·(x_8 ∈ |0..10|11 []) + 34·(x_9 ∈ |0..10|11 []) + 8·(x_10 ∈ |0..10|11 []) ≤ 930
	w72:	14·(x_1 ∈ |0..10|11 []) + 33·(x_2 ∈ |0..10|11 []) + 42·(x_3 ∈ |0..10|11 []) + 16·(x_4 ∈ |0..10|11 []) + 42·(x_5 ∈ |0..10|11 []) + 15·(x_6 ∈ |0..10|11 []) + 23·(x_7 ∈ |0..10|11 []) + 40·(x_8 ∈ |0..10|11 []) + 30·(x_9 ∈ |0..10|11 []) + 4·(x_10 ∈ |0..10|11 []) ≤ 1070
	w73:	15·(x_1 ∈ |0..10|11 []) + 41·(x_2 ∈ |0..10|11 []) + 8·(x_3 ∈ |0..10|11 []) + 8·(x_4 ∈ |0..10|11 []) + 16·(x_5 ∈ |0..10|11 []) + 23·(x_6 ∈ |0..10|11 []) + 41·(x_7 ∈ |0..10|11 []) + 9·(x_8 ∈ |0..10|11 []) + 10·(x_9 ∈ |0..10|11 []) + 23·(x_10 ∈ |0..10|11 []) ≤ 800
	w74:	39·(x_1 ∈ |0..10|11 []) + 17·(x_2 ∈ |0..10|11 []) + 29·(x_3 ∈ |0..10|11 []) + 13·(x_4 ∈ |0..10|11 []) + 48·(x_5 ∈ |0..10|11 []) + 27·(x_6 ∈ |0..10|11 []) + 32·(x_7 ∈ |0..10|11 []) + 33·(x_8 ∈ |0..10|11 []) + 39·(x_9 ∈ |0..10|11 []) + 34·(x_10 ∈ |0..10|11 []) ≤ 1290
	w75:	9·(x_1 ∈ |0..10|11 []) + 29·(x_2 ∈ |0..10|11 []) + 32·(x_3 ∈ |0..10|11 []) + 9·(x_4 ∈ |0..10|11 []) + 33·(x_5 ∈ |0..10|11 []) + 34·(x_6 ∈ |0..10|11 []) + 2·(x_7 ∈ |0..10|11 []) + 40·(x_8 ∈ |0..10|11 []) + 42·(x_9 ∈ |0..10|11 []) + 30·(x_10 ∈ |0..10|11 []) ≤ 1080
	w76:	42·(x_1 ∈ |0..10|11 []) + 18·(x_2 ∈ |0..10|11 []) + 32·(x_3 ∈ |0..10|11 []) + 14·(x_4 ∈ |0..10|11 []) + 43·(x_5 ∈ |0..10|11 []) + 13·(x_6 ∈ |0..10|11 []) + 41·(x_7 ∈ |0..10|11 []) + 48·(x_8 ∈ |0..10|11 []) + 29·(x_9 ∈ |0..10|11 []) + 39·(x_10 ∈ |0..10|11 []) ≤ 1320
	w77:	11·(x_1 ∈ |0..10|11 []) + 49·(x_2 ∈ |0..10|11 []) + 39·(x_3 ∈ |0..10|11 []) + 19·(x_4 ∈ |0..10|11 []) + 17·(x_5 ∈ |0..10|11 []) + 7·(x_6 ∈ |0..10|11 []) + 15·(x_7 ∈ |0..10|11 []) + 7·(x_8 ∈ |0..10|11 []) + 22·(x_9 ∈ |0..10|11 []) + 16·(x_10 ∈ |0..10|11 []) ≤ 840
	w78:	18·(x_1 ∈ |0..10|11 []) + 22·(x_2 ∈ |0..10|11 []) + 14·(x_3 ∈ |0..10|11 []) + 42·(x_4 ∈ |0..10|11 []) + 37·(x_5 ∈ |0..10|11 []) + 27·(x_6 ∈ |0..10|11 []) + 11·(x_7 ∈ |0..10|11 []) + 24·(x_8 ∈ |0..10|11 []) + 46·(x_9 ∈ |0..10|11 []) + 9·(x_10 ∈ |0..10|11 []) ≤ 1040
	w79:	31·(x_1 ∈ |0..10|11 []) + 44·(x_2 ∈ |0..10|11 []) + (x_3 ∈ |0..10|11 []) + 2·(x_4 ∈ |0..10|11 []) + 41·(x_5 ∈ |0..10|11 []) + 14·(x_6 ∈ |0..10|11 []) + 3·(x_7 ∈ |0..10|11 []) + 4·(x_8 ∈ |0..10|11 []) + 12·(x_9 ∈ |0..10|11 []) + 12·(x_10 ∈ |0..10|11 []) ≤ 680
	w80:	11·(x_1 ∈ |0..10|11 []) + 20·(x_2 ∈ |0..10|11 []) + 28·(x_3 ∈ |0..10|11 []) + 27·(x_4 ∈ |0..10|11 []) + 21·(x_5 ∈ |0..10|11 []) + 13·(x_6 ∈ |0..10|11 []) + 33·(x_7 ∈ |0..10|11 []) + 16·(x_8 ∈ |0..10|11 []) + 42·(x_9 ∈ |0..10|11 []) + 17·(x_10 ∈ |0..10|11 []) ≤ 940
	w81:	30·(x_1 ∈ |0..10|11 []) + 23·(x_2 ∈ |0..10|11 []) + 34·(x_3 ∈ |0..10|11 []) + 25·(x_4 ∈ |0..10|11 []) + 21·(x_5 ∈ |0..10|11 []) + 35·(x_6 ∈ |0..10|11 []) + 11·(x_7 ∈ |0..10|11 []) + 39·(x_8 ∈ |0..10|11 []) + 46·(x_9 ∈ |0..10|11 []) + 22·(x_10 ∈ |0..10|11 []) ≤ 1180
	w82:	31·(x_1 ∈ |0..10|11 []) + 42·(x_2 ∈ |0..10|11 []) + 36·(x_3 ∈ |0..10|11 []) + 47·(x_4 ∈ |0..10|11 []) + 7·(x_5 ∈ |0..10|11 []) + 21·(x_6 ∈ |0..10|11 []) + 37·(x_7 ∈ |0..10|11 []) + 39·(x_8 ∈ |0..10|11 []) + 3·(x_9 ∈ |0..10|11 []) + 48·(x_10 ∈ |0..10|11 []) ≤ 1290
	w83:	23·(x_1 ∈ |0..10|11 []) + 47·(x_2 ∈ |0..10|11 []) + 22·(x_3 ∈ |0..10|11 []) + 23·(x_4 ∈ |0..10|11 []) + 5·(x_5 ∈ |0..10|11 []) + 42·(x_6 ∈ |0..10|11 []) + 37·(x_7 ∈ |0..10|11 []) + 16·(x_8 ∈ |0..10|11 []) + 24·(x_9 ∈ |0..10|11 []) + 13·(x_10 ∈ |0..10|11 []) ≤ 1040
	w84:	17·(x_1 ∈ |0..10|11 []) + 44·(x_2 ∈ |0..10|11 []) + 28·(x_3 ∈ |0..10|11 []) + 45·(x_4 ∈ |0..10|11 []) + 24·(x_5 ∈ |0..10|11 []) + 43·(x_6 ∈ |0..10|11 []) + 23·(x_7 ∈ |0..10|11 []) + 25·(x_8 ∈ |0..10|11 []) + 3·(x_9 ∈ |0..10|11 []) + 30·(x_10 ∈ |0..10|11 []) ≤ 1170
	w85:	15·(x_1 ∈ |0..10|11 []) + 34·(x_2 ∈ |0..10|11 []) + 17·(x_3 ∈ |0..10|11 []) + 49·(x_4 ∈ |0..10|11 []) + 31·(x_5 ∈ |0..10|11 []) + 14·(x_6 ∈ |0..10|11 []) + (x_7 ∈ |0..10|11 []) + 23·(x_8 ∈ |0..10|11 []) + 36·(x_9 ∈ |0..10|11 []) + 40·(x_10 ∈ |0..10|11 []) ≤ 1080
	w86:	6·(x_1 ∈ |0..10|11 []) + 47·(x_2 ∈ |0..10|11 []) + 42·(x_3 ∈ |0..10|11 []) + 46·(x_4 ∈ |0..10|11 []) + 23·(x_5 ∈ |0..10|11 []) + 9·(x_6 ∈ |0..10|11 []) + 48·(x_7 ∈ |0..10|11 []) + (x_8 ∈ |0..10|11 []) + 3·(x_9 ∈ |0..10|11 []) + 19·(x_10 ∈ |0..10|11 []) ≤ 1010
	w87:	28·(x_1 ∈ |0..10|11 []) + 16·(x_2 ∈ |0..10|11 []) + 20·(x_3 ∈ |0..10|11 []) + 8·(x_4 ∈ |0..10|11 []) + 22·(x_5 ∈ |0..10|11 []) + 28·(x_6 ∈ |0..10|11 []) + 5·(x_7 ∈ |0..10|11 []) + 22·(x_8 ∈ |0..10|11 []) + 33·(x_9 ∈ |0..10|11 []) + 6·(x_10 ∈ |0..10|11 []) ≤ 780
	w88:	19·(x_1 ∈ |0..10|11 []) + 5·(x_2 ∈ |0..10|11 []) + 22·(x_3 ∈ |0..10|11 []) + 40·(x_4 ∈ |0..10|11 []) + 6·(x_5 ∈ |0..10|11 []) + 45·(x_6 ∈ |0..10|11 []) + 25·(x_7 ∈ |0..10|11 []) + 38·(x_8 ∈ |0..10|11 []) + 12·(x_9 ∈ |0..10|11 []) + 8·(x_10 ∈ |0..10|11 []) ≤ 910
	w89:	41·(x_1 ∈ |0..10|11 []) + 14·(x_2 ∈ |0..10|11 []) + 8·(x_3 ∈ |0..10|11 []) + (x_4 ∈ |0..10|11 []) + 32·(x_5 ∈ |0..10|11 []) + 36·(x_6 ∈ |0..10|11 []) + 27·(x_7 ∈ |0..10|11 []) + 4·(x_8 ∈ |0..10|11 []) + 33·(x_9 ∈ |0..10|11 []) + 43·(x_10 ∈ |0..10|11 []) ≤ 990
	w90:	39·(x_1 ∈ |0..10|11 []) + 24·(x_2 ∈ |0..10|11 []) + 35·(x_3 ∈ |0..10|11 []) + 3·(x_4 ∈ |0..10|11 []) + 28·(x_5 ∈ |0..10|11 []) + 43·(x_6 ∈ |0..10|11 []) + 19·(x_7 ∈ |0..10|11 []) + 13·(x_8 ∈ |0..10|11 []) + 43·(x_9 ∈ |0..10|11 []) + 48·(x_10 ∈ |0..10|11 []) ≤ 1220
	w91:	16·(x_1 ∈ |0..10|11 []) + 13·(x_2 ∈ |0..10|11 []) + 35·(x_3 ∈ |0..10|11 []) + 11·(x_4 ∈ |0..10|11 []) + 26·(x_5 ∈ |0..10|11 []) + 47·(x_6 ∈ |0..10|11 []) + 47·(x_7 ∈ |0..10|11 []) + 19·(x_8 ∈ |0..10|11 []) + 11·(x_9 ∈ |0..10|11 []) + 15·(x_10 ∈ |0..10|11 []) ≤ 990
	w92:	23·(x_1 ∈ |0..10|11 []) + 13·(x_2 ∈ |0..10|11 []) + 37·(x_3 ∈ |0..10|11 []) + 30·(x_4 ∈ |0..10|11 []) + 13·(x_5 ∈ |0..10|11 []) + 44·(x_6 ∈ |0..10|11 []) + 8·(x_7 ∈ |0..10|11 []) + 27·(x_8 ∈ |0..10|11 []) + 2·(x_9 ∈ |0..10|11 []) + 30·(x_10 ∈ |0..10|11 []) ≤ 940
	w93:	4·(x_1 ∈ |0..10|11 []) + 7·(x_2 ∈ |0..10|11 []) + 9·(x_3 ∈ |0..10|11 []) + 33·(x_4 ∈ |0..10|11 []) + 31·(x_5 ∈ |0..10|11 []) + 49·(x_6 ∈ |0..10|11 []) + 13·(x_7 ∈ |0..10|11 []) + 16·(x_8 ∈ |0..10|11 []) + 30·(x_9 ∈ |0..10|11 []) + 4·(x_10 ∈ |0..10|11 []) ≤ 810
	w94:	10·(x_1 ∈ |0..10|11 []) + 46·(x_2 ∈ |0..10|11 []) + 24·(x_3 ∈ |0..10|11 []) + 13·(x_4 ∈ |0..10|11 []) + 15·(x_5 ∈ |0..10|11 []) + 46·(x_6 ∈ |0..10|11 []) + 24·(x_7 ∈ |0..10|11 []) + 34·(x_8 ∈ |0..10|11 []) + 4·(x_9 ∈ |0..10|11 []) + 14·(x_10 ∈ |0..10|11 []) ≤ 950
	w95:	24·(x_1 ∈ |0..10|11 []) + 44·(x_2 ∈ |0..10|11 []) + 22·(x_3 ∈ |0..10|11 []) + 13·(x_4 ∈ |0..10|11 []) + 26·(x_5 ∈ |0..10|11 []) + 3·(x_6 ∈ |0..10|11 []) + 48·(x_7 ∈ |0..10|11 []) + 18·(x_8 ∈ |0..10|11 []) + 36·(x_9 ∈ |0..10|11 []) + 46·(x_10 ∈ |0..10|11 []) ≤ 1160
	w96:	49·(x_1 ∈ |0..10|11 []) + 12·(x_2 ∈ |0..10|11 []) + 11·(x_3 ∈ |0..10|11 []) + 27·(x_4 ∈ |0..10|11 []) + 23·(x_5 ∈ |0..10|11 []) + 14·(x_6 ∈ |0..10|11 []) + 49·(x_7 ∈ |0..10|11 []) + 23·(x_8 ∈ |0..10|11 []) + 12·(x_9 ∈ |0..10|11 []) + 43·(x_10 ∈ |0..10|11 []) ≤ 1090
	w97:	18·(x_1 ∈ |0..10|11 []) + 31·(x_2 ∈ |0..10|11 []) + 49·(x_3 ∈ |0..10|11 []) + 33·(x_4 ∈ |0..10|11 []) + 7·(x_5 ∈ |0..10|11 []) + 24·(x_6 ∈ |0..10|11 []) + 41·(x_7 ∈ |0..10|11 []) + 30·(x_8 ∈ |0..10|11 []) + 4·(x_9 ∈ |0..10|11 []) + 22·(x_10 ∈ |0..10|11 []) ≤ 1070
	w98:	42·(x_1 ∈ |0..10|11 []) + 42·(x_2 ∈ |0..10|11 []) + 35·(x_3 ∈ |0..10|11 []) + 29·(x_4 ∈ |0..10|11 []) + 16·(x_5 ∈ |0..10|11 []) + 9·(x_6 ∈ |0..10|11 []) + 34·(x_7 ∈ |0..10|11 []) + 9·(x_8 ∈ |0..10|11 []) + 33·(x_9 ∈ |0..10|11 []) + 47·(x_10 ∈ |0..10|11 []) ≤ 1230
	w99:	25·(x_1 ∈ |0..10|11 []) + 20·(x_2 ∈ |0..10|11 []) + 47·(x_3 ∈ |0..10|11 []) + 23·(x_4 ∈ |0..10|11 []) + 3·(x_5 ∈ |0..10|11 []) + 16·(x_6 ∈ |0..10|11 []) + 12·(x_7 ∈ |0..10|11 []) + 42·(x_8 ∈ |0..10|11 []) + 43·(x_9 ∈ |0..10|11 []) + 35·(x_10 ∈ |0..10|11 []) ≤ 1100
	w100:	26·(x_1 ∈ |0..10|11 []) + 19·(x_2 ∈ |0..10|11 []) + 25·(x_3 ∈ |0..10|11 []) + 4·(x_4 ∈ |0..10|11 []) + 36·(x_5 ∈ |0..10|11 []) + 5·(x_6 ∈ |0..10|11 []) + 36·(x_7 ∈ |0..10|11 []) + 22·(x_8 ∈ |0..10|11 []) + 24·(x_9 ∈ |0..10|11 []) + 20·(x_10 ∈ |0..10|11 []) ≤ 900
	w101:	41·(x_1 ∈ |0..10|11 []) + 27·(x_2 ∈ |0..10|11 []) + 32·(x_3 ∈ |0..10|11 []) + 15·(x_4 ∈ |0..10|11 []) + 32·(x_5 ∈ |0..10|11 []) + 40·(x_6 ∈ |0..10|11 []) + (x_7 ∈ |0..10|11 []) + 19·(x_8 ∈ |0..10|11 []) + 48·(x_9 ∈ |0..10|11 []) + 47·(x_10 ∈ |0..10|11 []) ≤ 1250
	w102:	18·(x_1 ∈ |0..10|11 []) + 25·(x_2 ∈ |0..10|11 []) + 29·(x_3 ∈ |0..10|11 []) + 48·(x_4 ∈ |0..10|11 []) + 28·(x_5 ∈ |0..10|11 []) + 33·(x_6 ∈ |0..10|11 []) + 2·(x_7 ∈ |0..10|11 []) + 35·(x_8 ∈ |0..10|11 []) + 47·(x_9 ∈ |0..10|11 []) + 25·(x_10 ∈ |0..10|11 []) ≤ 1200
	w103:	47·(x_1 ∈ |0..10|11 []) + 49·(x_2 ∈ |0..10|11 []) + 31·(x_3 ∈ |0..10|11 []) + 4·(x_4 ∈ |0..10|11 []) + 9·(x_5 ∈ |0..10|11 []) + 41·(x_6 ∈ |0..10|11 []) + 35·(x_7 ∈ |0..10|11 []) + 6·(x_8 ∈ |0..10|11 []) + 20·(x_9 ∈ |0..10|11 []) + 41·(x_10 ∈ |0..10|11 []) ≤ 1170
	w104:	45·(x_1 ∈ |0..10|11 []) + 25·(x_2 ∈ |0..10|11 []) + 9·(x_3 ∈ |0..10|11 []) + 38·(x_4 ∈ |0..10|11 []) + 2·(x_5 ∈ |0..10|11 []) + 47·(x_6 ∈ |0..10|11 []) + 26·(x_7 ∈ |0..10|11 []) + 20·(x_8 ∈ |0..10|11 []) + 30·(x_9 ∈ |0..10|11 []) + 17·(x_10 ∈ |0..10|11 []) ≤ 1070
	w105:	30·(x_1 ∈ |0..10|11 []) + 10·(x_2 ∈ |0..10|11 []) + 26·(x_3 ∈ |0..10|11 []) + 30·(x_4 ∈ |0..10|11 []) + 41·(x_5 ∈ |0..10|11 []) + 26·(x_6 ∈ |0..10|11 []) + 48·(x_7 ∈ |0..10|11 []) + 15·(x_8 ∈ |0..10|11 []) + 46·(x_9 ∈ |0..10|11 []) + 48·(x_10 ∈ |0..10|11 []) ≤ 1330
	w106:	37·(x_1 ∈ |0..10|11 []) + 32·(x_2 ∈ |0..10|11 []) + 19·(x_3 ∈ |0..10|11 []) + 8·(x_4 ∈ |0..10|11 []) + 37·(x_5 ∈ |0..10|11 []) + 32·(x_6 ∈ |0..10|11 []) + 47·(x_7 ∈ |0..10|11 []) + 47·(x_8 ∈ |0..10|11 []) + 42·(x_9 ∈ |0..10|11 []) + 45·(x_10 ∈ |0..10|11 []) ≤ 1430
	w107:	2·(x_1 ∈ |0..10|11 []) + 39·(x_2 ∈ |0..10|11 []) + 45·(x_3 ∈ |0..10|11 []) + 30·(x_4 ∈ |0..10|11 []) + 20·(x_5 ∈ |0..10|11 []) + 15·(x_6 ∈ |0..10|11 []) + 7·(x_7 ∈ |0..10|11 []) + 49·(x_8 ∈ |0..10|11 []) + 26·(x_9 ∈ |0..10|11 []) + 32·(x_10 ∈ |0..10|11 []) ≤ 1100
	w108:	13·(x_1 ∈ |0..10|11 []) + 8·(x_2 ∈ |0..10|11 []) + 45·(x_3 ∈ |0..10|11 []) + 21·(x_4 ∈ |0..10|11 []) + 45·(x_5 ∈ |0..10|11 []) + 42·(x_6 ∈ |0..10|11 []) + 17·(x_7 ∈ |0..10|11 []) + 20·(x_8 ∈ |0..10|11 []) + 10·(x_9 ∈ |0..10|11 []) + 23·(x_10 ∈ |0..10|11 []) ≤ 1010
	w109:	42·(x_1 ∈ |0..10|11 []) + 39·(x_2 ∈ |0..10|11 []) + 21·(x_3 ∈ |0..10|11 []) + 40·(x_4 ∈ |0..10|11 []) + 9·(x_5 ∈ |0..10|11 []) + 34·(x_6 ∈ |0..10|11 []) + 9·(x_7 ∈ |0..10|11 []) + 32·(x_8 ∈ |0..10|11 []) + 40·(x_9 ∈ |0..10|11 []) + 35·(x_10 ∈ |0..10|11 []) ≤ 1250
	w110:	45·(x_1 ∈ |0..10|11 []) + 41·(x_2 ∈ |0..10|11 []) + 40·(x_3 ∈ |0..10|11 []) + 19·(x_4 ∈ |0..10|11 []) + 7·(x_5 ∈ |0..10|11 []) + 26·(x_6 ∈ |0..10|11 []) + 44·(x_7 ∈ |0..10|11 []) + 12·(x_8 ∈ |0..10|11 []) + 9·(x_9 ∈ |0..10|11 []) + 46·(x_10 ∈ |0..10|11 []) ≤ 1200
	w111:	7·(x_1 ∈ |0..10|11 []) + 35·(x_2 ∈ |0..10|11 []) + 26·(x_3 ∈ |0..10|11 []) + 42·(x_4 ∈ |0..10|11 []) + 6·(x_5 ∈ |0..10|11 []) + 24·(x_6 ∈ |0..10|11 []) + 49·(x_7 ∈ |0..10|11 []) + 13·(x_8 ∈ |0..10|11 []) + 18·(x_9 ∈ |0..10|11 []) + 32·(x_10 ∈ |0..10|11 []) ≤ 1040
	w112:	44·(x_1 ∈ |0..10|11 []) + 36·(x_2 ∈ |0..10|11 []) + 46·(x_3 ∈ |0..10|11 []) + 44·(x_4 ∈ |0..10|11 []) + 44·(x_5 ∈ |0..10|11 []) + 22·(x_6 ∈ |0..10|11 []) + 31·(x_7 ∈ |0..10|11 []) + 25·(x_8 ∈ |0..10|11 []) + 41·(x_9 ∈ |0..10|11 []) + 21·(x_10 ∈ |0..10|11 []) ≤ 1470
	w113:	7·(x_1 ∈ |0..10|11 []) + 13·(x_2 ∈ |0..10|11 []) + 34·(x_3 ∈ |0..10|11 []) + 32·(x_4 ∈ |0..10|11 []) + 4·(x_5 ∈ |0..10|11 []) + 20·(x_6 ∈ |0..10|11 []) + 29·(x_7 ∈ |0..10|11 []) + 31·(x_8 ∈ |0..10|11 []) + 47·(x_9 ∈ |0..10|11 []) + 8·(x_10 ∈ |0..10|11 []) ≤ 930
	w114:	42·(x_1 ∈ |0..10|11 []) + 16·(x_2 ∈ |0..10|11 []) + 34·(x_3 ∈ |0..10|11 []) + 3·(x_4 ∈ |0..10|11 []) + 2·(x_5 ∈ |0..10|11 []) + 24·(x_6 ∈ |0..10|11 []) + 8·(x_7 ∈ |0..10|11 []) + 46·(x_8 ∈ |0..10|11 []) + 12·(x_9 ∈ |0..10|11 []) + 30·(x_10 ∈ |0..10|11 []) ≤ 900
	w115:	39·(x_1 ∈ |0..10|11 []) + 41·(x_2 ∈ |0..10|11 []) + 46·(x_3 ∈ |0..10|11 []) + 46·(x_4 ∈ |0..10|11 []) + 12·(x_5 ∈ |0..10|11 []) + 13·(x_6 ∈ |0..10|11 []) + 6·(x_7 ∈ |0..10|11 []) + 39·(x_8 ∈ |0..10|11 []) + 25·(x_9 ∈ |0..10|11 []) + 45·(x_10 ∈ |0..10|11 []) ≤ 1290
	w116:	12·(x_1 ∈ |0..10|11 []) + 25·(x_2 ∈ |0..10|11 []) + 11·(x_3 ∈ |0..10|11 []) + 26·(x_4 ∈ |0..10|11 []) + 24·(x_5 ∈ |0..10|11 []) + 8·(x_6 ∈ |0..10|11 []) + 42·(x_7 ∈ |0..10|11 []) + 29·(x_8 ∈ |0..10|11 []) + 16·(x_9 ∈ |0..10|11 []) + 3·(x_10 ∈ |0..10|11 []) ≤ 810
	w117:	36·(x_1 ∈ |0..10|11 []) + 26·(x_2 ∈ |0..10|11 []) + 14·(x_3 ∈ |0..10|11 []) + 36·(x_4 ∈ |0..10|11 []) + 24·(x_5 ∈ |0..10|11 []) + 8·(x_6 ∈ |0..10|11 []) + 20·(x_7 ∈ |0..10|11 []) + 45·(x_8 ∈ |0..10|11 []) + 17·(x_9 ∈ |0..10|11 []) + 35·(x_10 ∈ |0..10|11 []) ≤ 1080
	w118:	28·(x_1 ∈ |0..10|11 []) + 49·(x_2 ∈ |0..10|11 []) + 2·(x_3 ∈ |0..10|11 []) + 8·(x_4 ∈ |0..10|11 []) + 48·(x_5 ∈ |0..10|11 []) + 38·(x_6 ∈ |0..10|11 []) + 36·(x_7 ∈ |0..10|11 []) + 17·(x_8 ∈ |0..10|11 []) + 44·(x_9 ∈ |0..10|11 []) + 28·(x_10 ∈ |0..10|11 []) ≤ 1230
	w119:	38·(x_1 ∈ |0..10|11 []) + 18·(x_2 ∈ |0..10|11 []) + 38·(x_3 ∈ |0..10|11 []) + 46·(x_4 ∈ |0..10|11 []) + 6·(x_5 ∈ |0..10|11 []) + 16·(x_6 ∈ |0..10|11 []) + 34·(x_7 ∈ |0..10|11 []) + 21·(x_8 ∈ |0..10|11 []) + 2·(x_9 ∈ |0..10|11 []) + 28·(x_10 ∈ |0..10|11 []) ≤ 1020
	w120:	15·(x_1 ∈ |0..10|11 []) + 36·(x_2 ∈ |0..10|11 []) + 26·(x_3 ∈ |0..10|11 []) + 37·(x_4 ∈ |0..10|11 []) + 36·(x_5 ∈ |0..10|11 []) + 21·(x_6 ∈ |0..10|11 []) + 21·(x_7 ∈ |0..10|11 []) + 40·(x_8 ∈ |0..10|11 []) + 13·(x_9 ∈ |0..10|11 []) + 23·(x_10 ∈ |0..10|11 []) ≤ 1110
	w121:	25·(x_1 ∈ |0..10|11 []) + 30·(x_2 ∈ |0..10|11 []) + 30·(x_3 ∈ |0..10|11 []) + 27·(x_4 ∈ |0..10|11 []) + 20·(x_5 ∈ |0..10|11 []) + 33·(x_6 ∈ |0..10|11 []) + 45·(x_7 ∈ |0..10|11 []) + 40·(x_8 ∈ |0..10|11 []) + 19·(x_9 ∈ |0..10|11 []) + 34·(x_10 ∈ |0..10|11 []) ≤ 1260
	w122:	23·(x_1 ∈ |0..10|11 []) + 38·(x_2 ∈ |0..10|11 []) + 22·(x_3 ∈ |0..10|11 []) + 38·(x_4 ∈ |0..10|11 []) + 24·(x_5 ∈ |0..10|11 []) + 24·(x_6 ∈ |0..10|11 []) + 25·(x_7 ∈ |0..10|11 []) + 24·(x_8 ∈ |0..10|11 []) + 28·(x_9 ∈ |0..10|11 []) + 40·(x_10 ∈ |0..10|11 []) ≤ 1180
	w123:	47·(x_1 ∈ |0..10|11 []) + 34·(x_2 ∈ |0..10|11 []) + 17·(x_3 ∈ |0..10|11 []) + 48·(x_4 ∈ |0..10|11 []) + 32·(x_5 ∈ |0..10|11 []) + 46·(x_6 ∈ |0..10|11 []) + 38·(x_7 ∈ |0..10|11 []) + 46·(x_8 ∈ |0..10|11 []) + 5·(x_9 ∈ |0..10|11 []) + 32·(x_10 ∈ |0..10|11 []) ≤ 1430
	w124:	49·(x_1 ∈ |0..10|11 []) + 10·(x_2 ∈ |0..10|11 []) + 40·(x_3 ∈ |0..10|11 []) + 5·(x_4 ∈ |0..10|11 []) + 26·(x_5 ∈ |0..10|11 []) + 43·(x_6 ∈ |0..10|11 []) + 14·(x_7 ∈ |0..10|11 []) + 48·(x_8 ∈ |0..10|11 []) + 33·(x_9 ∈ |0..10|11 []) + 29·(x_10 ∈ |0..10|11 []) ≤ 1230
	w125:	39·(x_1 ∈ |0..10|11 []) + 27·(x_2 ∈ |0..10|11 []) + 29·(x_3 ∈ |0..10|11 []) + 20·(x_4 ∈ |0..10|11 []) + 42·(x_5 ∈ |0..10|11 []) + 25·(x_6 ∈ |0..10|11 []) + 27·(x_7 ∈ |0..10|11 []) + 7·(x_8 ∈ |0..10|11 []) + 44·(x_9 ∈ |0..10|11 []) + 36·(x_10 ∈ |0..10|11 []) ≤ 1230
	w126:	47·(x_1 ∈ |0..10|11 []) + 34·(x_2 ∈ |0..10|11 []) + 23·(x_3 ∈ |0..10|11 []) + 7·(x_4 ∈ |0..10|11 []) + 8·(x_5 ∈ |0..10|11 []) + 34·(x_6 ∈ |0..10|11 []) + 23·(x_7 ∈ |0..10|11 []) + 24·(x_8 ∈ |0..10|11 []) + 14·(x_9 ∈ |0..10|11 []) + 29·(x_10 ∈ |0..10|11 []) ≤ 1010
	w127:	49·(x_1 ∈ |0..10|11 []) + 16·(x_2 ∈ |0..10|11 []) + 19·(x_3 ∈ |0..10|11 []) + 47·(x_4 ∈ |0..10|11 []) + 10·(x_5 ∈ |0..10|11 []) + 6·(x_6 ∈ |0..10|11 []) + 3·(x_7 ∈ |0..10|11 []) + 26·(x_8 ∈ |0..10|11 []) + 36·(x_9 ∈ |0..10|11 []) + 27·(x_10 ∈ |0..10|11 []) ≤ 990
	w128:	29·(x_1 ∈ |0..10|11 []) + 16·(x_2 ∈ |0..10|11 []) + 26·(x_3 ∈ |0..10|11 []) + 17·(x_4 ∈ |0..10|11 []) + 36·(x_5 ∈ |0..10|11 []) + 7·(x_6 ∈ |0..10|11 []) + 9·(x_7 ∈ |0..10|11 []) + 26·(x_8 ∈ |0..10|11 []) + 13·(x_9 ∈ |0..10|11 []) + 3·(x_10 ∈ |0..10|11 []) ≤ 750
	w129:	(x_1 ∈ |0..10|11 []) + 23·(x_2 ∈ |0..10|11 []) + 46·(x_3 ∈ |0..10|11 []) + 8·(x_4 ∈ |0..10|11 []) + 31·(x_5 ∈ |0..10|11 []) + 33·(x_6 ∈ |0..10|11 []) + 46·(x_7 ∈ |0..10|11 []) + 15·(x_8 ∈ |0..10|11 []) + 3·(x_9 ∈ |0..10|11 []) + 26·(x_10 ∈ |0..10|11 []) ≤ 960
	w130:	5·(x_1 ∈ |0..10|11 []) + 21·(x_2 ∈ |0..10|11 []) + 15·(x_3 ∈ |0..10|11 []) + 46·(x_4 ∈ |0..10|11 []) + 47·(x_5 ∈ |0..10|11 []) + 16·(x_6 ∈ |0..10|11 []) + 47·(x_7 ∈ |0..10|11 []) + 42·(x_8 ∈ |0..10|11 []) + 18·(x_9 ∈ |0..10|11 []) + 16·(x_10 ∈ |0..10|11 []) ≤ 1130
	w131:	48·(x_1 ∈ |0..10|11 []) + 9·(x_2 ∈ |0..10|11 []) + 2·(x_3 ∈ |0..10|11 []) + 12·(x_4 ∈ |0..10|11 []) + 27·(x_5 ∈ |0..10|11 []) + 9·(x_6 ∈ |0..10|11 []) + 20·(x_7 ∈ |0..10|11 []) + 47·(x_8 ∈ |0..10|11 []) + 9·(x_9 ∈ |0..10|11 []) + 45·(x_10 ∈ |0..10|11 []) ≤ 940
	w132:	34·(x_1 ∈ |0..10|11 []) + 43·(x_2 ∈ |0..10|11 []) + 9·(x_3 ∈ |0..10|11 []) + 14·(x_4 ∈ |0..10|11 []) + 15·(x_5 ∈ |0..10|11 []) + 19·(x_6 ∈ |0..10|11 []) + 32·(x_7 ∈ |0..10|11 []) + 16·(x_8 ∈ |0..10|11 []) + 10·(x_9 ∈ |0..10|11 []) + 28·(x_10 ∈ |0..10|11 []) ≤ 910
	w133:	3·(x_1 ∈ |0..10|11 []) + 20·(x_2 ∈ |0..10|11 []) + 24·(x_3 ∈ |0..10|11 []) + 2·(x_4 ∈ |0..10|11 []) + 48·(x_5 ∈ |0..10|11 []) + 44·(x_6 ∈ |0..10|11 []) + 19·(x_7 ∈ |0..10|11 []) + 9·(x_8 ∈ |0..10|11 []) + 29·(x_9 ∈ |0..10|11 []) + 22·(x_10 ∈ |0..10|11 []) ≤ 910
	w134:	11·(x_1 ∈ |0..10|11 []) + 16·(x_2 ∈ |0..10|11 []) + 47·(x_3 ∈ |0..10|11 []) + 35·(x_4 ∈ |0..10|11 []) + 47·(x_5 ∈ |0..10|11 []) + 22·(x_6 ∈ |0..10|11 []) + 13·(x_7 ∈ |0..10|11 []) + 14·(x_8 ∈ |0..10|11 []) + 13·(x_9 ∈ |0..10|11 []) + 45·(x_10 ∈ |0..10|11 []) ≤ 1090
	w135:	40·(x_1 ∈ |0..10|11 []) + 16·(x_2 ∈ |0..10|11 []) + 36·(x_3 ∈ |0..10|11 []) + 33·(x_4 ∈ |0..10|11 []) + 28·(x_5 ∈ |0..10|11 []) + 37·(x_6 ∈ |0..10|11 []) + 41·(x_7 ∈ |0..10|11 []) + 40·(x_8 ∈ |0..10|11 []) + 48·(x_9 ∈ |0..10|11 []) + 24·(x_10 ∈ |0..10|11 []) ≤ 1420
	w136:	(x_1 ∈ |0..10|11 []) + 14·(x_2 ∈ |0..10|11 []) + 26·(x_3 ∈ |0..10|11 []) + 41·(x_4 ∈ |0..10|11 []) + 3·(x_5 ∈ |0..10|11 []) + 7·(x_6 ∈ |0..10|11 []) + 5·(x_7 ∈ |0..10|11 []) + 13·(x_8 ∈ |0..10|11 []) + 14·(x_9 ∈ |0..10|11 []) + 7·(x_10 ∈ |0..10|11 []) ≤ 540
	w137:	24·(x_1 ∈ |0..10|11 []) + 12·(x_2 ∈ |0..10|11 []) + 24·(x_3 ∈ |0..10|11 []) + 48·(x_4 ∈ |0..10|11 []) + 44·(x_5 ∈ |0..10|11 []) + 29·(x_6 ∈ |0..10|11 []) + 8·(x_7 ∈ |0..10|11 []) + 40·(x_8 ∈ |0..10|11 []) + 5·(x_9 ∈ |0..10|11 []) + 41·(x_10 ∈ |0..10|11 []) ≤ 1140
	w138:	22·(x_1 ∈ |0..10|11 []) + 48·(x_2 ∈ |0..10|11 []) + 14·(x_3 ∈ |0..10|11 []) + 35·(x_4 ∈ |0..10|11 []) + 19·(x_5 ∈ |0..10|11 []) + 28·(x_6 ∈ |0..10|11 []) + 42·(x_7 ∈ |0..10|11 []) + 15·(x_8 ∈ |0..10|11 []) + 47·(x_9 ∈ |0..10|11 []) + 49·(x_10 ∈ |0..10|11 []) ≤ 1320
	w139:	29·(x_1 ∈ |0..10|11 []) + 18·(x_2 ∈ |0..10|11 []) + 35·(x_3 ∈ |0..10|11 []) + 32·(x_4 ∈ |0..10|11 []) + 15·(x_5 ∈ |0..10|11 []) + 44·(x_6 ∈ |0..10|11 []) + 24·(x_7 ∈ |0..10|11 []) + 17·(x_8 ∈ |0..10|11 []) + 25·(x_9 ∈ |0..10|11 []) + 6·(x_10 ∈ |0..10|11 []) ≤ 1010
	w140:	27·(x_1 ∈ |0..10|11 []) + 22·(x_2 ∈ |0..10|11 []) + 43·(x_3 ∈ |0..10|11 []) + 19·(x_4 ∈ |0..10|11 []) + (x_5 ∈ |0..10|11 []) + 40·(x_6 ∈ |0..10|11 []) + 46·(x_7 ∈ |0..10|11 []) + 16·(x_8 ∈ |0..10|11 []) + 45·(x_9 ∈ |0..10|11 []) + 49·(x_10 ∈ |0..10|11 []) ≤ 1280
	w141:	(x_1 ∈ |0..10|11 []) + 28·(x_2 ∈ |0..10|11 []) + 44·(x_3 ∈ |0..10|11 []) + 12·(x_4 ∈ |0..10|11 []) + 13·(x_5 ∈ |0..10|11 []) + 29·(x_6 ∈ |0..10|11 []) + 8·(x_7 ∈ |0..10|11 []) + 33·(x_8 ∈ |0..10|11 []) + 43·(x_9 ∈ |0..10|11 []) + 41·(x_10 ∈ |0..10|11 []) ≤ 1040
	w142:	22·(x_1 ∈ |0..10|11 []) + 43·(x_2 ∈ |0..10|11 []) + 23·(x_3 ∈ |0..10|11 []) + 28·(x_4 ∈ |0..10|11 []) + 9·(x_5 ∈ |0..10|11 []) + 4·(x_6 ∈ |0..10|11 []) + 27·(x_7 ∈ |0..10|11 []) + 42·(x_8 ∈ |0..10|11 []) + 26·(x_9 ∈ |0..10|11 []) + 26·(x_10 ∈ |0..10|11 []) ≤ 1040
	w143:	5·(x_1 ∈ |0..10|11 []) + 24·(x_2 ∈ |0..10|11 []) + 5·(x_3 ∈ |0..10|11 []) + 2·(x_4 ∈ |0..10|11 []) + 30·(x_5 ∈ |0..10|11 []) + 24·(x_6 ∈ |0..10|11 []) + 15·(x_7 ∈ |0..10|11 []) + 43·(x_8 ∈ |0..10|11 []) + 26·(x_9 ∈ |0..10|11 []) + 3·(x_10 ∈ |0..10|11 []) ≤ 730
	w144:	15·(x_1 ∈ |0..10|11 []) + 16·(x_2 ∈ |0..10|11 []) + 14·(x_3 ∈ |0..10|11 []) + 5·(x_4 ∈ |0..10|11 []) + 43·(x_5 ∈ |0..10|11 []) + 10·(x_6 ∈ |0..10|11 []) + 49·(x_7 ∈ |0..10|11 []) + 30·(x_8 ∈ |0..10|11 []) + 14·(x_9 ∈ |0..10|11 []) + 12·(x_10 ∈ |0..10|11 []) ≤ 860
	w145:	(x_1 ∈ |0..10|11 []) + 13·(x_2 ∈ |0..10|11 []) + 15·(x_3 ∈ |0..10|11 []) + 25·(x_4 ∈ |0..10|11 []) + 26·(x_5 ∈ |0..10|11 []) + 14·(x_6 ∈ |0..10|11 []) + 23·(x_7 ∈ |0..10|11 []) + 48·(x_8 ∈ |0..10|11 []) + 27·(x_9 ∈ |0..10|11 []) + 35·(x_10 ∈ |0..10|11 []) ≤ 940
	w146:	20·(x_1 ∈ |0..10|11 []) + 32·(x_2 ∈ |0..10|11 []) + 36·(x_3 ∈ |0..10|11 []) + 4·(x_4 ∈ |0..10|11 []) + 46·(x_5 ∈ |0..10|11 []) + 4·(x_6 ∈ |0..10|11 []) + 41·(x_7 ∈ |0..10|11 []) + 23·(x_8 ∈ |0..10|11 []) + 19·(x_9 ∈ |0..10|11 []) + 12·(x_10 ∈ |0..10|11 []) ≤ 980
	w147:	38·(x_1 ∈ |0..10|11 []) + 16·(x_2 ∈ |0..10|11 []) + (x_3 ∈ |0..10|11 []) + 37·(x_4 ∈ |0..10|11 []) + (x_5 ∈ |0..10|11 []) + 19·(x_6 ∈ |0..10|11 []) + 14·(x_7 ∈ |0..10|11 []) + 3·(x_8 ∈ |0..10|11 []) + 15·(x_9 ∈ |0..10|11 []) + 48·(x_10 ∈ |0..10|11 []) ≤ 790
	w148:	17·(x_1 ∈ |0..10|11 []) + 32·(x_2 ∈ |0..10|11 []) + 46·(x_3 ∈ |0..10|11 []) + 35·(x_4 ∈ |0..10|11 []) + 28·(x_5 ∈ |0..10|11 []) + 48·(x_6 ∈ |0..10|11 []) + 35·(x_7 ∈ |0..10|11 []) + 6·(x_8 ∈ |0..10|11 []) + 12·(x_9 ∈ |0..10|11 []) + 18·(x_10 ∈ |0..10|11 []) ≤ 1150
	w149:	35·(x_1 ∈ |0..10|11 []) + 37·(x_2 ∈ |0..10|11 []) + 42·(x_3 ∈ |0..10|11 []) + 35·(x_4 ∈ |0..10|11 []) + 25·(x_5 ∈ |0..10|11 []) + 31·(x_6 ∈ |0..10|11 []) + 40·(x_7 ∈ |0..10|11 []) + 10·(x_8 ∈ |0..10|11 []) + 21·(x_9 ∈ |0..10|11 []) + 30·(x_10 ∈ |0..10|11 []) ≤ 1270
	w150:	27·(x_1 ∈ |0..10|11 []) + 2·(x_2 ∈ |0..10|11 []) + 29·(x_3 ∈ |0..10|11 []) + 42·(x_4 ∈ |0..10|11 []) + 24·(x_5 ∈ |0..10|11 []) + 27·(x_6 ∈ |0..10|11 []) + 45·(x_7 ∈ |0..10|11 []) + 19·(x_8 ∈ |0..10|11 []) + 24·(x_9 ∈ |0..10|11 []) + 41·(x_10 ∈ |0..10|11 []) ≤ 1160
	w151:	25·(x_1 ∈ |0..10|11 []) + 35·(x_2 ∈ |0..10|11 []) + 24·(x_3 ∈ |0..10|11 []) + 29·(x_4 ∈ |0..10|11 []) + 7·(x_5 ∈ |0..10|11 []) + (x_6 ∈ |0..10|11 []) + 48·(x_7 ∈ |0..10|11 []) + 7·(x_8 ∈ |0..10|11 []) + 37·(x_9 ∈ |0..10|11 []) + 45·(x_10 ∈ |0..10|11 []) ≤ 1070
	w152:	15·(x_1 ∈ |0..10|11 []) + 5·(x_2 ∈ |0..10|11 []) + 41·(x_3 ∈ |0..10|11 []) + 42·(x_4 ∈ |0..10|11 []) + 38·(x_5 ∈ |0..10|11 []) + 39·(x_6 ∈ |0..10|11 []) + 4·(x_7 ∈ |0..10|11 []) + 8·(x_8 ∈ |0..10|11 []) + 23·(x_9 ∈ |0..10|11 []) + 6·(x_10 ∈ |0..10|11 []) ≤ 910
	w153:	44·(x_1 ∈ |0..10|11 []) + 5·(x_2 ∈ |0..10|11 []) + 24·(x_3 ∈ |0..10|11 []) + 36·(x_4 ∈ |0..10|11 []) + 29·(x_5 ∈ |0..10|11 []) + 10·(x_6 ∈ |0..10|11 []) + 22·(x_7 ∈ |0..10|11 []) + 28·(x_8 ∈ |0..10|11 []) + 34·(x_9 ∈ |0..10|11 []) + 20·(x_10 ∈ |0..10|11 []) ≤ 1040
	w154:	26·(x_1 ∈ |0..10|11 []) + (x_2 ∈ |0..10|11 []) + 47·(x_3 ∈ |0..10|11 []) + 19·(x_4 ∈ |0..10|11 []) + 21·(x_5 ∈ |0..10|11 []) + 38·(x_6 ∈ |0..10|11 []) + 7·(x_7 ∈ |0..10|11 []) + 17·(x_8 ∈ |0..10|11 []) + 31·(x_9 ∈ |0..10|11 []) + 35·(x_10 ∈ |0..10|11 []) ≤ 1000
	w155:	26·(x_1 ∈ |0..10|11 []) + 12·(x_2 ∈ |0..10|11 []) + 31·(x_3 ∈ |0..10|11 []) + 48·(x_4 ∈ |0..10|11 []) + 38·(x_5 ∈ |0..10|11 []) + (x_6 ∈ |0..10|11 []) + 14·(x_7 ∈ |0..10|11 []) + 16·(x_8 ∈ |0..10|11 []) + 20·(x_9 ∈ |0..10|11 []) + 10·(x_10 ∈ |0..10|11 []) ≤ 890
	w156:	19·(x_1 ∈ |0..10|11 []) + 17·(x_2 ∈ |0..10|11 []) + 22·(x_3 ∈ |0..10|11 []) + 18·(x_4 ∈ |0..10|11 []) + 13·(x_5 ∈ |0..10|11 []) + 5·(x_6 ∈ |0..10|11 []) + 39·(x_7 ∈ |0..10|11 []) + 35·(x_8 ∈ |0..10|11 []) + 38·(x_9 ∈ |0..10|11 []) + 47·(x_10 ∈ |0..10|11 []) ≤ 1050
	w157:	12·(x_1 ∈ |0..10|11 []) + 31·(x_2 ∈ |0..10|11 []) + 18·(x_3 ∈ |0..10|11 []) + 27·(x_4 ∈ |0..10|11 []) + 36·(x_5 ∈ |0..10|11 []) + 30·(x_6 ∈ |0..10|11 []) + 7·(x_7 ∈ |0..10|11 []) + 36·(x_8 ∈ |0..10|11 []) + 24·(x_9 ∈ |0..10|11 []) + 16·(x_10 ∈ |0..10|11 []) ≤ 980
	w158:	49·(x_1 ∈ |0..10|11 []) + 34·(x_2 ∈ |0..10|11 []) + 17·(x_3 ∈ |0..10|11 []) + 37·(x_4 ∈ |0..10|11 []) + 23·(x_5 ∈ |0..10|11 []) + 8·(x_6 ∈ |0..10|11 []) + 18·(x_7 ∈ |0..10|11 []) + 5·(x_8 ∈ |0..10|11 []) + 38·(x_9 ∈ |0..10|11 []) + 34·(x_10 ∈ |0..10|11 []) ≤ 1090
	w159:	38·(x_1 ∈ |0..10|11 []) + 2·(x_2 ∈ |0..10|11 []) + 45·(x_3 ∈ |0..10|11 []) + 4·(x_4 ∈ |0..10|11 []) + 22·(x_5 ∈ |0..10|11 []) + 26·(x_6 ∈ |0..10|11 []) + 26·(x_7 ∈ |0..10|11 []) + 5·(x_8 ∈ |0..10|11 []) + 45·(x_9 ∈ |0..10|11 []) + 7·(x_10 ∈ |0..10|11 []) ≤ 910
	w160:	48·(x_1 ∈ |0..10|11 []) + 17·(x_2 ∈ |0..10|11 []) + 48·(x_3 ∈ |0..10|11 []) + 26·(x_4 ∈ |0..10|11 []) + 27·(x_5 ∈ |0..10|11 []) + 48·(x_6 ∈ |0..10|11 []) + 2·(x_7 ∈ |0..10|11 []) + 37·(x_8 ∈ |0..10|11 []) + 6·(x_9 ∈ |0..10|11 []) + 4·(x_10 ∈ |0..10|11 []) ≤ 1090
	w161:	19·(x_1 ∈ |0..10|11 []) + 21·(x_2 ∈ |0..10|11 []) + (x_3 ∈ |0..10|11 []) + 36·(x_4 ∈ |0..10|11 []) + 31·(x_5 ∈ |0..10|11 []) + 22·(x_6 ∈ |0..10|11 []) + 23·(x_7 ∈ |0..10|11 []) + 11·(x_8 ∈ |0..10|11 []) + 8·(x_9 ∈ |0..10|11 []) + 12·(x_10 ∈ |0..10|11 []) ≤ 760
	w162:	12·(x_1 ∈ |0..10|11 []) + 44·(x_2 ∈ |0..10|11 []) + 21·(x_3 ∈ |0..10|11 []) + 30·(x_4 ∈ |0..10|11 []) + 8·(x_5 ∈ |0..10|11 []) + 4·(x_6 ∈ |0..10|11 []) + 38·(x_7 ∈ |0..10|11 []) + 12·(x_8 ∈ |0..10|11 []) + 27·(x_9 ∈ |0..10|11 []) + 21·(x_10 ∈ |0..10|11 []) ≤ 900
	w163:	26·(x_1 ∈ |0..10|11 []) + 44·(x_2 ∈ |0..10|11 []) + 27·(x_3 ∈ |0..10|11 []) + 15·(x_4 ∈ |0..10|11 []) + 37·(x_5 ∈ |0..10|11 []) + 21·(x_6 ∈ |0..10|11 []) + 2·(x_7 ∈ |0..10|11 []) + 9·(x_8 ∈ |0..10|11 []) + 38·(x_9 ∈ |0..10|11 []) + 9·(x_10 ∈ |0..10|11 []) ≤ 940
	w164:	17·(x_1 ∈ |0..10|11 []) + 41·(x_2 ∈ |0..10|11 []) + 22·(x_3 ∈ |0..10|11 []) + 41·(x_4 ∈ |0..10|11 []) + 32·(x_5 ∈ |0..10|11 []) + 24·(x_6 ∈ |0..10|11 []) + 19·(x_7 ∈ |0..10|11 []) + 38·(x_8 ∈ |0..10|11 []) + 41·(x_9 ∈ |0..10|11 []) + 29·(x_10 ∈ |0..10|11 []) ≤ 1260
	w165:	48·(x_1 ∈ |0..10|11 []) + 34·(x_2 ∈ |0..10|11 []) + 44·(x_3 ∈ |0..10|11 []) + 17·(x_4 ∈ |0..10|11 []) + 45·(x_5 ∈ |0..10|11 []) + 41·(x_6 ∈ |0..10|11 []) + 6·(x_7 ∈ |0..10|11 []) + 29·(x_8 ∈ |0..10|11 []) + 24·(x_9 ∈ |0..10|11 []) + 34·(x_10 ∈ |0..10|11 []) ≤ 1330
	w166:	17·(x_1 ∈ |0..10|11 []) + 11·(x_2 ∈ |0..10|11 []) + 39·(x_3 ∈ |0..10|11 []) + 6·(x_4 ∈ |0..10|11 []) + 31·(x_5 ∈ |0..10|11 []) + 6·(x_6 ∈ |0..10|11 []) + 13·(x_7 ∈ |0..10|11 []) + 48·(x_8 ∈ |0..10|11 []) + 46·(x_9 ∈ |0..10|11 []) + 44·(x_10 ∈ |0..10|11 []) ≤ 1080
	w167:	29·(x_1 ∈ |0..10|11 []) + 28·(x_2 ∈ |0..10|11 []) + 4·(x_3 ∈ |0..10|11 []) + 17·(x_4 ∈ |0..10|11 []) + 10·(x_5 ∈ |0..10|11 []) + 31·(x_6 ∈ |0..10|11 []) + 27·(x_7 ∈ |0..10|11 []) + 38·(x_8 ∈ |0..10|11 []) + 25·(x_9 ∈ |0..10|11 []) + 3·(x_10 ∈ |0..10|11 []) ≤ 880
	w168:	34·(x_1 ∈ |0..10|11 []) + 21·(x_2 ∈ |0..10|11 []) + 23·(x_3 ∈ |0..10|11 []) + 46·(x_4 ∈ |0..10|11 []) + 5·(x_5 ∈ |0..10|11 []) + 48·(x_6 ∈ |0..10|11 []) + 7·(x_7 ∈ |0..10|11 []) + 37·(x_8 ∈ |0..10|11 []) + 9·(x_9 ∈ |0..10|11 []) + 23·(x_10 ∈ |0..10|11 []) ≤ 1050
	w169:	8·(x_1 ∈ |0..10|11 []) + 22·(x_2 ∈ |0..10|11 []) + 2·(x_3 ∈ |0..10|11 []) + 41·(x_4 ∈ |0..10|11 []) + 35·(x_5 ∈ |0..10|11 []) + 22·(x_6 ∈ |0..10|11 []) + 49·(x_7 ∈ |0..10|11 []) + 45·(x_8 ∈ |0..10|11 []) + 6·(x_9 ∈ |0..10|11 []) + (x_10 ∈ |0..10|11 []) ≤ 960
	w170:	20·(x_1 ∈ |0..10|11 []) + 43·(x_2 ∈ |0..10|11 []) + 31·(x_3 ∈ |0..10|11 []) + 33·(x_4 ∈ |0..10|11 []) + 9·(x_5 ∈ |0..10|11 []) + 5·(x_6 ∈ |0..10|11 []) + 48·(x_7 ∈ |0..10|11 []) + 43·(x_8 ∈ |0..10|11 []) + 12·(x_9 ∈ |0..10|11 []) + 19·(x_10 ∈ |0..10|11 []) ≤ 1090
	w171:	38·(x_1 ∈ |0..10|11 []) + 30·(x_2 ∈ |0..10|11 []) + 27·(x_3 ∈ |0..10|11 []) + 7·(x_4 ∈ |0..10|11 []) + 38·(x_5 ∈ |0..10|11 []) + 3·(x_6 ∈ |0..10|11 []) + 34·(x_7 ∈ |0..10|11 []) + 32·(x_8 ∈ |0..10|11 []) + 5·(x_9 ∈ |0..10|11 []) + 9·(x_10 ∈ |0..10|11 []) ≤ 920
	w172:	14·(x_1 ∈ |0..10|11 []) + 45·(x_2 ∈ |0..10|11 []) + 5·(x_3 ∈ |0..10|11 []) + 39·(x_4 ∈ |0..10|11 []) + 24·(x_5 ∈ |0..10|11 []) + 27·(x_6 ∈ |0..10|11 []) + 23·(x_7 ∈ |0..10|11 []) + 39·(x_8 ∈ |0..10|11 []) + 27·(x_9 ∈ |0..10|11 []) + 37·(x_10 ∈ |0..10|11 []) ≤ 1160
	w173:	10·(x_1 ∈ |0..10|11 []) + 21·(x_2 ∈ |0..10|11 []) + 11·(x_3 ∈ |0..10|11 []) + 33·(x_4 ∈ |0..10|11 []) + 31·(x_5 ∈ |0..10|11 []) + 45·(x_6 ∈ |0..10|11 []) + 42·(x_7 ∈ |0..10|11 []) + 8·(x_8 ∈ |0..10|11 []) + 35·(x_9 ∈ |0..10|11 []) + 10·(x_10 ∈ |0..10|11 []) ≤ 1020
	w174:	23·(x_1 ∈ |0..10|11 []) + 18·(x_2 ∈ |0..10|11 []) + 27·(x_3 ∈ |0..10|11 []) + 20·(x_4 ∈ |0..10|11 []) + 18·(x_5 ∈ |0..10|11 []) + 9·(x_6 ∈ |0..10|11 []) + 10·(x_7 ∈ |0..10|11 []) + 6·(x_8 ∈ |0..10|11 []) + 20·(x_9 ∈ |0..10|11 []) + 2·(x_10 ∈ |0..10|11 []) ≤ 630
	w175:	27·(x_1 ∈ |0..10|11 []) + 27·(x_2 ∈ |0..10|11 []) + 30·(x_3 ∈ |0..10|11 []) + 29·(x_4 ∈ |0..10|11 []) + 42·(x_5 ∈ |0..10|11 []) + 17·(x_6 ∈ |0..10|11 []) + 6·(x_7 ∈ |0..10|11 []) + 8·(x_8 ∈ |0..10|11 []) + 30·(x_9 ∈ |0..10|11 []) + 25·(x_10 ∈ |0..10|11 []) ≤ 1000
	w176:	42·(x_1 ∈ |0..10|11 []) + 44·(x_2 ∈ |0..10|11 []) + 22·(x_3 ∈ |0..10|11 []) + 29·(x_4 ∈ |0..10|11 []) + (x_5 ∈ |0..10|11 []) + 25·(x_6 ∈ |0..10|11 []) + 44·(x_7 ∈ |0..10|11 []) + 6·(x_8 ∈ |0..10|11 []) + 38·(x_9 ∈ |0..10|11 []) + 3·(x_10 ∈ |0..10|11 []) ≤ 1050
	w177:	16·(x_1 ∈ |0..10|11 []) + 5·(x_2 ∈ |0..10|11 []) + 45·(x_3 ∈ |0..10|11 []) + 32·(x_4 ∈ |0..10|11 []) + 14·(x_5 ∈ |0..10|11 []) + 47·(x_6 ∈ |0..10|11 []) + 32·(x_7 ∈ |0..10|11 []) + 41·(x_8 ∈ |0..10|11 []) + 18·(x_9 ∈ |0..10|11 []) + 25·(x_10 ∈ |0..10|11 []) ≤ 1140
	w178:	10·(x_1 ∈ |0..10|11 []) + 44·(x_2 ∈ |0..10|11 []) + 37·(x_3 ∈ |0..10|11 []) + 24·(x_4 ∈ |0..10|11 []) + 41·(x_5 ∈ |0..10|11 []) + 8·(x_6 ∈ |0..10|11 []) + 9·(x_7 ∈ |0..10|11 []) + 36·(x_8 ∈ |0..10|11 []) + 21·(x_9 ∈ |0..10|11 []) + 34·(x_10 ∈ |0..10|11 []) ≤ 1090
	w179:	3·(x_1 ∈ |0..10|11 []) + 41·(x_2 ∈ |0..10|11 []) + (x_3 ∈ |0..10|11 []) + 15·(x_4 ∈ |0..10|11 []) + 49·(x_5 ∈ |0..10|11 []) + 49·(x_6 ∈ |0..10|11 []) + 18·(x_7 ∈ |0..10|11 []) + 10·(x_8 ∈ |0..10|11 []) + 12·(x_9 ∈ |0..10|11 []) + 14·(x_10 ∈ |0..10|11 []) ≤ 880
	w180:	18·(x_1 ∈ |0..10|11 []) + 12·(x_2 ∈ |0..10|11 []) + 34·(x_3 ∈ |0..10|11 []) + 31·(x_4 ∈ |0..10|11 []) + 16·(x_5 ∈ |0..10|11 []) + 15·(x_6 ∈ |0..10|11 []) + 40·(x_7 ∈ |0..10|11 []) + 43·(x_8 ∈ |0..10|11 []) + 49·(x_9 ∈ |0..10|11 []) + 38·(x_10 ∈ |0..10|11 []) ≤ 1230
	w181:	26·(x_1 ∈ |0..10|11 []) + 30·(x_2 ∈ |0..10|11 []) + 23·(x_3 ∈ |0..10|11 []) + 42·(x_4 ∈ |0..10|11 []) + 3·(x_5 ∈ |0..10|11 []) + 4·(x_6 ∈ |0..10|11 []) + 18·(x_7 ∈ |0..10|11 []) + 40·(x_8 ∈ |0..10|11 []) + (x_9 ∈ |0..10|11 []) + 34·(x_10 ∈ |0..10|11 []) ≤ 910
	w182:	19·(x_1 ∈ |0..10|11 []) + 24·(x_2 ∈ |0..10|11 []) + 10·(x_3 ∈ |0..10|11 []) + 17·(x_4 ∈ |0..10|11 []) + 27·(x_5 ∈ |0..10|11 []) + 46·(x_6 ∈ |0..10|11 []) + 21·(x_7 ∈ |0..10|11 []) + 9·(x_8 ∈ |0..10|11 []) + 10·(x_9 ∈ |0..10|11 []) + 34·(x_10 ∈ |0..10|11 []) ≤ 900
	w183:	34·(x_1 ∈ |0..10|11 []) + 48·(x_2 ∈ |0..10|11 []) + 40·(x_3 ∈ |0..10|11 []) + 29·(x_4 ∈ |0..10|11 []) + 28·(x_5 ∈ |0..10|11 []) + 10·(x_6 ∈ |0..10|11 []) + 31·(x_7 ∈ |0..10|11 []) + 3·(x_8 ∈ |0..10|11 []) + 28·(x_9 ∈ |0..10|11 []) + 21·(x_10 ∈ |0..10|11 []) ≤ 1130
	w184:	21·(x_1 ∈ |0..10|11 []) + 21·(x_2 ∈ |0..10|11 []) + 5·(x_3 ∈ |0..10|11 []) + 32·(x_4 ∈ |0..10|11 []) + 9·(x_5 ∈ |0..10|11 []) + 16·(x_6 ∈ |0..10|11 []) + 18·(x_7 ∈ |0..10|11 []) + 38·(x_8 ∈ |0..10|11 []) + 40·(x_9 ∈ |0..10|11 []) + 43·(x_10 ∈ |0..10|11 []) ≤ 1010
	w185:	19·(x_1 ∈ |0..10|11 []) + 39·(x_2 ∈ |0..10|11 []) + 41·(x_3 ∈ |0..10|11 []) + 38·(x_4 ∈ |0..10|11 []) + 7·(x_5 ∈ |0..10|11 []) + 4·(x_6 ∈ |0..10|11 []) + 19·(x_7 ∈ |0..10|11 []) + 26·(x_8 ∈ |0..10|11 []) + 28·(x_9 ∈ |0..10|11 []) + 32·(x_10 ∈ |0..10|11 []) ≤ 1050
	w186:	34·(x_1 ∈ |0..10|11 []) + 4·(x_2 ∈ |0..10|11 []) + 45·(x_3 ∈ |0..10|11 []) + 38·(x_4 ∈ |0..10|11 []) + 18·(x_5 ∈ |0..10|11 []) + 17·(x_6 ∈ |0..10|11 []) + 26·(x_7 ∈ |0..10|11 []) + 18·(x_8 ∈ |0..10|11 []) + 22·(x_9 ∈ |0..10|11 []) + 38·(x_10 ∈ |0..10|11 []) ≤ 1080
	w187:	22·(x_1 ∈ |0..10|11 []) + 31·(x_2 ∈ |0..10|11 []) + 43·(x_3 ∈ |0..10|11 []) + 34·(x_4 ∈ |0..10|11 []) + 37·(x_5 ∈ |0..10|11 []) + 36·(x_6 ∈ |0..10|11 []) + 37·(x_7 ∈ |0..10|11 []) + 10·(x_8 ∈ |0..10|11 []) + 8·(x_9 ∈ |0..10|11 []) + 36·(x_10 ∈ |0..10|11 []) ≤ 1220
	w188:	44·(x_1 ∈ |0..10|11 []) + 30·(x_2 ∈ |0..10|11 []) + 44·(x_3 ∈ |0..10|11 []) + 41·(x_4 ∈ |0..10|11 []) + 49·(x_5 ∈ |0..10|11 []) + 41·(x_6 ∈ |0..10|11 []) + 41·(x_7 ∈ |0..10|11 []) + 34·(x_8 ∈ |0..10|11 []) + 16·(x_9 ∈ |0..10|11 []) + 5·(x_10 ∈ |0..10|11 []) ≤ 1430
	w189:	18·(x_1 ∈ |0..10|11 []) + 3·(x_2 ∈ |0..10|11 []) + 33·(x_3 ∈ |0..10|11 []) + 36·(x_4 ∈ |0..10|11 []) + 42·(x_5 ∈ |0..10|11 []) + 25·(x_6 ∈ |0..10|11 []) + 33·(x_7 ∈ |0..10|11 []) + 10·(x_8 ∈ |0..10|11 []) + 49·(x_9 ∈ |0..10|11 []) + 41·(x_10 ∈ |0..10|11 []) ≤ 1200
	w190:	45·(x_1 ∈ |0..10|11 []) + 19·(x_2 ∈ |0..10|11 []) + 30·(x_3 ∈ |0..10|11 []) + 33·(x_4 ∈ |0..10|11 []) + 27·(x_5 ∈ |0..10|11 []) + 31·(x_6 ∈ |0..10|11 []) + 46·(x_7 ∈ |0..10|11 []) + 24·(x_8 ∈ |0..10|11 []) + 46·(x_9 ∈ |0..10|11 []) + 40·(x_10 ∈ |0..10|11 []) ≤ 1410
	w191:	28·(x_1 ∈ |0..10|11 []) + 44·(x_2 ∈ |0..10|11 []) + 36·(x_3 ∈ |0..10|11 []) + 25·(x_4 ∈ |0..10|11 []) + 7·(x_5 ∈ |0..10|11 []) + 24·(x_6 ∈ |0..10|11 []) + 12·(x_7 ∈ |0..10|11 []) + 37·(x_8 ∈ |0..10|11 []) + 27·(x_9 ∈ |0..10|11 []) + 23·(x_10 ∈ |0..10|11 []) ≤ 1090
	w192:	(x_1 ∈ |0..10|11 []) + 35·(x_2 ∈ |0..10|11 []) + 43·(x_3 ∈ |0..10|11 []) + 5·(x_4 ∈ |0..10|11 []) + 26·(x_5 ∈ |0..10|11 []) + 41·(x_6 ∈ |0..10|11 []) + 4·(x_7 ∈ |0..10|11 []) + 37·(x_8 ∈ |0..10|11 []) + 10·(x_9 ∈ |0..10|11 []) + 24·(x_10 ∈ |0..10|11 []) ≤ 940
	w193:	42·(x_1 ∈ |0..10|11 []) + 27·(x_2 ∈ |0..10|11 []) + 30·(x_3 ∈ |0..10|11 []) + 9·(x_4 ∈ |0..10|11 []) + 6·(x_5 ∈ |0..10|11 []) + 42·(x_6 ∈ |0..10|11 []) + 9·(x_7 ∈ |0..10|11 []) + 26·(x_8 ∈ |0..10|11 []) + 3·(x_9 ∈ |0..10|11 []) + (x_10 ∈ |0..10|11 []) ≤ 810
	w194:	18·(x_1 ∈ |0..10|11 []) + 17·(x_2 ∈ |0..10|11 []) + 29·(x_3 ∈ |0..10|11 []) + 31·(x_4 ∈ |0..10|11 []) + 24·(x_5 ∈ |0..10|11 []) + 15·(x_6 ∈ |0..10|11 []) + 27·(x_7 ∈ |0..10|11 []) + 48·(x_8 ∈ |0..10|11 []) + 19·(x_9 ∈ |0..10|11 []) + 22·(x_10 ∈ |0..10|11 []) ≤ 1040
	w195:	33·(x_1 ∈ |0..10|11 []) + 31·(x_2 ∈ |0..10|11 []) + 37·(x_3 ∈ |0..10|11 []) + 29·(x_4 ∈ |0..10|11 []) + 11·(x_5 ∈ |0..10|11 []) + 23·(x_6 ∈ |0..10|11 []) + 16·(x_7 ∈ |0..10|11 []) + (x_8 ∈ |0..10|11 []) + 4·(x_9 ∈ |0..10|11 []) + 22·(x_10 ∈ |0..10|11 []) ≤ 860
	w196:	4·(x_1 ∈ |0..10|11 []) + 27·(x_2 ∈ |0..10|11 []) + 15·(x_3 ∈ |0..10|11 []) + 35·(x_4 ∈ |0..10|11 []) + (x_5 ∈ |0..10|11 []) + 14·(x_6 ∈ |0..10|11 []) + 46·(x_7 ∈ |0..10|11 []) + 31·(x_8 ∈ |0..10|11 []) + 30·(x_9 ∈ |0..10|11 []) + 23·(x_10 ∈ |0..10|11 []) ≤ 940
	w197:	39·(x_1 ∈ |0..10|11 []) + 35·(x_2 ∈ |0..10|11 []) + 23·(x_3 ∈ |0..10|11 []) + 37·(x_4 ∈ |0..10|11 []) + 43·(x_5 ∈ |0..10|11 []) + 11·(x_6 ∈ |0..10|11 []) + 29·(x_7 ∈ |0..10|11 []) + 24·(x_8 ∈ |0..10|11 []) + 23·(x_9 ∈ |0..10|11 []) + 16·(x_10 ∈ |0..10|11 []) ≤ 1160
	w198:	31·(x_1 ∈ |0..10|11 []) + 37·(x_2 ∈ |0..10|11 []) + 28·(x_3 ∈ |0..10|11 []) + 13·(x_4 ∈ |0..10|11 []) + 14·(x_5 ∈ |0..10|11 []) + 5·(x_6 ∈ |0..10|11 []) + 3·(x_7 ∈ |0..10|11 []) + 5·(x_8 ∈ |0..10|11 []) + 11·(x_9 ∈ |0..10|11 []) + 37·(x_10 ∈ |0..10|11 []) ≤ 760
	w199:	47·(x_1 ∈ |0..10|11 []) + 26·(x_2 ∈ |0..10|11 []) + 33·(x_3 ∈ |0..10|11 []) + 31·(x_4 ∈ |0..10|11 []) + 23·(x_5 ∈ |0..10|11 []) + 30·(x_6 ∈ |0..10|11 []) + 42·(x_7 ∈ |0..10|11 []) + 17·(x_8 ∈ |0..10|11 []) + 18·(x_9 ∈ |0..10|11 []) + 11·(x_10 ∈ |0..10|11 []) ≤ 1150
	w200:	38·(x_1 ∈ |0..10|11 []) + 22·(x_2 ∈ |0..10|11 []) + 22·(x_3 ∈ |0..10|11 []) + 45·(x_4 ∈ |0..10|11 []) + 32·(x_5 ∈ |0..10|11 []) + 27·(x_6 ∈ |0..10|11 []) + 22·(x_7 ∈ |0..10|11 []) + 31·(x_8 ∈ |0..10|11 []) + 5·(x_9 ∈ |0..10|11 []) + 40·(x_10 ∈ |0..10|11 []) ≤ 1180
	profits:	27·(x_1 ∈ |0..10|11 []) + 33·(x_2 ∈ |0..10|11 []) + 29·(x_3 ∈ |0..10|11 []) + 29·(x_4 ∈ |0..10|11 []) + 31·(x_5 ∈ |0..10|11 []) + 48·(x_6 ∈ |0..10|11 []) + 33·(x_7 ∈ |0..10|11 []) + 16·(x_8 ∈ |0..10|11 []) + 19·(x_9 ∈ |0..10|11 []) + 18·(x_10 ∈ |0..10|11 []) ≥ 1650
	CSE: ""

Encoded GT + Mix(150) in 8.245972 seconds as 135487/519431/1948972

SOLVE T/O Some(60.0)
SOLVE DONE @12.354093
SOLVE CALL RESULT: Got UNS in 12.354093s with check None: 
BATCH.SH END 0
