BATCH.SH START ./experiments/mbkp/runs:1351 (ulimit --clean)
Start EncodeRecord { instance: Some(Instance { problem: Mbkp { bound: 10, n_: 10, m_: 200, q_: 50, family: 1, s_: 25, seed: 4, fl: "0.4", fu: None, skip_obj: true }, i: 13, lp: "./experiments/mbkp/lps/2/1_03.lp" }), experiment: Some(Experiment { system: Pbc, pb_encoding: Bdd, int_encoding: Ord, con_encoding: Include, split_eq: false, model_config: ModelConfig { scm: Dnf, cutoff: Mix(25), decomposer: Bdd, equalize_ternaries: true, add_consistency: false, propagate: None, equalize_uniform_bin_ineqs: false } }), statics: None, pb_statics: None, principal: None, time: None, dimacs: None }
model = 
	w1:	10·(x_1 ∈ |0..10|11 []) + 4·(x_2 ∈ |0..10|11 []) + 46·(x_3 ∈ |0..10|11 []) + 22·(x_4 ∈ |0..10|11 []) + 10·(x_5 ∈ |0..10|11 []) + 7·(x_6 ∈ |0..10|11 []) + 44·(x_7 ∈ |0..10|11 []) + 20·(x_8 ∈ |0..10|11 []) + 44·(x_9 ∈ |0..10|11 []) + 3·(x_10 ∈ |0..10|11 []) ≤ 890
	w2:	30·(x_1 ∈ |0..10|11 []) + 13·(x_2 ∈ |0..10|11 []) + 47·(x_3 ∈ |0..10|11 []) + 29·(x_4 ∈ |0..10|11 []) + 31·(x_5 ∈ |0..10|11 []) + 7·(x_6 ∈ |0..10|11 []) + 13·(x_7 ∈ |0..10|11 []) + 10·(x_8 ∈ |0..10|11 []) + 31·(x_9 ∈ |0..10|11 []) + 18·(x_10 ∈ |0..10|11 []) ≤ 970
	w3:	24·(x_1 ∈ |0..10|11 []) + 12·(x_2 ∈ |0..10|11 []) + 47·(x_3 ∈ |0..10|11 []) + 13·(x_4 ∈ |0..10|11 []) + 3·(x_5 ∈ |0..10|11 []) + 32·(x_6 ∈ |0..10|11 []) + 10·(x_7 ∈ |0..10|11 []) + 22·(x_8 ∈ |0..10|11 []) + 8·(x_9 ∈ |0..10|11 []) + 39·(x_10 ∈ |0..10|11 []) ≤ 890
	w4:	14·(x_1 ∈ |0..10|11 []) + 34·(x_2 ∈ |0..10|11 []) + 10·(x_3 ∈ |0..10|11 []) + 41·(x_4 ∈ |0..10|11 []) + 7·(x_5 ∈ |0..10|11 []) + 42·(x_6 ∈ |0..10|11 []) + 44·(x_7 ∈ |0..10|11 []) + 30·(x_8 ∈ |0..10|11 []) + 3·(x_9 ∈ |0..10|11 []) + 34·(x_10 ∈ |0..10|11 []) ≤ 1090
	w5:	(x_1 ∈ |0..10|11 []) + 35·(x_2 ∈ |0..10|11 []) + 13·(x_3 ∈ |0..10|11 []) + 32·(x_4 ∈ |0..10|11 []) + 47·(x_5 ∈ |0..10|11 []) + (x_6 ∈ |0..10|11 []) + 32·(x_7 ∈ |0..10|11 []) + 49·(x_8 ∈ |0..10|11 []) + 33·(x_9 ∈ |0..10|11 []) + 3·(x_10 ∈ |0..10|11 []) ≤ 1040
	w6:	9·(x_1 ∈ |0..10|11 []) + 27·(x_2 ∈ |0..10|11 []) + 39·(x_3 ∈ |0..10|11 []) + 17·(x_4 ∈ |0..10|11 []) + 3·(x_5 ∈ |0..10|11 []) + 16·(x_6 ∈ |0..10|11 []) + 22·(x_7 ∈ |0..10|11 []) + 16·(x_8 ∈ |0..10|11 []) + 31·(x_9 ∈ |0..10|11 []) + 9·(x_10 ∈ |0..10|11 []) ≤ 800
	w7:	40·(x_1 ∈ |0..10|11 []) + 38·(x_2 ∈ |0..10|11 []) + 47·(x_3 ∈ |0..10|11 []) + 15·(x_4 ∈ |0..10|11 []) + 13·(x_5 ∈ |0..10|11 []) + 21·(x_6 ∈ |0..10|11 []) + 4·(x_7 ∈ |0..10|11 []) + 11·(x_8 ∈ |0..10|11 []) + 34·(x_9 ∈ |0..10|11 []) + 30·(x_10 ∈ |0..10|11 []) ≤ 1070
	w8:	40·(x_1 ∈ |0..10|11 []) + 13·(x_2 ∈ |0..10|11 []) + 25·(x_3 ∈ |0..10|11 []) + 36·(x_4 ∈ |0..10|11 []) + 33·(x_5 ∈ |0..10|11 []) + 29·(x_6 ∈ |0..10|11 []) + 40·(x_7 ∈ |0..10|11 []) + 49·(x_8 ∈ |0..10|11 []) + 6·(x_9 ∈ |0..10|11 []) + 25·(x_10 ∈ |0..10|11 []) ≤ 1250
	w9:	41·(x_1 ∈ |0..10|11 []) + 35·(x_2 ∈ |0..10|11 []) + 6·(x_3 ∈ |0..10|11 []) + 3·(x_4 ∈ |0..10|11 []) + 23·(x_5 ∈ |0..10|11 []) + 39·(x_6 ∈ |0..10|11 []) + 7·(x_7 ∈ |0..10|11 []) + 12·(x_8 ∈ |0..10|11 []) + 43·(x_9 ∈ |0..10|11 []) + 46·(x_10 ∈ |0..10|11 []) ≤ 1080
	w10:	49·(x_1 ∈ |0..10|11 []) + 33·(x_2 ∈ |0..10|11 []) + 20·(x_3 ∈ |0..10|11 []) + 8·(x_4 ∈ |0..10|11 []) + 34·(x_5 ∈ |0..10|11 []) + 9·(x_6 ∈ |0..10|11 []) + 40·(x_7 ∈ |0..10|11 []) + 42·(x_8 ∈ |0..10|11 []) + 45·(x_9 ∈ |0..10|11 []) + 22·(x_10 ∈ |0..10|11 []) ≤ 1280
	w11:	33·(x_1 ∈ |0..10|11 []) + 11·(x_2 ∈ |0..10|11 []) + (x_3 ∈ |0..10|11 []) + 22·(x_4 ∈ |0..10|11 []) + 28·(x_5 ∈ |0..10|11 []) + 49·(x_6 ∈ |0..10|11 []) + 41·(x_7 ∈ |0..10|11 []) + 15·(x_8 ∈ |0..10|11 []) + 2·(x_9 ∈ |0..10|11 []) + 13·(x_10 ∈ |0..10|11 []) ≤ 910
	w12:	48·(x_1 ∈ |0..10|11 []) + 14·(x_2 ∈ |0..10|11 []) + 8·(x_3 ∈ |0..10|11 []) + 14·(x_4 ∈ |0..10|11 []) + 16·(x_5 ∈ |0..10|11 []) + 37·(x_6 ∈ |0..10|11 []) + 10·(x_7 ∈ |0..10|11 []) + 35·(x_8 ∈ |0..10|11 []) + 40·(x_9 ∈ |0..10|11 []) + 17·(x_10 ∈ |0..10|11 []) ≤ 1010
	w13:	11·(x_1 ∈ |0..10|11 []) + 35·(x_2 ∈ |0..10|11 []) + 29·(x_3 ∈ |0..10|11 []) + 10·(x_4 ∈ |0..10|11 []) + 31·(x_5 ∈ |0..10|11 []) + 37·(x_6 ∈ |0..10|11 []) + 43·(x_7 ∈ |0..10|11 []) + 30·(x_8 ∈ |0..10|11 []) + 20·(x_9 ∈ |0..10|11 []) + 43·(x_10 ∈ |0..10|11 []) ≤ 1220
	w14:	37·(x_1 ∈ |0..10|11 []) + 11·(x_2 ∈ |0..10|11 []) + 8·(x_3 ∈ |0..10|11 []) + 42·(x_4 ∈ |0..10|11 []) + 26·(x_5 ∈ |0..10|11 []) + 10·(x_6 ∈ |0..10|11 []) + 45·(x_7 ∈ |0..10|11 []) + 27·(x_8 ∈ |0..10|11 []) + 33·(x_9 ∈ |0..10|11 []) + 33·(x_10 ∈ |0..10|11 []) ≤ 1150
	w15:	49·(x_1 ∈ |0..10|11 []) + 33·(x_2 ∈ |0..10|11 []) + 35·(x_3 ∈ |0..10|11 []) + 25·(x_4 ∈ |0..10|11 []) + 22·(x_5 ∈ |0..10|11 []) + 5·(x_6 ∈ |0..10|11 []) + 9·(x_7 ∈ |0..10|11 []) + 49·(x_8 ∈ |0..10|11 []) + 41·(x_9 ∈ |0..10|11 []) + 21·(x_10 ∈ |0..10|11 []) ≤ 1220
	w16:	4·(x_1 ∈ |0..10|11 []) + 31·(x_2 ∈ |0..10|11 []) + 45·(x_3 ∈ |0..10|11 []) + 41·(x_4 ∈ |0..10|11 []) + 11·(x_5 ∈ |0..10|11 []) + 37·(x_6 ∈ |0..10|11 []) + 21·(x_7 ∈ |0..10|11 []) + 22·(x_8 ∈ |0..10|11 []) + 7·(x_9 ∈ |0..10|11 []) + 35·(x_10 ∈ |0..10|11 []) ≤ 1070
	w17:	21·(x_1 ∈ |0..10|11 []) + (x_2 ∈ |0..10|11 []) + 40·(x_3 ∈ |0..10|11 []) + 42·(x_4 ∈ |0..10|11 []) + 6·(x_5 ∈ |0..10|11 []) + 20·(x_6 ∈ |0..10|11 []) + 13·(x_7 ∈ |0..10|11 []) + 4·(x_8 ∈ |0..10|11 []) + 44·(x_9 ∈ |0..10|11 []) + 9·(x_10 ∈ |0..10|11 []) ≤ 840
	w18:	13·(x_1 ∈ |0..10|11 []) + 5·(x_2 ∈ |0..10|11 []) + 32·(x_3 ∈ |0..10|11 []) + 37·(x_4 ∈ |0..10|11 []) + 6·(x_5 ∈ |0..10|11 []) + 18·(x_6 ∈ |0..10|11 []) + 41·(x_7 ∈ |0..10|11 []) + 35·(x_8 ∈ |0..10|11 []) + 27·(x_9 ∈ |0..10|11 []) + 17·(x_10 ∈ |0..10|11 []) ≤ 970
	w19:	17·(x_1 ∈ |0..10|11 []) + 4·(x_2 ∈ |0..10|11 []) + 47·(x_3 ∈ |0..10|11 []) + 8·(x_4 ∈ |0..10|11 []) + 19·(x_5 ∈ |0..10|11 []) + 14·(x_6 ∈ |0..10|11 []) + 24·(x_7 ∈ |0..10|11 []) + 48·(x_8 ∈ |0..10|11 []) + 5·(x_9 ∈ |0..10|11 []) + 10·(x_10 ∈ |0..10|11 []) ≤ 830
	w20:	27·(x_1 ∈ |0..10|11 []) + 19·(x_2 ∈ |0..10|11 []) + 33·(x_3 ∈ |0..10|11 []) + 8·(x_4 ∈ |0..10|11 []) + 3·(x_5 ∈ |0..10|11 []) + 46·(x_6 ∈ |0..10|11 []) + 10·(x_7 ∈ |0..10|11 []) + 26·(x_8 ∈ |0..10|11 []) + 38·(x_9 ∈ |0..10|11 []) + 15·(x_10 ∈ |0..10|11 []) ≤ 950
	w21:	7·(x_1 ∈ |0..10|11 []) + 5·(x_2 ∈ |0..10|11 []) + 44·(x_3 ∈ |0..10|11 []) + 8·(x_4 ∈ |0..10|11 []) + 26·(x_5 ∈ |0..10|11 []) + 36·(x_6 ∈ |0..10|11 []) + 11·(x_7 ∈ |0..10|11 []) + 28·(x_8 ∈ |0..10|11 []) + 13·(x_9 ∈ |0..10|11 []) + 47·(x_10 ∈ |0..10|11 []) ≤ 950
	w22:	12·(x_1 ∈ |0..10|11 []) + 4·(x_2 ∈ |0..10|11 []) + 8·(x_3 ∈ |0..10|11 []) + 17·(x_4 ∈ |0..10|11 []) + 46·(x_5 ∈ |0..10|11 []) + 26·(x_6 ∈ |0..10|11 []) + 29·(x_7 ∈ |0..10|11 []) + 33·(x_8 ∈ |0..10|11 []) + 17·(x_9 ∈ |0..10|11 []) + 18·(x_10 ∈ |0..10|11 []) ≤ 890
	w23:	4·(x_1 ∈ |0..10|11 []) + 2·(x_2 ∈ |0..10|11 []) + 42·(x_3 ∈ |0..10|11 []) + 30·(x_4 ∈ |0..10|11 []) + 27·(x_5 ∈ |0..10|11 []) + 9·(x_6 ∈ |0..10|11 []) + 6·(x_7 ∈ |0..10|11 []) + 19·(x_8 ∈ |0..10|11 []) + 7·(x_9 ∈ |0..10|11 []) + 17·(x_10 ∈ |0..10|11 []) ≤ 690
	w24:	32·(x_1 ∈ |0..10|11 []) + 38·(x_2 ∈ |0..10|11 []) + 4·(x_3 ∈ |0..10|11 []) + 32·(x_4 ∈ |0..10|11 []) + 4·(x_5 ∈ |0..10|11 []) + 47·(x_6 ∈ |0..10|11 []) + 9·(x_7 ∈ |0..10|11 []) + 21·(x_8 ∈ |0..10|11 []) + 39·(x_9 ∈ |0..10|11 []) + 8·(x_10 ∈ |0..10|11 []) ≤ 990
	w25:	28·(x_1 ∈ |0..10|11 []) + 39·(x_2 ∈ |0..10|11 []) + 24·(x_3 ∈ |0..10|11 []) + 21·(x_4 ∈ |0..10|11 []) + 7·(x_5 ∈ |0..10|11 []) + 28·(x_6 ∈ |0..10|11 []) + 41·(x_7 ∈ |0..10|11 []) + 5·(x_8 ∈ |0..10|11 []) + 15·(x_9 ∈ |0..10|11 []) + 41·(x_10 ∈ |0..10|11 []) ≤ 1050
	w26:	8·(x_1 ∈ |0..10|11 []) + 45·(x_2 ∈ |0..10|11 []) + 32·(x_3 ∈ |0..10|11 []) + 25·(x_4 ∈ |0..10|11 []) + 8·(x_5 ∈ |0..10|11 []) + 27·(x_6 ∈ |0..10|11 []) + 42·(x_7 ∈ |0..10|11 []) + 15·(x_8 ∈ |0..10|11 []) + 44·(x_9 ∈ |0..10|11 []) + 3·(x_10 ∈ |0..10|11 []) ≤ 1050
	w27:	12·(x_1 ∈ |0..10|11 []) + 16·(x_2 ∈ |0..10|11 []) + 16·(x_3 ∈ |0..10|11 []) + 8·(x_4 ∈ |0..10|11 []) + 5·(x_5 ∈ |0..10|11 []) + 6·(x_6 ∈ |0..10|11 []) + 21·(x_7 ∈ |0..10|11 []) + 40·(x_8 ∈ |0..10|11 []) + 18·(x_9 ∈ |0..10|11 []) + 7·(x_10 ∈ |0..10|11 []) ≤ 630
	w28:	27·(x_1 ∈ |0..10|11 []) + 19·(x_2 ∈ |0..10|11 []) + 35·(x_3 ∈ |0..10|11 []) + 40·(x_4 ∈ |0..10|11 []) + 6·(x_5 ∈ |0..10|11 []) + 46·(x_6 ∈ |0..10|11 []) + 3·(x_7 ∈ |0..10|11 []) + 19·(x_8 ∈ |0..10|11 []) + 22·(x_9 ∈ |0..10|11 []) + 33·(x_10 ∈ |0..10|11 []) ≤ 1060
	w29:	3·(x_1 ∈ |0..10|11 []) + 9·(x_2 ∈ |0..10|11 []) + 14·(x_3 ∈ |0..10|11 []) + 32·(x_4 ∈ |0..10|11 []) + 41·(x_5 ∈ |0..10|11 []) + 45·(x_6 ∈ |0..10|11 []) + 14·(x_7 ∈ |0..10|11 []) + 44·(x_8 ∈ |0..10|11 []) + 46·(x_9 ∈ |0..10|11 []) + 31·(x_10 ∈ |0..10|11 []) ≤ 1180
	w30:	8·(x_1 ∈ |0..10|11 []) + 35·(x_2 ∈ |0..10|11 []) + (x_3 ∈ |0..10|11 []) + 16·(x_4 ∈ |0..10|11 []) + 48·(x_5 ∈ |0..10|11 []) + 32·(x_6 ∈ |0..10|11 []) + 26·(x_7 ∈ |0..10|11 []) + 14·(x_8 ∈ |0..10|11 []) + 22·(x_9 ∈ |0..10|11 []) + 17·(x_10 ∈ |0..10|11 []) ≤ 920
	w31:	39·(x_1 ∈ |0..10|11 []) + 33·(x_2 ∈ |0..10|11 []) + 4·(x_3 ∈ |0..10|11 []) + 23·(x_4 ∈ |0..10|11 []) + 43·(x_5 ∈ |0..10|11 []) + 4·(x_6 ∈ |0..10|11 []) + 7·(x_7 ∈ |0..10|11 []) + 21·(x_8 ∈ |0..10|11 []) + 28·(x_9 ∈ |0..10|11 []) + 2·(x_10 ∈ |0..10|11 []) ≤ 860
	w32:	39·(x_1 ∈ |0..10|11 []) + 11·(x_2 ∈ |0..10|11 []) + 24·(x_3 ∈ |0..10|11 []) + 10·(x_4 ∈ |0..10|11 []) + (x_5 ∈ |0..10|11 []) + 8·(x_6 ∈ |0..10|11 []) + 28·(x_7 ∈ |0..10|11 []) + 15·(x_8 ∈ |0..10|11 []) + (x_9 ∈ |0..10|11 []) + 48·(x_10 ∈ |0..10|11 []) ≤ 780
	w33:	31·(x_1 ∈ |0..10|11 []) + 47·(x_2 ∈ |0..10|11 []) + 39·(x_3 ∈ |0..10|11 []) + 38·(x_4 ∈ |0..10|11 []) + 30·(x_5 ∈ |0..10|11 []) + 36·(x_6 ∈ |0..10|11 []) + 39·(x_7 ∈ |0..10|11 []) + 19·(x_8 ∈ |0..10|11 []) + 3·(x_9 ∈ |0..10|11 []) + 27·(x_10 ∈ |0..10|11 []) ≤ 1310
	w34:	38·(x_1 ∈ |0..10|11 []) + 39·(x_2 ∈ |0..10|11 []) + 23·(x_3 ∈ |0..10|11 []) + 23·(x_4 ∈ |0..10|11 []) + 20·(x_5 ∈ |0..10|11 []) + 35·(x_6 ∈ |0..10|11 []) + 34·(x_7 ∈ |0..10|11 []) + 21·(x_8 ∈ |0..10|11 []) + 3·(x_9 ∈ |0..10|11 []) + 35·(x_10 ∈ |0..10|11 []) ≤ 1140
	w35:	39·(x_1 ∈ |0..10|11 []) + 31·(x_2 ∈ |0..10|11 []) + 32·(x_3 ∈ |0..10|11 []) + 3·(x_4 ∈ |0..10|11 []) + 46·(x_5 ∈ |0..10|11 []) + 2·(x_6 ∈ |0..10|11 []) + 22·(x_7 ∈ |0..10|11 []) + 29·(x_8 ∈ |0..10|11 []) + 10·(x_9 ∈ |0..10|11 []) + 10·(x_10 ∈ |0..10|11 []) ≤ 940
	w36:	25·(x_1 ∈ |0..10|11 []) + 29·(x_2 ∈ |0..10|11 []) + 18·(x_3 ∈ |0..10|11 []) + 28·(x_4 ∈ |0..10|11 []) + 25·(x_5 ∈ |0..10|11 []) + 27·(x_6 ∈ |0..10|11 []) + 37·(x_7 ∈ |0..10|11 []) + 39·(x_8 ∈ |0..10|11 []) + 4·(x_9 ∈ |0..10|11 []) + 21·(x_10 ∈ |0..10|11 []) ≤ 1070
	w37:	17·(x_1 ∈ |0..10|11 []) + 4·(x_2 ∈ |0..10|11 []) + 2·(x_3 ∈ |0..10|11 []) + 6·(x_4 ∈ |0..10|11 []) + 16·(x_5 ∈ |0..10|11 []) + 38·(x_6 ∈ |0..10|11 []) + 2·(x_7 ∈ |0..10|11 []) + 4·(x_8 ∈ |0..10|11 []) + 20·(x_9 ∈ |0..10|11 []) + 21·(x_10 ∈ |0..10|11 []) ≤ 550
	w38:	13·(x_1 ∈ |0..10|11 []) + 43·(x_2 ∈ |0..10|11 []) + 6·(x_3 ∈ |0..10|11 []) + 22·(x_4 ∈ |0..10|11 []) + 23·(x_5 ∈ |0..10|11 []) + 7·(x_6 ∈ |0..10|11 []) + 14·(x_7 ∈ |0..10|11 []) + 27·(x_8 ∈ |0..10|11 []) + 4·(x_9 ∈ |0..10|11 []) + 20·(x_10 ∈ |0..10|11 []) ≤ 750
	w39:	22·(x_1 ∈ |0..10|11 []) + 31·(x_2 ∈ |0..10|11 []) + 21·(x_3 ∈ |0..10|11 []) + 15·(x_4 ∈ |0..10|11 []) + 22·(x_5 ∈ |0..10|11 []) + 41·(x_6 ∈ |0..10|11 []) + 40·(x_7 ∈ |0..10|11 []) + 45·(x_8 ∈ |0..10|11 []) + 45·(x_9 ∈ |0..10|11 []) + 25·(x_10 ∈ |0..10|11 []) ≤ 1300
	w40:	34·(x_1 ∈ |0..10|11 []) + 46·(x_2 ∈ |0..10|11 []) + 32·(x_3 ∈ |0..10|11 []) + 3·(x_4 ∈ |0..10|11 []) + 35·(x_5 ∈ |0..10|11 []) + 16·(x_6 ∈ |0..10|11 []) + 43·(x_7 ∈ |0..10|11 []) + 41·(x_8 ∈ |0..10|11 []) + 13·(x_9 ∈ |0..10|11 []) + 18·(x_10 ∈ |0..10|11 []) ≤ 1190
	w41:	41·(x_1 ∈ |0..10|11 []) + 4·(x_2 ∈ |0..10|11 []) + 2·(x_3 ∈ |0..10|11 []) + 31·(x_4 ∈ |0..10|11 []) + 22·(x_5 ∈ |0..10|11 []) + 7·(x_6 ∈ |0..10|11 []) + 18·(x_7 ∈ |0..10|11 []) + 4·(x_8 ∈ |0..10|11 []) + 12·(x_9 ∈ |0..10|11 []) + 49·(x_10 ∈ |0..10|11 []) ≤ 800
	w42:	49·(x_1 ∈ |0..10|11 []) + 42·(x_2 ∈ |0..10|11 []) + 25·(x_3 ∈ |0..10|11 []) + 20·(x_4 ∈ |0..10|11 []) + 41·(x_5 ∈ |0..10|11 []) + 19·(x_6 ∈ |0..10|11 []) + 45·(x_7 ∈ |0..10|11 []) + 14·(x_8 ∈ |0..10|11 []) + 16·(x_9 ∈ |0..10|11 []) + 36·(x_10 ∈ |0..10|11 []) ≤ 1300
	w43:	15·(x_1 ∈ |0..10|11 []) + 43·(x_2 ∈ |0..10|11 []) + 17·(x_3 ∈ |0..10|11 []) + 6·(x_4 ∈ |0..10|11 []) + 46·(x_5 ∈ |0..10|11 []) + 28·(x_6 ∈ |0..10|11 []) + (x_7 ∈ |0..10|11 []) + 48·(x_8 ∈ |0..10|11 []) + 30·(x_9 ∈ |0..10|11 []) + 16·(x_10 ∈ |0..10|11 []) ≤ 1060
	w44:	48·(x_1 ∈ |0..10|11 []) + 35·(x_2 ∈ |0..10|11 []) + 32·(x_3 ∈ |0..10|11 []) + 49·(x_4 ∈ |0..10|11 []) + 35·(x_5 ∈ |0..10|11 []) + 15·(x_6 ∈ |0..10|11 []) + 30·(x_7 ∈ |0..10|11 []) + 21·(x_8 ∈ |0..10|11 []) + 23·(x_9 ∈ |0..10|11 []) + 25·(x_10 ∈ |0..10|11 []) ≤ 1320
	w45:	28·(x_1 ∈ |0..10|11 []) + 18·(x_2 ∈ |0..10|11 []) + 25·(x_3 ∈ |0..10|11 []) + 27·(x_4 ∈ |0..10|11 []) + 29·(x_5 ∈ |0..10|11 []) + 46·(x_6 ∈ |0..10|11 []) + 34·(x_7 ∈ |0..10|11 []) + 11·(x_8 ∈ |0..10|11 []) + 31·(x_9 ∈ |0..10|11 []) + 49·(x_10 ∈ |0..10|11 []) ≤ 1260
	w46:	37·(x_1 ∈ |0..10|11 []) + 33·(x_2 ∈ |0..10|11 []) + 27·(x_3 ∈ |0..10|11 []) + 11·(x_4 ∈ |0..10|11 []) + 13·(x_5 ∈ |0..10|11 []) + 12·(x_6 ∈ |0..10|11 []) + 19·(x_7 ∈ |0..10|11 []) + 20·(x_8 ∈ |0..10|11 []) + 30·(x_9 ∈ |0..10|11 []) + 27·(x_10 ∈ |0..10|11 []) ≤ 970
	w47:	11·(x_1 ∈ |0..10|11 []) + 37·(x_2 ∈ |0..10|11 []) + 18·(x_3 ∈ |0..10|11 []) + 21·(x_4 ∈ |0..10|11 []) + 48·(x_5 ∈ |0..10|11 []) + 17·(x_6 ∈ |0..10|11 []) + 26·(x_7 ∈ |0..10|11 []) + 19·(x_8 ∈ |0..10|11 []) + 26·(x_9 ∈ |0..10|11 []) + 21·(x_10 ∈ |0..10|11 []) ≤ 1030
	w48:	15·(x_1 ∈ |0..10|11 []) + 35·(x_2 ∈ |0..10|11 []) + 6·(x_3 ∈ |0..10|11 []) + 27·(x_4 ∈ |0..10|11 []) + 19·(x_5 ∈ |0..10|11 []) + 9·(x_6 ∈ |0..10|11 []) + 30·(x_7 ∈ |0..10|11 []) + 24·(x_8 ∈ |0..10|11 []) + 35·(x_9 ∈ |0..10|11 []) + 8·(x_10 ∈ |0..10|11 []) ≤ 880
	w49:	43·(x_1 ∈ |0..10|11 []) + 49·(x_2 ∈ |0..10|11 []) + 8·(x_3 ∈ |0..10|11 []) + 26·(x_4 ∈ |0..10|11 []) + 7·(x_5 ∈ |0..10|11 []) + 38·(x_6 ∈ |0..10|11 []) + 33·(x_7 ∈ |0..10|11 []) + 9·(x_8 ∈ |0..10|11 []) + 35·(x_9 ∈ |0..10|11 []) + 39·(x_10 ∈ |0..10|11 []) ≤ 1210
	w50:	13·(x_1 ∈ |0..10|11 []) + 6·(x_2 ∈ |0..10|11 []) + 47·(x_3 ∈ |0..10|11 []) + 27·(x_4 ∈ |0..10|11 []) + (x_5 ∈ |0..10|11 []) + 27·(x_6 ∈ |0..10|11 []) + 33·(x_7 ∈ |0..10|11 []) + 5·(x_8 ∈ |0..10|11 []) + 44·(x_9 ∈ |0..10|11 []) + 39·(x_10 ∈ |0..10|11 []) ≤ 1020
	w51:	31·(x_1 ∈ |0..10|11 []) + 8·(x_2 ∈ |0..10|11 []) + 42·(x_3 ∈ |0..10|11 []) + 29·(x_4 ∈ |0..10|11 []) + 23·(x_5 ∈ |0..10|11 []) + 2·(x_6 ∈ |0..10|11 []) + 34·(x_7 ∈ |0..10|11 []) + 5·(x_8 ∈ |0..10|11 []) + 20·(x_9 ∈ |0..10|11 []) + 14·(x_10 ∈ |0..10|11 []) ≤ 880
	w52:	20·(x_1 ∈ |0..10|11 []) + 42·(x_2 ∈ |0..10|11 []) + 2·(x_3 ∈ |0..10|11 []) + 36·(x_4 ∈ |0..10|11 []) + 21·(x_5 ∈ |0..10|11 []) + 35·(x_6 ∈ |0..10|11 []) + 43·(x_7 ∈ |0..10|11 []) + 19·(x_8 ∈ |0..10|11 []) + 20·(x_9 ∈ |0..10|11 []) + 48·(x_10 ∈ |0..10|11 []) ≤ 1210
	w53:	47·(x_1 ∈ |0..10|11 []) + 40·(x_2 ∈ |0..10|11 []) + 6·(x_3 ∈ |0..10|11 []) + 41·(x_4 ∈ |0..10|11 []) + 10·(x_5 ∈ |0..10|11 []) + 5·(x_6 ∈ |0..10|11 []) + 42·(x_7 ∈ |0..10|11 []) + 47·(x_8 ∈ |0..10|11 []) + 11·(x_9 ∈ |0..10|11 []) + 47·(x_10 ∈ |0..10|11 []) ≤ 1250
	w54:	43·(x_1 ∈ |0..10|11 []) + 24·(x_2 ∈ |0..10|11 []) + 24·(x_3 ∈ |0..10|11 []) + 20·(x_4 ∈ |0..10|11 []) + 11·(x_5 ∈ |0..10|11 []) + 8·(x_6 ∈ |0..10|11 []) + 29·(x_7 ∈ |0..10|11 []) + 6·(x_8 ∈ |0..10|11 []) + 13·(x_9 ∈ |0..10|11 []) + 27·(x_10 ∈ |0..10|11 []) ≤ 860
	w55:	15·(x_1 ∈ |0..10|11 []) + 22·(x_2 ∈ |0..10|11 []) + 5·(x_3 ∈ |0..10|11 []) + 19·(x_4 ∈ |0..10|11 []) + 17·(x_5 ∈ |0..10|11 []) + 12·(x_6 ∈ |0..10|11 []) + 17·(x_7 ∈ |0..10|11 []) + 8·(x_8 ∈ |0..10|11 []) + 40·(x_9 ∈ |0..10|11 []) + 49·(x_10 ∈ |0..10|11 []) ≤ 860
	w56:	13·(x_1 ∈ |0..10|11 []) + 29·(x_2 ∈ |0..10|11 []) + 36·(x_3 ∈ |0..10|11 []) + 10·(x_4 ∈ |0..10|11 []) + 23·(x_5 ∈ |0..10|11 []) + 11·(x_6 ∈ |0..10|11 []) + 14·(x_7 ∈ |0..10|11 []) + 34·(x_8 ∈ |0..10|11 []) + 26·(x_9 ∈ |0..10|11 []) + 3·(x_10 ∈ |0..10|11 []) ≤ 840
	w57:	(x_1 ∈ |0..10|11 []) + 24·(x_2 ∈ |0..10|11 []) + 47·(x_3 ∈ |0..10|11 []) + 46·(x_4 ∈ |0..10|11 []) + 21·(x_5 ∈ |0..10|11 []) + 17·(x_6 ∈ |0..10|11 []) + 45·(x_7 ∈ |0..10|11 []) + 5·(x_8 ∈ |0..10|11 []) + 4·(x_9 ∈ |0..10|11 []) + 7·(x_10 ∈ |0..10|11 []) ≤ 920
	w58:	6·(x_1 ∈ |0..10|11 []) + 39·(x_2 ∈ |0..10|11 []) + 34·(x_3 ∈ |0..10|11 []) + 34·(x_4 ∈ |0..10|11 []) + 48·(x_5 ∈ |0..10|11 []) + 10·(x_6 ∈ |0..10|11 []) + 44·(x_7 ∈ |0..10|11 []) + 17·(x_8 ∈ |0..10|11 []) + 14·(x_9 ∈ |0..10|11 []) + 26·(x_10 ∈ |0..10|11 []) ≤ 1150
	w59:	35·(x_1 ∈ |0..10|11 []) + 45·(x_2 ∈ |0..10|11 []) + 41·(x_3 ∈ |0..10|11 []) + 47·(x_4 ∈ |0..10|11 []) + 12·(x_5 ∈ |0..10|11 []) + 29·(x_6 ∈ |0..10|11 []) + 34·(x_7 ∈ |0..10|11 []) + 19·(x_8 ∈ |0..10|11 []) + 24·(x_9 ∈ |0..10|11 []) + 4·(x_10 ∈ |0..10|11 []) ≤ 1220
	w60:	20·(x_1 ∈ |0..10|11 []) + 44·(x_2 ∈ |0..10|11 []) + 32·(x_3 ∈ |0..10|11 []) + 32·(x_4 ∈ |0..10|11 []) + 20·(x_5 ∈ |0..10|11 []) + 25·(x_6 ∈ |0..10|11 []) + 27·(x_7 ∈ |0..10|11 []) + 48·(x_8 ∈ |0..10|11 []) + 9·(x_9 ∈ |0..10|11 []) + 6·(x_10 ∈ |0..10|11 []) ≤ 1110
	w61:	6·(x_1 ∈ |0..10|11 []) + 6·(x_2 ∈ |0..10|11 []) + 33·(x_3 ∈ |0..10|11 []) + 20·(x_4 ∈ |0..10|11 []) + 16·(x_5 ∈ |0..10|11 []) + 43·(x_6 ∈ |0..10|11 []) + 24·(x_7 ∈ |0..10|11 []) + 14·(x_8 ∈ |0..10|11 []) + 47·(x_9 ∈ |0..10|11 []) + 45·(x_10 ∈ |0..10|11 []) ≤ 1070
	w62:	48·(x_1 ∈ |0..10|11 []) + 29·(x_2 ∈ |0..10|11 []) + 28·(x_3 ∈ |0..10|11 []) + 7·(x_4 ∈ |0..10|11 []) + 13·(x_5 ∈ |0..10|11 []) + 48·(x_6 ∈ |0..10|11 []) + 16·(x_7 ∈ |0..10|11 []) + 17·(x_8 ∈ |0..10|11 []) + 13·(x_9 ∈ |0..10|11 []) + 26·(x_10 ∈ |0..10|11 []) ≤ 1030
	w63:	35·(x_1 ∈ |0..10|11 []) + 30·(x_2 ∈ |0..10|11 []) + 20·(x_3 ∈ |0..10|11 []) + 29·(x_4 ∈ |0..10|11 []) + 48·(x_5 ∈ |0..10|11 []) + 14·(x_6 ∈ |0..10|11 []) + 46·(x_7 ∈ |0..10|11 []) + 23·(x_8 ∈ |0..10|11 []) + 30·(x_9 ∈ |0..10|11 []) + 16·(x_10 ∈ |0..10|11 []) ≤ 1230
	w64:	45·(x_1 ∈ |0..10|11 []) + 49·(x_2 ∈ |0..10|11 []) + (x_3 ∈ |0..10|11 []) + 24·(x_4 ∈ |0..10|11 []) + 25·(x_5 ∈ |0..10|11 []) + 25·(x_6 ∈ |0..10|11 []) + 47·(x_7 ∈ |0..10|11 []) + 24·(x_8 ∈ |0..10|11 []) + 31·(x_9 ∈ |0..10|11 []) + 24·(x_10 ∈ |0..10|11 []) ≤ 1250
	w65:	10·(x_1 ∈ |0..10|11 []) + 45·(x_2 ∈ |0..10|11 []) + 40·(x_3 ∈ |0..10|11 []) + 47·(x_4 ∈ |0..10|11 []) + 46·(x_5 ∈ |0..10|11 []) + 48·(x_6 ∈ |0..10|11 []) + 27·(x_7 ∈ |0..10|11 []) + 23·(x_8 ∈ |0..10|11 []) + 19·(x_9 ∈ |0..10|11 []) + 35·(x_10 ∈ |0..10|11 []) ≤ 1440
	w66:	25·(x_1 ∈ |0..10|11 []) + 12·(x_2 ∈ |0..10|11 []) + 29·(x_3 ∈ |0..10|11 []) + 37·(x_4 ∈ |0..10|11 []) + 35·(x_5 ∈ |0..10|11 []) + 7·(x_6 ∈ |0..10|11 []) + 12·(x_7 ∈ |0..10|11 []) + 35·(x_8 ∈ |0..10|11 []) + 48·(x_9 ∈ |0..10|11 []) + 5·(x_10 ∈ |0..10|11 []) ≤ 1030
	w67:	24·(x_1 ∈ |0..10|11 []) + 40·(x_2 ∈ |0..10|11 []) + 6·(x_3 ∈ |0..10|11 []) + 13·(x_4 ∈ |0..10|11 []) + 24·(x_5 ∈ |0..10|11 []) + 3·(x_6 ∈ |0..10|11 []) + 29·(x_7 ∈ |0..10|11 []) + 49·(x_8 ∈ |0..10|11 []) + 28·(x_9 ∈ |0..10|11 []) + 25·(x_10 ∈ |0..10|11 []) ≤ 1020
	w68:	40·(x_1 ∈ |0..10|11 []) + 22·(x_2 ∈ |0..10|11 []) + 4·(x_3 ∈ |0..10|11 []) + 11·(x_4 ∈ |0..10|11 []) + 28·(x_5 ∈ |0..10|11 []) + 38·(x_6 ∈ |0..10|11 []) + 36·(x_7 ∈ |0..10|11 []) + 39·(x_8 ∈ |0..10|11 []) + 35·(x_9 ∈ |0..10|11 []) + 23·(x_10 ∈ |0..10|11 []) ≤ 1170
	w69:	6·(x_1 ∈ |0..10|11 []) + 48·(x_2 ∈ |0..10|11 []) + 40·(x_3 ∈ |0..10|11 []) + 42·(x_4 ∈ |0..10|11 []) + 10·(x_5 ∈ |0..10|11 []) + 28·(x_6 ∈ |0..10|11 []) + 15·(x_7 ∈ |0..10|11 []) + 29·(x_8 ∈ |0..10|11 []) + 35·(x_9 ∈ |0..10|11 []) + 16·(x_10 ∈ |0..10|11 []) ≤ 1140
	w70:	25·(x_1 ∈ |0..10|11 []) + 19·(x_2 ∈ |0..10|11 []) + 45·(x_3 ∈ |0..10|11 []) + 43·(x_4 ∈ |0..10|11 []) + 27·(x_5 ∈ |0..10|11 []) + 44·(x_6 ∈ |0..10|11 []) + 30·(x_7 ∈ |0..10|11 []) + 15·(x_8 ∈ |0..10|11 []) + 19·(x_9 ∈ |0..10|11 []) + 19·(x_10 ∈ |0..10|11 []) ≤ 1210
	w71:	16·(x_1 ∈ |0..10|11 []) + 18·(x_2 ∈ |0..10|11 []) + 18·(x_3 ∈ |0..10|11 []) + 42·(x_4 ∈ |0..10|11 []) + 29·(x_5 ∈ |0..10|11 []) + 17·(x_6 ∈ |0..10|11 []) + 43·(x_7 ∈ |0..10|11 []) + 30·(x_8 ∈ |0..10|11 []) + 45·(x_9 ∈ |0..10|11 []) + 35·(x_10 ∈ |0..10|11 []) ≤ 1240
	w72:	42·(x_1 ∈ |0..10|11 []) + 36·(x_2 ∈ |0..10|11 []) + 47·(x_3 ∈ |0..10|11 []) + 20·(x_4 ∈ |0..10|11 []) + 26·(x_5 ∈ |0..10|11 []) + 49·(x_6 ∈ |0..10|11 []) + 39·(x_7 ∈ |0..10|11 []) + 19·(x_8 ∈ |0..10|11 []) + 10·(x_9 ∈ |0..10|11 []) + 38·(x_10 ∈ |0..10|11 []) ≤ 1380
	w73:	9·(x_1 ∈ |0..10|11 []) + 5·(x_2 ∈ |0..10|11 []) + 5·(x_3 ∈ |0..10|11 []) + 30·(x_4 ∈ |0..10|11 []) + 17·(x_5 ∈ |0..10|11 []) + 49·(x_6 ∈ |0..10|11 []) + 29·(x_7 ∈ |0..10|11 []) + 10·(x_8 ∈ |0..10|11 []) + 7·(x_9 ∈ |0..10|11 []) + 47·(x_10 ∈ |0..10|11 []) ≤ 880
	w74:	47·(x_1 ∈ |0..10|11 []) + 23·(x_2 ∈ |0..10|11 []) + 17·(x_3 ∈ |0..10|11 []) + 8·(x_4 ∈ |0..10|11 []) + 6·(x_5 ∈ |0..10|11 []) + 45·(x_6 ∈ |0..10|11 []) + 11·(x_7 ∈ |0..10|11 []) + 25·(x_8 ∈ |0..10|11 []) + 34·(x_9 ∈ |0..10|11 []) + 3·(x_10 ∈ |0..10|11 []) ≤ 920
	w75:	22·(x_1 ∈ |0..10|11 []) + (x_2 ∈ |0..10|11 []) + 21·(x_3 ∈ |0..10|11 []) + 10·(x_4 ∈ |0..10|11 []) + (x_5 ∈ |0..10|11 []) + 46·(x_6 ∈ |0..10|11 []) + 31·(x_7 ∈ |0..10|11 []) + 10·(x_8 ∈ |0..10|11 []) + 16·(x_9 ∈ |0..10|11 []) + 47·(x_10 ∈ |0..10|11 []) ≤ 860
	w76:	12·(x_1 ∈ |0..10|11 []) + 2·(x_2 ∈ |0..10|11 []) + 36·(x_3 ∈ |0..10|11 []) + 28·(x_4 ∈ |0..10|11 []) + 5·(x_5 ∈ |0..10|11 []) + 34·(x_6 ∈ |0..10|11 []) + 3·(x_7 ∈ |0..10|11 []) + 21·(x_8 ∈ |0..10|11 []) + 32·(x_9 ∈ |0..10|11 []) + 13·(x_10 ∈ |0..10|11 []) ≤ 780
	w77:	26·(x_1 ∈ |0..10|11 []) + 27·(x_2 ∈ |0..10|11 []) + 9·(x_3 ∈ |0..10|11 []) + 42·(x_4 ∈ |0..10|11 []) + 25·(x_5 ∈ |0..10|11 []) + 14·(x_6 ∈ |0..10|11 []) + 46·(x_7 ∈ |0..10|11 []) + 41·(x_8 ∈ |0..10|11 []) + 15·(x_9 ∈ |0..10|11 []) + 38·(x_10 ∈ |0..10|11 []) ≤ 1190
	w78:	12·(x_1 ∈ |0..10|11 []) + 16·(x_2 ∈ |0..10|11 []) + 44·(x_3 ∈ |0..10|11 []) + 40·(x_4 ∈ |0..10|11 []) + 23·(x_5 ∈ |0..10|11 []) + 27·(x_6 ∈ |0..10|11 []) + 14·(x_7 ∈ |0..10|11 []) + 47·(x_8 ∈ |0..10|11 []) + 9·(x_9 ∈ |0..10|11 []) + 21·(x_10 ∈ |0..10|11 []) ≤ 1070
	w79:	47·(x_1 ∈ |0..10|11 []) + 33·(x_2 ∈ |0..10|11 []) + 41·(x_3 ∈ |0..10|11 []) + 31·(x_4 ∈ |0..10|11 []) + 9·(x_5 ∈ |0..10|11 []) + 4·(x_6 ∈ |0..10|11 []) + 26·(x_7 ∈ |0..10|11 []) + 47·(x_8 ∈ |0..10|11 []) + 41·(x_9 ∈ |0..10|11 []) + 40·(x_10 ∈ |0..10|11 []) ≤ 1350
	w80:	31·(x_1 ∈ |0..10|11 []) + 47·(x_2 ∈ |0..10|11 []) + 45·(x_3 ∈ |0..10|11 []) + 34·(x_4 ∈ |0..10|11 []) + 45·(x_5 ∈ |0..10|11 []) + 32·(x_6 ∈ |0..10|11 []) + 32·(x_7 ∈ |0..10|11 []) + 47·(x_8 ∈ |0..10|11 []) + 46·(x_9 ∈ |0..10|11 []) + 15·(x_10 ∈ |0..10|11 []) ≤ 1580
	w81:	38·(x_1 ∈ |0..10|11 []) + 44·(x_2 ∈ |0..10|11 []) + 30·(x_3 ∈ |0..10|11 []) + 33·(x_4 ∈ |0..10|11 []) + 32·(x_5 ∈ |0..10|11 []) + 13·(x_6 ∈ |0..10|11 []) + 10·(x_7 ∈ |0..10|11 []) + 14·(x_8 ∈ |0..10|11 []) + 47·(x_9 ∈ |0..10|11 []) + 17·(x_10 ∈ |0..10|11 []) ≤ 1170
	w82:	3·(x_1 ∈ |0..10|11 []) + 29·(x_2 ∈ |0..10|11 []) + 4·(x_3 ∈ |0..10|11 []) + 20·(x_4 ∈ |0..10|11 []) + 7·(x_5 ∈ |0..10|11 []) + 5·(x_6 ∈ |0..10|11 []) + 14·(x_7 ∈ |0..10|11 []) + 49·(x_8 ∈ |0..10|11 []) + 4·(x_9 ∈ |0..10|11 []) + 46·(x_10 ∈ |0..10|11 []) ≤ 760
	w83:	32·(x_1 ∈ |0..10|11 []) + 30·(x_2 ∈ |0..10|11 []) + 25·(x_3 ∈ |0..10|11 []) + 10·(x_4 ∈ |0..10|11 []) + 16·(x_5 ∈ |0..10|11 []) + 45·(x_6 ∈ |0..10|11 []) + 5·(x_7 ∈ |0..10|11 []) + 5·(x_8 ∈ |0..10|11 []) + 22·(x_9 ∈ |0..10|11 []) + 5·(x_10 ∈ |0..10|11 []) ≤ 820
	w84:	43·(x_1 ∈ |0..10|11 []) + 44·(x_2 ∈ |0..10|11 []) + 37·(x_3 ∈ |0..10|11 []) + 25·(x_4 ∈ |0..10|11 []) + 38·(x_5 ∈ |0..10|11 []) + 26·(x_6 ∈ |0..10|11 []) + 13·(x_7 ∈ |0..10|11 []) + 9·(x_8 ∈ |0..10|11 []) + 10·(x_9 ∈ |0..10|11 []) + 36·(x_10 ∈ |0..10|11 []) ≤ 1190
	w85:	32·(x_1 ∈ |0..10|11 []) + 6·(x_2 ∈ |0..10|11 []) + 37·(x_3 ∈ |0..10|11 []) + 17·(x_4 ∈ |0..10|11 []) + 25·(x_5 ∈ |0..10|11 []) + 18·(x_6 ∈ |0..10|11 []) + 42·(x_7 ∈ |0..10|11 []) + 34·(x_8 ∈ |0..10|11 []) + 25·(x_9 ∈ |0..10|11 []) + 20·(x_10 ∈ |0..10|11 []) ≤ 1080
	w86:	42·(x_1 ∈ |0..10|11 []) + 22·(x_2 ∈ |0..10|11 []) + 42·(x_3 ∈ |0..10|11 []) + 24·(x_4 ∈ |0..10|11 []) + 7·(x_5 ∈ |0..10|11 []) + 18·(x_6 ∈ |0..10|11 []) + 14·(x_7 ∈ |0..10|11 []) + 9·(x_8 ∈ |0..10|11 []) + 39·(x_9 ∈ |0..10|11 []) + 43·(x_10 ∈ |0..10|11 []) ≤ 1100
	w87:	17·(x_1 ∈ |0..10|11 []) + 4·(x_2 ∈ |0..10|11 []) + 38·(x_3 ∈ |0..10|11 []) + 11·(x_4 ∈ |0..10|11 []) + 28·(x_5 ∈ |0..10|11 []) + 11·(x_6 ∈ |0..10|11 []) + 15·(x_7 ∈ |0..10|11 []) + 28·(x_8 ∈ |0..10|11 []) + 17·(x_9 ∈ |0..10|11 []) + 4·(x_10 ∈ |0..10|11 []) ≤ 730
	w88:	46·(x_1 ∈ |0..10|11 []) + 36·(x_2 ∈ |0..10|11 []) + 6·(x_3 ∈ |0..10|11 []) + 43·(x_4 ∈ |0..10|11 []) + 21·(x_5 ∈ |0..10|11 []) + 37·(x_6 ∈ |0..10|11 []) + 33·(x_7 ∈ |0..10|11 []) + 39·(x_8 ∈ |0..10|11 []) + 39·(x_9 ∈ |0..10|11 []) + 24·(x_10 ∈ |0..10|11 []) ≤ 1370
	w89:	44·(x_1 ∈ |0..10|11 []) + 16·(x_2 ∈ |0..10|11 []) + 4·(x_3 ∈ |0..10|11 []) + (x_4 ∈ |0..10|11 []) + 24·(x_5 ∈ |0..10|11 []) + (x_6 ∈ |0..10|11 []) + 11·(x_7 ∈ |0..10|11 []) + 49·(x_8 ∈ |0..10|11 []) + 16·(x_9 ∈ |0..10|11 []) + 7·(x_10 ∈ |0..10|11 []) ≤ 730
	w90:	7·(x_1 ∈ |0..10|11 []) + 4·(x_2 ∈ |0..10|11 []) + 38·(x_3 ∈ |0..10|11 []) + 38·(x_4 ∈ |0..10|11 []) + 45·(x_5 ∈ |0..10|11 []) + 3·(x_6 ∈ |0..10|11 []) + 47·(x_7 ∈ |0..10|11 []) + 32·(x_8 ∈ |0..10|11 []) + 8·(x_9 ∈ |0..10|11 []) + 14·(x_10 ∈ |0..10|11 []) ≤ 1000
	w91:	30·(x_1 ∈ |0..10|11 []) + 12·(x_2 ∈ |0..10|11 []) + 27·(x_3 ∈ |0..10|11 []) + (x_4 ∈ |0..10|11 []) + 32·(x_5 ∈ |0..10|11 []) + 39·(x_6 ∈ |0..10|11 []) + 6·(x_7 ∈ |0..10|11 []) + 2·(x_8 ∈ |0..10|11 []) + 43·(x_9 ∈ |0..10|11 []) + 27·(x_10 ∈ |0..10|11 []) ≤ 920
	w92:	31·(x_1 ∈ |0..10|11 []) + 8·(x_2 ∈ |0..10|11 []) + 35·(x_3 ∈ |0..10|11 []) + 48·(x_4 ∈ |0..10|11 []) + 32·(x_5 ∈ |0..10|11 []) + 6·(x_6 ∈ |0..10|11 []) + 21·(x_7 ∈ |0..10|11 []) + 30·(x_8 ∈ |0..10|11 []) + 26·(x_9 ∈ |0..10|11 []) + (x_10 ∈ |0..10|11 []) ≤ 1000
	w93:	37·(x_1 ∈ |0..10|11 []) + 23·(x_2 ∈ |0..10|11 []) + 45·(x_3 ∈ |0..10|11 []) + 15·(x_4 ∈ |0..10|11 []) + 12·(x_5 ∈ |0..10|11 []) + 39·(x_6 ∈ |0..10|11 []) + 19·(x_7 ∈ |0..10|11 []) + 42·(x_8 ∈ |0..10|11 []) + 25·(x_9 ∈ |0..10|11 []) + 48·(x_10 ∈ |0..10|11 []) ≤ 1290
	w94:	28·(x_1 ∈ |0..10|11 []) + 45·(x_2 ∈ |0..10|11 []) + 34·(x_3 ∈ |0..10|11 []) + 5·(x_4 ∈ |0..10|11 []) + 30·(x_5 ∈ |0..10|11 []) + (x_6 ∈ |0..10|11 []) + 29·(x_7 ∈ |0..10|11 []) + 38·(x_8 ∈ |0..10|11 []) + 2·(x_9 ∈ |0..10|11 []) + 10·(x_10 ∈ |0..10|11 []) ≤ 940
	w95:	44·(x_1 ∈ |0..10|11 []) + 43·(x_2 ∈ |0..10|11 []) + 15·(x_3 ∈ |0..10|11 []) + 49·(x_4 ∈ |0..10|11 []) + 17·(x_5 ∈ |0..10|11 []) + 23·(x_6 ∈ |0..10|11 []) + 2·(x_7 ∈ |0..10|11 []) + 42·(x_8 ∈ |0..10|11 []) + 24·(x_9 ∈ |0..10|11 []) + 23·(x_10 ∈ |0..10|11 []) ≤ 1190
	w96:	41·(x_1 ∈ |0..10|11 []) + 33·(x_2 ∈ |0..10|11 []) + 18·(x_3 ∈ |0..10|11 []) + 30·(x_4 ∈ |0..10|11 []) + 4·(x_5 ∈ |0..10|11 []) + 41·(x_6 ∈ |0..10|11 []) + 5·(x_7 ∈ |0..10|11 []) + 30·(x_8 ∈ |0..10|11 []) + 43·(x_9 ∈ |0..10|11 []) + 27·(x_10 ∈ |0..10|11 []) ≤ 1150
	w97:	25·(x_1 ∈ |0..10|11 []) + 17·(x_2 ∈ |0..10|11 []) + 9·(x_3 ∈ |0..10|11 []) + 25·(x_4 ∈ |0..10|11 []) + 46·(x_5 ∈ |0..10|11 []) + 38·(x_6 ∈ |0..10|11 []) + 9·(x_7 ∈ |0..10|11 []) + 9·(x_8 ∈ |0..10|11 []) + 7·(x_9 ∈ |0..10|11 []) + 11·(x_10 ∈ |0..10|11 []) ≤ 830
	w98:	35·(x_1 ∈ |0..10|11 []) + 8·(x_2 ∈ |0..10|11 []) + 49·(x_3 ∈ |0..10|11 []) + 37·(x_4 ∈ |0..10|11 []) + 28·(x_5 ∈ |0..10|11 []) + 22·(x_6 ∈ |0..10|11 []) + 30·(x_7 ∈ |0..10|11 []) + 11·(x_8 ∈ |0..10|11 []) + 32·(x_9 ∈ |0..10|11 []) + 24·(x_10 ∈ |0..10|11 []) ≤ 1170
	w99:	11·(x_1 ∈ |0..10|11 []) + 41·(x_2 ∈ |0..10|11 []) + 37·(x_3 ∈ |0..10|11 []) + 13·(x_4 ∈ |0..10|11 []) + 48·(x_5 ∈ |0..10|11 []) + 37·(x_6 ∈ |0..10|11 []) + 14·(x_7 ∈ |0..10|11 []) + 8·(x_8 ∈ |0..10|11 []) + 13·(x_9 ∈ |0..10|11 []) + 41·(x_10 ∈ |0..10|11 []) ≤ 1110
	w100:	40·(x_1 ∈ |0..10|11 []) + 27·(x_2 ∈ |0..10|11 []) + 27·(x_3 ∈ |0..10|11 []) + 12·(x_4 ∈ |0..10|11 []) + 36·(x_5 ∈ |0..10|11 []) + 4·(x_6 ∈ |0..10|11 []) + 3·(x_7 ∈ |0..10|11 []) + 47·(x_8 ∈ |0..10|11 []) + 26·(x_9 ∈ |0..10|11 []) + 10·(x_10 ∈ |0..10|11 []) ≤ 980
	w101:	13·(x_1 ∈ |0..10|11 []) + 40·(x_2 ∈ |0..10|11 []) + 27·(x_3 ∈ |0..10|11 []) + 48·(x_4 ∈ |0..10|11 []) + 26·(x_5 ∈ |0..10|11 []) + 19·(x_6 ∈ |0..10|11 []) + 39·(x_7 ∈ |0..10|11 []) + 46·(x_8 ∈ |0..10|11 []) + 35·(x_9 ∈ |0..10|11 []) + 23·(x_10 ∈ |0..10|11 []) ≤ 1330
	w102:	38·(x_1 ∈ |0..10|11 []) + 17·(x_2 ∈ |0..10|11 []) + 24·(x_3 ∈ |0..10|11 []) + 32·(x_4 ∈ |0..10|11 []) + 39·(x_5 ∈ |0..10|11 []) + 13·(x_6 ∈ |0..10|11 []) + 21·(x_7 ∈ |0..10|11 []) + 36·(x_8 ∈ |0..10|11 []) + 9·(x_9 ∈ |0..10|11 []) + 13·(x_10 ∈ |0..10|11 []) ≤ 1020
	w103:	11·(x_1 ∈ |0..10|11 []) + 8·(x_2 ∈ |0..10|11 []) + 23·(x_3 ∈ |0..10|11 []) + 40·(x_4 ∈ |0..10|11 []) + 10·(x_5 ∈ |0..10|11 []) + 46·(x_6 ∈ |0..10|11 []) + 46·(x_7 ∈ |0..10|11 []) + 29·(x_8 ∈ |0..10|11 []) + 38·(x_9 ∈ |0..10|11 []) + 17·(x_10 ∈ |0..10|11 []) ≤ 1130
	w104:	35·(x_1 ∈ |0..10|11 []) + 46·(x_2 ∈ |0..10|11 []) + 38·(x_3 ∈ |0..10|11 []) + 36·(x_4 ∈ |0..10|11 []) + 27·(x_5 ∈ |0..10|11 []) + 31·(x_6 ∈ |0..10|11 []) + 6·(x_7 ∈ |0..10|11 []) + 10·(x_8 ∈ |0..10|11 []) + 44·(x_9 ∈ |0..10|11 []) + 43·(x_10 ∈ |0..10|11 []) ≤ 1330
	w105:	36·(x_1 ∈ |0..10|11 []) + 25·(x_2 ∈ |0..10|11 []) + 26·(x_3 ∈ |0..10|11 []) + 9·(x_4 ∈ |0..10|11 []) + 38·(x_5 ∈ |0..10|11 []) + 24·(x_6 ∈ |0..10|11 []) + 15·(x_7 ∈ |0..10|11 []) + 32·(x_8 ∈ |0..10|11 []) + 33·(x_9 ∈ |0..10|11 []) + 46·(x_10 ∈ |0..10|11 []) ≤ 1200
	w106:	26·(x_1 ∈ |0..10|11 []) + 6·(x_2 ∈ |0..10|11 []) + 20·(x_3 ∈ |0..10|11 []) + 39·(x_4 ∈ |0..10|11 []) + 43·(x_5 ∈ |0..10|11 []) + 49·(x_6 ∈ |0..10|11 []) + 39·(x_7 ∈ |0..10|11 []) + 11·(x_8 ∈ |0..10|11 []) + 22·(x_9 ∈ |0..10|11 []) + 30·(x_10 ∈ |0..10|11 []) ≤ 1200
	w107:	45·(x_1 ∈ |0..10|11 []) + 37·(x_2 ∈ |0..10|11 []) + 7·(x_3 ∈ |0..10|11 []) + 32·(x_4 ∈ |0..10|11 []) + 23·(x_5 ∈ |0..10|11 []) + 27·(x_6 ∈ |0..10|11 []) + 49·(x_7 ∈ |0..10|11 []) + 5·(x_8 ∈ |0..10|11 []) + 40·(x_9 ∈ |0..10|11 []) + 40·(x_10 ∈ |0..10|11 []) ≤ 1290
	w108:	19·(x_1 ∈ |0..10|11 []) + 8·(x_2 ∈ |0..10|11 []) + 35·(x_3 ∈ |0..10|11 []) + 6·(x_4 ∈ |0..10|11 []) + 28·(x_5 ∈ |0..10|11 []) + 47·(x_6 ∈ |0..10|11 []) + 37·(x_7 ∈ |0..10|11 []) + 7·(x_8 ∈ |0..10|11 []) + 17·(x_9 ∈ |0..10|11 []) + 6·(x_10 ∈ |0..10|11 []) ≤ 890
	w109:	44·(x_1 ∈ |0..10|11 []) + 30·(x_2 ∈ |0..10|11 []) + 11·(x_3 ∈ |0..10|11 []) + 19·(x_4 ∈ |0..10|11 []) + 36·(x_5 ∈ |0..10|11 []) + 37·(x_6 ∈ |0..10|11 []) + (x_7 ∈ |0..10|11 []) + 27·(x_8 ∈ |0..10|11 []) + 29·(x_9 ∈ |0..10|11 []) + 19·(x_10 ∈ |0..10|11 []) ≤ 1070
	w110:	10·(x_1 ∈ |0..10|11 []) + 25·(x_2 ∈ |0..10|11 []) + 47·(x_3 ∈ |0..10|11 []) + 30·(x_4 ∈ |0..10|11 []) + 48·(x_5 ∈ |0..10|11 []) + 35·(x_6 ∈ |0..10|11 []) + 23·(x_7 ∈ |0..10|11 []) + 47·(x_8 ∈ |0..10|11 []) + 19·(x_9 ∈ |0..10|11 []) + 21·(x_10 ∈ |0..10|11 []) ≤ 1290
	w111:	23·(x_1 ∈ |0..10|11 []) + 22·(x_2 ∈ |0..10|11 []) + 8·(x_3 ∈ |0..10|11 []) + 15·(x_4 ∈ |0..10|11 []) + 11·(x_5 ∈ |0..10|11 []) + 36·(x_6 ∈ |0..10|11 []) + 42·(x_7 ∈ |0..10|11 []) + 42·(x_8 ∈ |0..10|11 []) + 26·(x_9 ∈ |0..10|11 []) + 37·(x_10 ∈ |0..10|11 []) ≤ 1110
	w112:	19·(x_1 ∈ |0..10|11 []) + 34·(x_2 ∈ |0..10|11 []) + 24·(x_3 ∈ |0..10|11 []) + 28·(x_4 ∈ |0..10|11 []) + 34·(x_5 ∈ |0..10|11 []) + 43·(x_6 ∈ |0..10|11 []) + 2·(x_7 ∈ |0..10|11 []) + 29·(x_8 ∈ |0..10|11 []) + 18·(x_9 ∈ |0..10|11 []) + 18·(x_10 ∈ |0..10|11 []) ≤ 1050
	w113:	29·(x_1 ∈ |0..10|11 []) + 48·(x_2 ∈ |0..10|11 []) + 33·(x_3 ∈ |0..10|11 []) + 26·(x_4 ∈ |0..10|11 []) + 5·(x_5 ∈ |0..10|11 []) + 19·(x_6 ∈ |0..10|11 []) + 41·(x_7 ∈ |0..10|11 []) + 7·(x_8 ∈ |0..10|11 []) + 23·(x_9 ∈ |0..10|11 []) + 5·(x_10 ∈ |0..10|11 []) ≤ 1000
	w114:	29·(x_1 ∈ |0..10|11 []) + 7·(x_2 ∈ |0..10|11 []) + 44·(x_3 ∈ |0..10|11 []) + 12·(x_4 ∈ |0..10|11 []) + 38·(x_5 ∈ |0..10|11 []) + 48·(x_6 ∈ |0..10|11 []) + 16·(x_7 ∈ |0..10|11 []) + 17·(x_8 ∈ |0..10|11 []) + 11·(x_9 ∈ |0..10|11 []) + 48·(x_10 ∈ |0..10|11 []) ≤ 1140
	w115:	38·(x_1 ∈ |0..10|11 []) + 29·(x_2 ∈ |0..10|11 []) + 9·(x_3 ∈ |0..10|11 []) + 46·(x_4 ∈ |0..10|11 []) + 42·(x_5 ∈ |0..10|11 []) + 35·(x_6 ∈ |0..10|11 []) + 18·(x_7 ∈ |0..10|11 []) + 49·(x_8 ∈ |0..10|11 []) + 32·(x_9 ∈ |0..10|11 []) + 47·(x_10 ∈ |0..10|11 []) ≤ 1460
	w116:	5·(x_1 ∈ |0..10|11 []) + 28·(x_2 ∈ |0..10|11 []) + 35·(x_3 ∈ |0..10|11 []) + 28·(x_4 ∈ |0..10|11 []) + 5·(x_5 ∈ |0..10|11 []) + 10·(x_6 ∈ |0..10|11 []) + 8·(x_7 ∈ |0..10|11 []) + 26·(x_8 ∈ |0..10|11 []) + 41·(x_9 ∈ |0..10|11 []) + 30·(x_10 ∈ |0..10|11 []) ≤ 910
	w117:	28·(x_1 ∈ |0..10|11 []) + 31·(x_2 ∈ |0..10|11 []) + 32·(x_3 ∈ |0..10|11 []) + 26·(x_4 ∈ |0..10|11 []) + 44·(x_5 ∈ |0..10|11 []) + 5·(x_6 ∈ |0..10|11 []) + 14·(x_7 ∈ |0..10|11 []) + 16·(x_8 ∈ |0..10|11 []) + 31·(x_9 ∈ |0..10|11 []) + 4·(x_10 ∈ |0..10|11 []) ≤ 970
	w118:	5·(x_1 ∈ |0..10|11 []) + 25·(x_2 ∈ |0..10|11 []) + 48·(x_3 ∈ |0..10|11 []) + 6·(x_4 ∈ |0..10|11 []) + 24·(x_5 ∈ |0..10|11 []) + 15·(x_6 ∈ |0..10|11 []) + 15·(x_7 ∈ |0..10|11 []) + 43·(x_8 ∈ |0..10|11 []) + 15·(x_9 ∈ |0..10|11 []) + 2·(x_10 ∈ |0..10|11 []) ≤ 830
	w119:	9·(x_1 ∈ |0..10|11 []) + 13·(x_2 ∈ |0..10|11 []) + 10·(x_3 ∈ |0..10|11 []) + 47·(x_4 ∈ |0..10|11 []) + 23·(x_5 ∈ |0..10|11 []) + 22·(x_6 ∈ |0..10|11 []) + 38·(x_7 ∈ |0..10|11 []) + 41·(x_8 ∈ |0..10|11 []) + 40·(x_9 ∈ |0..10|11 []) + 4·(x_10 ∈ |0..10|11 []) ≤ 1040
	w120:	40·(x_1 ∈ |0..10|11 []) + 25·(x_2 ∈ |0..10|11 []) + 7·(x_3 ∈ |0..10|11 []) + 25·(x_4 ∈ |0..10|11 []) + 42·(x_5 ∈ |0..10|11 []) + 49·(x_6 ∈ |0..10|11 []) + 34·(x_7 ∈ |0..10|11 []) + 39·(x_8 ∈ |0..10|11 []) + 41·(x_9 ∈ |0..10|11 []) + 10·(x_10 ∈ |0..10|11 []) ≤ 1320
	w121:	20·(x_1 ∈ |0..10|11 []) + 7·(x_2 ∈ |0..10|11 []) + 18·(x_3 ∈ |0..10|11 []) + 17·(x_4 ∈ |0..10|11 []) + 39·(x_5 ∈ |0..10|11 []) + 10·(x_6 ∈ |0..10|11 []) + 26·(x_7 ∈ |0..10|11 []) + 28·(x_8 ∈ |0..10|11 []) + 27·(x_9 ∈ |0..10|11 []) + 44·(x_10 ∈ |0..10|11 []) ≤ 1000
	w122:	9·(x_1 ∈ |0..10|11 []) + 18·(x_2 ∈ |0..10|11 []) + 41·(x_3 ∈ |0..10|11 []) + 33·(x_4 ∈ |0..10|11 []) + 42·(x_5 ∈ |0..10|11 []) + 2·(x_6 ∈ |0..10|11 []) + 44·(x_7 ∈ |0..10|11 []) + 25·(x_8 ∈ |0..10|11 []) + 23·(x_9 ∈ |0..10|11 []) + 24·(x_10 ∈ |0..10|11 []) ≤ 1100
	w123:	34·(x_1 ∈ |0..10|11 []) + 17·(x_2 ∈ |0..10|11 []) + 28·(x_3 ∈ |0..10|11 []) + 27·(x_4 ∈ |0..10|11 []) + 34·(x_5 ∈ |0..10|11 []) + 41·(x_6 ∈ |0..10|11 []) + 45·(x_7 ∈ |0..10|11 []) + 7·(x_8 ∈ |0..10|11 []) + 9·(x_9 ∈ |0..10|11 []) + 6·(x_10 ∈ |0..10|11 []) ≤ 1050
	w124:	23·(x_1 ∈ |0..10|11 []) + 46·(x_2 ∈ |0..10|11 []) + 3·(x_3 ∈ |0..10|11 []) + 41·(x_4 ∈ |0..10|11 []) + 5·(x_5 ∈ |0..10|11 []) + 44·(x_6 ∈ |0..10|11 []) + 48·(x_7 ∈ |0..10|11 []) + 34·(x_8 ∈ |0..10|11 []) + 44·(x_9 ∈ |0..10|11 []) + 24·(x_10 ∈ |0..10|11 []) ≤ 1320
	w125:	18·(x_1 ∈ |0..10|11 []) + 33·(x_2 ∈ |0..10|11 []) + 4·(x_3 ∈ |0..10|11 []) + 21·(x_4 ∈ |0..10|11 []) + 12·(x_5 ∈ |0..10|11 []) + 27·(x_6 ∈ |0..10|11 []) + 18·(x_7 ∈ |0..10|11 []) + 39·(x_8 ∈ |0..10|11 []) + (x_9 ∈ |0..10|11 []) + 43·(x_10 ∈ |0..10|11 []) ≤ 910
	w126:	45·(x_1 ∈ |0..10|11 []) + 36·(x_2 ∈ |0..10|11 []) + 5·(x_3 ∈ |0..10|11 []) + 35·(x_4 ∈ |0..10|11 []) + 32·(x_5 ∈ |0..10|11 []) + 47·(x_6 ∈ |0..10|11 []) + 18·(x_7 ∈ |0..10|11 []) + 44·(x_8 ∈ |0..10|11 []) + 48·(x_9 ∈ |0..10|11 []) + 42·(x_10 ∈ |0..10|11 []) ≤ 1490
	w127:	17·(x_1 ∈ |0..10|11 []) + 39·(x_2 ∈ |0..10|11 []) + 18·(x_3 ∈ |0..10|11 []) + 2·(x_4 ∈ |0..10|11 []) + 4·(x_5 ∈ |0..10|11 []) + 10·(x_6 ∈ |0..10|11 []) + 15·(x_7 ∈ |0..10|11 []) + 24·(x_8 ∈ |0..10|11 []) + 15·(x_9 ∈ |0..10|11 []) + 2·(x_10 ∈ |0..10|11 []) ≤ 610
	w128:	6·(x_1 ∈ |0..10|11 []) + 20·(x_2 ∈ |0..10|11 []) + 35·(x_3 ∈ |0..10|11 []) + 45·(x_4 ∈ |0..10|11 []) + 7·(x_5 ∈ |0..10|11 []) + 16·(x_6 ∈ |0..10|11 []) + 19·(x_7 ∈ |0..10|11 []) + 9·(x_8 ∈ |0..10|11 []) + 11·(x_9 ∈ |0..10|11 []) + 47·(x_10 ∈ |0..10|11 []) ≤ 910
	w129:	42·(x_1 ∈ |0..10|11 []) + 49·(x_2 ∈ |0..10|11 []) + 8·(x_3 ∈ |0..10|11 []) + 2·(x_4 ∈ |0..10|11 []) + 3·(x_5 ∈ |0..10|11 []) + 28·(x_6 ∈ |0..10|11 []) + 48·(x_7 ∈ |0..10|11 []) + 47·(x_8 ∈ |0..10|11 []) + 48·(x_9 ∈ |0..10|11 []) + 7·(x_10 ∈ |0..10|11 []) ≤ 1190
	w130:	42·(x_1 ∈ |0..10|11 []) + 8·(x_2 ∈ |0..10|11 []) + 24·(x_3 ∈ |0..10|11 []) + 31·(x_4 ∈ |0..10|11 []) + 23·(x_5 ∈ |0..10|11 []) + 5·(x_6 ∈ |0..10|11 []) + 42·(x_7 ∈ |0..10|11 []) + 3·(x_8 ∈ |0..10|11 []) + 24·(x_9 ∈ |0..10|11 []) + 23·(x_10 ∈ |0..10|11 []) ≤ 950
	w131:	13·(x_1 ∈ |0..10|11 []) + 38·(x_2 ∈ |0..10|11 []) + 48·(x_3 ∈ |0..10|11 []) + 7·(x_4 ∈ |0..10|11 []) + 43·(x_5 ∈ |0..10|11 []) + 33·(x_6 ∈ |0..10|11 []) + 16·(x_7 ∈ |0..10|11 []) + 46·(x_8 ∈ |0..10|11 []) + 21·(x_9 ∈ |0..10|11 []) + 19·(x_10 ∈ |0..10|11 []) ≤ 1200
	w132:	16·(x_1 ∈ |0..10|11 []) + (x_2 ∈ |0..10|11 []) + 48·(x_3 ∈ |0..10|11 []) + 28·(x_4 ∈ |0..10|11 []) + (x_5 ∈ |0..10|11 []) + 16·(x_6 ∈ |0..10|11 []) + 29·(x_7 ∈ |0..10|11 []) + 26·(x_8 ∈ |0..10|11 []) + 47·(x_9 ∈ |0..10|11 []) + 29·(x_10 ∈ |0..10|11 []) ≤ 1020
	w133:	4·(x_1 ∈ |0..10|11 []) + 3·(x_2 ∈ |0..10|11 []) + 34·(x_3 ∈ |0..10|11 []) + 23·(x_4 ∈ |0..10|11 []) + 20·(x_5 ∈ |0..10|11 []) + 47·(x_6 ∈ |0..10|11 []) + 13·(x_7 ∈ |0..10|11 []) + 30·(x_8 ∈ |0..10|11 []) + 37·(x_9 ∈ |0..10|11 []) + 2·(x_10 ∈ |0..10|11 []) ≤ 900
	w134:	30·(x_1 ∈ |0..10|11 []) + (x_2 ∈ |0..10|11 []) + 30·(x_3 ∈ |0..10|11 []) + 47·(x_4 ∈ |0..10|11 []) + 47·(x_5 ∈ |0..10|11 []) + 21·(x_6 ∈ |0..10|11 []) + 19·(x_7 ∈ |0..10|11 []) + 31·(x_8 ∈ |0..10|11 []) + 28·(x_9 ∈ |0..10|11 []) + 15·(x_10 ∈ |0..10|11 []) ≤ 1140
	w135:	(x_1 ∈ |0..10|11 []) + 2·(x_2 ∈ |0..10|11 []) + 14·(x_3 ∈ |0..10|11 []) + 14·(x_4 ∈ |0..10|11 []) + 28·(x_5 ∈ |0..10|11 []) + 42·(x_6 ∈ |0..10|11 []) + 41·(x_7 ∈ |0..10|11 []) + 31·(x_8 ∈ |0..10|11 []) + 40·(x_9 ∈ |0..10|11 []) + 36·(x_10 ∈ |0..10|11 []) ≤ 1050
	w136:	47·(x_1 ∈ |0..10|11 []) + 24·(x_2 ∈ |0..10|11 []) + 4·(x_3 ∈ |0..10|11 []) + 13·(x_4 ∈ |0..10|11 []) + 5·(x_5 ∈ |0..10|11 []) + 22·(x_6 ∈ |0..10|11 []) + 28·(x_7 ∈ |0..10|11 []) + 29·(x_8 ∈ |0..10|11 []) + 42·(x_9 ∈ |0..10|11 []) + 9·(x_10 ∈ |0..10|11 []) ≤ 940
	w137:	12·(x_1 ∈ |0..10|11 []) + 40·(x_2 ∈ |0..10|11 []) + 22·(x_3 ∈ |0..10|11 []) + 43·(x_4 ∈ |0..10|11 []) + 31·(x_5 ∈ |0..10|11 []) + 11·(x_6 ∈ |0..10|11 []) + 23·(x_7 ∈ |0..10|11 []) + 34·(x_8 ∈ |0..10|11 []) + 44·(x_9 ∈ |0..10|11 []) + 16·(x_10 ∈ |0..10|11 []) ≤ 1170
	w138:	36·(x_1 ∈ |0..10|11 []) + 24·(x_2 ∈ |0..10|11 []) + 2·(x_3 ∈ |0..10|11 []) + 42·(x_4 ∈ |0..10|11 []) + 16·(x_5 ∈ |0..10|11 []) + 7·(x_6 ∈ |0..10|11 []) + 40·(x_7 ∈ |0..10|11 []) + 16·(x_8 ∈ |0..10|11 []) + 22·(x_9 ∈ |0..10|11 []) + 5·(x_10 ∈ |0..10|11 []) ≤ 890
	w139:	39·(x_1 ∈ |0..10|11 []) + (x_2 ∈ |0..10|11 []) + 39·(x_3 ∈ |0..10|11 []) + 31·(x_4 ∈ |0..10|11 []) + 28·(x_5 ∈ |0..10|11 []) + 23·(x_6 ∈ |0..10|11 []) + 29·(x_7 ∈ |0..10|11 []) + 32·(x_8 ∈ |0..10|11 []) + 38·(x_9 ∈ |0..10|11 []) + 4·(x_10 ∈ |0..10|11 []) ≤ 1110
	w140:	37·(x_1 ∈ |0..10|11 []) + 33·(x_2 ∈ |0..10|11 []) + 30·(x_3 ∈ |0..10|11 []) + 15·(x_4 ∈ |0..10|11 []) + 25·(x_5 ∈ |0..10|11 []) + 46·(x_6 ∈ |0..10|11 []) + 39·(x_7 ∈ |0..10|11 []) + 45·(x_8 ∈ |0..10|11 []) + 47·(x_9 ∈ |0..10|11 []) + 31·(x_10 ∈ |0..10|11 []) ≤ 1470
	w141:	13·(x_1 ∈ |0..10|11 []) + 24·(x_2 ∈ |0..10|11 []) + 24·(x_3 ∈ |0..10|11 []) + 18·(x_4 ∈ |0..10|11 []) + 33·(x_5 ∈ |0..10|11 []) + 39·(x_6 ∈ |0..10|11 []) + 44·(x_7 ∈ |0..10|11 []) + 19·(x_8 ∈ |0..10|11 []) + 30·(x_9 ∈ |0..10|11 []) + 41·(x_10 ∈ |0..10|11 []) ≤ 1200
	w142:	2·(x_1 ∈ |0..10|11 []) + 30·(x_2 ∈ |0..10|11 []) + 36·(x_3 ∈ |0..10|11 []) + 17·(x_4 ∈ |0..10|11 []) + 40·(x_5 ∈ |0..10|11 []) + 48·(x_6 ∈ |0..10|11 []) + 22·(x_7 ∈ |0..10|11 []) + 38·(x_8 ∈ |0..10|11 []) + 12·(x_9 ∈ |0..10|11 []) + 4·(x_10 ∈ |0..10|11 []) ≤ 1050
	w143:	29·(x_1 ∈ |0..10|11 []) + 39·(x_2 ∈ |0..10|11 []) + 16·(x_3 ∈ |0..10|11 []) + 44·(x_4 ∈ |0..10|11 []) + 16·(x_5 ∈ |0..10|11 []) + 35·(x_6 ∈ |0..10|11 []) + 28·(x_7 ∈ |0..10|11 []) + 22·(x_8 ∈ |0..10|11 []) + 39·(x_9 ∈ |0..10|11 []) + 8·(x_10 ∈ |0..10|11 []) ≤ 1170
	w144:	40·(x_1 ∈ |0..10|11 []) + 23·(x_2 ∈ |0..10|11 []) + 20·(x_3 ∈ |0..10|11 []) + 22·(x_4 ∈ |0..10|11 []) + 19·(x_5 ∈ |0..10|11 []) + 2·(x_6 ∈ |0..10|11 []) + 11·(x_7 ∈ |0..10|11 []) + 14·(x_8 ∈ |0..10|11 []) + 48·(x_9 ∈ |0..10|11 []) + 10·(x_10 ∈ |0..10|11 []) ≤ 880
	w145:	21·(x_1 ∈ |0..10|11 []) + 34·(x_2 ∈ |0..10|11 []) + (x_3 ∈ |0..10|11 []) + 37·(x_4 ∈ |0..10|11 []) + 25·(x_5 ∈ |0..10|11 []) + 14·(x_6 ∈ |0..10|11 []) + 16·(x_7 ∈ |0..10|11 []) + 38·(x_8 ∈ |0..10|11 []) + 10·(x_9 ∈ |0..10|11 []) + 6·(x_10 ∈ |0..10|11 []) ≤ 850
	w146:	35·(x_1 ∈ |0..10|11 []) + 14·(x_2 ∈ |0..10|11 []) + 39·(x_3 ∈ |0..10|11 []) + 37·(x_4 ∈ |0..10|11 []) + 25·(x_5 ∈ |0..10|11 []) + 31·(x_6 ∈ |0..10|11 []) + 27·(x_7 ∈ |0..10|11 []) + 47·(x_8 ∈ |0..10|11 []) + 18·(x_9 ∈ |0..10|11 []) + 37·(x_10 ∈ |0..10|11 []) ≤ 1310
	w147:	26·(x_1 ∈ |0..10|11 []) + 12·(x_2 ∈ |0..10|11 []) + 21·(x_3 ∈ |0..10|11 []) + 18·(x_4 ∈ |0..10|11 []) + 45·(x_5 ∈ |0..10|11 []) + 37·(x_6 ∈ |0..10|11 []) + 34·(x_7 ∈ |0..10|11 []) + 19·(x_8 ∈ |0..10|11 []) + 6·(x_9 ∈ |0..10|11 []) + 29·(x_10 ∈ |0..10|11 []) ≤ 1040
	w148:	6·(x_1 ∈ |0..10|11 []) + 3·(x_2 ∈ |0..10|11 []) + 35·(x_3 ∈ |0..10|11 []) + 24·(x_4 ∈ |0..10|11 []) + 19·(x_5 ∈ |0..10|11 []) + 40·(x_6 ∈ |0..10|11 []) + 2·(x_7 ∈ |0..10|11 []) + 32·(x_8 ∈ |0..10|11 []) + 45·(x_9 ∈ |0..10|11 []) + 19·(x_10 ∈ |0..10|11 []) ≤ 950
	w149:	46·(x_1 ∈ |0..10|11 []) + 12·(x_2 ∈ |0..10|11 []) + 38·(x_3 ∈ |0..10|11 []) + 9·(x_4 ∈ |0..10|11 []) + 3·(x_5 ∈ |0..10|11 []) + 34·(x_6 ∈ |0..10|11 []) + 22·(x_7 ∈ |0..10|11 []) + 35·(x_8 ∈ |0..10|11 []) + 27·(x_9 ∈ |0..10|11 []) + 30·(x_10 ∈ |0..10|11 []) ≤ 1080
	w150:	32·(x_1 ∈ |0..10|11 []) + 6·(x_2 ∈ |0..10|11 []) + 41·(x_3 ∈ |0..10|11 []) + 2·(x_4 ∈ |0..10|11 []) + 5·(x_5 ∈ |0..10|11 []) + 30·(x_6 ∈ |0..10|11 []) + 13·(x_7 ∈ |0..10|11 []) + 11·(x_8 ∈ |0..10|11 []) + 26·(x_9 ∈ |0..10|11 []) + 11·(x_10 ∈ |0..10|11 []) ≤ 750
	w151:	3·(x_1 ∈ |0..10|11 []) + 34·(x_2 ∈ |0..10|11 []) + 14·(x_3 ∈ |0..10|11 []) + 16·(x_4 ∈ |0..10|11 []) + 31·(x_5 ∈ |0..10|11 []) + 33·(x_6 ∈ |0..10|11 []) + 26·(x_7 ∈ |0..10|11 []) + 18·(x_8 ∈ |0..10|11 []) + 32·(x_9 ∈ |0..10|11 []) + 36·(x_10 ∈ |0..10|11 []) ≤ 1030
	w152:	45·(x_1 ∈ |0..10|11 []) + 19·(x_2 ∈ |0..10|11 []) + 6·(x_3 ∈ |0..10|11 []) + 46·(x_4 ∈ |0..10|11 []) + 19·(x_5 ∈ |0..10|11 []) + 49·(x_6 ∈ |0..10|11 []) + 34·(x_7 ∈ |0..10|11 []) + 40·(x_8 ∈ |0..10|11 []) + 5·(x_9 ∈ |0..10|11 []) + 41·(x_10 ∈ |0..10|11 []) ≤ 1280
	w153:	27·(x_1 ∈ |0..10|11 []) + 34·(x_2 ∈ |0..10|11 []) + 44·(x_3 ∈ |0..10|11 []) + 14·(x_4 ∈ |0..10|11 []) + 15·(x_5 ∈ |0..10|11 []) + 25·(x_6 ∈ |0..10|11 []) + 33·(x_7 ∈ |0..10|11 []) + 42·(x_8 ∈ |0..10|11 []) + 9·(x_9 ∈ |0..10|11 []) + 11·(x_10 ∈ |0..10|11 []) ≤ 1070
	w154:	16·(x_1 ∈ |0..10|11 []) + 2·(x_2 ∈ |0..10|11 []) + 5·(x_3 ∈ |0..10|11 []) + 5·(x_4 ∈ |0..10|11 []) + 30·(x_5 ∈ |0..10|11 []) + 15·(x_6 ∈ |0..10|11 []) + 16·(x_7 ∈ |0..10|11 []) + 25·(x_8 ∈ |0..10|11 []) + 11·(x_9 ∈ |0..10|11 []) + 39·(x_10 ∈ |0..10|11 []) ≤ 690
	w155:	24·(x_1 ∈ |0..10|11 []) + 6·(x_2 ∈ |0..10|11 []) + 40·(x_3 ∈ |0..10|11 []) + 2·(x_4 ∈ |0..10|11 []) + 33·(x_5 ∈ |0..10|11 []) + 17·(x_6 ∈ |0..10|11 []) + 40·(x_7 ∈ |0..10|11 []) + 25·(x_8 ∈ |0..10|11 []) + 33·(x_9 ∈ |0..10|11 []) + 2·(x_10 ∈ |0..10|11 []) ≤ 940
	w156:	34·(x_1 ∈ |0..10|11 []) + 23·(x_2 ∈ |0..10|11 []) + 47·(x_3 ∈ |0..10|11 []) + 15·(x_4 ∈ |0..10|11 []) + 10·(x_5 ∈ |0..10|11 []) + 45·(x_6 ∈ |0..10|11 []) + 20·(x_7 ∈ |0..10|11 []) + 26·(x_8 ∈ |0..10|11 []) + 12·(x_9 ∈ |0..10|11 []) + 8·(x_10 ∈ |0..10|11 []) ≤ 1010
	w157:	46·(x_1 ∈ |0..10|11 []) + 25·(x_2 ∈ |0..10|11 []) + 44·(x_3 ∈ |0..10|11 []) + 12·(x_4 ∈ |0..10|11 []) + 12·(x_5 ∈ |0..10|11 []) + 10·(x_6 ∈ |0..10|11 []) + 41·(x_7 ∈ |0..10|11 []) + 41·(x_8 ∈ |0..10|11 []) + 13·(x_9 ∈ |0..10|11 []) + 12·(x_10 ∈ |0..10|11 []) ≤ 1080
	w158:	11·(x_1 ∈ |0..10|11 []) + 48·(x_2 ∈ |0..10|11 []) + 17·(x_3 ∈ |0..10|11 []) + 35·(x_4 ∈ |0..10|11 []) + 21·(x_5 ∈ |0..10|11 []) + 20·(x_6 ∈ |0..10|11 []) + 37·(x_7 ∈ |0..10|11 []) + 28·(x_8 ∈ |0..10|11 []) + 43·(x_9 ∈ |0..10|11 []) + 30·(x_10 ∈ |0..10|11 []) ≤ 1220
	w159:	49·(x_1 ∈ |0..10|11 []) + 38·(x_2 ∈ |0..10|11 []) + 19·(x_3 ∈ |0..10|11 []) + 46·(x_4 ∈ |0..10|11 []) + 47·(x_5 ∈ |0..10|11 []) + 35·(x_6 ∈ |0..10|11 []) + 23·(x_7 ∈ |0..10|11 []) + 13·(x_8 ∈ |0..10|11 []) + 8·(x_9 ∈ |0..10|11 []) + 24·(x_10 ∈ |0..10|11 []) ≤ 1280
	w160:	24·(x_1 ∈ |0..10|11 []) + 19·(x_2 ∈ |0..10|11 []) + 18·(x_3 ∈ |0..10|11 []) + 41·(x_4 ∈ |0..10|11 []) + 29·(x_5 ∈ |0..10|11 []) + 31·(x_6 ∈ |0..10|11 []) + 20·(x_7 ∈ |0..10|11 []) + 28·(x_8 ∈ |0..10|11 []) + 32·(x_9 ∈ |0..10|11 []) + 31·(x_10 ∈ |0..10|11 []) ≤ 1150
	w161:	38·(x_1 ∈ |0..10|11 []) + 34·(x_2 ∈ |0..10|11 []) + 22·(x_3 ∈ |0..10|11 []) + 48·(x_4 ∈ |0..10|11 []) + 40·(x_5 ∈ |0..10|11 []) + 30·(x_6 ∈ |0..10|11 []) + 18·(x_7 ∈ |0..10|11 []) + 9·(x_8 ∈ |0..10|11 []) + 22·(x_9 ∈ |0..10|11 []) + 27·(x_10 ∈ |0..10|11 []) ≤ 1220
	w162:	22·(x_1 ∈ |0..10|11 []) + 25·(x_2 ∈ |0..10|11 []) + 6·(x_3 ∈ |0..10|11 []) + 3·(x_4 ∈ |0..10|11 []) + 15·(x_5 ∈ |0..10|11 []) + 43·(x_6 ∈ |0..10|11 []) + 24·(x_7 ∈ |0..10|11 []) + 29·(x_8 ∈ |0..10|11 []) + 23·(x_9 ∈ |0..10|11 []) + 30·(x_10 ∈ |0..10|11 []) ≤ 930
	w163:	21·(x_1 ∈ |0..10|11 []) + 22·(x_2 ∈ |0..10|11 []) + 30·(x_3 ∈ |0..10|11 []) + 48·(x_4 ∈ |0..10|11 []) + 46·(x_5 ∈ |0..10|11 []) + 27·(x_6 ∈ |0..10|11 []) + 18·(x_7 ∈ |0..10|11 []) + 16·(x_8 ∈ |0..10|11 []) + 22·(x_9 ∈ |0..10|11 []) + 28·(x_10 ∈ |0..10|11 []) ≤ 1170
	w164:	24·(x_1 ∈ |0..10|11 []) + 18·(x_2 ∈ |0..10|11 []) + 27·(x_3 ∈ |0..10|11 []) + 16·(x_4 ∈ |0..10|11 []) + (x_5 ∈ |0..10|11 []) + 25·(x_6 ∈ |0..10|11 []) + 22·(x_7 ∈ |0..10|11 []) + 8·(x_8 ∈ |0..10|11 []) + 9·(x_9 ∈ |0..10|11 []) + 30·(x_10 ∈ |0..10|11 []) ≤ 760
	w165:	32·(x_1 ∈ |0..10|11 []) + 14·(x_2 ∈ |0..10|11 []) + 19·(x_3 ∈ |0..10|11 []) + 42·(x_4 ∈ |0..10|11 []) + 29·(x_5 ∈ |0..10|11 []) + 4·(x_6 ∈ |0..10|11 []) + 20·(x_7 ∈ |0..10|11 []) + 44·(x_8 ∈ |0..10|11 []) + 18·(x_9 ∈ |0..10|11 []) + 18·(x_10 ∈ |0..10|11 []) ≤ 1010
	w166:	30·(x_1 ∈ |0..10|11 []) + 46·(x_2 ∈ |0..10|11 []) + 37·(x_3 ∈ |0..10|11 []) + 16·(x_4 ∈ |0..10|11 []) + 37·(x_5 ∈ |0..10|11 []) + 16·(x_6 ∈ |0..10|11 []) + 22·(x_7 ∈ |0..10|11 []) + 26·(x_8 ∈ |0..10|11 []) + 43·(x_9 ∈ |0..10|11 []) + 30·(x_10 ∈ |0..10|11 []) ≤ 1280
	w167:	2·(x_1 ∈ |0..10|11 []) + 43·(x_2 ∈ |0..10|11 []) + 20·(x_3 ∈ |0..10|11 []) + 14·(x_4 ∈ |0..10|11 []) + 48·(x_5 ∈ |0..10|11 []) + 25·(x_6 ∈ |0..10|11 []) + 7·(x_7 ∈ |0..10|11 []) + 18·(x_8 ∈ |0..10|11 []) + 12·(x_9 ∈ |0..10|11 []) + 12·(x_10 ∈ |0..10|11 []) ≤ 850
	w168:	43·(x_1 ∈ |0..10|11 []) + 13·(x_2 ∈ |0..10|11 []) + 28·(x_3 ∈ |0..10|11 []) + 44·(x_4 ∈ |0..10|11 []) + 26·(x_5 ∈ |0..10|11 []) + 17·(x_6 ∈ |0..10|11 []) + 42·(x_7 ∈ |0..10|11 []) + 4·(x_8 ∈ |0..10|11 []) + 6·(x_9 ∈ |0..10|11 []) + 12·(x_10 ∈ |0..10|11 []) ≤ 990
	w169:	32·(x_1 ∈ |0..10|11 []) + 46·(x_2 ∈ |0..10|11 []) + 18·(x_3 ∈ |0..10|11 []) + 47·(x_4 ∈ |0..10|11 []) + 43·(x_5 ∈ |0..10|11 []) + 26·(x_6 ∈ |0..10|11 []) + 31·(x_7 ∈ |0..10|11 []) + 49·(x_8 ∈ |0..10|11 []) + 25·(x_9 ∈ |0..10|11 []) + 30·(x_10 ∈ |0..10|11 []) ≤ 1470
	w170:	41·(x_1 ∈ |0..10|11 []) + 29·(x_2 ∈ |0..10|11 []) + 30·(x_3 ∈ |0..10|11 []) + 22·(x_4 ∈ |0..10|11 []) + 21·(x_5 ∈ |0..10|11 []) + 15·(x_6 ∈ |0..10|11 []) + 4·(x_7 ∈ |0..10|11 []) + 18·(x_8 ∈ |0..10|11 []) + 12·(x_9 ∈ |0..10|11 []) + 25·(x_10 ∈ |0..10|11 []) ≤ 920
	w171:	20·(x_1 ∈ |0..10|11 []) + 22·(x_2 ∈ |0..10|11 []) + 15·(x_3 ∈ |0..10|11 []) + 9·(x_4 ∈ |0..10|11 []) + 38·(x_5 ∈ |0..10|11 []) + 3·(x_6 ∈ |0..10|11 []) + 28·(x_7 ∈ |0..10|11 []) + 46·(x_8 ∈ |0..10|11 []) + 11·(x_9 ∈ |0..10|11 []) + 7·(x_10 ∈ |0..10|11 []) ≤ 840
	w172:	6·(x_1 ∈ |0..10|11 []) + 47·(x_2 ∈ |0..10|11 []) + 28·(x_3 ∈ |0..10|11 []) + 42·(x_4 ∈ |0..10|11 []) + 22·(x_5 ∈ |0..10|11 []) + 12·(x_6 ∈ |0..10|11 []) + 46·(x_7 ∈ |0..10|11 []) + 26·(x_8 ∈ |0..10|11 []) + 43·(x_9 ∈ |0..10|11 []) + 25·(x_10 ∈ |0..10|11 []) ≤ 1250
	w173:	48·(x_1 ∈ |0..10|11 []) + 29·(x_2 ∈ |0..10|11 []) + 47·(x_3 ∈ |0..10|11 []) + 46·(x_4 ∈ |0..10|11 []) + 16·(x_5 ∈ |0..10|11 []) + 24·(x_6 ∈ |0..10|11 []) + 13·(x_7 ∈ |0..10|11 []) + 21·(x_8 ∈ |0..10|11 []) + 21·(x_9 ∈ |0..10|11 []) + 22·(x_10 ∈ |0..10|11 []) ≤ 1210
	w174:	5·(x_1 ∈ |0..10|11 []) + 26·(x_2 ∈ |0..10|11 []) + 13·(x_3 ∈ |0..10|11 []) + 35·(x_4 ∈ |0..10|11 []) + 16·(x_5 ∈ |0..10|11 []) + 22·(x_6 ∈ |0..10|11 []) + 33·(x_7 ∈ |0..10|11 []) + 28·(x_8 ∈ |0..10|11 []) + 22·(x_9 ∈ |0..10|11 []) + 20·(x_10 ∈ |0..10|11 []) ≤ 930
	w175:	21·(x_1 ∈ |0..10|11 []) + 28·(x_2 ∈ |0..10|11 []) + 33·(x_3 ∈ |0..10|11 []) + 49·(x_4 ∈ |0..10|11 []) + 18·(x_5 ∈ |0..10|11 []) + 45·(x_6 ∈ |0..10|11 []) + 36·(x_7 ∈ |0..10|11 []) + 47·(x_8 ∈ |0..10|11 []) + 13·(x_9 ∈ |0..10|11 []) + 16·(x_10 ∈ |0..10|11 []) ≤ 1290
	w176:	20·(x_1 ∈ |0..10|11 []) + 3·(x_2 ∈ |0..10|11 []) + 39·(x_3 ∈ |0..10|11 []) + 32·(x_4 ∈ |0..10|11 []) + 44·(x_5 ∈ |0..10|11 []) + 33·(x_6 ∈ |0..10|11 []) + 32·(x_7 ∈ |0..10|11 []) + 6·(x_8 ∈ |0..10|11 []) + 36·(x_9 ∈ |0..10|11 []) + 8·(x_10 ∈ |0..10|11 []) ≤ 1070
	w177:	27·(x_1 ∈ |0..10|11 []) + 38·(x_2 ∈ |0..10|11 []) + 21·(x_3 ∈ |0..10|11 []) + 42·(x_4 ∈ |0..10|11 []) + 11·(x_5 ∈ |0..10|11 []) + 12·(x_6 ∈ |0..10|11 []) + 8·(x_7 ∈ |0..10|11 []) + 29·(x_8 ∈ |0..10|11 []) + 22·(x_9 ∈ |0..10|11 []) + 18·(x_10 ∈ |0..10|11 []) ≤ 960
	w178:	23·(x_1 ∈ |0..10|11 []) + 2·(x_2 ∈ |0..10|11 []) + 33·(x_3 ∈ |0..10|11 []) + 31·(x_4 ∈ |0..10|11 []) + 36·(x_5 ∈ |0..10|11 []) + 5·(x_6 ∈ |0..10|11 []) + 45·(x_7 ∈ |0..10|11 []) + 23·(x_8 ∈ |0..10|11 []) + 11·(x_9 ∈ |0..10|11 []) + 17·(x_10 ∈ |0..10|11 []) ≤ 950
	w179:	23·(x_1 ∈ |0..10|11 []) + 15·(x_2 ∈ |0..10|11 []) + 37·(x_3 ∈ |0..10|11 []) + 36·(x_4 ∈ |0..10|11 []) + 32·(x_5 ∈ |0..10|11 []) + 24·(x_6 ∈ |0..10|11 []) + 17·(x_7 ∈ |0..10|11 []) + 31·(x_8 ∈ |0..10|11 []) + 9·(x_9 ∈ |0..10|11 []) + 8·(x_10 ∈ |0..10|11 []) ≤ 980
	w180:	22·(x_1 ∈ |0..10|11 []) + 17·(x_2 ∈ |0..10|11 []) + 35·(x_3 ∈ |0..10|11 []) + 29·(x_4 ∈ |0..10|11 []) + 49·(x_5 ∈ |0..10|11 []) + 30·(x_6 ∈ |0..10|11 []) + 8·(x_7 ∈ |0..10|11 []) + 20·(x_8 ∈ |0..10|11 []) + 2·(x_9 ∈ |0..10|11 []) + 33·(x_10 ∈ |0..10|11 []) ≤ 1030
	w181:	31·(x_1 ∈ |0..10|11 []) + 35·(x_2 ∈ |0..10|11 []) + 15·(x_3 ∈ |0..10|11 []) + 5·(x_4 ∈ |0..10|11 []) + 16·(x_5 ∈ |0..10|11 []) + 41·(x_6 ∈ |0..10|11 []) + 39·(x_7 ∈ |0..10|11 []) + 45·(x_8 ∈ |0..10|11 []) + 35·(x_9 ∈ |0..10|11 []) + 17·(x_10 ∈ |0..10|11 []) ≤ 1180
	w182:	28·(x_1 ∈ |0..10|11 []) + 37·(x_2 ∈ |0..10|11 []) + 21·(x_3 ∈ |0..10|11 []) + 47·(x_4 ∈ |0..10|11 []) + 48·(x_5 ∈ |0..10|11 []) + 31·(x_6 ∈ |0..10|11 []) + 9·(x_7 ∈ |0..10|11 []) + 7·(x_8 ∈ |0..10|11 []) + 30·(x_9 ∈ |0..10|11 []) + 35·(x_10 ∈ |0..10|11 []) ≤ 1240
	w183:	41·(x_1 ∈ |0..10|11 []) + 41·(x_2 ∈ |0..10|11 []) + 31·(x_3 ∈ |0..10|11 []) + 32·(x_4 ∈ |0..10|11 []) + 12·(x_5 ∈ |0..10|11 []) + 14·(x_6 ∈ |0..10|11 []) + 30·(x_7 ∈ |0..10|11 []) + 46·(x_8 ∈ |0..10|11 []) + 22·(x_9 ∈ |0..10|11 []) + 20·(x_10 ∈ |0..10|11 []) ≤ 1220
	w184:	(x_1 ∈ |0..10|11 []) + 31·(x_2 ∈ |0..10|11 []) + 23·(x_3 ∈ |0..10|11 []) + 48·(x_4 ∈ |0..10|11 []) + 34·(x_5 ∈ |0..10|11 []) + 3·(x_6 ∈ |0..10|11 []) + 22·(x_7 ∈ |0..10|11 []) + 39·(x_8 ∈ |0..10|11 []) + 44·(x_9 ∈ |0..10|11 []) + 9·(x_10 ∈ |0..10|11 []) ≤ 1070
	w185:	10·(x_1 ∈ |0..10|11 []) + 41·(x_2 ∈ |0..10|11 []) + 17·(x_3 ∈ |0..10|11 []) + 6·(x_4 ∈ |0..10|11 []) + 38·(x_5 ∈ |0..10|11 []) + 2·(x_6 ∈ |0..10|11 []) + 42·(x_7 ∈ |0..10|11 []) + 26·(x_8 ∈ |0..10|11 []) + 34·(x_9 ∈ |0..10|11 []) + 28·(x_10 ∈ |0..10|11 []) ≤ 1030
	w186:	40·(x_1 ∈ |0..10|11 []) + 38·(x_2 ∈ |0..10|11 []) + 5·(x_3 ∈ |0..10|11 []) + 19·(x_4 ∈ |0..10|11 []) + 35·(x_5 ∈ |0..10|11 []) + 47·(x_6 ∈ |0..10|11 []) + 44·(x_7 ∈ |0..10|11 []) + 3·(x_8 ∈ |0..10|11 []) + 15·(x_9 ∈ |0..10|11 []) + 35·(x_10 ∈ |0..10|11 []) ≤ 1190
	w187:	(x_1 ∈ |0..10|11 []) + 39·(x_2 ∈ |0..10|11 []) + 2·(x_3 ∈ |0..10|11 []) + 26·(x_4 ∈ |0..10|11 []) + 46·(x_5 ∈ |0..10|11 []) + 23·(x_6 ∈ |0..10|11 []) + 11·(x_7 ∈ |0..10|11 []) + 44·(x_8 ∈ |0..10|11 []) + 2·(x_9 ∈ |0..10|11 []) + 32·(x_10 ∈ |0..10|11 []) ≤ 950
	w188:	37·(x_1 ∈ |0..10|11 []) + 24·(x_2 ∈ |0..10|11 []) + 27·(x_3 ∈ |0..10|11 []) + 41·(x_4 ∈ |0..10|11 []) + 5·(x_5 ∈ |0..10|11 []) + 15·(x_6 ∈ |0..10|11 []) + 45·(x_7 ∈ |0..10|11 []) + 12·(x_8 ∈ |0..10|11 []) + 13·(x_9 ∈ |0..10|11 []) + 33·(x_10 ∈ |0..10|11 []) ≤ 1060
	w189:	14·(x_1 ∈ |0..10|11 []) + 5·(x_2 ∈ |0..10|11 []) + 5·(x_3 ∈ |0..10|11 []) + 14·(x_4 ∈ |0..10|11 []) + 28·(x_5 ∈ |0..10|11 []) + 19·(x_6 ∈ |0..10|11 []) + 28·(x_7 ∈ |0..10|11 []) + 46·(x_8 ∈ |0..10|11 []) + 21·(x_9 ∈ |0..10|11 []) + 43·(x_10 ∈ |0..10|11 []) ≤ 940
	w190:	35·(x_1 ∈ |0..10|11 []) + 42·(x_2 ∈ |0..10|11 []) + 46·(x_3 ∈ |0..10|11 []) + 8·(x_4 ∈ |0..10|11 []) + 3·(x_5 ∈ |0..10|11 []) + 36·(x_6 ∈ |0..10|11 []) + 40·(x_7 ∈ |0..10|11 []) + 41·(x_8 ∈ |0..10|11 []) + 39·(x_9 ∈ |0..10|11 []) + 16·(x_10 ∈ |0..10|11 []) ≤ 1290
	w191:	20·(x_1 ∈ |0..10|11 []) + 20·(x_2 ∈ |0..10|11 []) + 33·(x_3 ∈ |0..10|11 []) + 16·(x_4 ∈ |0..10|11 []) + 16·(x_5 ∈ |0..10|11 []) + 26·(x_6 ∈ |0..10|11 []) + 5·(x_7 ∈ |0..10|11 []) + 14·(x_8 ∈ |0..10|11 []) + 12·(x_9 ∈ |0..10|11 []) + 37·(x_10 ∈ |0..10|11 []) ≤ 840
	w192:	8·(x_1 ∈ |0..10|11 []) + 7·(x_2 ∈ |0..10|11 []) + 38·(x_3 ∈ |0..10|11 []) + 18·(x_4 ∈ |0..10|11 []) + 39·(x_5 ∈ |0..10|11 []) + 32·(x_6 ∈ |0..10|11 []) + 31·(x_7 ∈ |0..10|11 []) + 2·(x_8 ∈ |0..10|11 []) + 3·(x_9 ∈ |0..10|11 []) + 23·(x_10 ∈ |0..10|11 []) ≤ 850
	w193:	42·(x_1 ∈ |0..10|11 []) + 35·(x_2 ∈ |0..10|11 []) + 39·(x_3 ∈ |0..10|11 []) + 18·(x_4 ∈ |0..10|11 []) + 17·(x_5 ∈ |0..10|11 []) + 20·(x_6 ∈ |0..10|11 []) + 47·(x_7 ∈ |0..10|11 []) + 31·(x_8 ∈ |0..10|11 []) + 35·(x_9 ∈ |0..10|11 []) + 29·(x_10 ∈ |0..10|11 []) ≤ 1320
	w194:	10·(x_1 ∈ |0..10|11 []) + 19·(x_2 ∈ |0..10|11 []) + 35·(x_3 ∈ |0..10|11 []) + 42·(x_4 ∈ |0..10|11 []) + 16·(x_5 ∈ |0..10|11 []) + 27·(x_6 ∈ |0..10|11 []) + 12·(x_7 ∈ |0..10|11 []) + 3·(x_8 ∈ |0..10|11 []) + 12·(x_9 ∈ |0..10|11 []) + 48·(x_10 ∈ |0..10|11 []) ≤ 940
	w195:	7·(x_1 ∈ |0..10|11 []) + 33·(x_2 ∈ |0..10|11 []) + 49·(x_3 ∈ |0..10|11 []) + 32·(x_4 ∈ |0..10|11 []) + 27·(x_5 ∈ |0..10|11 []) + 22·(x_6 ∈ |0..10|11 []) + 17·(x_7 ∈ |0..10|11 []) + 2·(x_8 ∈ |0..10|11 []) + 14·(x_9 ∈ |0..10|11 []) + 34·(x_10 ∈ |0..10|11 []) ≤ 1000
	w196:	26·(x_1 ∈ |0..10|11 []) + 49·(x_2 ∈ |0..10|11 []) + 49·(x_3 ∈ |0..10|11 []) + 15·(x_4 ∈ |0..10|11 []) + 10·(x_5 ∈ |0..10|11 []) + 36·(x_6 ∈ |0..10|11 []) + 7·(x_7 ∈ |0..10|11 []) + 10·(x_8 ∈ |0..10|11 []) + 11·(x_9 ∈ |0..10|11 []) + 38·(x_10 ∈ |0..10|11 []) ≤ 1060
	w197:	42·(x_1 ∈ |0..10|11 []) + 16·(x_2 ∈ |0..10|11 []) + 23·(x_3 ∈ |0..10|11 []) + 22·(x_4 ∈ |0..10|11 []) + 3·(x_5 ∈ |0..10|11 []) + 34·(x_6 ∈ |0..10|11 []) + 35·(x_7 ∈ |0..10|11 []) + 43·(x_8 ∈ |0..10|11 []) + 22·(x_9 ∈ |0..10|11 []) + 7·(x_10 ∈ |0..10|11 []) ≤ 1040
	w198:	2·(x_1 ∈ |0..10|11 []) + 20·(x_2 ∈ |0..10|11 []) + 16·(x_3 ∈ |0..10|11 []) + 27·(x_4 ∈ |0..10|11 []) + 31·(x_5 ∈ |0..10|11 []) + 14·(x_6 ∈ |0..10|11 []) + 27·(x_7 ∈ |0..10|11 []) + 44·(x_8 ∈ |0..10|11 []) + 34·(x_9 ∈ |0..10|11 []) + 36·(x_10 ∈ |0..10|11 []) ≤ 1060
	w199:	35·(x_1 ∈ |0..10|11 []) + 6·(x_2 ∈ |0..10|11 []) + 42·(x_3 ∈ |0..10|11 []) + (x_4 ∈ |0..10|11 []) + 30·(x_5 ∈ |0..10|11 []) + 13·(x_6 ∈ |0..10|11 []) + 14·(x_7 ∈ |0..10|11 []) + 42·(x_8 ∈ |0..10|11 []) + 11·(x_9 ∈ |0..10|11 []) + 46·(x_10 ∈ |0..10|11 []) ≤ 1010
	w200:	6·(x_1 ∈ |0..10|11 []) + 14·(x_2 ∈ |0..10|11 []) + 48·(x_3 ∈ |0..10|11 []) + 4·(x_4 ∈ |0..10|11 []) + 16·(x_5 ∈ |0..10|11 []) + 35·(x_6 ∈ |0..10|11 []) + 24·(x_7 ∈ |0..10|11 []) + 25·(x_8 ∈ |0..10|11 []) + 34·(x_9 ∈ |0..10|11 []) + 7·(x_10 ∈ |0..10|11 []) ≤ 900
	profits:	48·(x_1 ∈ |0..10|11 []) + 34·(x_2 ∈ |0..10|11 []) + 21·(x_3 ∈ |0..10|11 []) + 9·(x_4 ∈ |0..10|11 []) + 13·(x_5 ∈ |0..10|11 []) + 48·(x_6 ∈ |0..10|11 []) + 20·(x_7 ∈ |0..10|11 []) + 35·(x_8 ∈ |0..10|11 []) + 26·(x_9 ∈ |0..10|11 []) + 19·(x_10 ∈ |0..10|11 []) ≥ 1570
	CSE: ""

Encoded BDD + Mix(25) in 2.4431758 seconds as 41648/242772/835595

SOLVE T/O Some(60.0)
SOLVE DONE @6.0720377
SOLVE CALL RESULT: Got UNS in 6.0720377s with check None: 
BATCH.SH END 0
