BATCH.SH START ./experiments/mbkp/runs:1397 (ulimit --clean)
Start EncodeRecord { instance: Some(Instance { problem: Mbkp { bound: 10, n_: 10, m_: 200, q_: 50, family: 1, s_: 25, seed: 4, fl: "0.4", fu: None, skip_obj: true }, i: 17, lp: "./experiments/mbkp/lps/2/1_04.lp" }), experiment: Some(Experiment { system: Pbc, pb_encoding: Gt, int_encoding: Ord, con_encoding: Include, split_eq: false, model_config: ModelConfig { scm: Dnf, cutoff: Order, decomposer: Gt, equalize_ternaries: true, add_consistency: false, propagate: None, equalize_uniform_bin_ineqs: false } }), statics: None, pb_statics: None, principal: None, time: None, dimacs: None }
model = 
	w1:	10·(x_1 ∈ |0..10|11 []) + 4·(x_2 ∈ |0..10|11 []) + 46·(x_3 ∈ |0..10|11 []) + 22·(x_4 ∈ |0..10|11 []) + 10·(x_5 ∈ |0..10|11 []) + 7·(x_6 ∈ |0..10|11 []) + 44·(x_7 ∈ |0..10|11 []) + 20·(x_8 ∈ |0..10|11 []) + 44·(x_9 ∈ |0..10|11 []) + 3·(x_10 ∈ |0..10|11 []) ≤ 900
	w2:	30·(x_1 ∈ |0..10|11 []) + 13·(x_2 ∈ |0..10|11 []) + 47·(x_3 ∈ |0..10|11 []) + 29·(x_4 ∈ |0..10|11 []) + 31·(x_5 ∈ |0..10|11 []) + 7·(x_6 ∈ |0..10|11 []) + 13·(x_7 ∈ |0..10|11 []) + 10·(x_8 ∈ |0..10|11 []) + 31·(x_9 ∈ |0..10|11 []) + 18·(x_10 ∈ |0..10|11 []) ≤ 980
	w3:	24·(x_1 ∈ |0..10|11 []) + 12·(x_2 ∈ |0..10|11 []) + 47·(x_3 ∈ |0..10|11 []) + 13·(x_4 ∈ |0..10|11 []) + 3·(x_5 ∈ |0..10|11 []) + 32·(x_6 ∈ |0..10|11 []) + 10·(x_7 ∈ |0..10|11 []) + 22·(x_8 ∈ |0..10|11 []) + 8·(x_9 ∈ |0..10|11 []) + 39·(x_10 ∈ |0..10|11 []) ≤ 900
	w4:	14·(x_1 ∈ |0..10|11 []) + 34·(x_2 ∈ |0..10|11 []) + 10·(x_3 ∈ |0..10|11 []) + 41·(x_4 ∈ |0..10|11 []) + 7·(x_5 ∈ |0..10|11 []) + 42·(x_6 ∈ |0..10|11 []) + 44·(x_7 ∈ |0..10|11 []) + 30·(x_8 ∈ |0..10|11 []) + 3·(x_9 ∈ |0..10|11 []) + 34·(x_10 ∈ |0..10|11 []) ≤ 1110
	w5:	(x_1 ∈ |0..10|11 []) + 35·(x_2 ∈ |0..10|11 []) + 13·(x_3 ∈ |0..10|11 []) + 32·(x_4 ∈ |0..10|11 []) + 47·(x_5 ∈ |0..10|11 []) + (x_6 ∈ |0..10|11 []) + 32·(x_7 ∈ |0..10|11 []) + 49·(x_8 ∈ |0..10|11 []) + 33·(x_9 ∈ |0..10|11 []) + 3·(x_10 ∈ |0..10|11 []) ≤ 1060
	w6:	9·(x_1 ∈ |0..10|11 []) + 27·(x_2 ∈ |0..10|11 []) + 39·(x_3 ∈ |0..10|11 []) + 17·(x_4 ∈ |0..10|11 []) + 3·(x_5 ∈ |0..10|11 []) + 16·(x_6 ∈ |0..10|11 []) + 22·(x_7 ∈ |0..10|11 []) + 16·(x_8 ∈ |0..10|11 []) + 31·(x_9 ∈ |0..10|11 []) + 9·(x_10 ∈ |0..10|11 []) ≤ 810
	w7:	40·(x_1 ∈ |0..10|11 []) + 38·(x_2 ∈ |0..10|11 []) + 47·(x_3 ∈ |0..10|11 []) + 15·(x_4 ∈ |0..10|11 []) + 13·(x_5 ∈ |0..10|11 []) + 21·(x_6 ∈ |0..10|11 []) + 4·(x_7 ∈ |0..10|11 []) + 11·(x_8 ∈ |0..10|11 []) + 34·(x_9 ∈ |0..10|11 []) + 30·(x_10 ∈ |0..10|11 []) ≤ 1090
	w8:	40·(x_1 ∈ |0..10|11 []) + 13·(x_2 ∈ |0..10|11 []) + 25·(x_3 ∈ |0..10|11 []) + 36·(x_4 ∈ |0..10|11 []) + 33·(x_5 ∈ |0..10|11 []) + 29·(x_6 ∈ |0..10|11 []) + 40·(x_7 ∈ |0..10|11 []) + 49·(x_8 ∈ |0..10|11 []) + 6·(x_9 ∈ |0..10|11 []) + 25·(x_10 ∈ |0..10|11 []) ≤ 1270
	w9:	41·(x_1 ∈ |0..10|11 []) + 35·(x_2 ∈ |0..10|11 []) + 6·(x_3 ∈ |0..10|11 []) + 3·(x_4 ∈ |0..10|11 []) + 23·(x_5 ∈ |0..10|11 []) + 39·(x_6 ∈ |0..10|11 []) + 7·(x_7 ∈ |0..10|11 []) + 12·(x_8 ∈ |0..10|11 []) + 43·(x_9 ∈ |0..10|11 []) + 46·(x_10 ∈ |0..10|11 []) ≤ 1100
	w10:	49·(x_1 ∈ |0..10|11 []) + 33·(x_2 ∈ |0..10|11 []) + 20·(x_3 ∈ |0..10|11 []) + 8·(x_4 ∈ |0..10|11 []) + 34·(x_5 ∈ |0..10|11 []) + 9·(x_6 ∈ |0..10|11 []) + 40·(x_7 ∈ |0..10|11 []) + 42·(x_8 ∈ |0..10|11 []) + 45·(x_9 ∈ |0..10|11 []) + 22·(x_10 ∈ |0..10|11 []) ≤ 1300
	w11:	33·(x_1 ∈ |0..10|11 []) + 11·(x_2 ∈ |0..10|11 []) + (x_3 ∈ |0..10|11 []) + 22·(x_4 ∈ |0..10|11 []) + 28·(x_5 ∈ |0..10|11 []) + 49·(x_6 ∈ |0..10|11 []) + 41·(x_7 ∈ |0..10|11 []) + 15·(x_8 ∈ |0..10|11 []) + 2·(x_9 ∈ |0..10|11 []) + 13·(x_10 ∈ |0..10|11 []) ≤ 920
	w12:	48·(x_1 ∈ |0..10|11 []) + 14·(x_2 ∈ |0..10|11 []) + 8·(x_3 ∈ |0..10|11 []) + 14·(x_4 ∈ |0..10|11 []) + 16·(x_5 ∈ |0..10|11 []) + 37·(x_6 ∈ |0..10|11 []) + 10·(x_7 ∈ |0..10|11 []) + 35·(x_8 ∈ |0..10|11 []) + 40·(x_9 ∈ |0..10|11 []) + 17·(x_10 ∈ |0..10|11 []) ≤ 1030
	w13:	11·(x_1 ∈ |0..10|11 []) + 35·(x_2 ∈ |0..10|11 []) + 29·(x_3 ∈ |0..10|11 []) + 10·(x_4 ∈ |0..10|11 []) + 31·(x_5 ∈ |0..10|11 []) + 37·(x_6 ∈ |0..10|11 []) + 43·(x_7 ∈ |0..10|11 []) + 30·(x_8 ∈ |0..10|11 []) + 20·(x_9 ∈ |0..10|11 []) + 43·(x_10 ∈ |0..10|11 []) ≤ 1240
	w14:	37·(x_1 ∈ |0..10|11 []) + 11·(x_2 ∈ |0..10|11 []) + 8·(x_3 ∈ |0..10|11 []) + 42·(x_4 ∈ |0..10|11 []) + 26·(x_5 ∈ |0..10|11 []) + 10·(x_6 ∈ |0..10|11 []) + 45·(x_7 ∈ |0..10|11 []) + 27·(x_8 ∈ |0..10|11 []) + 33·(x_9 ∈ |0..10|11 []) + 33·(x_10 ∈ |0..10|11 []) ≤ 1170
	w15:	49·(x_1 ∈ |0..10|11 []) + 33·(x_2 ∈ |0..10|11 []) + 35·(x_3 ∈ |0..10|11 []) + 25·(x_4 ∈ |0..10|11 []) + 22·(x_5 ∈ |0..10|11 []) + 5·(x_6 ∈ |0..10|11 []) + 9·(x_7 ∈ |0..10|11 []) + 49·(x_8 ∈ |0..10|11 []) + 41·(x_9 ∈ |0..10|11 []) + 21·(x_10 ∈ |0..10|11 []) ≤ 1240
	w16:	4·(x_1 ∈ |0..10|11 []) + 31·(x_2 ∈ |0..10|11 []) + 45·(x_3 ∈ |0..10|11 []) + 41·(x_4 ∈ |0..10|11 []) + 11·(x_5 ∈ |0..10|11 []) + 37·(x_6 ∈ |0..10|11 []) + 21·(x_7 ∈ |0..10|11 []) + 22·(x_8 ∈ |0..10|11 []) + 7·(x_9 ∈ |0..10|11 []) + 35·(x_10 ∈ |0..10|11 []) ≤ 1090
	w17:	21·(x_1 ∈ |0..10|11 []) + (x_2 ∈ |0..10|11 []) + 40·(x_3 ∈ |0..10|11 []) + 42·(x_4 ∈ |0..10|11 []) + 6·(x_5 ∈ |0..10|11 []) + 20·(x_6 ∈ |0..10|11 []) + 13·(x_7 ∈ |0..10|11 []) + 4·(x_8 ∈ |0..10|11 []) + 44·(x_9 ∈ |0..10|11 []) + 9·(x_10 ∈ |0..10|11 []) ≤ 860
	w18:	13·(x_1 ∈ |0..10|11 []) + 5·(x_2 ∈ |0..10|11 []) + 32·(x_3 ∈ |0..10|11 []) + 37·(x_4 ∈ |0..10|11 []) + 6·(x_5 ∈ |0..10|11 []) + 18·(x_6 ∈ |0..10|11 []) + 41·(x_7 ∈ |0..10|11 []) + 35·(x_8 ∈ |0..10|11 []) + 27·(x_9 ∈ |0..10|11 []) + 17·(x_10 ∈ |0..10|11 []) ≤ 990
	w19:	17·(x_1 ∈ |0..10|11 []) + 4·(x_2 ∈ |0..10|11 []) + 47·(x_3 ∈ |0..10|11 []) + 8·(x_4 ∈ |0..10|11 []) + 19·(x_5 ∈ |0..10|11 []) + 14·(x_6 ∈ |0..10|11 []) + 24·(x_7 ∈ |0..10|11 []) + 48·(x_8 ∈ |0..10|11 []) + 5·(x_9 ∈ |0..10|11 []) + 10·(x_10 ∈ |0..10|11 []) ≤ 840
	w20:	27·(x_1 ∈ |0..10|11 []) + 19·(x_2 ∈ |0..10|11 []) + 33·(x_3 ∈ |0..10|11 []) + 8·(x_4 ∈ |0..10|11 []) + 3·(x_5 ∈ |0..10|11 []) + 46·(x_6 ∈ |0..10|11 []) + 10·(x_7 ∈ |0..10|11 []) + 26·(x_8 ∈ |0..10|11 []) + 38·(x_9 ∈ |0..10|11 []) + 15·(x_10 ∈ |0..10|11 []) ≤ 970
	w21:	7·(x_1 ∈ |0..10|11 []) + 5·(x_2 ∈ |0..10|11 []) + 44·(x_3 ∈ |0..10|11 []) + 8·(x_4 ∈ |0..10|11 []) + 26·(x_5 ∈ |0..10|11 []) + 36·(x_6 ∈ |0..10|11 []) + 11·(x_7 ∈ |0..10|11 []) + 28·(x_8 ∈ |0..10|11 []) + 13·(x_9 ∈ |0..10|11 []) + 47·(x_10 ∈ |0..10|11 []) ≤ 970
	w22:	12·(x_1 ∈ |0..10|11 []) + 4·(x_2 ∈ |0..10|11 []) + 8·(x_3 ∈ |0..10|11 []) + 17·(x_4 ∈ |0..10|11 []) + 46·(x_5 ∈ |0..10|11 []) + 26·(x_6 ∈ |0..10|11 []) + 29·(x_7 ∈ |0..10|11 []) + 33·(x_8 ∈ |0..10|11 []) + 17·(x_9 ∈ |0..10|11 []) + 18·(x_10 ∈ |0..10|11 []) ≤ 900
	w23:	4·(x_1 ∈ |0..10|11 []) + 2·(x_2 ∈ |0..10|11 []) + 42·(x_3 ∈ |0..10|11 []) + 30·(x_4 ∈ |0..10|11 []) + 27·(x_5 ∈ |0..10|11 []) + 9·(x_6 ∈ |0..10|11 []) + 6·(x_7 ∈ |0..10|11 []) + 19·(x_8 ∈ |0..10|11 []) + 7·(x_9 ∈ |0..10|11 []) + 17·(x_10 ∈ |0..10|11 []) ≤ 700
	w24:	32·(x_1 ∈ |0..10|11 []) + 38·(x_2 ∈ |0..10|11 []) + 4·(x_3 ∈ |0..10|11 []) + 32·(x_4 ∈ |0..10|11 []) + 4·(x_5 ∈ |0..10|11 []) + 47·(x_6 ∈ |0..10|11 []) + 9·(x_7 ∈ |0..10|11 []) + 21·(x_8 ∈ |0..10|11 []) + 39·(x_9 ∈ |0..10|11 []) + 8·(x_10 ∈ |0..10|11 []) ≤ 1010
	w25:	28·(x_1 ∈ |0..10|11 []) + 39·(x_2 ∈ |0..10|11 []) + 24·(x_3 ∈ |0..10|11 []) + 21·(x_4 ∈ |0..10|11 []) + 7·(x_5 ∈ |0..10|11 []) + 28·(x_6 ∈ |0..10|11 []) + 41·(x_7 ∈ |0..10|11 []) + 5·(x_8 ∈ |0..10|11 []) + 15·(x_9 ∈ |0..10|11 []) + 41·(x_10 ∈ |0..10|11 []) ≤ 1070
	w26:	8·(x_1 ∈ |0..10|11 []) + 45·(x_2 ∈ |0..10|11 []) + 32·(x_3 ∈ |0..10|11 []) + 25·(x_4 ∈ |0..10|11 []) + 8·(x_5 ∈ |0..10|11 []) + 27·(x_6 ∈ |0..10|11 []) + 42·(x_7 ∈ |0..10|11 []) + 15·(x_8 ∈ |0..10|11 []) + 44·(x_9 ∈ |0..10|11 []) + 3·(x_10 ∈ |0..10|11 []) ≤ 1070
	w27:	12·(x_1 ∈ |0..10|11 []) + 16·(x_2 ∈ |0..10|11 []) + 16·(x_3 ∈ |0..10|11 []) + 8·(x_4 ∈ |0..10|11 []) + 5·(x_5 ∈ |0..10|11 []) + 6·(x_6 ∈ |0..10|11 []) + 21·(x_7 ∈ |0..10|11 []) + 40·(x_8 ∈ |0..10|11 []) + 18·(x_9 ∈ |0..10|11 []) + 7·(x_10 ∈ |0..10|11 []) ≤ 640
	w28:	27·(x_1 ∈ |0..10|11 []) + 19·(x_2 ∈ |0..10|11 []) + 35·(x_3 ∈ |0..10|11 []) + 40·(x_4 ∈ |0..10|11 []) + 6·(x_5 ∈ |0..10|11 []) + 46·(x_6 ∈ |0..10|11 []) + 3·(x_7 ∈ |0..10|11 []) + 19·(x_8 ∈ |0..10|11 []) + 22·(x_9 ∈ |0..10|11 []) + 33·(x_10 ∈ |0..10|11 []) ≤ 1080
	w29:	3·(x_1 ∈ |0..10|11 []) + 9·(x_2 ∈ |0..10|11 []) + 14·(x_3 ∈ |0..10|11 []) + 32·(x_4 ∈ |0..10|11 []) + 41·(x_5 ∈ |0..10|11 []) + 45·(x_6 ∈ |0..10|11 []) + 14·(x_7 ∈ |0..10|11 []) + 44·(x_8 ∈ |0..10|11 []) + 46·(x_9 ∈ |0..10|11 []) + 31·(x_10 ∈ |0..10|11 []) ≤ 1200
	w30:	8·(x_1 ∈ |0..10|11 []) + 35·(x_2 ∈ |0..10|11 []) + (x_3 ∈ |0..10|11 []) + 16·(x_4 ∈ |0..10|11 []) + 48·(x_5 ∈ |0..10|11 []) + 32·(x_6 ∈ |0..10|11 []) + 26·(x_7 ∈ |0..10|11 []) + 14·(x_8 ∈ |0..10|11 []) + 22·(x_9 ∈ |0..10|11 []) + 17·(x_10 ∈ |0..10|11 []) ≤ 940
	w31:	39·(x_1 ∈ |0..10|11 []) + 33·(x_2 ∈ |0..10|11 []) + 4·(x_3 ∈ |0..10|11 []) + 23·(x_4 ∈ |0..10|11 []) + 43·(x_5 ∈ |0..10|11 []) + 4·(x_6 ∈ |0..10|11 []) + 7·(x_7 ∈ |0..10|11 []) + 21·(x_8 ∈ |0..10|11 []) + 28·(x_9 ∈ |0..10|11 []) + 2·(x_10 ∈ |0..10|11 []) ≤ 880
	w32:	39·(x_1 ∈ |0..10|11 []) + 11·(x_2 ∈ |0..10|11 []) + 24·(x_3 ∈ |0..10|11 []) + 10·(x_4 ∈ |0..10|11 []) + (x_5 ∈ |0..10|11 []) + 8·(x_6 ∈ |0..10|11 []) + 28·(x_7 ∈ |0..10|11 []) + 15·(x_8 ∈ |0..10|11 []) + (x_9 ∈ |0..10|11 []) + 48·(x_10 ∈ |0..10|11 []) ≤ 790
	w33:	31·(x_1 ∈ |0..10|11 []) + 47·(x_2 ∈ |0..10|11 []) + 39·(x_3 ∈ |0..10|11 []) + 38·(x_4 ∈ |0..10|11 []) + 30·(x_5 ∈ |0..10|11 []) + 36·(x_6 ∈ |0..10|11 []) + 39·(x_7 ∈ |0..10|11 []) + 19·(x_8 ∈ |0..10|11 []) + 3·(x_9 ∈ |0..10|11 []) + 27·(x_10 ∈ |0..10|11 []) ≤ 1330
	w34:	38·(x_1 ∈ |0..10|11 []) + 39·(x_2 ∈ |0..10|11 []) + 23·(x_3 ∈ |0..10|11 []) + 23·(x_4 ∈ |0..10|11 []) + 20·(x_5 ∈ |0..10|11 []) + 35·(x_6 ∈ |0..10|11 []) + 34·(x_7 ∈ |0..10|11 []) + 21·(x_8 ∈ |0..10|11 []) + 3·(x_9 ∈ |0..10|11 []) + 35·(x_10 ∈ |0..10|11 []) ≤ 1170
	w35:	39·(x_1 ∈ |0..10|11 []) + 31·(x_2 ∈ |0..10|11 []) + 32·(x_3 ∈ |0..10|11 []) + 3·(x_4 ∈ |0..10|11 []) + 46·(x_5 ∈ |0..10|11 []) + 2·(x_6 ∈ |0..10|11 []) + 22·(x_7 ∈ |0..10|11 []) + 29·(x_8 ∈ |0..10|11 []) + 10·(x_9 ∈ |0..10|11 []) + 10·(x_10 ∈ |0..10|11 []) ≤ 960
	w36:	25·(x_1 ∈ |0..10|11 []) + 29·(x_2 ∈ |0..10|11 []) + 18·(x_3 ∈ |0..10|11 []) + 28·(x_4 ∈ |0..10|11 []) + 25·(x_5 ∈ |0..10|11 []) + 27·(x_6 ∈ |0..10|11 []) + 37·(x_7 ∈ |0..10|11 []) + 39·(x_8 ∈ |0..10|11 []) + 4·(x_9 ∈ |0..10|11 []) + 21·(x_10 ∈ |0..10|11 []) ≤ 1090
	w37:	17·(x_1 ∈ |0..10|11 []) + 4·(x_2 ∈ |0..10|11 []) + 2·(x_3 ∈ |0..10|11 []) + 6·(x_4 ∈ |0..10|11 []) + 16·(x_5 ∈ |0..10|11 []) + 38·(x_6 ∈ |0..10|11 []) + 2·(x_7 ∈ |0..10|11 []) + 4·(x_8 ∈ |0..10|11 []) + 20·(x_9 ∈ |0..10|11 []) + 21·(x_10 ∈ |0..10|11 []) ≤ 560
	w38:	13·(x_1 ∈ |0..10|11 []) + 43·(x_2 ∈ |0..10|11 []) + 6·(x_3 ∈ |0..10|11 []) + 22·(x_4 ∈ |0..10|11 []) + 23·(x_5 ∈ |0..10|11 []) + 7·(x_6 ∈ |0..10|11 []) + 14·(x_7 ∈ |0..10|11 []) + 27·(x_8 ∈ |0..10|11 []) + 4·(x_9 ∈ |0..10|11 []) + 20·(x_10 ∈ |0..10|11 []) ≤ 770
	w39:	22·(x_1 ∈ |0..10|11 []) + 31·(x_2 ∈ |0..10|11 []) + 21·(x_3 ∈ |0..10|11 []) + 15·(x_4 ∈ |0..10|11 []) + 22·(x_5 ∈ |0..10|11 []) + 41·(x_6 ∈ |0..10|11 []) + 40·(x_7 ∈ |0..10|11 []) + 45·(x_8 ∈ |0..10|11 []) + 45·(x_9 ∈ |0..10|11 []) + 25·(x_10 ∈ |0..10|11 []) ≤ 1320
	w40:	34·(x_1 ∈ |0..10|11 []) + 46·(x_2 ∈ |0..10|11 []) + 32·(x_3 ∈ |0..10|11 []) + 3·(x_4 ∈ |0..10|11 []) + 35·(x_5 ∈ |0..10|11 []) + 16·(x_6 ∈ |0..10|11 []) + 43·(x_7 ∈ |0..10|11 []) + 41·(x_8 ∈ |0..10|11 []) + 13·(x_9 ∈ |0..10|11 []) + 18·(x_10 ∈ |0..10|11 []) ≤ 1210
	w41:	41·(x_1 ∈ |0..10|11 []) + 4·(x_2 ∈ |0..10|11 []) + 2·(x_3 ∈ |0..10|11 []) + 31·(x_4 ∈ |0..10|11 []) + 22·(x_5 ∈ |0..10|11 []) + 7·(x_6 ∈ |0..10|11 []) + 18·(x_7 ∈ |0..10|11 []) + 4·(x_8 ∈ |0..10|11 []) + 12·(x_9 ∈ |0..10|11 []) + 49·(x_10 ∈ |0..10|11 []) ≤ 820
	w42:	49·(x_1 ∈ |0..10|11 []) + 42·(x_2 ∈ |0..10|11 []) + 25·(x_3 ∈ |0..10|11 []) + 20·(x_4 ∈ |0..10|11 []) + 41·(x_5 ∈ |0..10|11 []) + 19·(x_6 ∈ |0..10|11 []) + 45·(x_7 ∈ |0..10|11 []) + 14·(x_8 ∈ |0..10|11 []) + 16·(x_9 ∈ |0..10|11 []) + 36·(x_10 ∈ |0..10|11 []) ≤ 1320
	w43:	15·(x_1 ∈ |0..10|11 []) + 43·(x_2 ∈ |0..10|11 []) + 17·(x_3 ∈ |0..10|11 []) + 6·(x_4 ∈ |0..10|11 []) + 46·(x_5 ∈ |0..10|11 []) + 28·(x_6 ∈ |0..10|11 []) + (x_7 ∈ |0..10|11 []) + 48·(x_8 ∈ |0..10|11 []) + 30·(x_9 ∈ |0..10|11 []) + 16·(x_10 ∈ |0..10|11 []) ≤ 1080
	w44:	48·(x_1 ∈ |0..10|11 []) + 35·(x_2 ∈ |0..10|11 []) + 32·(x_3 ∈ |0..10|11 []) + 49·(x_4 ∈ |0..10|11 []) + 35·(x_5 ∈ |0..10|11 []) + 15·(x_6 ∈ |0..10|11 []) + 30·(x_7 ∈ |0..10|11 []) + 21·(x_8 ∈ |0..10|11 []) + 23·(x_9 ∈ |0..10|11 []) + 25·(x_10 ∈ |0..10|11 []) ≤ 1350
	w45:	28·(x_1 ∈ |0..10|11 []) + 18·(x_2 ∈ |0..10|11 []) + 25·(x_3 ∈ |0..10|11 []) + 27·(x_4 ∈ |0..10|11 []) + 29·(x_5 ∈ |0..10|11 []) + 46·(x_6 ∈ |0..10|11 []) + 34·(x_7 ∈ |0..10|11 []) + 11·(x_8 ∈ |0..10|11 []) + 31·(x_9 ∈ |0..10|11 []) + 49·(x_10 ∈ |0..10|11 []) ≤ 1280
	w46:	37·(x_1 ∈ |0..10|11 []) + 33·(x_2 ∈ |0..10|11 []) + 27·(x_3 ∈ |0..10|11 []) + 11·(x_4 ∈ |0..10|11 []) + 13·(x_5 ∈ |0..10|11 []) + 12·(x_6 ∈ |0..10|11 []) + 19·(x_7 ∈ |0..10|11 []) + 20·(x_8 ∈ |0..10|11 []) + 30·(x_9 ∈ |0..10|11 []) + 27·(x_10 ∈ |0..10|11 []) ≤ 980
	w47:	11·(x_1 ∈ |0..10|11 []) + 37·(x_2 ∈ |0..10|11 []) + 18·(x_3 ∈ |0..10|11 []) + 21·(x_4 ∈ |0..10|11 []) + 48·(x_5 ∈ |0..10|11 []) + 17·(x_6 ∈ |0..10|11 []) + 26·(x_7 ∈ |0..10|11 []) + 19·(x_8 ∈ |0..10|11 []) + 26·(x_9 ∈ |0..10|11 []) + 21·(x_10 ∈ |0..10|11 []) ≤ 1050
	w48:	15·(x_1 ∈ |0..10|11 []) + 35·(x_2 ∈ |0..10|11 []) + 6·(x_3 ∈ |0..10|11 []) + 27·(x_4 ∈ |0..10|11 []) + 19·(x_5 ∈ |0..10|11 []) + 9·(x_6 ∈ |0..10|11 []) + 30·(x_7 ∈ |0..10|11 []) + 24·(x_8 ∈ |0..10|11 []) + 35·(x_9 ∈ |0..10|11 []) + 8·(x_10 ∈ |0..10|11 []) ≤ 890
	w49:	43·(x_1 ∈ |0..10|11 []) + 49·(x_2 ∈ |0..10|11 []) + 8·(x_3 ∈ |0..10|11 []) + 26·(x_4 ∈ |0..10|11 []) + 7·(x_5 ∈ |0..10|11 []) + 38·(x_6 ∈ |0..10|11 []) + 33·(x_7 ∈ |0..10|11 []) + 9·(x_8 ∈ |0..10|11 []) + 35·(x_9 ∈ |0..10|11 []) + 39·(x_10 ∈ |0..10|11 []) ≤ 1230
	w50:	13·(x_1 ∈ |0..10|11 []) + 6·(x_2 ∈ |0..10|11 []) + 47·(x_3 ∈ |0..10|11 []) + 27·(x_4 ∈ |0..10|11 []) + (x_5 ∈ |0..10|11 []) + 27·(x_6 ∈ |0..10|11 []) + 33·(x_7 ∈ |0..10|11 []) + 5·(x_8 ∈ |0..10|11 []) + 44·(x_9 ∈ |0..10|11 []) + 39·(x_10 ∈ |0..10|11 []) ≤ 1040
	w51:	31·(x_1 ∈ |0..10|11 []) + 8·(x_2 ∈ |0..10|11 []) + 42·(x_3 ∈ |0..10|11 []) + 29·(x_4 ∈ |0..10|11 []) + 23·(x_5 ∈ |0..10|11 []) + 2·(x_6 ∈ |0..10|11 []) + 34·(x_7 ∈ |0..10|11 []) + 5·(x_8 ∈ |0..10|11 []) + 20·(x_9 ∈ |0..10|11 []) + 14·(x_10 ∈ |0..10|11 []) ≤ 890
	w52:	20·(x_1 ∈ |0..10|11 []) + 42·(x_2 ∈ |0..10|11 []) + 2·(x_3 ∈ |0..10|11 []) + 36·(x_4 ∈ |0..10|11 []) + 21·(x_5 ∈ |0..10|11 []) + 35·(x_6 ∈ |0..10|11 []) + 43·(x_7 ∈ |0..10|11 []) + 19·(x_8 ∈ |0..10|11 []) + 20·(x_9 ∈ |0..10|11 []) + 48·(x_10 ∈ |0..10|11 []) ≤ 1230
	w53:	47·(x_1 ∈ |0..10|11 []) + 40·(x_2 ∈ |0..10|11 []) + 6·(x_3 ∈ |0..10|11 []) + 41·(x_4 ∈ |0..10|11 []) + 10·(x_5 ∈ |0..10|11 []) + 5·(x_6 ∈ |0..10|11 []) + 42·(x_7 ∈ |0..10|11 []) + 47·(x_8 ∈ |0..10|11 []) + 11·(x_9 ∈ |0..10|11 []) + 47·(x_10 ∈ |0..10|11 []) ≤ 1270
	w54:	43·(x_1 ∈ |0..10|11 []) + 24·(x_2 ∈ |0..10|11 []) + 24·(x_3 ∈ |0..10|11 []) + 20·(x_4 ∈ |0..10|11 []) + 11·(x_5 ∈ |0..10|11 []) + 8·(x_6 ∈ |0..10|11 []) + 29·(x_7 ∈ |0..10|11 []) + 6·(x_8 ∈ |0..10|11 []) + 13·(x_9 ∈ |0..10|11 []) + 27·(x_10 ∈ |0..10|11 []) ≤ 880
	w55:	15·(x_1 ∈ |0..10|11 []) + 22·(x_2 ∈ |0..10|11 []) + 5·(x_3 ∈ |0..10|11 []) + 19·(x_4 ∈ |0..10|11 []) + 17·(x_5 ∈ |0..10|11 []) + 12·(x_6 ∈ |0..10|11 []) + 17·(x_7 ∈ |0..10|11 []) + 8·(x_8 ∈ |0..10|11 []) + 40·(x_9 ∈ |0..10|11 []) + 49·(x_10 ∈ |0..10|11 []) ≤ 880
	w56:	13·(x_1 ∈ |0..10|11 []) + 29·(x_2 ∈ |0..10|11 []) + 36·(x_3 ∈ |0..10|11 []) + 10·(x_4 ∈ |0..10|11 []) + 23·(x_5 ∈ |0..10|11 []) + 11·(x_6 ∈ |0..10|11 []) + 14·(x_7 ∈ |0..10|11 []) + 34·(x_8 ∈ |0..10|11 []) + 26·(x_9 ∈ |0..10|11 []) + 3·(x_10 ∈ |0..10|11 []) ≤ 850
	w57:	(x_1 ∈ |0..10|11 []) + 24·(x_2 ∈ |0..10|11 []) + 47·(x_3 ∈ |0..10|11 []) + 46·(x_4 ∈ |0..10|11 []) + 21·(x_5 ∈ |0..10|11 []) + 17·(x_6 ∈ |0..10|11 []) + 45·(x_7 ∈ |0..10|11 []) + 5·(x_8 ∈ |0..10|11 []) + 4·(x_9 ∈ |0..10|11 []) + 7·(x_10 ∈ |0..10|11 []) ≤ 930
	w58:	6·(x_1 ∈ |0..10|11 []) + 39·(x_2 ∈ |0..10|11 []) + 34·(x_3 ∈ |0..10|11 []) + 34·(x_4 ∈ |0..10|11 []) + 48·(x_5 ∈ |0..10|11 []) + 10·(x_6 ∈ |0..10|11 []) + 44·(x_7 ∈ |0..10|11 []) + 17·(x_8 ∈ |0..10|11 []) + 14·(x_9 ∈ |0..10|11 []) + 26·(x_10 ∈ |0..10|11 []) ≤ 1170
	w59:	35·(x_1 ∈ |0..10|11 []) + 45·(x_2 ∈ |0..10|11 []) + 41·(x_3 ∈ |0..10|11 []) + 47·(x_4 ∈ |0..10|11 []) + 12·(x_5 ∈ |0..10|11 []) + 29·(x_6 ∈ |0..10|11 []) + 34·(x_7 ∈ |0..10|11 []) + 19·(x_8 ∈ |0..10|11 []) + 24·(x_9 ∈ |0..10|11 []) + 4·(x_10 ∈ |0..10|11 []) ≤ 1250
	w60:	20·(x_1 ∈ |0..10|11 []) + 44·(x_2 ∈ |0..10|11 []) + 32·(x_3 ∈ |0..10|11 []) + 32·(x_4 ∈ |0..10|11 []) + 20·(x_5 ∈ |0..10|11 []) + 25·(x_6 ∈ |0..10|11 []) + 27·(x_7 ∈ |0..10|11 []) + 48·(x_8 ∈ |0..10|11 []) + 9·(x_9 ∈ |0..10|11 []) + 6·(x_10 ∈ |0..10|11 []) ≤ 1130
	w61:	6·(x_1 ∈ |0..10|11 []) + 6·(x_2 ∈ |0..10|11 []) + 33·(x_3 ∈ |0..10|11 []) + 20·(x_4 ∈ |0..10|11 []) + 16·(x_5 ∈ |0..10|11 []) + 43·(x_6 ∈ |0..10|11 []) + 24·(x_7 ∈ |0..10|11 []) + 14·(x_8 ∈ |0..10|11 []) + 47·(x_9 ∈ |0..10|11 []) + 45·(x_10 ∈ |0..10|11 []) ≤ 1090
	w62:	48·(x_1 ∈ |0..10|11 []) + 29·(x_2 ∈ |0..10|11 []) + 28·(x_3 ∈ |0..10|11 []) + 7·(x_4 ∈ |0..10|11 []) + 13·(x_5 ∈ |0..10|11 []) + 48·(x_6 ∈ |0..10|11 []) + 16·(x_7 ∈ |0..10|11 []) + 17·(x_8 ∈ |0..10|11 []) + 13·(x_9 ∈ |0..10|11 []) + 26·(x_10 ∈ |0..10|11 []) ≤ 1050
	w63:	35·(x_1 ∈ |0..10|11 []) + 30·(x_2 ∈ |0..10|11 []) + 20·(x_3 ∈ |0..10|11 []) + 29·(x_4 ∈ |0..10|11 []) + 48·(x_5 ∈ |0..10|11 []) + 14·(x_6 ∈ |0..10|11 []) + 46·(x_7 ∈ |0..10|11 []) + 23·(x_8 ∈ |0..10|11 []) + 30·(x_9 ∈ |0..10|11 []) + 16·(x_10 ∈ |0..10|11 []) ≤ 1250
	w64:	45·(x_1 ∈ |0..10|11 []) + 49·(x_2 ∈ |0..10|11 []) + (x_3 ∈ |0..10|11 []) + 24·(x_4 ∈ |0..10|11 []) + 25·(x_5 ∈ |0..10|11 []) + 25·(x_6 ∈ |0..10|11 []) + 47·(x_7 ∈ |0..10|11 []) + 24·(x_8 ∈ |0..10|11 []) + 31·(x_9 ∈ |0..10|11 []) + 24·(x_10 ∈ |0..10|11 []) ≤ 1270
	w65:	10·(x_1 ∈ |0..10|11 []) + 45·(x_2 ∈ |0..10|11 []) + 40·(x_3 ∈ |0..10|11 []) + 47·(x_4 ∈ |0..10|11 []) + 46·(x_5 ∈ |0..10|11 []) + 48·(x_6 ∈ |0..10|11 []) + 27·(x_7 ∈ |0..10|11 []) + 23·(x_8 ∈ |0..10|11 []) + 19·(x_9 ∈ |0..10|11 []) + 35·(x_10 ∈ |0..10|11 []) ≤ 1460
	w66:	25·(x_1 ∈ |0..10|11 []) + 12·(x_2 ∈ |0..10|11 []) + 29·(x_3 ∈ |0..10|11 []) + 37·(x_4 ∈ |0..10|11 []) + 35·(x_5 ∈ |0..10|11 []) + 7·(x_6 ∈ |0..10|11 []) + 12·(x_7 ∈ |0..10|11 []) + 35·(x_8 ∈ |0..10|11 []) + 48·(x_9 ∈ |0..10|11 []) + 5·(x_10 ∈ |0..10|11 []) ≤ 1050
	w67:	24·(x_1 ∈ |0..10|11 []) + 40·(x_2 ∈ |0..10|11 []) + 6·(x_3 ∈ |0..10|11 []) + 13·(x_4 ∈ |0..10|11 []) + 24·(x_5 ∈ |0..10|11 []) + 3·(x_6 ∈ |0..10|11 []) + 29·(x_7 ∈ |0..10|11 []) + 49·(x_8 ∈ |0..10|11 []) + 28·(x_9 ∈ |0..10|11 []) + 25·(x_10 ∈ |0..10|11 []) ≤ 1040
	w68:	40·(x_1 ∈ |0..10|11 []) + 22·(x_2 ∈ |0..10|11 []) + 4·(x_3 ∈ |0..10|11 []) + 11·(x_4 ∈ |0..10|11 []) + 28·(x_5 ∈ |0..10|11 []) + 38·(x_6 ∈ |0..10|11 []) + 36·(x_7 ∈ |0..10|11 []) + 39·(x_8 ∈ |0..10|11 []) + 35·(x_9 ∈ |0..10|11 []) + 23·(x_10 ∈ |0..10|11 []) ≤ 1190
	w69:	6·(x_1 ∈ |0..10|11 []) + 48·(x_2 ∈ |0..10|11 []) + 40·(x_3 ∈ |0..10|11 []) + 42·(x_4 ∈ |0..10|11 []) + 10·(x_5 ∈ |0..10|11 []) + 28·(x_6 ∈ |0..10|11 []) + 15·(x_7 ∈ |0..10|11 []) + 29·(x_8 ∈ |0..10|11 []) + 35·(x_9 ∈ |0..10|11 []) + 16·(x_10 ∈ |0..10|11 []) ≤ 1160
	w70:	25·(x_1 ∈ |0..10|11 []) + 19·(x_2 ∈ |0..10|11 []) + 45·(x_3 ∈ |0..10|11 []) + 43·(x_4 ∈ |0..10|11 []) + 27·(x_5 ∈ |0..10|11 []) + 44·(x_6 ∈ |0..10|11 []) + 30·(x_7 ∈ |0..10|11 []) + 15·(x_8 ∈ |0..10|11 []) + 19·(x_9 ∈ |0..10|11 []) + 19·(x_10 ∈ |0..10|11 []) ≤ 1230
	w71:	16·(x_1 ∈ |0..10|11 []) + 18·(x_2 ∈ |0..10|11 []) + 18·(x_3 ∈ |0..10|11 []) + 42·(x_4 ∈ |0..10|11 []) + 29·(x_5 ∈ |0..10|11 []) + 17·(x_6 ∈ |0..10|11 []) + 43·(x_7 ∈ |0..10|11 []) + 30·(x_8 ∈ |0..10|11 []) + 45·(x_9 ∈ |0..10|11 []) + 35·(x_10 ∈ |0..10|11 []) ≤ 1260
	w72:	42·(x_1 ∈ |0..10|11 []) + 36·(x_2 ∈ |0..10|11 []) + 47·(x_3 ∈ |0..10|11 []) + 20·(x_4 ∈ |0..10|11 []) + 26·(x_5 ∈ |0..10|11 []) + 49·(x_6 ∈ |0..10|11 []) + 39·(x_7 ∈ |0..10|11 []) + 19·(x_8 ∈ |0..10|11 []) + 10·(x_9 ∈ |0..10|11 []) + 38·(x_10 ∈ |0..10|11 []) ≤ 1400
	w73:	9·(x_1 ∈ |0..10|11 []) + 5·(x_2 ∈ |0..10|11 []) + 5·(x_3 ∈ |0..10|11 []) + 30·(x_4 ∈ |0..10|11 []) + 17·(x_5 ∈ |0..10|11 []) + 49·(x_6 ∈ |0..10|11 []) + 29·(x_7 ∈ |0..10|11 []) + 10·(x_8 ∈ |0..10|11 []) + 7·(x_9 ∈ |0..10|11 []) + 47·(x_10 ∈ |0..10|11 []) ≤ 890
	w74:	47·(x_1 ∈ |0..10|11 []) + 23·(x_2 ∈ |0..10|11 []) + 17·(x_3 ∈ |0..10|11 []) + 8·(x_4 ∈ |0..10|11 []) + 6·(x_5 ∈ |0..10|11 []) + 45·(x_6 ∈ |0..10|11 []) + 11·(x_7 ∈ |0..10|11 []) + 25·(x_8 ∈ |0..10|11 []) + 34·(x_9 ∈ |0..10|11 []) + 3·(x_10 ∈ |0..10|11 []) ≤ 940
	w75:	22·(x_1 ∈ |0..10|11 []) + (x_2 ∈ |0..10|11 []) + 21·(x_3 ∈ |0..10|11 []) + 10·(x_4 ∈ |0..10|11 []) + (x_5 ∈ |0..10|11 []) + 46·(x_6 ∈ |0..10|11 []) + 31·(x_7 ∈ |0..10|11 []) + 10·(x_8 ∈ |0..10|11 []) + 16·(x_9 ∈ |0..10|11 []) + 47·(x_10 ∈ |0..10|11 []) ≤ 880
	w76:	12·(x_1 ∈ |0..10|11 []) + 2·(x_2 ∈ |0..10|11 []) + 36·(x_3 ∈ |0..10|11 []) + 28·(x_4 ∈ |0..10|11 []) + 5·(x_5 ∈ |0..10|11 []) + 34·(x_6 ∈ |0..10|11 []) + 3·(x_7 ∈ |0..10|11 []) + 21·(x_8 ∈ |0..10|11 []) + 32·(x_9 ∈ |0..10|11 []) + 13·(x_10 ∈ |0..10|11 []) ≤ 800
	w77:	26·(x_1 ∈ |0..10|11 []) + 27·(x_2 ∈ |0..10|11 []) + 9·(x_3 ∈ |0..10|11 []) + 42·(x_4 ∈ |0..10|11 []) + 25·(x_5 ∈ |0..10|11 []) + 14·(x_6 ∈ |0..10|11 []) + 46·(x_7 ∈ |0..10|11 []) + 41·(x_8 ∈ |0..10|11 []) + 15·(x_9 ∈ |0..10|11 []) + 38·(x_10 ∈ |0..10|11 []) ≤ 1220
	w78:	12·(x_1 ∈ |0..10|11 []) + 16·(x_2 ∈ |0..10|11 []) + 44·(x_3 ∈ |0..10|11 []) + 40·(x_4 ∈ |0..10|11 []) + 23·(x_5 ∈ |0..10|11 []) + 27·(x_6 ∈ |0..10|11 []) + 14·(x_7 ∈ |0..10|11 []) + 47·(x_8 ∈ |0..10|11 []) + 9·(x_9 ∈ |0..10|11 []) + 21·(x_10 ∈ |0..10|11 []) ≤ 1090
	w79:	47·(x_1 ∈ |0..10|11 []) + 33·(x_2 ∈ |0..10|11 []) + 41·(x_3 ∈ |0..10|11 []) + 31·(x_4 ∈ |0..10|11 []) + 9·(x_5 ∈ |0..10|11 []) + 4·(x_6 ∈ |0..10|11 []) + 26·(x_7 ∈ |0..10|11 []) + 47·(x_8 ∈ |0..10|11 []) + 41·(x_9 ∈ |0..10|11 []) + 40·(x_10 ∈ |0..10|11 []) ≤ 1370
	w80:	31·(x_1 ∈ |0..10|11 []) + 47·(x_2 ∈ |0..10|11 []) + 45·(x_3 ∈ |0..10|11 []) + 34·(x_4 ∈ |0..10|11 []) + 45·(x_5 ∈ |0..10|11 []) + 32·(x_6 ∈ |0..10|11 []) + 32·(x_7 ∈ |0..10|11 []) + 47·(x_8 ∈ |0..10|11 []) + 46·(x_9 ∈ |0..10|11 []) + 15·(x_10 ∈ |0..10|11 []) ≤ 1610
	w81:	38·(x_1 ∈ |0..10|11 []) + 44·(x_2 ∈ |0..10|11 []) + 30·(x_3 ∈ |0..10|11 []) + 33·(x_4 ∈ |0..10|11 []) + 32·(x_5 ∈ |0..10|11 []) + 13·(x_6 ∈ |0..10|11 []) + 10·(x_7 ∈ |0..10|11 []) + 14·(x_8 ∈ |0..10|11 []) + 47·(x_9 ∈ |0..10|11 []) + 17·(x_10 ∈ |0..10|11 []) ≤ 1200
	w82:	3·(x_1 ∈ |0..10|11 []) + 29·(x_2 ∈ |0..10|11 []) + 4·(x_3 ∈ |0..10|11 []) + 20·(x_4 ∈ |0..10|11 []) + 7·(x_5 ∈ |0..10|11 []) + 5·(x_6 ∈ |0..10|11 []) + 14·(x_7 ∈ |0..10|11 []) + 49·(x_8 ∈ |0..10|11 []) + 4·(x_9 ∈ |0..10|11 []) + 46·(x_10 ∈ |0..10|11 []) ≤ 780
	w83:	32·(x_1 ∈ |0..10|11 []) + 30·(x_2 ∈ |0..10|11 []) + 25·(x_3 ∈ |0..10|11 []) + 10·(x_4 ∈ |0..10|11 []) + 16·(x_5 ∈ |0..10|11 []) + 45·(x_6 ∈ |0..10|11 []) + 5·(x_7 ∈ |0..10|11 []) + 5·(x_8 ∈ |0..10|11 []) + 22·(x_9 ∈ |0..10|11 []) + 5·(x_10 ∈ |0..10|11 []) ≤ 840
	w84:	43·(x_1 ∈ |0..10|11 []) + 44·(x_2 ∈ |0..10|11 []) + 37·(x_3 ∈ |0..10|11 []) + 25·(x_4 ∈ |0..10|11 []) + 38·(x_5 ∈ |0..10|11 []) + 26·(x_6 ∈ |0..10|11 []) + 13·(x_7 ∈ |0..10|11 []) + 9·(x_8 ∈ |0..10|11 []) + 10·(x_9 ∈ |0..10|11 []) + 36·(x_10 ∈ |0..10|11 []) ≤ 1210
	w85:	32·(x_1 ∈ |0..10|11 []) + 6·(x_2 ∈ |0..10|11 []) + 37·(x_3 ∈ |0..10|11 []) + 17·(x_4 ∈ |0..10|11 []) + 25·(x_5 ∈ |0..10|11 []) + 18·(x_6 ∈ |0..10|11 []) + 42·(x_7 ∈ |0..10|11 []) + 34·(x_8 ∈ |0..10|11 []) + 25·(x_9 ∈ |0..10|11 []) + 20·(x_10 ∈ |0..10|11 []) ≤ 1100
	w86:	42·(x_1 ∈ |0..10|11 []) + 22·(x_2 ∈ |0..10|11 []) + 42·(x_3 ∈ |0..10|11 []) + 24·(x_4 ∈ |0..10|11 []) + 7·(x_5 ∈ |0..10|11 []) + 18·(x_6 ∈ |0..10|11 []) + 14·(x_7 ∈ |0..10|11 []) + 9·(x_8 ∈ |0..10|11 []) + 39·(x_9 ∈ |0..10|11 []) + 43·(x_10 ∈ |0..10|11 []) ≤ 1120
	w87:	17·(x_1 ∈ |0..10|11 []) + 4·(x_2 ∈ |0..10|11 []) + 38·(x_3 ∈ |0..10|11 []) + 11·(x_4 ∈ |0..10|11 []) + 28·(x_5 ∈ |0..10|11 []) + 11·(x_6 ∈ |0..10|11 []) + 15·(x_7 ∈ |0..10|11 []) + 28·(x_8 ∈ |0..10|11 []) + 17·(x_9 ∈ |0..10|11 []) + 4·(x_10 ∈ |0..10|11 []) ≤ 740
	w88:	46·(x_1 ∈ |0..10|11 []) + 36·(x_2 ∈ |0..10|11 []) + 6·(x_3 ∈ |0..10|11 []) + 43·(x_4 ∈ |0..10|11 []) + 21·(x_5 ∈ |0..10|11 []) + 37·(x_6 ∈ |0..10|11 []) + 33·(x_7 ∈ |0..10|11 []) + 39·(x_8 ∈ |0..10|11 []) + 39·(x_9 ∈ |0..10|11 []) + 24·(x_10 ∈ |0..10|11 []) ≤ 1390
	w89:	44·(x_1 ∈ |0..10|11 []) + 16·(x_2 ∈ |0..10|11 []) + 4·(x_3 ∈ |0..10|11 []) + (x_4 ∈ |0..10|11 []) + 24·(x_5 ∈ |0..10|11 []) + (x_6 ∈ |0..10|11 []) + 11·(x_7 ∈ |0..10|11 []) + 49·(x_8 ∈ |0..10|11 []) + 16·(x_9 ∈ |0..10|11 []) + 7·(x_10 ∈ |0..10|11 []) ≤ 740
	w90:	7·(x_1 ∈ |0..10|11 []) + 4·(x_2 ∈ |0..10|11 []) + 38·(x_3 ∈ |0..10|11 []) + 38·(x_4 ∈ |0..10|11 []) + 45·(x_5 ∈ |0..10|11 []) + 3·(x_6 ∈ |0..10|11 []) + 47·(x_7 ∈ |0..10|11 []) + 32·(x_8 ∈ |0..10|11 []) + 8·(x_9 ∈ |0..10|11 []) + 14·(x_10 ∈ |0..10|11 []) ≤ 1010
	w91:	30·(x_1 ∈ |0..10|11 []) + 12·(x_2 ∈ |0..10|11 []) + 27·(x_3 ∈ |0..10|11 []) + (x_4 ∈ |0..10|11 []) + 32·(x_5 ∈ |0..10|11 []) + 39·(x_6 ∈ |0..10|11 []) + 6·(x_7 ∈ |0..10|11 []) + 2·(x_8 ∈ |0..10|11 []) + 43·(x_9 ∈ |0..10|11 []) + 27·(x_10 ∈ |0..10|11 []) ≤ 940
	w92:	31·(x_1 ∈ |0..10|11 []) + 8·(x_2 ∈ |0..10|11 []) + 35·(x_3 ∈ |0..10|11 []) + 48·(x_4 ∈ |0..10|11 []) + 32·(x_5 ∈ |0..10|11 []) + 6·(x_6 ∈ |0..10|11 []) + 21·(x_7 ∈ |0..10|11 []) + 30·(x_8 ∈ |0..10|11 []) + 26·(x_9 ∈ |0..10|11 []) + (x_10 ∈ |0..10|11 []) ≤ 1020
	w93:	37·(x_1 ∈ |0..10|11 []) + 23·(x_2 ∈ |0..10|11 []) + 45·(x_3 ∈ |0..10|11 []) + 15·(x_4 ∈ |0..10|11 []) + 12·(x_5 ∈ |0..10|11 []) + 39·(x_6 ∈ |0..10|11 []) + 19·(x_7 ∈ |0..10|11 []) + 42·(x_8 ∈ |0..10|11 []) + 25·(x_9 ∈ |0..10|11 []) + 48·(x_10 ∈ |0..10|11 []) ≤ 1310
	w94:	28·(x_1 ∈ |0..10|11 []) + 45·(x_2 ∈ |0..10|11 []) + 34·(x_3 ∈ |0..10|11 []) + 5·(x_4 ∈ |0..10|11 []) + 30·(x_5 ∈ |0..10|11 []) + (x_6 ∈ |0..10|11 []) + 29·(x_7 ∈ |0..10|11 []) + 38·(x_8 ∈ |0..10|11 []) + 2·(x_9 ∈ |0..10|11 []) + 10·(x_10 ∈ |0..10|11 []) ≤ 950
	w95:	44·(x_1 ∈ |0..10|11 []) + 43·(x_2 ∈ |0..10|11 []) + 15·(x_3 ∈ |0..10|11 []) + 49·(x_4 ∈ |0..10|11 []) + 17·(x_5 ∈ |0..10|11 []) + 23·(x_6 ∈ |0..10|11 []) + 2·(x_7 ∈ |0..10|11 []) + 42·(x_8 ∈ |0..10|11 []) + 24·(x_9 ∈ |0..10|11 []) + 23·(x_10 ∈ |0..10|11 []) ≤ 1210
	w96:	41·(x_1 ∈ |0..10|11 []) + 33·(x_2 ∈ |0..10|11 []) + 18·(x_3 ∈ |0..10|11 []) + 30·(x_4 ∈ |0..10|11 []) + 4·(x_5 ∈ |0..10|11 []) + 41·(x_6 ∈ |0..10|11 []) + 5·(x_7 ∈ |0..10|11 []) + 30·(x_8 ∈ |0..10|11 []) + 43·(x_9 ∈ |0..10|11 []) + 27·(x_10 ∈ |0..10|11 []) ≤ 1170
	w97:	25·(x_1 ∈ |0..10|11 []) + 17·(x_2 ∈ |0..10|11 []) + 9·(x_3 ∈ |0..10|11 []) + 25·(x_4 ∈ |0..10|11 []) + 46·(x_5 ∈ |0..10|11 []) + 38·(x_6 ∈ |0..10|11 []) + 9·(x_7 ∈ |0..10|11 []) + 9·(x_8 ∈ |0..10|11 []) + 7·(x_9 ∈ |0..10|11 []) + 11·(x_10 ∈ |0..10|11 []) ≤ 840
	w98:	35·(x_1 ∈ |0..10|11 []) + 8·(x_2 ∈ |0..10|11 []) + 49·(x_3 ∈ |0..10|11 []) + 37·(x_4 ∈ |0..10|11 []) + 28·(x_5 ∈ |0..10|11 []) + 22·(x_6 ∈ |0..10|11 []) + 30·(x_7 ∈ |0..10|11 []) + 11·(x_8 ∈ |0..10|11 []) + 32·(x_9 ∈ |0..10|11 []) + 24·(x_10 ∈ |0..10|11 []) ≤ 1190
	w99:	11·(x_1 ∈ |0..10|11 []) + 41·(x_2 ∈ |0..10|11 []) + 37·(x_3 ∈ |0..10|11 []) + 13·(x_4 ∈ |0..10|11 []) + 48·(x_5 ∈ |0..10|11 []) + 37·(x_6 ∈ |0..10|11 []) + 14·(x_7 ∈ |0..10|11 []) + 8·(x_8 ∈ |0..10|11 []) + 13·(x_9 ∈ |0..10|11 []) + 41·(x_10 ∈ |0..10|11 []) ≤ 1130
	w100:	40·(x_1 ∈ |0..10|11 []) + 27·(x_2 ∈ |0..10|11 []) + 27·(x_3 ∈ |0..10|11 []) + 12·(x_4 ∈ |0..10|11 []) + 36·(x_5 ∈ |0..10|11 []) + 4·(x_6 ∈ |0..10|11 []) + 3·(x_7 ∈ |0..10|11 []) + 47·(x_8 ∈ |0..10|11 []) + 26·(x_9 ∈ |0..10|11 []) + 10·(x_10 ∈ |0..10|11 []) ≤ 1000
	w101:	13·(x_1 ∈ |0..10|11 []) + 40·(x_2 ∈ |0..10|11 []) + 27·(x_3 ∈ |0..10|11 []) + 48·(x_4 ∈ |0..10|11 []) + 26·(x_5 ∈ |0..10|11 []) + 19·(x_6 ∈ |0..10|11 []) + 39·(x_7 ∈ |0..10|11 []) + 46·(x_8 ∈ |0..10|11 []) + 35·(x_9 ∈ |0..10|11 []) + 23·(x_10 ∈ |0..10|11 []) ≤ 1360
	w102:	38·(x_1 ∈ |0..10|11 []) + 17·(x_2 ∈ |0..10|11 []) + 24·(x_3 ∈ |0..10|11 []) + 32·(x_4 ∈ |0..10|11 []) + 39·(x_5 ∈ |0..10|11 []) + 13·(x_6 ∈ |0..10|11 []) + 21·(x_7 ∈ |0..10|11 []) + 36·(x_8 ∈ |0..10|11 []) + 9·(x_9 ∈ |0..10|11 []) + 13·(x_10 ∈ |0..10|11 []) ≤ 1040
	w103:	11·(x_1 ∈ |0..10|11 []) + 8·(x_2 ∈ |0..10|11 []) + 23·(x_3 ∈ |0..10|11 []) + 40·(x_4 ∈ |0..10|11 []) + 10·(x_5 ∈ |0..10|11 []) + 46·(x_6 ∈ |0..10|11 []) + 46·(x_7 ∈ |0..10|11 []) + 29·(x_8 ∈ |0..10|11 []) + 38·(x_9 ∈ |0..10|11 []) + 17·(x_10 ∈ |0..10|11 []) ≤ 1150
	w104:	35·(x_1 ∈ |0..10|11 []) + 46·(x_2 ∈ |0..10|11 []) + 38·(x_3 ∈ |0..10|11 []) + 36·(x_4 ∈ |0..10|11 []) + 27·(x_5 ∈ |0..10|11 []) + 31·(x_6 ∈ |0..10|11 []) + 6·(x_7 ∈ |0..10|11 []) + 10·(x_8 ∈ |0..10|11 []) + 44·(x_9 ∈ |0..10|11 []) + 43·(x_10 ∈ |0..10|11 []) ≤ 1360
	w105:	36·(x_1 ∈ |0..10|11 []) + 25·(x_2 ∈ |0..10|11 []) + 26·(x_3 ∈ |0..10|11 []) + 9·(x_4 ∈ |0..10|11 []) + 38·(x_5 ∈ |0..10|11 []) + 24·(x_6 ∈ |0..10|11 []) + 15·(x_7 ∈ |0..10|11 []) + 32·(x_8 ∈ |0..10|11 []) + 33·(x_9 ∈ |0..10|11 []) + 46·(x_10 ∈ |0..10|11 []) ≤ 1220
	w106:	26·(x_1 ∈ |0..10|11 []) + 6·(x_2 ∈ |0..10|11 []) + 20·(x_3 ∈ |0..10|11 []) + 39·(x_4 ∈ |0..10|11 []) + 43·(x_5 ∈ |0..10|11 []) + 49·(x_6 ∈ |0..10|11 []) + 39·(x_7 ∈ |0..10|11 []) + 11·(x_8 ∈ |0..10|11 []) + 22·(x_9 ∈ |0..10|11 []) + 30·(x_10 ∈ |0..10|11 []) ≤ 1230
	w107:	45·(x_1 ∈ |0..10|11 []) + 37·(x_2 ∈ |0..10|11 []) + 7·(x_3 ∈ |0..10|11 []) + 32·(x_4 ∈ |0..10|11 []) + 23·(x_5 ∈ |0..10|11 []) + 27·(x_6 ∈ |0..10|11 []) + 49·(x_7 ∈ |0..10|11 []) + 5·(x_8 ∈ |0..10|11 []) + 40·(x_9 ∈ |0..10|11 []) + 40·(x_10 ∈ |0..10|11 []) ≤ 1310
	w108:	19·(x_1 ∈ |0..10|11 []) + 8·(x_2 ∈ |0..10|11 []) + 35·(x_3 ∈ |0..10|11 []) + 6·(x_4 ∈ |0..10|11 []) + 28·(x_5 ∈ |0..10|11 []) + 47·(x_6 ∈ |0..10|11 []) + 37·(x_7 ∈ |0..10|11 []) + 7·(x_8 ∈ |0..10|11 []) + 17·(x_9 ∈ |0..10|11 []) + 6·(x_10 ∈ |0..10|11 []) ≤ 900
	w109:	44·(x_1 ∈ |0..10|11 []) + 30·(x_2 ∈ |0..10|11 []) + 11·(x_3 ∈ |0..10|11 []) + 19·(x_4 ∈ |0..10|11 []) + 36·(x_5 ∈ |0..10|11 []) + 37·(x_6 ∈ |0..10|11 []) + (x_7 ∈ |0..10|11 []) + 27·(x_8 ∈ |0..10|11 []) + 29·(x_9 ∈ |0..10|11 []) + 19·(x_10 ∈ |0..10|11 []) ≤ 1090
	w110:	10·(x_1 ∈ |0..10|11 []) + 25·(x_2 ∈ |0..10|11 []) + 47·(x_3 ∈ |0..10|11 []) + 30·(x_4 ∈ |0..10|11 []) + 48·(x_5 ∈ |0..10|11 []) + 35·(x_6 ∈ |0..10|11 []) + 23·(x_7 ∈ |0..10|11 []) + 47·(x_8 ∈ |0..10|11 []) + 19·(x_9 ∈ |0..10|11 []) + 21·(x_10 ∈ |0..10|11 []) ≤ 1310
	w111:	23·(x_1 ∈ |0..10|11 []) + 22·(x_2 ∈ |0..10|11 []) + 8·(x_3 ∈ |0..10|11 []) + 15·(x_4 ∈ |0..10|11 []) + 11·(x_5 ∈ |0..10|11 []) + 36·(x_6 ∈ |0..10|11 []) + 42·(x_7 ∈ |0..10|11 []) + 42·(x_8 ∈ |0..10|11 []) + 26·(x_9 ∈ |0..10|11 []) + 37·(x_10 ∈ |0..10|11 []) ≤ 1130
	w112:	19·(x_1 ∈ |0..10|11 []) + 34·(x_2 ∈ |0..10|11 []) + 24·(x_3 ∈ |0..10|11 []) + 28·(x_4 ∈ |0..10|11 []) + 34·(x_5 ∈ |0..10|11 []) + 43·(x_6 ∈ |0..10|11 []) + 2·(x_7 ∈ |0..10|11 []) + 29·(x_8 ∈ |0..10|11 []) + 18·(x_9 ∈ |0..10|11 []) + 18·(x_10 ∈ |0..10|11 []) ≤ 1070
	w113:	29·(x_1 ∈ |0..10|11 []) + 48·(x_2 ∈ |0..10|11 []) + 33·(x_3 ∈ |0..10|11 []) + 26·(x_4 ∈ |0..10|11 []) + 5·(x_5 ∈ |0..10|11 []) + 19·(x_6 ∈ |0..10|11 []) + 41·(x_7 ∈ |0..10|11 []) + 7·(x_8 ∈ |0..10|11 []) + 23·(x_9 ∈ |0..10|11 []) + 5·(x_10 ∈ |0..10|11 []) ≤ 1010
	w114:	29·(x_1 ∈ |0..10|11 []) + 7·(x_2 ∈ |0..10|11 []) + 44·(x_3 ∈ |0..10|11 []) + 12·(x_4 ∈ |0..10|11 []) + 38·(x_5 ∈ |0..10|11 []) + 48·(x_6 ∈ |0..10|11 []) + 16·(x_7 ∈ |0..10|11 []) + 17·(x_8 ∈ |0..10|11 []) + 11·(x_9 ∈ |0..10|11 []) + 48·(x_10 ∈ |0..10|11 []) ≤ 1160
	w115:	38·(x_1 ∈ |0..10|11 []) + 29·(x_2 ∈ |0..10|11 []) + 9·(x_3 ∈ |0..10|11 []) + 46·(x_4 ∈ |0..10|11 []) + 42·(x_5 ∈ |0..10|11 []) + 35·(x_6 ∈ |0..10|11 []) + 18·(x_7 ∈ |0..10|11 []) + 49·(x_8 ∈ |0..10|11 []) + 32·(x_9 ∈ |0..10|11 []) + 47·(x_10 ∈ |0..10|11 []) ≤ 1490
	w116:	5·(x_1 ∈ |0..10|11 []) + 28·(x_2 ∈ |0..10|11 []) + 35·(x_3 ∈ |0..10|11 []) + 28·(x_4 ∈ |0..10|11 []) + 5·(x_5 ∈ |0..10|11 []) + 10·(x_6 ∈ |0..10|11 []) + 8·(x_7 ∈ |0..10|11 []) + 26·(x_8 ∈ |0..10|11 []) + 41·(x_9 ∈ |0..10|11 []) + 30·(x_10 ∈ |0..10|11 []) ≤ 930
	w117:	28·(x_1 ∈ |0..10|11 []) + 31·(x_2 ∈ |0..10|11 []) + 32·(x_3 ∈ |0..10|11 []) + 26·(x_4 ∈ |0..10|11 []) + 44·(x_5 ∈ |0..10|11 []) + 5·(x_6 ∈ |0..10|11 []) + 14·(x_7 ∈ |0..10|11 []) + 16·(x_8 ∈ |0..10|11 []) + 31·(x_9 ∈ |0..10|11 []) + 4·(x_10 ∈ |0..10|11 []) ≤ 990
	w118:	5·(x_1 ∈ |0..10|11 []) + 25·(x_2 ∈ |0..10|11 []) + 48·(x_3 ∈ |0..10|11 []) + 6·(x_4 ∈ |0..10|11 []) + 24·(x_5 ∈ |0..10|11 []) + 15·(x_6 ∈ |0..10|11 []) + 15·(x_7 ∈ |0..10|11 []) + 43·(x_8 ∈ |0..10|11 []) + 15·(x_9 ∈ |0..10|11 []) + 2·(x_10 ∈ |0..10|11 []) ≤ 850
	w119:	9·(x_1 ∈ |0..10|11 []) + 13·(x_2 ∈ |0..10|11 []) + 10·(x_3 ∈ |0..10|11 []) + 47·(x_4 ∈ |0..10|11 []) + 23·(x_5 ∈ |0..10|11 []) + 22·(x_6 ∈ |0..10|11 []) + 38·(x_7 ∈ |0..10|11 []) + 41·(x_8 ∈ |0..10|11 []) + 40·(x_9 ∈ |0..10|11 []) + 4·(x_10 ∈ |0..10|11 []) ≤ 1060
	w120:	40·(x_1 ∈ |0..10|11 []) + 25·(x_2 ∈ |0..10|11 []) + 7·(x_3 ∈ |0..10|11 []) + 25·(x_4 ∈ |0..10|11 []) + 42·(x_5 ∈ |0..10|11 []) + 49·(x_6 ∈ |0..10|11 []) + 34·(x_7 ∈ |0..10|11 []) + 39·(x_8 ∈ |0..10|11 []) + 41·(x_9 ∈ |0..10|11 []) + 10·(x_10 ∈ |0..10|11 []) ≤ 1340
	w121:	20·(x_1 ∈ |0..10|11 []) + 7·(x_2 ∈ |0..10|11 []) + 18·(x_3 ∈ |0..10|11 []) + 17·(x_4 ∈ |0..10|11 []) + 39·(x_5 ∈ |0..10|11 []) + 10·(x_6 ∈ |0..10|11 []) + 26·(x_7 ∈ |0..10|11 []) + 28·(x_8 ∈ |0..10|11 []) + 27·(x_9 ∈ |0..10|11 []) + 44·(x_10 ∈ |0..10|11 []) ≤ 1010
	w122:	9·(x_1 ∈ |0..10|11 []) + 18·(x_2 ∈ |0..10|11 []) + 41·(x_3 ∈ |0..10|11 []) + 33·(x_4 ∈ |0..10|11 []) + 42·(x_5 ∈ |0..10|11 []) + 2·(x_6 ∈ |0..10|11 []) + 44·(x_7 ∈ |0..10|11 []) + 25·(x_8 ∈ |0..10|11 []) + 23·(x_9 ∈ |0..10|11 []) + 24·(x_10 ∈ |0..10|11 []) ≤ 1120
	w123:	34·(x_1 ∈ |0..10|11 []) + 17·(x_2 ∈ |0..10|11 []) + 28·(x_3 ∈ |0..10|11 []) + 27·(x_4 ∈ |0..10|11 []) + 34·(x_5 ∈ |0..10|11 []) + 41·(x_6 ∈ |0..10|11 []) + 45·(x_7 ∈ |0..10|11 []) + 7·(x_8 ∈ |0..10|11 []) + 9·(x_9 ∈ |0..10|11 []) + 6·(x_10 ∈ |0..10|11 []) ≤ 1070
	w124:	23·(x_1 ∈ |0..10|11 []) + 46·(x_2 ∈ |0..10|11 []) + 3·(x_3 ∈ |0..10|11 []) + 41·(x_4 ∈ |0..10|11 []) + 5·(x_5 ∈ |0..10|11 []) + 44·(x_6 ∈ |0..10|11 []) + 48·(x_7 ∈ |0..10|11 []) + 34·(x_8 ∈ |0..10|11 []) + 44·(x_9 ∈ |0..10|11 []) + 24·(x_10 ∈ |0..10|11 []) ≤ 1340
	w125:	18·(x_1 ∈ |0..10|11 []) + 33·(x_2 ∈ |0..10|11 []) + 4·(x_3 ∈ |0..10|11 []) + 21·(x_4 ∈ |0..10|11 []) + 12·(x_5 ∈ |0..10|11 []) + 27·(x_6 ∈ |0..10|11 []) + 18·(x_7 ∈ |0..10|11 []) + 39·(x_8 ∈ |0..10|11 []) + (x_9 ∈ |0..10|11 []) + 43·(x_10 ∈ |0..10|11 []) ≤ 930
	w126:	45·(x_1 ∈ |0..10|11 []) + 36·(x_2 ∈ |0..10|11 []) + 5·(x_3 ∈ |0..10|11 []) + 35·(x_4 ∈ |0..10|11 []) + 32·(x_5 ∈ |0..10|11 []) + 47·(x_6 ∈ |0..10|11 []) + 18·(x_7 ∈ |0..10|11 []) + 44·(x_8 ∈ |0..10|11 []) + 48·(x_9 ∈ |0..10|11 []) + 42·(x_10 ∈ |0..10|11 []) ≤ 1520
	w127:	17·(x_1 ∈ |0..10|11 []) + 39·(x_2 ∈ |0..10|11 []) + 18·(x_3 ∈ |0..10|11 []) + 2·(x_4 ∈ |0..10|11 []) + 4·(x_5 ∈ |0..10|11 []) + 10·(x_6 ∈ |0..10|11 []) + 15·(x_7 ∈ |0..10|11 []) + 24·(x_8 ∈ |0..10|11 []) + 15·(x_9 ∈ |0..10|11 []) + 2·(x_10 ∈ |0..10|11 []) ≤ 630
	w128:	6·(x_1 ∈ |0..10|11 []) + 20·(x_2 ∈ |0..10|11 []) + 35·(x_3 ∈ |0..10|11 []) + 45·(x_4 ∈ |0..10|11 []) + 7·(x_5 ∈ |0..10|11 []) + 16·(x_6 ∈ |0..10|11 []) + 19·(x_7 ∈ |0..10|11 []) + 9·(x_8 ∈ |0..10|11 []) + 11·(x_9 ∈ |0..10|11 []) + 47·(x_10 ∈ |0..10|11 []) ≤ 920
	w129:	42·(x_1 ∈ |0..10|11 []) + 49·(x_2 ∈ |0..10|11 []) + 8·(x_3 ∈ |0..10|11 []) + 2·(x_4 ∈ |0..10|11 []) + 3·(x_5 ∈ |0..10|11 []) + 28·(x_6 ∈ |0..10|11 []) + 48·(x_7 ∈ |0..10|11 []) + 47·(x_8 ∈ |0..10|11 []) + 48·(x_9 ∈ |0..10|11 []) + 7·(x_10 ∈ |0..10|11 []) ≤ 1210
	w130:	42·(x_1 ∈ |0..10|11 []) + 8·(x_2 ∈ |0..10|11 []) + 24·(x_3 ∈ |0..10|11 []) + 31·(x_4 ∈ |0..10|11 []) + 23·(x_5 ∈ |0..10|11 []) + 5·(x_6 ∈ |0..10|11 []) + 42·(x_7 ∈ |0..10|11 []) + 3·(x_8 ∈ |0..10|11 []) + 24·(x_9 ∈ |0..10|11 []) + 23·(x_10 ∈ |0..10|11 []) ≤ 970
	w131:	13·(x_1 ∈ |0..10|11 []) + 38·(x_2 ∈ |0..10|11 []) + 48·(x_3 ∈ |0..10|11 []) + 7·(x_4 ∈ |0..10|11 []) + 43·(x_5 ∈ |0..10|11 []) + 33·(x_6 ∈ |0..10|11 []) + 16·(x_7 ∈ |0..10|11 []) + 46·(x_8 ∈ |0..10|11 []) + 21·(x_9 ∈ |0..10|11 []) + 19·(x_10 ∈ |0..10|11 []) ≤ 1220
	w132:	16·(x_1 ∈ |0..10|11 []) + (x_2 ∈ |0..10|11 []) + 48·(x_3 ∈ |0..10|11 []) + 28·(x_4 ∈ |0..10|11 []) + (x_5 ∈ |0..10|11 []) + 16·(x_6 ∈ |0..10|11 []) + 29·(x_7 ∈ |0..10|11 []) + 26·(x_8 ∈ |0..10|11 []) + 47·(x_9 ∈ |0..10|11 []) + 29·(x_10 ∈ |0..10|11 []) ≤ 1040
	w133:	4·(x_1 ∈ |0..10|11 []) + 3·(x_2 ∈ |0..10|11 []) + 34·(x_3 ∈ |0..10|11 []) + 23·(x_4 ∈ |0..10|11 []) + 20·(x_5 ∈ |0..10|11 []) + 47·(x_6 ∈ |0..10|11 []) + 13·(x_7 ∈ |0..10|11 []) + 30·(x_8 ∈ |0..10|11 []) + 37·(x_9 ∈ |0..10|11 []) + 2·(x_10 ∈ |0..10|11 []) ≤ 920
	w134:	30·(x_1 ∈ |0..10|11 []) + (x_2 ∈ |0..10|11 []) + 30·(x_3 ∈ |0..10|11 []) + 47·(x_4 ∈ |0..10|11 []) + 47·(x_5 ∈ |0..10|11 []) + 21·(x_6 ∈ |0..10|11 []) + 19·(x_7 ∈ |0..10|11 []) + 31·(x_8 ∈ |0..10|11 []) + 28·(x_9 ∈ |0..10|11 []) + 15·(x_10 ∈ |0..10|11 []) ≤ 1160
	w135:	(x_1 ∈ |0..10|11 []) + 2·(x_2 ∈ |0..10|11 []) + 14·(x_3 ∈ |0..10|11 []) + 14·(x_4 ∈ |0..10|11 []) + 28·(x_5 ∈ |0..10|11 []) + 42·(x_6 ∈ |0..10|11 []) + 41·(x_7 ∈ |0..10|11 []) + 31·(x_8 ∈ |0..10|11 []) + 40·(x_9 ∈ |0..10|11 []) + 36·(x_10 ∈ |0..10|11 []) ≤ 1070
	w136:	47·(x_1 ∈ |0..10|11 []) + 24·(x_2 ∈ |0..10|11 []) + 4·(x_3 ∈ |0..10|11 []) + 13·(x_4 ∈ |0..10|11 []) + 5·(x_5 ∈ |0..10|11 []) + 22·(x_6 ∈ |0..10|11 []) + 28·(x_7 ∈ |0..10|11 []) + 29·(x_8 ∈ |0..10|11 []) + 42·(x_9 ∈ |0..10|11 []) + 9·(x_10 ∈ |0..10|11 []) ≤ 960
	w137:	12·(x_1 ∈ |0..10|11 []) + 40·(x_2 ∈ |0..10|11 []) + 22·(x_3 ∈ |0..10|11 []) + 43·(x_4 ∈ |0..10|11 []) + 31·(x_5 ∈ |0..10|11 []) + 11·(x_6 ∈ |0..10|11 []) + 23·(x_7 ∈ |0..10|11 []) + 34·(x_8 ∈ |0..10|11 []) + 44·(x_9 ∈ |0..10|11 []) + 16·(x_10 ∈ |0..10|11 []) ≤ 1190
	w138:	36·(x_1 ∈ |0..10|11 []) + 24·(x_2 ∈ |0..10|11 []) + 2·(x_3 ∈ |0..10|11 []) + 42·(x_4 ∈ |0..10|11 []) + 16·(x_5 ∈ |0..10|11 []) + 7·(x_6 ∈ |0..10|11 []) + 40·(x_7 ∈ |0..10|11 []) + 16·(x_8 ∈ |0..10|11 []) + 22·(x_9 ∈ |0..10|11 []) + 5·(x_10 ∈ |0..10|11 []) ≤ 900
	w139:	39·(x_1 ∈ |0..10|11 []) + (x_2 ∈ |0..10|11 []) + 39·(x_3 ∈ |0..10|11 []) + 31·(x_4 ∈ |0..10|11 []) + 28·(x_5 ∈ |0..10|11 []) + 23·(x_6 ∈ |0..10|11 []) + 29·(x_7 ∈ |0..10|11 []) + 32·(x_8 ∈ |0..10|11 []) + 38·(x_9 ∈ |0..10|11 []) + 4·(x_10 ∈ |0..10|11 []) ≤ 1140
	w140:	37·(x_1 ∈ |0..10|11 []) + 33·(x_2 ∈ |0..10|11 []) + 30·(x_3 ∈ |0..10|11 []) + 15·(x_4 ∈ |0..10|11 []) + 25·(x_5 ∈ |0..10|11 []) + 46·(x_6 ∈ |0..10|11 []) + 39·(x_7 ∈ |0..10|11 []) + 45·(x_8 ∈ |0..10|11 []) + 47·(x_9 ∈ |0..10|11 []) + 31·(x_10 ∈ |0..10|11 []) ≤ 1500
	w141:	13·(x_1 ∈ |0..10|11 []) + 24·(x_2 ∈ |0..10|11 []) + 24·(x_3 ∈ |0..10|11 []) + 18·(x_4 ∈ |0..10|11 []) + 33·(x_5 ∈ |0..10|11 []) + 39·(x_6 ∈ |0..10|11 []) + 44·(x_7 ∈ |0..10|11 []) + 19·(x_8 ∈ |0..10|11 []) + 30·(x_9 ∈ |0..10|11 []) + 41·(x_10 ∈ |0..10|11 []) ≤ 1230
	w142:	2·(x_1 ∈ |0..10|11 []) + 30·(x_2 ∈ |0..10|11 []) + 36·(x_3 ∈ |0..10|11 []) + 17·(x_4 ∈ |0..10|11 []) + 40·(x_5 ∈ |0..10|11 []) + 48·(x_6 ∈ |0..10|11 []) + 22·(x_7 ∈ |0..10|11 []) + 38·(x_8 ∈ |0..10|11 []) + 12·(x_9 ∈ |0..10|11 []) + 4·(x_10 ∈ |0..10|11 []) ≤ 1070
	w143:	29·(x_1 ∈ |0..10|11 []) + 39·(x_2 ∈ |0..10|11 []) + 16·(x_3 ∈ |0..10|11 []) + 44·(x_4 ∈ |0..10|11 []) + 16·(x_5 ∈ |0..10|11 []) + 35·(x_6 ∈ |0..10|11 []) + 28·(x_7 ∈ |0..10|11 []) + 22·(x_8 ∈ |0..10|11 []) + 39·(x_9 ∈ |0..10|11 []) + 8·(x_10 ∈ |0..10|11 []) ≤ 1190
	w144:	40·(x_1 ∈ |0..10|11 []) + 23·(x_2 ∈ |0..10|11 []) + 20·(x_3 ∈ |0..10|11 []) + 22·(x_4 ∈ |0..10|11 []) + 19·(x_5 ∈ |0..10|11 []) + 2·(x_6 ∈ |0..10|11 []) + 11·(x_7 ∈ |0..10|11 []) + 14·(x_8 ∈ |0..10|11 []) + 48·(x_9 ∈ |0..10|11 []) + 10·(x_10 ∈ |0..10|11 []) ≤ 900
	w145:	21·(x_1 ∈ |0..10|11 []) + 34·(x_2 ∈ |0..10|11 []) + (x_3 ∈ |0..10|11 []) + 37·(x_4 ∈ |0..10|11 []) + 25·(x_5 ∈ |0..10|11 []) + 14·(x_6 ∈ |0..10|11 []) + 16·(x_7 ∈ |0..10|11 []) + 38·(x_8 ∈ |0..10|11 []) + 10·(x_9 ∈ |0..10|11 []) + 6·(x_10 ∈ |0..10|11 []) ≤ 870
	w146:	35·(x_1 ∈ |0..10|11 []) + 14·(x_2 ∈ |0..10|11 []) + 39·(x_3 ∈ |0..10|11 []) + 37·(x_4 ∈ |0..10|11 []) + 25·(x_5 ∈ |0..10|11 []) + 31·(x_6 ∈ |0..10|11 []) + 27·(x_7 ∈ |0..10|11 []) + 47·(x_8 ∈ |0..10|11 []) + 18·(x_9 ∈ |0..10|11 []) + 37·(x_10 ∈ |0..10|11 []) ≤ 1330
	w147:	26·(x_1 ∈ |0..10|11 []) + 12·(x_2 ∈ |0..10|11 []) + 21·(x_3 ∈ |0..10|11 []) + 18·(x_4 ∈ |0..10|11 []) + 45·(x_5 ∈ |0..10|11 []) + 37·(x_6 ∈ |0..10|11 []) + 34·(x_7 ∈ |0..10|11 []) + 19·(x_8 ∈ |0..10|11 []) + 6·(x_9 ∈ |0..10|11 []) + 29·(x_10 ∈ |0..10|11 []) ≤ 1060
	w148:	6·(x_1 ∈ |0..10|11 []) + 3·(x_2 ∈ |0..10|11 []) + 35·(x_3 ∈ |0..10|11 []) + 24·(x_4 ∈ |0..10|11 []) + 19·(x_5 ∈ |0..10|11 []) + 40·(x_6 ∈ |0..10|11 []) + 2·(x_7 ∈ |0..10|11 []) + 32·(x_8 ∈ |0..10|11 []) + 45·(x_9 ∈ |0..10|11 []) + 19·(x_10 ∈ |0..10|11 []) ≤ 970
	w149:	46·(x_1 ∈ |0..10|11 []) + 12·(x_2 ∈ |0..10|11 []) + 38·(x_3 ∈ |0..10|11 []) + 9·(x_4 ∈ |0..10|11 []) + 3·(x_5 ∈ |0..10|11 []) + 34·(x_6 ∈ |0..10|11 []) + 22·(x_7 ∈ |0..10|11 []) + 35·(x_8 ∈ |0..10|11 []) + 27·(x_9 ∈ |0..10|11 []) + 30·(x_10 ∈ |0..10|11 []) ≤ 1100
	w150:	32·(x_1 ∈ |0..10|11 []) + 6·(x_2 ∈ |0..10|11 []) + 41·(x_3 ∈ |0..10|11 []) + 2·(x_4 ∈ |0..10|11 []) + 5·(x_5 ∈ |0..10|11 []) + 30·(x_6 ∈ |0..10|11 []) + 13·(x_7 ∈ |0..10|11 []) + 11·(x_8 ∈ |0..10|11 []) + 26·(x_9 ∈ |0..10|11 []) + 11·(x_10 ∈ |0..10|11 []) ≤ 760
	w151:	3·(x_1 ∈ |0..10|11 []) + 34·(x_2 ∈ |0..10|11 []) + 14·(x_3 ∈ |0..10|11 []) + 16·(x_4 ∈ |0..10|11 []) + 31·(x_5 ∈ |0..10|11 []) + 33·(x_6 ∈ |0..10|11 []) + 26·(x_7 ∈ |0..10|11 []) + 18·(x_8 ∈ |0..10|11 []) + 32·(x_9 ∈ |0..10|11 []) + 36·(x_10 ∈ |0..10|11 []) ≤ 1040
	w152:	45·(x_1 ∈ |0..10|11 []) + 19·(x_2 ∈ |0..10|11 []) + 6·(x_3 ∈ |0..10|11 []) + 46·(x_4 ∈ |0..10|11 []) + 19·(x_5 ∈ |0..10|11 []) + 49·(x_6 ∈ |0..10|11 []) + 34·(x_7 ∈ |0..10|11 []) + 40·(x_8 ∈ |0..10|11 []) + 5·(x_9 ∈ |0..10|11 []) + 41·(x_10 ∈ |0..10|11 []) ≤ 1310
	w153:	27·(x_1 ∈ |0..10|11 []) + 34·(x_2 ∈ |0..10|11 []) + 44·(x_3 ∈ |0..10|11 []) + 14·(x_4 ∈ |0..10|11 []) + 15·(x_5 ∈ |0..10|11 []) + 25·(x_6 ∈ |0..10|11 []) + 33·(x_7 ∈ |0..10|11 []) + 42·(x_8 ∈ |0..10|11 []) + 9·(x_9 ∈ |0..10|11 []) + 11·(x_10 ∈ |0..10|11 []) ≤ 1090
	w154:	16·(x_1 ∈ |0..10|11 []) + 2·(x_2 ∈ |0..10|11 []) + 5·(x_3 ∈ |0..10|11 []) + 5·(x_4 ∈ |0..10|11 []) + 30·(x_5 ∈ |0..10|11 []) + 15·(x_6 ∈ |0..10|11 []) + 16·(x_7 ∈ |0..10|11 []) + 25·(x_8 ∈ |0..10|11 []) + 11·(x_9 ∈ |0..10|11 []) + 39·(x_10 ∈ |0..10|11 []) ≤ 700
	w155:	24·(x_1 ∈ |0..10|11 []) + 6·(x_2 ∈ |0..10|11 []) + 40·(x_3 ∈ |0..10|11 []) + 2·(x_4 ∈ |0..10|11 []) + 33·(x_5 ∈ |0..10|11 []) + 17·(x_6 ∈ |0..10|11 []) + 40·(x_7 ∈ |0..10|11 []) + 25·(x_8 ∈ |0..10|11 []) + 33·(x_9 ∈ |0..10|11 []) + 2·(x_10 ∈ |0..10|11 []) ≤ 950
	w156:	34·(x_1 ∈ |0..10|11 []) + 23·(x_2 ∈ |0..10|11 []) + 47·(x_3 ∈ |0..10|11 []) + 15·(x_4 ∈ |0..10|11 []) + 10·(x_5 ∈ |0..10|11 []) + 45·(x_6 ∈ |0..10|11 []) + 20·(x_7 ∈ |0..10|11 []) + 26·(x_8 ∈ |0..10|11 []) + 12·(x_9 ∈ |0..10|11 []) + 8·(x_10 ∈ |0..10|11 []) ≤ 1030
	w157:	46·(x_1 ∈ |0..10|11 []) + 25·(x_2 ∈ |0..10|11 []) + 44·(x_3 ∈ |0..10|11 []) + 12·(x_4 ∈ |0..10|11 []) + 12·(x_5 ∈ |0..10|11 []) + 10·(x_6 ∈ |0..10|11 []) + 41·(x_7 ∈ |0..10|11 []) + 41·(x_8 ∈ |0..10|11 []) + 13·(x_9 ∈ |0..10|11 []) + 12·(x_10 ∈ |0..10|11 []) ≤ 1100
	w158:	11·(x_1 ∈ |0..10|11 []) + 48·(x_2 ∈ |0..10|11 []) + 17·(x_3 ∈ |0..10|11 []) + 35·(x_4 ∈ |0..10|11 []) + 21·(x_5 ∈ |0..10|11 []) + 20·(x_6 ∈ |0..10|11 []) + 37·(x_7 ∈ |0..10|11 []) + 28·(x_8 ∈ |0..10|11 []) + 43·(x_9 ∈ |0..10|11 []) + 30·(x_10 ∈ |0..10|11 []) ≤ 1250
	w159:	49·(x_1 ∈ |0..10|11 []) + 38·(x_2 ∈ |0..10|11 []) + 19·(x_3 ∈ |0..10|11 []) + 46·(x_4 ∈ |0..10|11 []) + 47·(x_5 ∈ |0..10|11 []) + 35·(x_6 ∈ |0..10|11 []) + 23·(x_7 ∈ |0..10|11 []) + 13·(x_8 ∈ |0..10|11 []) + 8·(x_9 ∈ |0..10|11 []) + 24·(x_10 ∈ |0..10|11 []) ≤ 1300
	w160:	24·(x_1 ∈ |0..10|11 []) + 19·(x_2 ∈ |0..10|11 []) + 18·(x_3 ∈ |0..10|11 []) + 41·(x_4 ∈ |0..10|11 []) + 29·(x_5 ∈ |0..10|11 []) + 31·(x_6 ∈ |0..10|11 []) + 20·(x_7 ∈ |0..10|11 []) + 28·(x_8 ∈ |0..10|11 []) + 32·(x_9 ∈ |0..10|11 []) + 31·(x_10 ∈ |0..10|11 []) ≤ 1170
	w161:	38·(x_1 ∈ |0..10|11 []) + 34·(x_2 ∈ |0..10|11 []) + 22·(x_3 ∈ |0..10|11 []) + 48·(x_4 ∈ |0..10|11 []) + 40·(x_5 ∈ |0..10|11 []) + 30·(x_6 ∈ |0..10|11 []) + 18·(x_7 ∈ |0..10|11 []) + 9·(x_8 ∈ |0..10|11 []) + 22·(x_9 ∈ |0..10|11 []) + 27·(x_10 ∈ |0..10|11 []) ≤ 1240
	w162:	22·(x_1 ∈ |0..10|11 []) + 25·(x_2 ∈ |0..10|11 []) + 6·(x_3 ∈ |0..10|11 []) + 3·(x_4 ∈ |0..10|11 []) + 15·(x_5 ∈ |0..10|11 []) + 43·(x_6 ∈ |0..10|11 []) + 24·(x_7 ∈ |0..10|11 []) + 29·(x_8 ∈ |0..10|11 []) + 23·(x_9 ∈ |0..10|11 []) + 30·(x_10 ∈ |0..10|11 []) ≤ 950
	w163:	21·(x_1 ∈ |0..10|11 []) + 22·(x_2 ∈ |0..10|11 []) + 30·(x_3 ∈ |0..10|11 []) + 48·(x_4 ∈ |0..10|11 []) + 46·(x_5 ∈ |0..10|11 []) + 27·(x_6 ∈ |0..10|11 []) + 18·(x_7 ∈ |0..10|11 []) + 16·(x_8 ∈ |0..10|11 []) + 22·(x_9 ∈ |0..10|11 []) + 28·(x_10 ∈ |0..10|11 []) ≤ 1200
	w164:	24·(x_1 ∈ |0..10|11 []) + 18·(x_2 ∈ |0..10|11 []) + 27·(x_3 ∈ |0..10|11 []) + 16·(x_4 ∈ |0..10|11 []) + (x_5 ∈ |0..10|11 []) + 25·(x_6 ∈ |0..10|11 []) + 22·(x_7 ∈ |0..10|11 []) + 8·(x_8 ∈ |0..10|11 []) + 9·(x_9 ∈ |0..10|11 []) + 30·(x_10 ∈ |0..10|11 []) ≤ 770
	w165:	32·(x_1 ∈ |0..10|11 []) + 14·(x_2 ∈ |0..10|11 []) + 19·(x_3 ∈ |0..10|11 []) + 42·(x_4 ∈ |0..10|11 []) + 29·(x_5 ∈ |0..10|11 []) + 4·(x_6 ∈ |0..10|11 []) + 20·(x_7 ∈ |0..10|11 []) + 44·(x_8 ∈ |0..10|11 []) + 18·(x_9 ∈ |0..10|11 []) + 18·(x_10 ∈ |0..10|11 []) ≤ 1030
	w166:	30·(x_1 ∈ |0..10|11 []) + 46·(x_2 ∈ |0..10|11 []) + 37·(x_3 ∈ |0..10|11 []) + 16·(x_4 ∈ |0..10|11 []) + 37·(x_5 ∈ |0..10|11 []) + 16·(x_6 ∈ |0..10|11 []) + 22·(x_7 ∈ |0..10|11 []) + 26·(x_8 ∈ |0..10|11 []) + 43·(x_9 ∈ |0..10|11 []) + 30·(x_10 ∈ |0..10|11 []) ≤ 1300
	w167:	2·(x_1 ∈ |0..10|11 []) + 43·(x_2 ∈ |0..10|11 []) + 20·(x_3 ∈ |0..10|11 []) + 14·(x_4 ∈ |0..10|11 []) + 48·(x_5 ∈ |0..10|11 []) + 25·(x_6 ∈ |0..10|11 []) + 7·(x_7 ∈ |0..10|11 []) + 18·(x_8 ∈ |0..10|11 []) + 12·(x_9 ∈ |0..10|11 []) + 12·(x_10 ∈ |0..10|11 []) ≤ 860
	w168:	43·(x_1 ∈ |0..10|11 []) + 13·(x_2 ∈ |0..10|11 []) + 28·(x_3 ∈ |0..10|11 []) + 44·(x_4 ∈ |0..10|11 []) + 26·(x_5 ∈ |0..10|11 []) + 17·(x_6 ∈ |0..10|11 []) + 42·(x_7 ∈ |0..10|11 []) + 4·(x_8 ∈ |0..10|11 []) + 6·(x_9 ∈ |0..10|11 []) + 12·(x_10 ∈ |0..10|11 []) ≤ 1010
	w169:	32·(x_1 ∈ |0..10|11 []) + 46·(x_2 ∈ |0..10|11 []) + 18·(x_3 ∈ |0..10|11 []) + 47·(x_4 ∈ |0..10|11 []) + 43·(x_5 ∈ |0..10|11 []) + 26·(x_6 ∈ |0..10|11 []) + 31·(x_7 ∈ |0..10|11 []) + 49·(x_8 ∈ |0..10|11 []) + 25·(x_9 ∈ |0..10|11 []) + 30·(x_10 ∈ |0..10|11 []) ≤ 1490
	w170:	41·(x_1 ∈ |0..10|11 []) + 29·(x_2 ∈ |0..10|11 []) + 30·(x_3 ∈ |0..10|11 []) + 22·(x_4 ∈ |0..10|11 []) + 21·(x_5 ∈ |0..10|11 []) + 15·(x_6 ∈ |0..10|11 []) + 4·(x_7 ∈ |0..10|11 []) + 18·(x_8 ∈ |0..10|11 []) + 12·(x_9 ∈ |0..10|11 []) + 25·(x_10 ∈ |0..10|11 []) ≤ 930
	w171:	20·(x_1 ∈ |0..10|11 []) + 22·(x_2 ∈ |0..10|11 []) + 15·(x_3 ∈ |0..10|11 []) + 9·(x_4 ∈ |0..10|11 []) + 38·(x_5 ∈ |0..10|11 []) + 3·(x_6 ∈ |0..10|11 []) + 28·(x_7 ∈ |0..10|11 []) + 46·(x_8 ∈ |0..10|11 []) + 11·(x_9 ∈ |0..10|11 []) + 7·(x_10 ∈ |0..10|11 []) ≤ 850
	w172:	6·(x_1 ∈ |0..10|11 []) + 47·(x_2 ∈ |0..10|11 []) + 28·(x_3 ∈ |0..10|11 []) + 42·(x_4 ∈ |0..10|11 []) + 22·(x_5 ∈ |0..10|11 []) + 12·(x_6 ∈ |0..10|11 []) + 46·(x_7 ∈ |0..10|11 []) + 26·(x_8 ∈ |0..10|11 []) + 43·(x_9 ∈ |0..10|11 []) + 25·(x_10 ∈ |0..10|11 []) ≤ 1280
	w173:	48·(x_1 ∈ |0..10|11 []) + 29·(x_2 ∈ |0..10|11 []) + 47·(x_3 ∈ |0..10|11 []) + 46·(x_4 ∈ |0..10|11 []) + 16·(x_5 ∈ |0..10|11 []) + 24·(x_6 ∈ |0..10|11 []) + 13·(x_7 ∈ |0..10|11 []) + 21·(x_8 ∈ |0..10|11 []) + 21·(x_9 ∈ |0..10|11 []) + 22·(x_10 ∈ |0..10|11 []) ≤ 1230
	w174:	5·(x_1 ∈ |0..10|11 []) + 26·(x_2 ∈ |0..10|11 []) + 13·(x_3 ∈ |0..10|11 []) + 35·(x_4 ∈ |0..10|11 []) + 16·(x_5 ∈ |0..10|11 []) + 22·(x_6 ∈ |0..10|11 []) + 33·(x_7 ∈ |0..10|11 []) + 28·(x_8 ∈ |0..10|11 []) + 22·(x_9 ∈ |0..10|11 []) + 20·(x_10 ∈ |0..10|11 []) ≤ 950
	w175:	21·(x_1 ∈ |0..10|11 []) + 28·(x_2 ∈ |0..10|11 []) + 33·(x_3 ∈ |0..10|11 []) + 49·(x_4 ∈ |0..10|11 []) + 18·(x_5 ∈ |0..10|11 []) + 45·(x_6 ∈ |0..10|11 []) + 36·(x_7 ∈ |0..10|11 []) + 47·(x_8 ∈ |0..10|11 []) + 13·(x_9 ∈ |0..10|11 []) + 16·(x_10 ∈ |0..10|11 []) ≤ 1320
	w176:	20·(x_1 ∈ |0..10|11 []) + 3·(x_2 ∈ |0..10|11 []) + 39·(x_3 ∈ |0..10|11 []) + 32·(x_4 ∈ |0..10|11 []) + 44·(x_5 ∈ |0..10|11 []) + 33·(x_6 ∈ |0..10|11 []) + 32·(x_7 ∈ |0..10|11 []) + 6·(x_8 ∈ |0..10|11 []) + 36·(x_9 ∈ |0..10|11 []) + 8·(x_10 ∈ |0..10|11 []) ≤ 1090
	w177:	27·(x_1 ∈ |0..10|11 []) + 38·(x_2 ∈ |0..10|11 []) + 21·(x_3 ∈ |0..10|11 []) + 42·(x_4 ∈ |0..10|11 []) + 11·(x_5 ∈ |0..10|11 []) + 12·(x_6 ∈ |0..10|11 []) + 8·(x_7 ∈ |0..10|11 []) + 29·(x_8 ∈ |0..10|11 []) + 22·(x_9 ∈ |0..10|11 []) + 18·(x_10 ∈ |0..10|11 []) ≤ 980
	w178:	23·(x_1 ∈ |0..10|11 []) + 2·(x_2 ∈ |0..10|11 []) + 33·(x_3 ∈ |0..10|11 []) + 31·(x_4 ∈ |0..10|11 []) + 36·(x_5 ∈ |0..10|11 []) + 5·(x_6 ∈ |0..10|11 []) + 45·(x_7 ∈ |0..10|11 []) + 23·(x_8 ∈ |0..10|11 []) + 11·(x_9 ∈ |0..10|11 []) + 17·(x_10 ∈ |0..10|11 []) ≤ 970
	w179:	23·(x_1 ∈ |0..10|11 []) + 15·(x_2 ∈ |0..10|11 []) + 37·(x_3 ∈ |0..10|11 []) + 36·(x_4 ∈ |0..10|11 []) + 32·(x_5 ∈ |0..10|11 []) + 24·(x_6 ∈ |0..10|11 []) + 17·(x_7 ∈ |0..10|11 []) + 31·(x_8 ∈ |0..10|11 []) + 9·(x_9 ∈ |0..10|11 []) + 8·(x_10 ∈ |0..10|11 []) ≤ 1000
	w180:	22·(x_1 ∈ |0..10|11 []) + 17·(x_2 ∈ |0..10|11 []) + 35·(x_3 ∈ |0..10|11 []) + 29·(x_4 ∈ |0..10|11 []) + 49·(x_5 ∈ |0..10|11 []) + 30·(x_6 ∈ |0..10|11 []) + 8·(x_7 ∈ |0..10|11 []) + 20·(x_8 ∈ |0..10|11 []) + 2·(x_9 ∈ |0..10|11 []) + 33·(x_10 ∈ |0..10|11 []) ≤ 1050
	w181:	31·(x_1 ∈ |0..10|11 []) + 35·(x_2 ∈ |0..10|11 []) + 15·(x_3 ∈ |0..10|11 []) + 5·(x_4 ∈ |0..10|11 []) + 16·(x_5 ∈ |0..10|11 []) + 41·(x_6 ∈ |0..10|11 []) + 39·(x_7 ∈ |0..10|11 []) + 45·(x_8 ∈ |0..10|11 []) + 35·(x_9 ∈ |0..10|11 []) + 17·(x_10 ∈ |0..10|11 []) ≤ 1200
	w182:	28·(x_1 ∈ |0..10|11 []) + 37·(x_2 ∈ |0..10|11 []) + 21·(x_3 ∈ |0..10|11 []) + 47·(x_4 ∈ |0..10|11 []) + 48·(x_5 ∈ |0..10|11 []) + 31·(x_6 ∈ |0..10|11 []) + 9·(x_7 ∈ |0..10|11 []) + 7·(x_8 ∈ |0..10|11 []) + 30·(x_9 ∈ |0..10|11 []) + 35·(x_10 ∈ |0..10|11 []) ≤ 1260
	w183:	41·(x_1 ∈ |0..10|11 []) + 41·(x_2 ∈ |0..10|11 []) + 31·(x_3 ∈ |0..10|11 []) + 32·(x_4 ∈ |0..10|11 []) + 12·(x_5 ∈ |0..10|11 []) + 14·(x_6 ∈ |0..10|11 []) + 30·(x_7 ∈ |0..10|11 []) + 46·(x_8 ∈ |0..10|11 []) + 22·(x_9 ∈ |0..10|11 []) + 20·(x_10 ∈ |0..10|11 []) ≤ 1240
	w184:	(x_1 ∈ |0..10|11 []) + 31·(x_2 ∈ |0..10|11 []) + 23·(x_3 ∈ |0..10|11 []) + 48·(x_4 ∈ |0..10|11 []) + 34·(x_5 ∈ |0..10|11 []) + 3·(x_6 ∈ |0..10|11 []) + 22·(x_7 ∈ |0..10|11 []) + 39·(x_8 ∈ |0..10|11 []) + 44·(x_9 ∈ |0..10|11 []) + 9·(x_10 ∈ |0..10|11 []) ≤ 1090
	w185:	10·(x_1 ∈ |0..10|11 []) + 41·(x_2 ∈ |0..10|11 []) + 17·(x_3 ∈ |0..10|11 []) + 6·(x_4 ∈ |0..10|11 []) + 38·(x_5 ∈ |0..10|11 []) + 2·(x_6 ∈ |0..10|11 []) + 42·(x_7 ∈ |0..10|11 []) + 26·(x_8 ∈ |0..10|11 []) + 34·(x_9 ∈ |0..10|11 []) + 28·(x_10 ∈ |0..10|11 []) ≤ 1050
	w186:	40·(x_1 ∈ |0..10|11 []) + 38·(x_2 ∈ |0..10|11 []) + 5·(x_3 ∈ |0..10|11 []) + 19·(x_4 ∈ |0..10|11 []) + 35·(x_5 ∈ |0..10|11 []) + 47·(x_6 ∈ |0..10|11 []) + 44·(x_7 ∈ |0..10|11 []) + 3·(x_8 ∈ |0..10|11 []) + 15·(x_9 ∈ |0..10|11 []) + 35·(x_10 ∈ |0..10|11 []) ≤ 1210
	w187:	(x_1 ∈ |0..10|11 []) + 39·(x_2 ∈ |0..10|11 []) + 2·(x_3 ∈ |0..10|11 []) + 26·(x_4 ∈ |0..10|11 []) + 46·(x_5 ∈ |0..10|11 []) + 23·(x_6 ∈ |0..10|11 []) + 11·(x_7 ∈ |0..10|11 []) + 44·(x_8 ∈ |0..10|11 []) + 2·(x_9 ∈ |0..10|11 []) + 32·(x_10 ∈ |0..10|11 []) ≤ 970
	w188:	37·(x_1 ∈ |0..10|11 []) + 24·(x_2 ∈ |0..10|11 []) + 27·(x_3 ∈ |0..10|11 []) + 41·(x_4 ∈ |0..10|11 []) + 5·(x_5 ∈ |0..10|11 []) + 15·(x_6 ∈ |0..10|11 []) + 45·(x_7 ∈ |0..10|11 []) + 12·(x_8 ∈ |0..10|11 []) + 13·(x_9 ∈ |0..10|11 []) + 33·(x_10 ∈ |0..10|11 []) ≤ 1080
	w189:	14·(x_1 ∈ |0..10|11 []) + 5·(x_2 ∈ |0..10|11 []) + 5·(x_3 ∈ |0..10|11 []) + 14·(x_4 ∈ |0..10|11 []) + 28·(x_5 ∈ |0..10|11 []) + 19·(x_6 ∈ |0..10|11 []) + 28·(x_7 ∈ |0..10|11 []) + 46·(x_8 ∈ |0..10|11 []) + 21·(x_9 ∈ |0..10|11 []) + 43·(x_10 ∈ |0..10|11 []) ≤ 960
	w190:	35·(x_1 ∈ |0..10|11 []) + 42·(x_2 ∈ |0..10|11 []) + 46·(x_3 ∈ |0..10|11 []) + 8·(x_4 ∈ |0..10|11 []) + 3·(x_5 ∈ |0..10|11 []) + 36·(x_6 ∈ |0..10|11 []) + 40·(x_7 ∈ |0..10|11 []) + 41·(x_8 ∈ |0..10|11 []) + 39·(x_9 ∈ |0..10|11 []) + 16·(x_10 ∈ |0..10|11 []) ≤ 1320
	w191:	20·(x_1 ∈ |0..10|11 []) + 20·(x_2 ∈ |0..10|11 []) + 33·(x_3 ∈ |0..10|11 []) + 16·(x_4 ∈ |0..10|11 []) + 16·(x_5 ∈ |0..10|11 []) + 26·(x_6 ∈ |0..10|11 []) + 5·(x_7 ∈ |0..10|11 []) + 14·(x_8 ∈ |0..10|11 []) + 12·(x_9 ∈ |0..10|11 []) + 37·(x_10 ∈ |0..10|11 []) ≤ 850
	w192:	8·(x_1 ∈ |0..10|11 []) + 7·(x_2 ∈ |0..10|11 []) + 38·(x_3 ∈ |0..10|11 []) + 18·(x_4 ∈ |0..10|11 []) + 39·(x_5 ∈ |0..10|11 []) + 32·(x_6 ∈ |0..10|11 []) + 31·(x_7 ∈ |0..10|11 []) + 2·(x_8 ∈ |0..10|11 []) + 3·(x_9 ∈ |0..10|11 []) + 23·(x_10 ∈ |0..10|11 []) ≤ 860
	w193:	42·(x_1 ∈ |0..10|11 []) + 35·(x_2 ∈ |0..10|11 []) + 39·(x_3 ∈ |0..10|11 []) + 18·(x_4 ∈ |0..10|11 []) + 17·(x_5 ∈ |0..10|11 []) + 20·(x_6 ∈ |0..10|11 []) + 47·(x_7 ∈ |0..10|11 []) + 31·(x_8 ∈ |0..10|11 []) + 35·(x_9 ∈ |0..10|11 []) + 29·(x_10 ∈ |0..10|11 []) ≤ 1350
	w194:	10·(x_1 ∈ |0..10|11 []) + 19·(x_2 ∈ |0..10|11 []) + 35·(x_3 ∈ |0..10|11 []) + 42·(x_4 ∈ |0..10|11 []) + 16·(x_5 ∈ |0..10|11 []) + 27·(x_6 ∈ |0..10|11 []) + 12·(x_7 ∈ |0..10|11 []) + 3·(x_8 ∈ |0..10|11 []) + 12·(x_9 ∈ |0..10|11 []) + 48·(x_10 ∈ |0..10|11 []) ≤ 960
	w195:	7·(x_1 ∈ |0..10|11 []) + 33·(x_2 ∈ |0..10|11 []) + 49·(x_3 ∈ |0..10|11 []) + 32·(x_4 ∈ |0..10|11 []) + 27·(x_5 ∈ |0..10|11 []) + 22·(x_6 ∈ |0..10|11 []) + 17·(x_7 ∈ |0..10|11 []) + 2·(x_8 ∈ |0..10|11 []) + 14·(x_9 ∈ |0..10|11 []) + 34·(x_10 ∈ |0..10|11 []) ≤ 1020
	w196:	26·(x_1 ∈ |0..10|11 []) + 49·(x_2 ∈ |0..10|11 []) + 49·(x_3 ∈ |0..10|11 []) + 15·(x_4 ∈ |0..10|11 []) + 10·(x_5 ∈ |0..10|11 []) + 36·(x_6 ∈ |0..10|11 []) + 7·(x_7 ∈ |0..10|11 []) + 10·(x_8 ∈ |0..10|11 []) + 11·(x_9 ∈ |0..10|11 []) + 38·(x_10 ∈ |0..10|11 []) ≤ 1080
	w197:	42·(x_1 ∈ |0..10|11 []) + 16·(x_2 ∈ |0..10|11 []) + 23·(x_3 ∈ |0..10|11 []) + 22·(x_4 ∈ |0..10|11 []) + 3·(x_5 ∈ |0..10|11 []) + 34·(x_6 ∈ |0..10|11 []) + 35·(x_7 ∈ |0..10|11 []) + 43·(x_8 ∈ |0..10|11 []) + 22·(x_9 ∈ |0..10|11 []) + 7·(x_10 ∈ |0..10|11 []) ≤ 1060
	w198:	2·(x_1 ∈ |0..10|11 []) + 20·(x_2 ∈ |0..10|11 []) + 16·(x_3 ∈ |0..10|11 []) + 27·(x_4 ∈ |0..10|11 []) + 31·(x_5 ∈ |0..10|11 []) + 14·(x_6 ∈ |0..10|11 []) + 27·(x_7 ∈ |0..10|11 []) + 44·(x_8 ∈ |0..10|11 []) + 34·(x_9 ∈ |0..10|11 []) + 36·(x_10 ∈ |0..10|11 []) ≤ 1080
	w199:	35·(x_1 ∈ |0..10|11 []) + 6·(x_2 ∈ |0..10|11 []) + 42·(x_3 ∈ |0..10|11 []) + (x_4 ∈ |0..10|11 []) + 30·(x_5 ∈ |0..10|11 []) + 13·(x_6 ∈ |0..10|11 []) + 14·(x_7 ∈ |0..10|11 []) + 42·(x_8 ∈ |0..10|11 []) + 11·(x_9 ∈ |0..10|11 []) + 46·(x_10 ∈ |0..10|11 []) ≤ 1030
	w200:	6·(x_1 ∈ |0..10|11 []) + 14·(x_2 ∈ |0..10|11 []) + 48·(x_3 ∈ |0..10|11 []) + 4·(x_4 ∈ |0..10|11 []) + 16·(x_5 ∈ |0..10|11 []) + 35·(x_6 ∈ |0..10|11 []) + 24·(x_7 ∈ |0..10|11 []) + 25·(x_8 ∈ |0..10|11 []) + 34·(x_9 ∈ |0..10|11 []) + 7·(x_10 ∈ |0..10|11 []) ≤ 920
	profits:	48·(x_1 ∈ |0..10|11 []) + 34·(x_2 ∈ |0..10|11 []) + 21·(x_3 ∈ |0..10|11 []) + 9·(x_4 ∈ |0..10|11 []) + 13·(x_5 ∈ |0..10|11 []) + 48·(x_6 ∈ |0..10|11 []) + 20·(x_7 ∈ |0..10|11 []) + 35·(x_8 ∈ |0..10|11 []) + 26·(x_9 ∈ |0..10|11 []) + 19·(x_10 ∈ |0..10|11 []) ≥ 1550
	CSE: ""

Encoded GT + Ord in 127.4077 seconds as 666662/159982090/412413795

/var/spool/slurmd/job1876728/slurm_script: line 5: 1746741 Killed                  ( exec ./target/release/pbc load "$1/$id.json" )
BATCH.SH END 137
slurmstepd-extra002: error: Detected 1 oom-kill event(s) in step 1876728.batch cgroup. Some of your processes may have been killed by the cgroup out-of-memory handler.
