BATCH.SH START ./experiments/mbkp/runs:1811 (ulimit --clean)
Start EncodeRecord { instance: Some(Instance { problem: Mbkp { bound: 10, n_: 10, m_: 200, q_: 50, family: 1, s_: 25, seed: 4, fl: "0.4", fu: None, skip_obj: true }, i: 51, lp: "./experiments/mbkp/lps/2/3_12.lp" }), experiment: Some(Experiment { system: Pbc, pb_encoding: Gt, int_encoding: Ord, con_encoding: Ignore, split_eq: true, model_config: ModelConfig { scm: Dnf, cutoff: Order, decomposer: Gt, equalize_ternaries: true, add_consistency: false, propagate: None, equalize_uniform_bin_ineqs: false } }), statics: None, pb_statics: None, principal: None, time: None, dimacs: None }
model = 
	w1:	26·(x_1 ∈ |0..10|11 []) + 27·(x_2 ∈ |0..10|11 []) + 46·(x_3 ∈ |0..10|11 []) + 45·(x_4 ∈ |0..10|11 []) + 8·(x_5 ∈ |0..10|11 []) + 31·(x_6 ∈ |0..10|11 []) + 37·(x_7 ∈ |0..10|11 []) + 35·(x_8 ∈ |0..10|11 []) + 45·(x_9 ∈ |0..10|11 []) + 16·(x_10 ∈ |0..10|11 []) ≤ 1560
	w2:	29·(x_1 ∈ |0..10|11 []) + 44·(x_2 ∈ |0..10|11 []) + 10·(x_3 ∈ |0..10|11 []) + 13·(x_4 ∈ |0..10|11 []) + 41·(x_5 ∈ |0..10|11 []) + 38·(x_6 ∈ |0..10|11 []) + 37·(x_7 ∈ |0..10|11 []) + 30·(x_8 ∈ |0..10|11 []) + (x_9 ∈ |0..10|11 []) + 22·(x_10 ∈ |0..10|11 []) ≤ 1310
	w3:	45·(x_1 ∈ |0..10|11 []) + 40·(x_2 ∈ |0..10|11 []) + 25·(x_3 ∈ |0..10|11 []) + 35·(x_4 ∈ |0..10|11 []) + 41·(x_5 ∈ |0..10|11 []) + 8·(x_6 ∈ |0..10|11 []) + 42·(x_7 ∈ |0..10|11 []) + 29·(x_8 ∈ |0..10|11 []) + 10·(x_9 ∈ |0..10|11 []) + 36·(x_10 ∈ |0..10|11 []) ≤ 1540
	w4:	7·(x_1 ∈ |0..10|11 []) + 44·(x_2 ∈ |0..10|11 []) + 46·(x_3 ∈ |0..10|11 []) + 48·(x_4 ∈ |0..10|11 []) + 27·(x_5 ∈ |0..10|11 []) + 45·(x_6 ∈ |0..10|11 []) + 21·(x_7 ∈ |0..10|11 []) + 29·(x_8 ∈ |0..10|11 []) + 34·(x_9 ∈ |0..10|11 []) + 46·(x_10 ∈ |0..10|11 []) ≤ 1720
	w5:	43·(x_1 ∈ |0..10|11 []) + 43·(x_2 ∈ |0..10|11 []) + 24·(x_3 ∈ |0..10|11 []) + 13·(x_4 ∈ |0..10|11 []) + 44·(x_5 ∈ |0..10|11 []) + 33·(x_6 ∈ |0..10|11 []) + 22·(x_7 ∈ |0..10|11 []) + 38·(x_8 ∈ |0..10|11 []) + 16·(x_9 ∈ |0..10|11 []) + 37·(x_10 ∈ |0..10|11 []) ≤ 1550
	w6:	40·(x_1 ∈ |0..10|11 []) + 49·(x_2 ∈ |0..10|11 []) + 10·(x_3 ∈ |0..10|11 []) + 16·(x_4 ∈ |0..10|11 []) + 33·(x_5 ∈ |0..10|11 []) + 42·(x_6 ∈ |0..10|11 []) + 43·(x_7 ∈ |0..10|11 []) + 10·(x_8 ∈ |0..10|11 []) + 8·(x_9 ∈ |0..10|11 []) + 48·(x_10 ∈ |0..10|11 []) ≤ 1480
	w7:	26·(x_1 ∈ |0..10|11 []) + 49·(x_2 ∈ |0..10|11 []) + 17·(x_3 ∈ |0..10|11 []) + 21·(x_4 ∈ |0..10|11 []) + 21·(x_5 ∈ |0..10|11 []) + 49·(x_6 ∈ |0..10|11 []) + 27·(x_7 ∈ |0..10|11 []) + 25·(x_8 ∈ |0..10|11 []) + 37·(x_9 ∈ |0..10|11 []) + 30·(x_10 ∈ |0..10|11 []) ≤ 1490
	w8:	47·(x_1 ∈ |0..10|11 []) + 12·(x_2 ∈ |0..10|11 []) + 5·(x_3 ∈ |0..10|11 []) + 29·(x_4 ∈ |0..10|11 []) + 8·(x_5 ∈ |0..10|11 []) + 35·(x_6 ∈ |0..10|11 []) + 13·(x_7 ∈ |0..10|11 []) + 43·(x_8 ∈ |0..10|11 []) + 45·(x_9 ∈ |0..10|11 []) + 35·(x_10 ∈ |0..10|11 []) ≤ 1340
	w9:	48·(x_1 ∈ |0..10|11 []) + 19·(x_2 ∈ |0..10|11 []) + 34·(x_3 ∈ |0..10|11 []) + 43·(x_4 ∈ |0..10|11 []) + 5·(x_5 ∈ |0..10|11 []) + 45·(x_6 ∈ |0..10|11 []) + 16·(x_7 ∈ |0..10|11 []) + 32·(x_8 ∈ |0..10|11 []) + 34·(x_9 ∈ |0..10|11 []) + 3·(x_10 ∈ |0..10|11 []) ≤ 1380
	w10:	27·(x_1 ∈ |0..10|11 []) + 7·(x_2 ∈ |0..10|11 []) + 47·(x_3 ∈ |0..10|11 []) + 17·(x_4 ∈ |0..10|11 []) + 29·(x_5 ∈ |0..10|11 []) + 10·(x_6 ∈ |0..10|11 []) + 4·(x_7 ∈ |0..10|11 []) + 26·(x_8 ∈ |0..10|11 []) + 25·(x_9 ∈ |0..10|11 []) + 48·(x_10 ∈ |0..10|11 []) ≤ 1190
	w11:	36·(x_1 ∈ |0..10|11 []) + 24·(x_2 ∈ |0..10|11 []) + 34·(x_3 ∈ |0..10|11 []) + 32·(x_4 ∈ |0..10|11 []) + 43·(x_5 ∈ |0..10|11 []) + 21·(x_6 ∈ |0..10|11 []) + 17·(x_7 ∈ |0..10|11 []) + 23·(x_8 ∈ |0..10|11 []) + 32·(x_9 ∈ |0..10|11 []) + 11·(x_10 ∈ |0..10|11 []) ≤ 1350
	w12:	6·(x_1 ∈ |0..10|11 []) + 23·(x_2 ∈ |0..10|11 []) + 12·(x_3 ∈ |0..10|11 []) + 36·(x_4 ∈ |0..10|11 []) + 37·(x_5 ∈ |0..10|11 []) + 14·(x_6 ∈ |0..10|11 []) + 24·(x_7 ∈ |0..10|11 []) + 42·(x_8 ∈ |0..10|11 []) + 5·(x_9 ∈ |0..10|11 []) + 29·(x_10 ∈ |0..10|11 []) ≤ 1130
	w13:	26·(x_1 ∈ |0..10|11 []) + 9·(x_2 ∈ |0..10|11 []) + 16·(x_3 ∈ |0..10|11 []) + 29·(x_4 ∈ |0..10|11 []) + 28·(x_5 ∈ |0..10|11 []) + 38·(x_6 ∈ |0..10|11 []) + 45·(x_7 ∈ |0..10|11 []) + 38·(x_8 ∈ |0..10|11 []) + 43·(x_9 ∈ |0..10|11 []) + 12·(x_10 ∈ |0..10|11 []) ≤ 1400
	w14:	12·(x_1 ∈ |0..10|11 []) + 44·(x_2 ∈ |0..10|11 []) + 44·(x_3 ∈ |0..10|11 []) + 43·(x_4 ∈ |0..10|11 []) + 48·(x_5 ∈ |0..10|11 []) + 6·(x_6 ∈ |0..10|11 []) + 47·(x_7 ∈ |0..10|11 []) + 15·(x_8 ∈ |0..10|11 []) + 11·(x_9 ∈ |0..10|11 []) + 18·(x_10 ∈ |0..10|11 []) ≤ 1420
	w15:	31·(x_1 ∈ |0..10|11 []) + 30·(x_2 ∈ |0..10|11 []) + 17·(x_3 ∈ |0..10|11 []) + 48·(x_4 ∈ |0..10|11 []) + 48·(x_5 ∈ |0..10|11 []) + 19·(x_6 ∈ |0..10|11 []) + 39·(x_7 ∈ |0..10|11 []) + 11·(x_8 ∈ |0..10|11 []) + 31·(x_9 ∈ |0..10|11 []) + 3·(x_10 ∈ |0..10|11 []) ≤ 1370
	w16:	27·(x_1 ∈ |0..10|11 []) + 7·(x_2 ∈ |0..10|11 []) + 43·(x_3 ∈ |0..10|11 []) + 19·(x_4 ∈ |0..10|11 []) + 35·(x_5 ∈ |0..10|11 []) + 36·(x_6 ∈ |0..10|11 []) + 12·(x_7 ∈ |0..10|11 []) + 9·(x_8 ∈ |0..10|11 []) + 47·(x_9 ∈ |0..10|11 []) + 35·(x_10 ∈ |0..10|11 []) ≤ 1330
	w17:	4·(x_1 ∈ |0..10|11 []) + 4·(x_2 ∈ |0..10|11 []) + 4·(x_3 ∈ |0..10|11 []) + 15·(x_4 ∈ |0..10|11 []) + 36·(x_5 ∈ |0..10|11 []) + 23·(x_6 ∈ |0..10|11 []) + 44·(x_7 ∈ |0..10|11 []) + 12·(x_8 ∈ |0..10|11 []) + 23·(x_9 ∈ |0..10|11 []) + 15·(x_10 ∈ |0..10|11 []) ≤ 890
	w18:	36·(x_1 ∈ |0..10|11 []) + 29·(x_2 ∈ |0..10|11 []) + 5·(x_3 ∈ |0..10|11 []) + 33·(x_4 ∈ |0..10|11 []) + 37·(x_5 ∈ |0..10|11 []) + 23·(x_6 ∈ |0..10|11 []) + 43·(x_7 ∈ |0..10|11 []) + 9·(x_8 ∈ |0..10|11 []) + (x_9 ∈ |0..10|11 []) + 31·(x_10 ∈ |0..10|11 []) ≤ 1220
	w19:	19·(x_1 ∈ |0..10|11 []) + 46·(x_2 ∈ |0..10|11 []) + 28·(x_3 ∈ |0..10|11 []) + 8·(x_4 ∈ |0..10|11 []) + 14·(x_5 ∈ |0..10|11 []) + 15·(x_6 ∈ |0..10|11 []) + 15·(x_7 ∈ |0..10|11 []) + 36·(x_8 ∈ |0..10|11 []) + 32·(x_9 ∈ |0..10|11 []) + 3·(x_10 ∈ |0..10|11 []) ≤ 1070
	w20:	15·(x_1 ∈ |0..10|11 []) + 23·(x_2 ∈ |0..10|11 []) + 45·(x_3 ∈ |0..10|11 []) + 31·(x_4 ∈ |0..10|11 []) + 43·(x_5 ∈ |0..10|11 []) + 40·(x_6 ∈ |0..10|11 []) + 20·(x_7 ∈ |0..10|11 []) + 24·(x_8 ∈ |0..10|11 []) + 10·(x_9 ∈ |0..10|11 []) + 13·(x_10 ∈ |0..10|11 []) ≤ 1300
	w21:	15·(x_1 ∈ |0..10|11 []) + 23·(x_2 ∈ |0..10|11 []) + 48·(x_3 ∈ |0..10|11 []) + 36·(x_4 ∈ |0..10|11 []) + 3·(x_5 ∈ |0..10|11 []) + 15·(x_6 ∈ |0..10|11 []) + 34·(x_7 ∈ |0..10|11 []) + 34·(x_8 ∈ |0..10|11 []) + 32·(x_9 ∈ |0..10|11 []) + 41·(x_10 ∈ |0..10|11 []) ≤ 1390
	w22:	38·(x_1 ∈ |0..10|11 []) + 37·(x_2 ∈ |0..10|11 []) + 35·(x_3 ∈ |0..10|11 []) + 11·(x_4 ∈ |0..10|11 []) + 10·(x_5 ∈ |0..10|11 []) + (x_6 ∈ |0..10|11 []) + 27·(x_7 ∈ |0..10|11 []) + 47·(x_8 ∈ |0..10|11 []) + 35·(x_9 ∈ |0..10|11 []) + 20·(x_10 ∈ |0..10|11 []) ≤ 1290
	w23:	3·(x_1 ∈ |0..10|11 []) + 48·(x_2 ∈ |0..10|11 []) + 41·(x_3 ∈ |0..10|11 []) + 34·(x_4 ∈ |0..10|11 []) + 5·(x_5 ∈ |0..10|11 []) + 42·(x_6 ∈ |0..10|11 []) + 7·(x_7 ∈ |0..10|11 []) + 35·(x_8 ∈ |0..10|11 []) + 45·(x_9 ∈ |0..10|11 []) + 23·(x_10 ∈ |0..10|11 []) ≤ 1400
	w24:	42·(x_1 ∈ |0..10|11 []) + 27·(x_2 ∈ |0..10|11 []) + 39·(x_3 ∈ |0..10|11 []) + 48·(x_4 ∈ |0..10|11 []) + 37·(x_5 ∈ |0..10|11 []) + 26·(x_6 ∈ |0..10|11 []) + 47·(x_7 ∈ |0..10|11 []) + 27·(x_8 ∈ |0..10|11 []) + 7·(x_9 ∈ |0..10|11 []) + 46·(x_10 ∈ |0..10|11 []) ≤ 1710
	w25:	37·(x_1 ∈ |0..10|11 []) + 33·(x_2 ∈ |0..10|11 []) + 2·(x_3 ∈ |0..10|11 []) + 34·(x_4 ∈ |0..10|11 []) + 43·(x_5 ∈ |0..10|11 []) + 32·(x_6 ∈ |0..10|11 []) + 30·(x_7 ∈ |0..10|11 []) + 29·(x_8 ∈ |0..10|11 []) + 28·(x_9 ∈ |0..10|11 []) + 25·(x_10 ∈ |0..10|11 []) ≤ 1450
	w26:	35·(x_1 ∈ |0..10|11 []) + 48·(x_2 ∈ |0..10|11 []) + 39·(x_3 ∈ |0..10|11 []) + 22·(x_4 ∈ |0..10|11 []) + 3·(x_5 ∈ |0..10|11 []) + 45·(x_6 ∈ |0..10|11 []) + 2·(x_7 ∈ |0..10|11 []) + 7·(x_8 ∈ |0..10|11 []) + 24·(x_9 ∈ |0..10|11 []) + 45·(x_10 ∈ |0..10|11 []) ≤ 1330
	w27:	4·(x_1 ∈ |0..10|11 []) + 19·(x_2 ∈ |0..10|11 []) + 2·(x_3 ∈ |0..10|11 []) + 38·(x_4 ∈ |0..10|11 []) + 20·(x_5 ∈ |0..10|11 []) + 43·(x_6 ∈ |0..10|11 []) + 40·(x_7 ∈ |0..10|11 []) + 28·(x_8 ∈ |0..10|11 []) + 9·(x_9 ∈ |0..10|11 []) + 19·(x_10 ∈ |0..10|11 []) ≤ 1100
	w28:	41·(x_1 ∈ |0..10|11 []) + 11·(x_2 ∈ |0..10|11 []) + 15·(x_3 ∈ |0..10|11 []) + 13·(x_4 ∈ |0..10|11 []) + 12·(x_5 ∈ |0..10|11 []) + 12·(x_6 ∈ |0..10|11 []) + 39·(x_7 ∈ |0..10|11 []) + 20·(x_8 ∈ |0..10|11 []) + (x_9 ∈ |0..10|11 []) + 7·(x_10 ∈ |0..10|11 []) ≤ 840
	w29:	38·(x_1 ∈ |0..10|11 []) + 48·(x_2 ∈ |0..10|11 []) + 37·(x_3 ∈ |0..10|11 []) + 41·(x_4 ∈ |0..10|11 []) + 13·(x_5 ∈ |0..10|11 []) + 18·(x_6 ∈ |0..10|11 []) + 13·(x_7 ∈ |0..10|11 []) + 11·(x_8 ∈ |0..10|11 []) + 4·(x_9 ∈ |0..10|11 []) + 19·(x_10 ∈ |0..10|11 []) ≤ 1200
	w30:	14·(x_1 ∈ |0..10|11 []) + 33·(x_2 ∈ |0..10|11 []) + 27·(x_3 ∈ |0..10|11 []) + 17·(x_4 ∈ |0..10|11 []) + 10·(x_5 ∈ |0..10|11 []) + 24·(x_6 ∈ |0..10|11 []) + 37·(x_7 ∈ |0..10|11 []) + 38·(x_8 ∈ |0..10|11 []) + 21·(x_9 ∈ |0..10|11 []) + 46·(x_10 ∈ |0..10|11 []) ≤ 1320
	w31:	12·(x_1 ∈ |0..10|11 []) + 2·(x_2 ∈ |0..10|11 []) + 20·(x_3 ∈ |0..10|11 []) + 49·(x_4 ∈ |0..10|11 []) + 38·(x_5 ∈ |0..10|11 []) + 7·(x_6 ∈ |0..10|11 []) + 2·(x_7 ∈ |0..10|11 []) + 9·(x_8 ∈ |0..10|11 []) + 28·(x_9 ∈ |0..10|11 []) + 39·(x_10 ∈ |0..10|11 []) ≤ 1020
	w32:	4·(x_1 ∈ |0..10|11 []) + 41·(x_2 ∈ |0..10|11 []) + 34·(x_3 ∈ |0..10|11 []) + 45·(x_4 ∈ |0..10|11 []) + (x_5 ∈ |0..10|11 []) + 6·(x_6 ∈ |0..10|11 []) + 47·(x_7 ∈ |0..10|11 []) + 36·(x_8 ∈ |0..10|11 []) + 21·(x_9 ∈ |0..10|11 []) + 30·(x_10 ∈ |0..10|11 []) ≤ 1310
	w33:	19·(x_1 ∈ |0..10|11 []) + 47·(x_2 ∈ |0..10|11 []) + 24·(x_3 ∈ |0..10|11 []) + 4·(x_4 ∈ |0..10|11 []) + 43·(x_5 ∈ |0..10|11 []) + 9·(x_6 ∈ |0..10|11 []) + 49·(x_7 ∈ |0..10|11 []) + 11·(x_8 ∈ |0..10|11 []) + 17·(x_9 ∈ |0..10|11 []) + 7·(x_10 ∈ |0..10|11 []) ≤ 1140
	w34:	47·(x_1 ∈ |0..10|11 []) + 14·(x_2 ∈ |0..10|11 []) + 49·(x_3 ∈ |0..10|11 []) + 20·(x_4 ∈ |0..10|11 []) + 11·(x_5 ∈ |0..10|11 []) + 25·(x_6 ∈ |0..10|11 []) + 48·(x_7 ∈ |0..10|11 []) + 38·(x_8 ∈ |0..10|11 []) + 44·(x_9 ∈ |0..10|11 []) + 40·(x_10 ∈ |0..10|11 []) ≤ 1660
	w35:	24·(x_1 ∈ |0..10|11 []) + 4·(x_2 ∈ |0..10|11 []) + 3·(x_3 ∈ |0..10|11 []) + (x_4 ∈ |0..10|11 []) + 23·(x_5 ∈ |0..10|11 []) + 41·(x_6 ∈ |0..10|11 []) + 29·(x_7 ∈ |0..10|11 []) + 45·(x_8 ∈ |0..10|11 []) + 3·(x_9 ∈ |0..10|11 []) + 42·(x_10 ∈ |0..10|11 []) ≤ 1060
	w36:	15·(x_1 ∈ |0..10|11 []) + 42·(x_2 ∈ |0..10|11 []) + 2·(x_3 ∈ |0..10|11 []) + 33·(x_4 ∈ |0..10|11 []) + 47·(x_5 ∈ |0..10|11 []) + 3·(x_6 ∈ |0..10|11 []) + 46·(x_7 ∈ |0..10|11 []) + 19·(x_8 ∈ |0..10|11 []) + 6·(x_9 ∈ |0..10|11 []) + 5·(x_10 ∈ |0..10|11 []) ≤ 1080
	w37:	8·(x_1 ∈ |0..10|11 []) + 31·(x_2 ∈ |0..10|11 []) + 2·(x_3 ∈ |0..10|11 []) + 15·(x_4 ∈ |0..10|11 []) + 34·(x_5 ∈ |0..10|11 []) + 25·(x_6 ∈ |0..10|11 []) + 38·(x_7 ∈ |0..10|11 []) + 18·(x_8 ∈ |0..10|11 []) + 20·(x_9 ∈ |0..10|11 []) + 7·(x_10 ∈ |0..10|11 []) ≤ 980
	w38:	48·(x_1 ∈ |0..10|11 []) + 10·(x_2 ∈ |0..10|11 []) + 16·(x_3 ∈ |0..10|11 []) + 15·(x_4 ∈ |0..10|11 []) + (x_5 ∈ |0..10|11 []) + 24·(x_6 ∈ |0..10|11 []) + 34·(x_7 ∈ |0..10|11 []) + 38·(x_8 ∈ |0..10|11 []) + 45·(x_9 ∈ |0..10|11 []) + 31·(x_10 ∈ |0..10|11 []) ≤ 1290
	w39:	16·(x_1 ∈ |0..10|11 []) + 6·(x_2 ∈ |0..10|11 []) + 31·(x_3 ∈ |0..10|11 []) + 15·(x_4 ∈ |0..10|11 []) + 7·(x_5 ∈ |0..10|11 []) + 36·(x_6 ∈ |0..10|11 []) + 25·(x_7 ∈ |0..10|11 []) + 33·(x_8 ∈ |0..10|11 []) + 2·(x_9 ∈ |0..10|11 []) + 27·(x_10 ∈ |0..10|11 []) ≤ 980
	w40:	10·(x_1 ∈ |0..10|11 []) + (x_2 ∈ |0..10|11 []) + 38·(x_3 ∈ |0..10|11 []) + 27·(x_4 ∈ |0..10|11 []) + 40·(x_5 ∈ |0..10|11 []) + 44·(x_6 ∈ |0..10|11 []) + 10·(x_7 ∈ |0..10|11 []) + 7·(x_8 ∈ |0..10|11 []) + 31·(x_9 ∈ |0..10|11 []) + 37·(x_10 ∈ |0..10|11 []) ≤ 1210
	w41:	41·(x_1 ∈ |0..10|11 []) + (x_2 ∈ |0..10|11 []) + 26·(x_3 ∈ |0..10|11 []) + 39·(x_4 ∈ |0..10|11 []) + 11·(x_5 ∈ |0..10|11 []) + 12·(x_6 ∈ |0..10|11 []) + 32·(x_7 ∈ |0..10|11 []) + 42·(x_8 ∈ |0..10|11 []) + 29·(x_9 ∈ |0..10|11 []) + 9·(x_10 ∈ |0..10|11 []) ≤ 1200
	w42:	10·(x_1 ∈ |0..10|11 []) + 48·(x_2 ∈ |0..10|11 []) + 13·(x_3 ∈ |0..10|11 []) + 15·(x_4 ∈ |0..10|11 []) + 38·(x_5 ∈ |0..10|11 []) + 8·(x_6 ∈ |0..10|11 []) + 13·(x_7 ∈ |0..10|11 []) + 23·(x_8 ∈ |0..10|11 []) + 25·(x_9 ∈ |0..10|11 []) + 46·(x_10 ∈ |0..10|11 []) ≤ 1180
	w43:	8·(x_1 ∈ |0..10|11 []) + 5·(x_2 ∈ |0..10|11 []) + 45·(x_3 ∈ |0..10|11 []) + 28·(x_4 ∈ |0..10|11 []) + 7·(x_5 ∈ |0..10|11 []) + 49·(x_6 ∈ |0..10|11 []) + 42·(x_7 ∈ |0..10|11 []) + 21·(x_8 ∈ |0..10|11 []) + 13·(x_9 ∈ |0..10|11 []) + 12·(x_10 ∈ |0..10|11 []) ≤ 1140
	w44:	36·(x_1 ∈ |0..10|11 []) + 24·(x_2 ∈ |0..10|11 []) + 13·(x_3 ∈ |0..10|11 []) + 16·(x_4 ∈ |0..10|11 []) + 39·(x_5 ∈ |0..10|11 []) + 17·(x_6 ∈ |0..10|11 []) + 6·(x_7 ∈ |0..10|11 []) + 5·(x_8 ∈ |0..10|11 []) + 31·(x_9 ∈ |0..10|11 []) + 15·(x_10 ∈ |0..10|11 []) ≤ 1000
	w45:	10·(x_1 ∈ |0..10|11 []) + 14·(x_2 ∈ |0..10|11 []) + 18·(x_3 ∈ |0..10|11 []) + 9·(x_4 ∈ |0..10|11 []) + 41·(x_5 ∈ |0..10|11 []) + 4·(x_6 ∈ |0..10|11 []) + 37·(x_7 ∈ |0..10|11 []) + 25·(x_8 ∈ |0..10|11 []) + (x_9 ∈ |0..10|11 []) + 20·(x_10 ∈ |0..10|11 []) ≤ 880
	w46:	16·(x_1 ∈ |0..10|11 []) + 49·(x_2 ∈ |0..10|11 []) + 5·(x_3 ∈ |0..10|11 []) + (x_4 ∈ |0..10|11 []) + 12·(x_5 ∈ |0..10|11 []) + 13·(x_6 ∈ |0..10|11 []) + 14·(x_7 ∈ |0..10|11 []) + 3·(x_8 ∈ |0..10|11 []) + 48·(x_9 ∈ |0..10|11 []) + 42·(x_10 ∈ |0..10|11 []) ≤ 1000
	w47:	48·(x_1 ∈ |0..10|11 []) + 22·(x_2 ∈ |0..10|11 []) + 3·(x_3 ∈ |0..10|11 []) + 7·(x_4 ∈ |0..10|11 []) + 23·(x_5 ∈ |0..10|11 []) + 22·(x_6 ∈ |0..10|11 []) + 37·(x_7 ∈ |0..10|11 []) + 46·(x_8 ∈ |0..10|11 []) + 26·(x_9 ∈ |0..10|11 []) + 4·(x_10 ∈ |0..10|11 []) ≤ 1180
	w48:	12·(x_1 ∈ |0..10|11 []) + 10·(x_2 ∈ |0..10|11 []) + 32·(x_3 ∈ |0..10|11 []) + 7·(x_4 ∈ |0..10|11 []) + 49·(x_5 ∈ |0..10|11 []) + 13·(x_6 ∈ |0..10|11 []) + 9·(x_7 ∈ |0..10|11 []) + 3·(x_8 ∈ |0..10|11 []) + 38·(x_9 ∈ |0..10|11 []) + 34·(x_10 ∈ |0..10|11 []) ≤ 1020
	w49:	34·(x_1 ∈ |0..10|11 []) + 49·(x_2 ∈ |0..10|11 []) + 12·(x_3 ∈ |0..10|11 []) + 5·(x_4 ∈ |0..10|11 []) + 11·(x_5 ∈ |0..10|11 []) + 3·(x_6 ∈ |0..10|11 []) + 25·(x_7 ∈ |0..10|11 []) + 18·(x_8 ∈ |0..10|11 []) + 12·(x_9 ∈ |0..10|11 []) + 20·(x_10 ∈ |0..10|11 []) ≤ 930
	w50:	10·(x_1 ∈ |0..10|11 []) + 25·(x_2 ∈ |0..10|11 []) + 31·(x_3 ∈ |0..10|11 []) + 23·(x_4 ∈ |0..10|11 []) + 19·(x_5 ∈ |0..10|11 []) + 35·(x_6 ∈ |0..10|11 []) + 12·(x_7 ∈ |0..10|11 []) + 38·(x_8 ∈ |0..10|11 []) + 46·(x_9 ∈ |0..10|11 []) + 9·(x_10 ∈ |0..10|11 []) ≤ 1230
	w51:	46·(x_1 ∈ |0..10|11 []) + 31·(x_2 ∈ |0..10|11 []) + 21·(x_3 ∈ |0..10|11 []) + 37·(x_4 ∈ |0..10|11 []) + 29·(x_5 ∈ |0..10|11 []) + 18·(x_6 ∈ |0..10|11 []) + 19·(x_7 ∈ |0..10|11 []) + 6·(x_8 ∈ |0..10|11 []) + 2·(x_9 ∈ |0..10|11 []) + 14·(x_10 ∈ |0..10|11 []) ≤ 1100
	w52:	5·(x_1 ∈ |0..10|11 []) + 23·(x_2 ∈ |0..10|11 []) + 30·(x_3 ∈ |0..10|11 []) + 9·(x_4 ∈ |0..10|11 []) + 48·(x_5 ∈ |0..10|11 []) + 21·(x_6 ∈ |0..10|11 []) + 34·(x_7 ∈ |0..10|11 []) + 2·(x_8 ∈ |0..10|11 []) + 29·(x_9 ∈ |0..10|11 []) + 11·(x_10 ∈ |0..10|11 []) ≤ 1050
	w53:	13·(x_1 ∈ |0..10|11 []) + 37·(x_2 ∈ |0..10|11 []) + 49·(x_3 ∈ |0..10|11 []) + 35·(x_4 ∈ |0..10|11 []) + 8·(x_5 ∈ |0..10|11 []) + 45·(x_6 ∈ |0..10|11 []) + 5·(x_7 ∈ |0..10|11 []) + 43·(x_8 ∈ |0..10|11 []) + 47·(x_9 ∈ |0..10|11 []) + 22·(x_10 ∈ |0..10|11 []) ≤ 1500
	w54:	11·(x_1 ∈ |0..10|11 []) + 42·(x_2 ∈ |0..10|11 []) + 43·(x_3 ∈ |0..10|11 []) + 44·(x_4 ∈ |0..10|11 []) + 40·(x_5 ∈ |0..10|11 []) + 42·(x_6 ∈ |0..10|11 []) + 8·(x_7 ∈ |0..10|11 []) + 18·(x_8 ∈ |0..10|11 []) + 11·(x_9 ∈ |0..10|11 []) + 39·(x_10 ∈ |0..10|11 []) ≤ 1470
	w55:	12·(x_1 ∈ |0..10|11 []) + 12·(x_2 ∈ |0..10|11 []) + 27·(x_3 ∈ |0..10|11 []) + 37·(x_4 ∈ |0..10|11 []) + (x_5 ∈ |0..10|11 []) + 35·(x_6 ∈ |0..10|11 []) + 17·(x_7 ∈ |0..10|11 []) + 31·(x_8 ∈ |0..10|11 []) + (x_9 ∈ |0..10|11 []) + 6·(x_10 ∈ |0..10|11 []) ≤ 880
	w56:	42·(x_1 ∈ |0..10|11 []) + 16·(x_2 ∈ |0..10|11 []) + 9·(x_3 ∈ |0..10|11 []) + 12·(x_4 ∈ |0..10|11 []) + 38·(x_5 ∈ |0..10|11 []) + 9·(x_6 ∈ |0..10|11 []) + 18·(x_7 ∈ |0..10|11 []) + 12·(x_8 ∈ |0..10|11 []) + 42·(x_9 ∈ |0..10|11 []) + 23·(x_10 ∈ |0..10|11 []) ≤ 1090
	w57:	31·(x_1 ∈ |0..10|11 []) + 44·(x_2 ∈ |0..10|11 []) + 37·(x_3 ∈ |0..10|11 []) + 34·(x_4 ∈ |0..10|11 []) + 35·(x_5 ∈ |0..10|11 []) + 37·(x_6 ∈ |0..10|11 []) + 48·(x_7 ∈ |0..10|11 []) + 41·(x_8 ∈ |0..10|11 []) + 23·(x_9 ∈ |0..10|11 []) + 3·(x_10 ∈ |0..10|11 []) ≤ 1650
	w58:	34·(x_1 ∈ |0..10|11 []) + 35·(x_2 ∈ |0..10|11 []) + 5·(x_3 ∈ |0..10|11 []) + 40·(x_4 ∈ |0..10|11 []) + 47·(x_5 ∈ |0..10|11 []) + 36·(x_6 ∈ |0..10|11 []) + 9·(x_7 ∈ |0..10|11 []) + 44·(x_8 ∈ |0..10|11 []) + 45·(x_9 ∈ |0..10|11 []) + 15·(x_10 ∈ |0..10|11 []) ≤ 1530
	w59:	37·(x_1 ∈ |0..10|11 []) + 31·(x_2 ∈ |0..10|11 []) + 45·(x_3 ∈ |0..10|11 []) + 2·(x_4 ∈ |0..10|11 []) + 48·(x_5 ∈ |0..10|11 []) + 46·(x_6 ∈ |0..10|11 []) + 47·(x_7 ∈ |0..10|11 []) + 26·(x_8 ∈ |0..10|11 []) + 4·(x_9 ∈ |0..10|11 []) + 31·(x_10 ∈ |0..10|11 []) ≤ 1570
	w60:	4·(x_1 ∈ |0..10|11 []) + 9·(x_2 ∈ |0..10|11 []) + 13·(x_3 ∈ |0..10|11 []) + 37·(x_4 ∈ |0..10|11 []) + 42·(x_5 ∈ |0..10|11 []) + 16·(x_6 ∈ |0..10|11 []) + 37·(x_7 ∈ |0..10|11 []) + 6·(x_8 ∈ |0..10|11 []) + 33·(x_9 ∈ |0..10|11 []) + 11·(x_10 ∈ |0..10|11 []) ≤ 1030
	w61:	36·(x_1 ∈ |0..10|11 []) + 13·(x_2 ∈ |0..10|11 []) + 6·(x_3 ∈ |0..10|11 []) + 25·(x_4 ∈ |0..10|11 []) + 37·(x_5 ∈ |0..10|11 []) + 19·(x_6 ∈ |0..10|11 []) + (x_7 ∈ |0..10|11 []) + 38·(x_8 ∈ |0..10|11 []) + 17·(x_9 ∈ |0..10|11 []) + (x_10 ∈ |0..10|11 []) ≤ 950
	w62:	19·(x_1 ∈ |0..10|11 []) + 41·(x_2 ∈ |0..10|11 []) + 10·(x_3 ∈ |0..10|11 []) + 4·(x_4 ∈ |0..10|11 []) + 30·(x_5 ∈ |0..10|11 []) + 49·(x_6 ∈ |0..10|11 []) + 2·(x_7 ∈ |0..10|11 []) + 19·(x_8 ∈ |0..10|11 []) + 5·(x_9 ∈ |0..10|11 []) + 29·(x_10 ∈ |0..10|11 []) ≤ 1030
	w63:	22·(x_1 ∈ |0..10|11 []) + 24·(x_2 ∈ |0..10|11 []) + 49·(x_3 ∈ |0..10|11 []) + 38·(x_4 ∈ |0..10|11 []) + 25·(x_5 ∈ |0..10|11 []) + 14·(x_6 ∈ |0..10|11 []) + 47·(x_7 ∈ |0..10|11 []) + 48·(x_8 ∈ |0..10|11 []) + 19·(x_9 ∈ |0..10|11 []) + 45·(x_10 ∈ |0..10|11 []) ≤ 1640
	w64:	6·(x_1 ∈ |0..10|11 []) + 15·(x_2 ∈ |0..10|11 []) + 25·(x_3 ∈ |0..10|11 []) + 15·(x_4 ∈ |0..10|11 []) + 33·(x_5 ∈ |0..10|11 []) + 4·(x_6 ∈ |0..10|11 []) + 14·(x_7 ∈ |0..10|11 []) + 37·(x_8 ∈ |0..10|11 []) + 37·(x_9 ∈ |0..10|11 []) + 47·(x_10 ∈ |0..10|11 []) ≤ 1150
	w65:	(x_1 ∈ |0..10|11 []) + 46·(x_2 ∈ |0..10|11 []) + 27·(x_3 ∈ |0..10|11 []) + 23·(x_4 ∈ |0..10|11 []) + 39·(x_5 ∈ |0..10|11 []) + 18·(x_6 ∈ |0..10|11 []) + 12·(x_7 ∈ |0..10|11 []) + 5·(x_8 ∈ |0..10|11 []) + 23·(x_9 ∈ |0..10|11 []) + 43·(x_10 ∈ |0..10|11 []) ≤ 1170
	w66:	7·(x_1 ∈ |0..10|11 []) + 33·(x_2 ∈ |0..10|11 []) + 20·(x_3 ∈ |0..10|11 []) + 26·(x_4 ∈ |0..10|11 []) + 33·(x_5 ∈ |0..10|11 []) + 31·(x_6 ∈ |0..10|11 []) + 4·(x_7 ∈ |0..10|11 []) + 32·(x_8 ∈ |0..10|11 []) + 31·(x_9 ∈ |0..10|11 []) + 28·(x_10 ∈ |0..10|11 []) ≤ 1210
	w67:	39·(x_1 ∈ |0..10|11 []) + 30·(x_2 ∈ |0..10|11 []) + (x_3 ∈ |0..10|11 []) + 12·(x_4 ∈ |0..10|11 []) + 8·(x_5 ∈ |0..10|11 []) + 31·(x_6 ∈ |0..10|11 []) + 47·(x_7 ∈ |0..10|11 []) + 17·(x_8 ∈ |0..10|11 []) + 31·(x_9 ∈ |0..10|11 []) + 44·(x_10 ∈ |0..10|11 []) ≤ 1280
	w68:	38·(x_1 ∈ |0..10|11 []) + 17·(x_2 ∈ |0..10|11 []) + 26·(x_3 ∈ |0..10|11 []) + 45·(x_4 ∈ |0..10|11 []) + 27·(x_5 ∈ |0..10|11 []) + 8·(x_6 ∈ |0..10|11 []) + 44·(x_7 ∈ |0..10|11 []) + 8·(x_8 ∈ |0..10|11 []) + 17·(x_9 ∈ |0..10|11 []) + 17·(x_10 ∈ |0..10|11 []) ≤ 1220
	w69:	40·(x_1 ∈ |0..10|11 []) + 2·(x_2 ∈ |0..10|11 []) + 30·(x_3 ∈ |0..10|11 []) + 25·(x_4 ∈ |0..10|11 []) + 9·(x_5 ∈ |0..10|11 []) + 48·(x_6 ∈ |0..10|11 []) + 38·(x_7 ∈ |0..10|11 []) + 37·(x_8 ∈ |0..10|11 []) + 46·(x_9 ∈ |0..10|11 []) + 10·(x_10 ∈ |0..10|11 []) ≤ 1410
	w70:	43·(x_1 ∈ |0..10|11 []) + 33·(x_2 ∈ |0..10|11 []) + 2·(x_3 ∈ |0..10|11 []) + 22·(x_4 ∈ |0..10|11 []) + 38·(x_5 ∈ |0..10|11 []) + 40·(x_6 ∈ |0..10|11 []) + 9·(x_7 ∈ |0..10|11 []) + 19·(x_8 ∈ |0..10|11 []) + 29·(x_9 ∈ |0..10|11 []) + 44·(x_10 ∈ |0..10|11 []) ≤ 1380
	w71:	24·(x_1 ∈ |0..10|11 []) + 29·(x_2 ∈ |0..10|11 []) + 18·(x_3 ∈ |0..10|11 []) + 6·(x_4 ∈ |0..10|11 []) + (x_5 ∈ |0..10|11 []) + 45·(x_6 ∈ |0..10|11 []) + 20·(x_7 ∈ |0..10|11 []) + 40·(x_8 ∈ |0..10|11 []) + 29·(x_9 ∈ |0..10|11 []) + 11·(x_10 ∈ |0..10|11 []) ≤ 1100
	w72:	28·(x_1 ∈ |0..10|11 []) + 9·(x_2 ∈ |0..10|11 []) + 27·(x_3 ∈ |0..10|11 []) + 48·(x_4 ∈ |0..10|11 []) + 6·(x_5 ∈ |0..10|11 []) + 23·(x_6 ∈ |0..10|11 []) + 40·(x_7 ∈ |0..10|11 []) + 48·(x_8 ∈ |0..10|11 []) + 37·(x_9 ∈ |0..10|11 []) + 23·(x_10 ∈ |0..10|11 []) ≤ 1430
	w73:	38·(x_1 ∈ |0..10|11 []) + 18·(x_2 ∈ |0..10|11 []) + 19·(x_3 ∈ |0..10|11 []) + 20·(x_4 ∈ |0..10|11 []) + 33·(x_5 ∈ |0..10|11 []) + 8·(x_6 ∈ |0..10|11 []) + 10·(x_7 ∈ |0..10|11 []) + 19·(x_8 ∈ |0..10|11 []) + 36·(x_9 ∈ |0..10|11 []) + 9·(x_10 ∈ |0..10|11 []) ≤ 1040
	w74:	46·(x_1 ∈ |0..10|11 []) + 33·(x_2 ∈ |0..10|11 []) + 21·(x_3 ∈ |0..10|11 []) + 44·(x_4 ∈ |0..10|11 []) + 36·(x_5 ∈ |0..10|11 []) + 24·(x_6 ∈ |0..10|11 []) + 43·(x_7 ∈ |0..10|11 []) + 8·(x_8 ∈ |0..10|11 []) + 47·(x_9 ∈ |0..10|11 []) + 48·(x_10 ∈ |0..10|11 []) ≤ 1730
	w75:	34·(x_1 ∈ |0..10|11 []) + 3·(x_2 ∈ |0..10|11 []) + 49·(x_3 ∈ |0..10|11 []) + 5·(x_4 ∈ |0..10|11 []) + 37·(x_5 ∈ |0..10|11 []) + 16·(x_6 ∈ |0..10|11 []) + 20·(x_7 ∈ |0..10|11 []) + 18·(x_8 ∈ |0..10|11 []) + 7·(x_9 ∈ |0..10|11 []) + 23·(x_10 ∈ |0..10|11 []) ≤ 1050
	w76:	38·(x_1 ∈ |0..10|11 []) + 26·(x_2 ∈ |0..10|11 []) + 25·(x_3 ∈ |0..10|11 []) + 25·(x_4 ∈ |0..10|11 []) + 6·(x_5 ∈ |0..10|11 []) + 30·(x_6 ∈ |0..10|11 []) + 40·(x_7 ∈ |0..10|11 []) + 6·(x_8 ∈ |0..10|11 []) + 44·(x_9 ∈ |0..10|11 []) + 23·(x_10 ∈ |0..10|11 []) ≤ 1300
	w77:	15·(x_1 ∈ |0..10|11 []) + 44·(x_2 ∈ |0..10|11 []) + 30·(x_3 ∈ |0..10|11 []) + 49·(x_4 ∈ |0..10|11 []) + 14·(x_5 ∈ |0..10|11 []) + 39·(x_6 ∈ |0..10|11 []) + 16·(x_7 ∈ |0..10|11 []) + 27·(x_8 ∈ |0..10|11 []) + 32·(x_9 ∈ |0..10|11 []) + 49·(x_10 ∈ |0..10|11 []) ≤ 1560
	w78:	10·(x_1 ∈ |0..10|11 []) + 20·(x_2 ∈ |0..10|11 []) + 18·(x_3 ∈ |0..10|11 []) + 13·(x_4 ∈ |0..10|11 []) + 14·(x_5 ∈ |0..10|11 []) + 36·(x_6 ∈ |0..10|11 []) + 36·(x_7 ∈ |0..10|11 []) + 44·(x_8 ∈ |0..10|11 []) + 14·(x_9 ∈ |0..10|11 []) + 19·(x_10 ∈ |0..10|11 []) ≤ 1110
	w79:	15·(x_1 ∈ |0..10|11 []) + 15·(x_2 ∈ |0..10|11 []) + 14·(x_3 ∈ |0..10|11 []) + 36·(x_4 ∈ |0..10|11 []) + 11·(x_5 ∈ |0..10|11 []) + 10·(x_6 ∈ |0..10|11 []) + 45·(x_7 ∈ |0..10|11 []) + 16·(x_8 ∈ |0..10|11 []) + 48·(x_9 ∈ |0..10|11 []) + 42·(x_10 ∈ |0..10|11 []) ≤ 1240
	w80:	47·(x_1 ∈ |0..10|11 []) + 32·(x_2 ∈ |0..10|11 []) + 26·(x_3 ∈ |0..10|11 []) + 25·(x_4 ∈ |0..10|11 []) + 11·(x_5 ∈ |0..10|11 []) + 41·(x_6 ∈ |0..10|11 []) + 9·(x_7 ∈ |0..10|11 []) + 35·(x_8 ∈ |0..10|11 []) + 37·(x_9 ∈ |0..10|11 []) + 10·(x_10 ∈ |0..10|11 []) ≤ 1350
	w81:	3·(x_1 ∈ |0..10|11 []) + 22·(x_2 ∈ |0..10|11 []) + 46·(x_3 ∈ |0..10|11 []) + 22·(x_4 ∈ |0..10|11 []) + 36·(x_5 ∈ |0..10|11 []) + 22·(x_6 ∈ |0..10|11 []) + 10·(x_7 ∈ |0..10|11 []) + 44·(x_8 ∈ |0..10|11 []) + 10·(x_9 ∈ |0..10|11 []) + 10·(x_10 ∈ |0..10|11 []) ≤ 1110
	w82:	12·(x_1 ∈ |0..10|11 []) + 9·(x_2 ∈ |0..10|11 []) + 29·(x_3 ∈ |0..10|11 []) + 7·(x_4 ∈ |0..10|11 []) + (x_5 ∈ |0..10|11 []) + 13·(x_6 ∈ |0..10|11 []) + 43·(x_7 ∈ |0..10|11 []) + 33·(x_8 ∈ |0..10|11 []) + 25·(x_9 ∈ |0..10|11 []) + 2·(x_10 ∈ |0..10|11 []) ≤ 860
	w83:	36·(x_1 ∈ |0..10|11 []) + 33·(x_2 ∈ |0..10|11 []) + 26·(x_3 ∈ |0..10|11 []) + 38·(x_4 ∈ |0..10|11 []) + 39·(x_5 ∈ |0..10|11 []) + 24·(x_6 ∈ |0..10|11 []) + 5·(x_7 ∈ |0..10|11 []) + 22·(x_8 ∈ |0..10|11 []) + 33·(x_9 ∈ |0..10|11 []) + 46·(x_10 ∈ |0..10|11 []) ≤ 1490
	w84:	12·(x_1 ∈ |0..10|11 []) + 25·(x_2 ∈ |0..10|11 []) + 29·(x_3 ∈ |0..10|11 []) + 27·(x_4 ∈ |0..10|11 []) + (x_5 ∈ |0..10|11 []) + 3·(x_6 ∈ |0..10|11 []) + 43·(x_7 ∈ |0..10|11 []) + 41·(x_8 ∈ |0..10|11 []) + 43·(x_9 ∈ |0..10|11 []) + 39·(x_10 ∈ |0..10|11 []) ≤ 1300
	w85:	48·(x_1 ∈ |0..10|11 []) + 2·(x_2 ∈ |0..10|11 []) + 14·(x_3 ∈ |0..10|11 []) + 46·(x_4 ∈ |0..10|11 []) + 38·(x_5 ∈ |0..10|11 []) + 30·(x_6 ∈ |0..10|11 []) + 47·(x_7 ∈ |0..10|11 []) + 12·(x_8 ∈ |0..10|11 []) + 26·(x_9 ∈ |0..10|11 []) + 25·(x_10 ∈ |0..10|11 []) ≤ 1420
	w86:	43·(x_1 ∈ |0..10|11 []) + 7·(x_2 ∈ |0..10|11 []) + 16·(x_3 ∈ |0..10|11 []) + 36·(x_4 ∈ |0..10|11 []) + 28·(x_5 ∈ |0..10|11 []) + 6·(x_6 ∈ |0..10|11 []) + 40·(x_7 ∈ |0..10|11 []) + 5·(x_8 ∈ |0..10|11 []) + 43·(x_9 ∈ |0..10|11 []) + 30·(x_10 ∈ |0..10|11 []) ≤ 1250
	w87:	20·(x_1 ∈ |0..10|11 []) + 3·(x_2 ∈ |0..10|11 []) + 29·(x_3 ∈ |0..10|11 []) + 45·(x_4 ∈ |0..10|11 []) + 41·(x_5 ∈ |0..10|11 []) + 49·(x_6 ∈ |0..10|11 []) + 9·(x_7 ∈ |0..10|11 []) + 30·(x_8 ∈ |0..10|11 []) + 7·(x_9 ∈ |0..10|11 []) + 49·(x_10 ∈ |0..10|11 []) ≤ 1390
	w88:	5·(x_1 ∈ |0..10|11 []) + 48·(x_2 ∈ |0..10|11 []) + 41·(x_3 ∈ |0..10|11 []) + 22·(x_4 ∈ |0..10|11 []) + 39·(x_5 ∈ |0..10|11 []) + 32·(x_6 ∈ |0..10|11 []) + 28·(x_7 ∈ |0..10|11 []) + 2·(x_8 ∈ |0..10|11 []) + 24·(x_9 ∈ |0..10|11 []) + 15·(x_10 ∈ |0..10|11 []) ≤ 1260
	w89:	47·(x_1 ∈ |0..10|11 []) + 20·(x_2 ∈ |0..10|11 []) + 15·(x_3 ∈ |0..10|11 []) + 28·(x_4 ∈ |0..10|11 []) + 40·(x_5 ∈ |0..10|11 []) + 29·(x_6 ∈ |0..10|11 []) + 5·(x_7 ∈ |0..10|11 []) + 49·(x_8 ∈ |0..10|11 []) + 6·(x_9 ∈ |0..10|11 []) + 46·(x_10 ∈ |0..10|11 []) ≤ 1410
	w90:	27·(x_1 ∈ |0..10|11 []) + 2·(x_2 ∈ |0..10|11 []) + 44·(x_3 ∈ |0..10|11 []) + 4·(x_4 ∈ |0..10|11 []) + 26·(x_5 ∈ |0..10|11 []) + 44·(x_6 ∈ |0..10|11 []) + 41·(x_7 ∈ |0..10|11 []) + 21·(x_8 ∈ |0..10|11 []) + 22·(x_9 ∈ |0..10|11 []) + 28·(x_10 ∈ |0..10|11 []) ≤ 1280
	w91:	19·(x_1 ∈ |0..10|11 []) + 5·(x_2 ∈ |0..10|11 []) + 47·(x_3 ∈ |0..10|11 []) + 24·(x_4 ∈ |0..10|11 []) + 24·(x_5 ∈ |0..10|11 []) + 42·(x_6 ∈ |0..10|11 []) + (x_7 ∈ |0..10|11 []) + 39·(x_8 ∈ |0..10|11 []) + 35·(x_9 ∈ |0..10|11 []) + 47·(x_10 ∈ |0..10|11 []) ≤ 1400
	w92:	20·(x_1 ∈ |0..10|11 []) + 30·(x_2 ∈ |0..10|11 []) + 12·(x_3 ∈ |0..10|11 []) + 18·(x_4 ∈ |0..10|11 []) + 44·(x_5 ∈ |0..10|11 []) + 12·(x_6 ∈ |0..10|11 []) + 46·(x_7 ∈ |0..10|11 []) + 41·(x_8 ∈ |0..10|11 []) + 37·(x_9 ∈ |0..10|11 []) + 18·(x_10 ∈ |0..10|11 []) ≤ 1370
	w93:	20·(x_1 ∈ |0..10|11 []) + 45·(x_2 ∈ |0..10|11 []) + 47·(x_3 ∈ |0..10|11 []) + 34·(x_4 ∈ |0..10|11 []) + 11·(x_5 ∈ |0..10|11 []) + 45·(x_6 ∈ |0..10|11 []) + 33·(x_7 ∈ |0..10|11 []) + 49·(x_8 ∈ |0..10|11 []) + 45·(x_9 ∈ |0..10|11 []) + 30·(x_10 ∈ |0..10|11 []) ≤ 1780
	w94:	39·(x_1 ∈ |0..10|11 []) + 47·(x_2 ∈ |0..10|11 []) + 29·(x_3 ∈ |0..10|11 []) + 16·(x_4 ∈ |0..10|11 []) + 24·(x_5 ∈ |0..10|11 []) + 2·(x_6 ∈ |0..10|11 []) + 39·(x_7 ∈ |0..10|11 []) + 6·(x_8 ∈ |0..10|11 []) + 3·(x_9 ∈ |0..10|11 []) + 28·(x_10 ∈ |0..10|11 []) ≤ 1150
	w95:	4·(x_1 ∈ |0..10|11 []) + 8·(x_2 ∈ |0..10|11 []) + 42·(x_3 ∈ |0..10|11 []) + 5·(x_4 ∈ |0..10|11 []) + 45·(x_5 ∈ |0..10|11 []) + 48·(x_6 ∈ |0..10|11 []) + 46·(x_7 ∈ |0..10|11 []) + 7·(x_8 ∈ |0..10|11 []) + 17·(x_9 ∈ |0..10|11 []) + 13·(x_10 ∈ |0..10|11 []) ≤ 1160
	w96:	34·(x_1 ∈ |0..10|11 []) + 28·(x_2 ∈ |0..10|11 []) + 17·(x_3 ∈ |0..10|11 []) + 39·(x_4 ∈ |0..10|11 []) + 16·(x_5 ∈ |0..10|11 []) + 38·(x_6 ∈ |0..10|11 []) + 41·(x_7 ∈ |0..10|11 []) + 49·(x_8 ∈ |0..10|11 []) + 17·(x_9 ∈ |0..10|11 []) + 37·(x_10 ∈ |0..10|11 []) ≤ 1560
	w97:	3·(x_1 ∈ |0..10|11 []) + 36·(x_2 ∈ |0..10|11 []) + 4·(x_3 ∈ |0..10|11 []) + 40·(x_4 ∈ |0..10|11 []) + 28·(x_5 ∈ |0..10|11 []) + 38·(x_6 ∈ |0..10|11 []) + 11·(x_7 ∈ |0..10|11 []) + 22·(x_8 ∈ |0..10|11 []) + (x_9 ∈ |0..10|11 []) + 11·(x_10 ∈ |0..10|11 []) ≤ 960
	w98:	27·(x_1 ∈ |0..10|11 []) + 20·(x_2 ∈ |0..10|11 []) + 4·(x_3 ∈ |0..10|11 []) + 13·(x_4 ∈ |0..10|11 []) + 8·(x_5 ∈ |0..10|11 []) + 4·(x_6 ∈ |0..10|11 []) + 17·(x_7 ∈ |0..10|11 []) + 23·(x_8 ∈ |0..10|11 []) + 14·(x_9 ∈ |0..10|11 []) + 13·(x_10 ∈ |0..10|11 []) ≤ 700
	w99:	23·(x_1 ∈ |0..10|11 []) + 4·(x_2 ∈ |0..10|11 []) + 13·(x_3 ∈ |0..10|11 []) + 30·(x_4 ∈ |0..10|11 []) + 11·(x_5 ∈ |0..10|11 []) + 10·(x_6 ∈ |0..10|11 []) + 25·(x_7 ∈ |0..10|11 []) + (x_8 ∈ |0..10|11 []) + 14·(x_9 ∈ |0..10|11 []) + 40·(x_10 ∈ |0..10|11 []) ≤ 840
	w100:	32·(x_1 ∈ |0..10|11 []) + 43·(x_2 ∈ |0..10|11 []) + 22·(x_3 ∈ |0..10|11 []) + 20·(x_4 ∈ |0..10|11 []) + 48·(x_5 ∈ |0..10|11 []) + 45·(x_6 ∈ |0..10|11 []) + 21·(x_7 ∈ |0..10|11 []) + 17·(x_8 ∈ |0..10|11 []) + 2·(x_9 ∈ |0..10|11 []) + 30·(x_10 ∈ |0..10|11 []) ≤ 1380
	w101:	39·(x_1 ∈ |0..10|11 []) + 47·(x_2 ∈ |0..10|11 []) + 16·(x_3 ∈ |0..10|11 []) + 15·(x_4 ∈ |0..10|11 []) + 36·(x_5 ∈ |0..10|11 []) + 18·(x_6 ∈ |0..10|11 []) + 45·(x_7 ∈ |0..10|11 []) + 18·(x_8 ∈ |0..10|11 []) + 34·(x_9 ∈ |0..10|11 []) + 8·(x_10 ∈ |0..10|11 []) ≤ 1360
	w102:	33·(x_1 ∈ |0..10|11 []) + 2·(x_2 ∈ |0..10|11 []) + 34·(x_3 ∈ |0..10|11 []) + (x_4 ∈ |0..10|11 []) + 20·(x_5 ∈ |0..10|11 []) + 36·(x_6 ∈ |0..10|11 []) + 44·(x_7 ∈ |0..10|11 []) + 11·(x_8 ∈ |0..10|11 []) + 17·(x_9 ∈ |0..10|11 []) + 32·(x_10 ∈ |0..10|11 []) ≤ 1140
	w103:	48·(x_1 ∈ |0..10|11 []) + 7·(x_2 ∈ |0..10|11 []) + (x_3 ∈ |0..10|11 []) + 47·(x_4 ∈ |0..10|11 []) + 12·(x_5 ∈ |0..10|11 []) + 6·(x_6 ∈ |0..10|11 []) + 38·(x_7 ∈ |0..10|11 []) + 29·(x_8 ∈ |0..10|11 []) + 14·(x_9 ∈ |0..10|11 []) + 38·(x_10 ∈ |0..10|11 []) ≤ 1190
	w104:	16·(x_1 ∈ |0..10|11 []) + 49·(x_2 ∈ |0..10|11 []) + 45·(x_3 ∈ |0..10|11 []) + 13·(x_4 ∈ |0..10|11 []) + 5·(x_5 ∈ |0..10|11 []) + 36·(x_6 ∈ |0..10|11 []) + 19·(x_7 ∈ |0..10|11 []) + 43·(x_8 ∈ |0..10|11 []) + 29·(x_9 ∈ |0..10|11 []) + 13·(x_10 ∈ |0..10|11 []) ≤ 1320
	w105:	48·(x_1 ∈ |0..10|11 []) + 8·(x_2 ∈ |0..10|11 []) + 10·(x_3 ∈ |0..10|11 []) + 33·(x_4 ∈ |0..10|11 []) + 3·(x_5 ∈ |0..10|11 []) + 38·(x_6 ∈ |0..10|11 []) + 44·(x_7 ∈ |0..10|11 []) + 21·(x_8 ∈ |0..10|11 []) + 26·(x_9 ∈ |0..10|11 []) + 10·(x_10 ∈ |0..10|11 []) ≤ 1190
	w106:	9·(x_1 ∈ |0..10|11 []) + (x_2 ∈ |0..10|11 []) + 30·(x_3 ∈ |0..10|11 []) + 25·(x_4 ∈ |0..10|11 []) + 13·(x_5 ∈ |0..10|11 []) + 37·(x_6 ∈ |0..10|11 []) + 43·(x_7 ∈ |0..10|11 []) + 8·(x_8 ∈ |0..10|11 []) + 7·(x_9 ∈ |0..10|11 []) + 24·(x_10 ∈ |0..10|11 []) ≤ 970
	w107:	15·(x_1 ∈ |0..10|11 []) + 6·(x_2 ∈ |0..10|11 []) + 20·(x_3 ∈ |0..10|11 []) + 11·(x_4 ∈ |0..10|11 []) + 3·(x_5 ∈ |0..10|11 []) + 46·(x_6 ∈ |0..10|11 []) + 5·(x_7 ∈ |0..10|11 []) + 38·(x_8 ∈ |0..10|11 []) + 16·(x_9 ∈ |0..10|11 []) + 36·(x_10 ∈ |0..10|11 []) ≤ 970
	w108:	6·(x_1 ∈ |0..10|11 []) + 46·(x_2 ∈ |0..10|11 []) + 4·(x_3 ∈ |0..10|11 []) + 48·(x_4 ∈ |0..10|11 []) + 21·(x_5 ∈ |0..10|11 []) + 33·(x_6 ∈ |0..10|11 []) + 49·(x_7 ∈ |0..10|11 []) + 2·(x_8 ∈ |0..10|11 []) + 41·(x_9 ∈ |0..10|11 []) + 41·(x_10 ∈ |0..10|11 []) ≤ 1440
	w109:	14·(x_1 ∈ |0..10|11 []) + (x_2 ∈ |0..10|11 []) + 4·(x_3 ∈ |0..10|11 []) + 6·(x_4 ∈ |0..10|11 []) + 42·(x_5 ∈ |0..10|11 []) + 46·(x_6 ∈ |0..10|11 []) + 23·(x_7 ∈ |0..10|11 []) + 30·(x_8 ∈ |0..10|11 []) + 33·(x_9 ∈ |0..10|11 []) + 14·(x_10 ∈ |0..10|11 []) ≤ 1050
	w110:	14·(x_1 ∈ |0..10|11 []) + 29·(x_2 ∈ |0..10|11 []) + 39·(x_3 ∈ |0..10|11 []) + 46·(x_4 ∈ |0..10|11 []) + 7·(x_5 ∈ |0..10|11 []) + 42·(x_6 ∈ |0..10|11 []) + 38·(x_7 ∈ |0..10|11 []) + 14·(x_8 ∈ |0..10|11 []) + 32·(x_9 ∈ |0..10|11 []) + 28·(x_10 ∈ |0..10|11 []) ≤ 1430
	w111:	48·(x_1 ∈ |0..10|11 []) + 36·(x_2 ∈ |0..10|11 []) + 37·(x_3 ∈ |0..10|11 []) + 23·(x_4 ∈ |0..10|11 []) + 42·(x_5 ∈ |0..10|11 []) + 46·(x_6 ∈ |0..10|11 []) + 19·(x_7 ∈ |0..10|11 []) + 20·(x_8 ∈ |0..10|11 []) + 2·(x_9 ∈ |0..10|11 []) + 19·(x_10 ∈ |0..10|11 []) ≤ 1440
	w112:	32·(x_1 ∈ |0..10|11 []) + 30·(x_2 ∈ |0..10|11 []) + 33·(x_3 ∈ |0..10|11 []) + 35·(x_4 ∈ |0..10|11 []) + 28·(x_5 ∈ |0..10|11 []) + 44·(x_6 ∈ |0..10|11 []) + 7·(x_7 ∈ |0..10|11 []) + 26·(x_8 ∈ |0..10|11 []) + 18·(x_9 ∈ |0..10|11 []) + 34·(x_10 ∈ |0..10|11 []) ≤ 1420
	w113:	43·(x_1 ∈ |0..10|11 []) + 46·(x_2 ∈ |0..10|11 []) + 11·(x_3 ∈ |0..10|11 []) + 3·(x_4 ∈ |0..10|11 []) + 34·(x_5 ∈ |0..10|11 []) + 23·(x_6 ∈ |0..10|11 []) + 10·(x_7 ∈ |0..10|11 []) + 48·(x_8 ∈ |0..10|11 []) + 11·(x_9 ∈ |0..10|11 []) + 40·(x_10 ∈ |0..10|11 []) ≤ 1330
	w114:	10·(x_1 ∈ |0..10|11 []) + 8·(x_2 ∈ |0..10|11 []) + 6·(x_3 ∈ |0..10|11 []) + 5·(x_4 ∈ |0..10|11 []) + 14·(x_5 ∈ |0..10|11 []) + 27·(x_6 ∈ |0..10|11 []) + 12·(x_7 ∈ |0..10|11 []) + 45·(x_8 ∈ |0..10|11 []) + 36·(x_9 ∈ |0..10|11 []) + 35·(x_10 ∈ |0..10|11 []) ≤ 980
	w115:	7·(x_1 ∈ |0..10|11 []) + 18·(x_2 ∈ |0..10|11 []) + 26·(x_3 ∈ |0..10|11 []) + 12·(x_4 ∈ |0..10|11 []) + 30·(x_5 ∈ |0..10|11 []) + 9·(x_6 ∈ |0..10|11 []) + 25·(x_7 ∈ |0..10|11 []) + 11·(x_8 ∈ |0..10|11 []) + 20·(x_9 ∈ |0..10|11 []) + 43·(x_10 ∈ |0..10|11 []) ≤ 990
	w116:	6·(x_1 ∈ |0..10|11 []) + 37·(x_2 ∈ |0..10|11 []) + 6·(x_3 ∈ |0..10|11 []) + 39·(x_4 ∈ |0..10|11 []) + 42·(x_5 ∈ |0..10|11 []) + 29·(x_6 ∈ |0..10|11 []) + 43·(x_7 ∈ |0..10|11 []) + 5·(x_8 ∈ |0..10|11 []) + 5·(x_9 ∈ |0..10|11 []) + 49·(x_10 ∈ |0..10|11 []) ≤ 1290
	w117:	37·(x_1 ∈ |0..10|11 []) + 6·(x_2 ∈ |0..10|11 []) + (x_3 ∈ |0..10|11 []) + 47·(x_4 ∈ |0..10|11 []) + 32·(x_5 ∈ |0..10|11 []) + 38·(x_6 ∈ |0..10|11 []) + 23·(x_7 ∈ |0..10|11 []) + 5·(x_8 ∈ |0..10|11 []) + 39·(x_9 ∈ |0..10|11 []) + 10·(x_10 ∈ |0..10|11 []) ≤ 1180
	w118:	11·(x_1 ∈ |0..10|11 []) + 13·(x_2 ∈ |0..10|11 []) + 18·(x_3 ∈ |0..10|11 []) + 32·(x_4 ∈ |0..10|11 []) + 5·(x_5 ∈ |0..10|11 []) + 13·(x_6 ∈ |0..10|11 []) + 36·(x_7 ∈ |0..10|11 []) + 27·(x_8 ∈ |0..10|11 []) + 45·(x_9 ∈ |0..10|11 []) + 41·(x_10 ∈ |0..10|11 []) ≤ 1190
	w119:	20·(x_1 ∈ |0..10|11 []) + 7·(x_2 ∈ |0..10|11 []) + 6·(x_3 ∈ |0..10|11 []) + 41·(x_4 ∈ |0..10|11 []) + 45·(x_5 ∈ |0..10|11 []) + 23·(x_6 ∈ |0..10|11 []) + 27·(x_7 ∈ |0..10|11 []) + 46·(x_8 ∈ |0..10|11 []) + 46·(x_9 ∈ |0..10|11 []) + 22·(x_10 ∈ |0..10|11 []) ≤ 1400
	w120:	20·(x_1 ∈ |0..10|11 []) + 33·(x_2 ∈ |0..10|11 []) + 3·(x_3 ∈ |0..10|11 []) + 39·(x_4 ∈ |0..10|11 []) + 11·(x_5 ∈ |0..10|11 []) + 10·(x_6 ∈ |0..10|11 []) + 12·(x_7 ∈ |0..10|11 []) + 47·(x_8 ∈ |0..10|11 []) + 37·(x_9 ∈ |0..10|11 []) + 25·(x_10 ∈ |0..10|11 []) ≤ 1170
	w121:	3·(x_1 ∈ |0..10|11 []) + 44·(x_2 ∈ |0..10|11 []) + 15·(x_3 ∈ |0..10|11 []) + 11·(x_4 ∈ |0..10|11 []) + 46·(x_5 ∈ |0..10|11 []) + 28·(x_6 ∈ |0..10|11 []) + 30·(x_7 ∈ |0..10|11 []) + 37·(x_8 ∈ |0..10|11 []) + 32·(x_9 ∈ |0..10|11 []) + 32·(x_10 ∈ |0..10|11 []) ≤ 1370
	w122:	47·(x_1 ∈ |0..10|11 []) + 25·(x_2 ∈ |0..10|11 []) + 30·(x_3 ∈ |0..10|11 []) + 3·(x_4 ∈ |0..10|11 []) + 44·(x_5 ∈ |0..10|11 []) + 12·(x_6 ∈ |0..10|11 []) + 17·(x_7 ∈ |0..10|11 []) + 15·(x_8 ∈ |0..10|11 []) + 16·(x_9 ∈ |0..10|11 []) + 7·(x_10 ∈ |0..10|11 []) ≤ 1070
	w123:	47·(x_1 ∈ |0..10|11 []) + 22·(x_2 ∈ |0..10|11 []) + 23·(x_3 ∈ |0..10|11 []) + 20·(x_4 ∈ |0..10|11 []) + 47·(x_5 ∈ |0..10|11 []) + 46·(x_6 ∈ |0..10|11 []) + 7·(x_7 ∈ |0..10|11 []) + 48·(x_8 ∈ |0..10|11 []) + 21·(x_9 ∈ |0..10|11 []) + 17·(x_10 ∈ |0..10|11 []) ≤ 1470
	w124:	4·(x_1 ∈ |0..10|11 []) + 48·(x_2 ∈ |0..10|11 []) + 39·(x_3 ∈ |0..10|11 []) + 2·(x_4 ∈ |0..10|11 []) + 10·(x_5 ∈ |0..10|11 []) + 13·(x_6 ∈ |0..10|11 []) + 13·(x_7 ∈ |0..10|11 []) + 36·(x_8 ∈ |0..10|11 []) + 23·(x_9 ∈ |0..10|11 []) + (x_10 ∈ |0..10|11 []) ≤ 930
	w125:	22·(x_1 ∈ |0..10|11 []) + 34·(x_2 ∈ |0..10|11 []) + 25·(x_3 ∈ |0..10|11 []) + 14·(x_4 ∈ |0..10|11 []) + 28·(x_5 ∈ |0..10|11 []) + 36·(x_6 ∈ |0..10|11 []) + 42·(x_7 ∈ |0..10|11 []) + 13·(x_8 ∈ |0..10|11 []) + 11·(x_9 ∈ |0..10|11 []) + 12·(x_10 ∈ |0..10|11 []) ≤ 1170
	w126:	31·(x_1 ∈ |0..10|11 []) + 39·(x_2 ∈ |0..10|11 []) + 17·(x_3 ∈ |0..10|11 []) + 24·(x_4 ∈ |0..10|11 []) + 7·(x_5 ∈ |0..10|11 []) + 22·(x_6 ∈ |0..10|11 []) + 25·(x_7 ∈ |0..10|11 []) + 14·(x_8 ∈ |0..10|11 []) + 37·(x_9 ∈ |0..10|11 []) + 20·(x_10 ∈ |0..10|11 []) ≤ 1170
	w127:	22·(x_1 ∈ |0..10|11 []) + 40·(x_2 ∈ |0..10|11 []) + 49·(x_3 ∈ |0..10|11 []) + 41·(x_4 ∈ |0..10|11 []) + 14·(x_5 ∈ |0..10|11 []) + 13·(x_6 ∈ |0..10|11 []) + 7·(x_7 ∈ |0..10|11 []) + 26·(x_8 ∈ |0..10|11 []) + 37·(x_9 ∈ |0..10|11 []) + 38·(x_10 ∈ |0..10|11 []) ≤ 1420
	w128:	35·(x_1 ∈ |0..10|11 []) + 24·(x_2 ∈ |0..10|11 []) + 36·(x_3 ∈ |0..10|11 []) + 34·(x_4 ∈ |0..10|11 []) + 2·(x_5 ∈ |0..10|11 []) + 8·(x_6 ∈ |0..10|11 []) + 26·(x_7 ∈ |0..10|11 []) + 40·(x_8 ∈ |0..10|11 []) + 22·(x_9 ∈ |0..10|11 []) + 4·(x_10 ∈ |0..10|11 []) ≤ 1140
	w129:	48·(x_1 ∈ |0..10|11 []) + 11·(x_2 ∈ |0..10|11 []) + 40·(x_3 ∈ |0..10|11 []) + 13·(x_4 ∈ |0..10|11 []) + 15·(x_5 ∈ |0..10|11 []) + 38·(x_6 ∈ |0..10|11 []) + 41·(x_7 ∈ |0..10|11 []) + 23·(x_8 ∈ |0..10|11 []) + 3·(x_9 ∈ |0..10|11 []) + 31·(x_10 ∈ |0..10|11 []) ≤ 1300
	w130:	37·(x_1 ∈ |0..10|11 []) + 42·(x_2 ∈ |0..10|11 []) + 5·(x_3 ∈ |0..10|11 []) + 14·(x_4 ∈ |0..10|11 []) + 48·(x_5 ∈ |0..10|11 []) + 38·(x_6 ∈ |0..10|11 []) + 5·(x_7 ∈ |0..10|11 []) + 9·(x_8 ∈ |0..10|11 []) + 17·(x_9 ∈ |0..10|11 []) + 17·(x_10 ∈ |0..10|11 []) ≤ 1150
	w131:	48·(x_1 ∈ |0..10|11 []) + 11·(x_2 ∈ |0..10|11 []) + 33·(x_3 ∈ |0..10|11 []) + 36·(x_4 ∈ |0..10|11 []) + 32·(x_5 ∈ |0..10|11 []) + 8·(x_6 ∈ |0..10|11 []) + 20·(x_7 ∈ |0..10|11 []) + 31·(x_8 ∈ |0..10|11 []) + 49·(x_9 ∈ |0..10|11 []) + 31·(x_10 ∈ |0..10|11 []) ≤ 1480
	w132:	48·(x_1 ∈ |0..10|11 []) + 10·(x_2 ∈ |0..10|11 []) + 40·(x_3 ∈ |0..10|11 []) + 22·(x_4 ∈ |0..10|11 []) + 32·(x_5 ∈ |0..10|11 []) + 44·(x_6 ∈ |0..10|11 []) + 46·(x_7 ∈ |0..10|11 []) + 37·(x_8 ∈ |0..10|11 []) + 28·(x_9 ∈ |0..10|11 []) + 40·(x_10 ∈ |0..10|11 []) ≤ 1720
	w133:	8·(x_1 ∈ |0..10|11 []) + 10·(x_2 ∈ |0..10|11 []) + 30·(x_3 ∈ |0..10|11 []) + 16·(x_4 ∈ |0..10|11 []) + 7·(x_5 ∈ |0..10|11 []) + 28·(x_6 ∈ |0..10|11 []) + (x_7 ∈ |0..10|11 []) + 30·(x_8 ∈ |0..10|11 []) + 4·(x_9 ∈ |0..10|11 []) + 13·(x_10 ∈ |0..10|11 []) ≤ 720
	w134:	35·(x_1 ∈ |0..10|11 []) + 27·(x_2 ∈ |0..10|11 []) + 22·(x_3 ∈ |0..10|11 []) + 37·(x_4 ∈ |0..10|11 []) + 42·(x_5 ∈ |0..10|11 []) + 6·(x_6 ∈ |0..10|11 []) + 16·(x_7 ∈ |0..10|11 []) + 46·(x_8 ∈ |0..10|11 []) + 15·(x_9 ∈ |0..10|11 []) + 26·(x_10 ∈ |0..10|11 []) ≤ 1340
	w135:	19·(x_1 ∈ |0..10|11 []) + 7·(x_2 ∈ |0..10|11 []) + 10·(x_3 ∈ |0..10|11 []) + 9·(x_4 ∈ |0..10|11 []) + (x_5 ∈ |0..10|11 []) + 11·(x_6 ∈ |0..10|11 []) + 49·(x_7 ∈ |0..10|11 []) + 20·(x_8 ∈ |0..10|11 []) + 18·(x_9 ∈ |0..10|11 []) + 40·(x_10 ∈ |0..10|11 []) ≤ 910
	w136:	22·(x_1 ∈ |0..10|11 []) + 41·(x_2 ∈ |0..10|11 []) + 17·(x_3 ∈ |0..10|11 []) + 21·(x_4 ∈ |0..10|11 []) + 27·(x_5 ∈ |0..10|11 []) + 44·(x_6 ∈ |0..10|11 []) + 36·(x_7 ∈ |0..10|11 []) + 42·(x_8 ∈ |0..10|11 []) + 47·(x_9 ∈ |0..10|11 []) + 28·(x_10 ∈ |0..10|11 []) ≤ 1610
	w137:	37·(x_1 ∈ |0..10|11 []) + 10·(x_2 ∈ |0..10|11 []) + 35·(x_3 ∈ |0..10|11 []) + 17·(x_4 ∈ |0..10|11 []) + 14·(x_5 ∈ |0..10|11 []) + 33·(x_6 ∈ |0..10|11 []) + 25·(x_7 ∈ |0..10|11 []) + 32·(x_8 ∈ |0..10|11 []) + 36·(x_9 ∈ |0..10|11 []) + 26·(x_10 ∈ |0..10|11 []) ≤ 1310
	w138:	11·(x_1 ∈ |0..10|11 []) + 10·(x_2 ∈ |0..10|11 []) + 32·(x_3 ∈ |0..10|11 []) + 12·(x_4 ∈ |0..10|11 []) + 49·(x_5 ∈ |0..10|11 []) + 8·(x_6 ∈ |0..10|11 []) + 15·(x_7 ∈ |0..10|11 []) + (x_8 ∈ |0..10|11 []) + 27·(x_9 ∈ |0..10|11 []) + 5·(x_10 ∈ |0..10|11 []) ≤ 840
	w139:	21·(x_1 ∈ |0..10|11 []) + 39·(x_2 ∈ |0..10|11 []) + 37·(x_3 ∈ |0..10|11 []) + 43·(x_4 ∈ |0..10|11 []) + 19·(x_5 ∈ |0..10|11 []) + 42·(x_6 ∈ |0..10|11 []) + 11·(x_7 ∈ |0..10|11 []) + 48·(x_8 ∈ |0..10|11 []) + 18·(x_9 ∈ |0..10|11 []) + 48·(x_10 ∈ |0..10|11 []) ≤ 1610
	w140:	27·(x_1 ∈ |0..10|11 []) + 9·(x_2 ∈ |0..10|11 []) + 35·(x_3 ∈ |0..10|11 []) + 39·(x_4 ∈ |0..10|11 []) + 9·(x_5 ∈ |0..10|11 []) + 46·(x_6 ∈ |0..10|11 []) + 15·(x_7 ∈ |0..10|11 []) + 23·(x_8 ∈ |0..10|11 []) + 26·(x_9 ∈ |0..10|11 []) + 25·(x_10 ∈ |0..10|11 []) ≤ 1250
	w141:	(x_1 ∈ |0..10|11 []) + 37·(x_2 ∈ |0..10|11 []) + 25·(x_3 ∈ |0..10|11 []) + 24·(x_4 ∈ |0..10|11 []) + 36·(x_5 ∈ |0..10|11 []) + 41·(x_6 ∈ |0..10|11 []) + 11·(x_7 ∈ |0..10|11 []) + 6·(x_8 ∈ |0..10|11 []) + 20·(x_9 ∈ |0..10|11 []) + 40·(x_10 ∈ |0..10|11 []) ≤ 1190
	w142:	5·(x_1 ∈ |0..10|11 []) + 32·(x_2 ∈ |0..10|11 []) + 49·(x_3 ∈ |0..10|11 []) + 28·(x_4 ∈ |0..10|11 []) + 45·(x_5 ∈ |0..10|11 []) + 2·(x_6 ∈ |0..10|11 []) + 2·(x_7 ∈ |0..10|11 []) + 16·(x_8 ∈ |0..10|11 []) + 19·(x_9 ∈ |0..10|11 []) + 7·(x_10 ∈ |0..10|11 []) ≤ 1010
	w143:	15·(x_1 ∈ |0..10|11 []) + 28·(x_2 ∈ |0..10|11 []) + 45·(x_3 ∈ |0..10|11 []) + 5·(x_4 ∈ |0..10|11 []) + 17·(x_5 ∈ |0..10|11 []) + 14·(x_6 ∈ |0..10|11 []) + 47·(x_7 ∈ |0..10|11 []) + 23·(x_8 ∈ |0..10|11 []) + 23·(x_9 ∈ |0..10|11 []) + 8·(x_10 ∈ |0..10|11 []) ≤ 1110
	w144:	7·(x_1 ∈ |0..10|11 []) + 48·(x_2 ∈ |0..10|11 []) + 13·(x_3 ∈ |0..10|11 []) + 12·(x_4 ∈ |0..10|11 []) + 5·(x_5 ∈ |0..10|11 []) + 10·(x_6 ∈ |0..10|11 []) + 45·(x_7 ∈ |0..10|11 []) + 2·(x_8 ∈ |0..10|11 []) + 31·(x_9 ∈ |0..10|11 []) + 41·(x_10 ∈ |0..10|11 []) ≤ 1060
	w145:	48·(x_1 ∈ |0..10|11 []) + 6·(x_2 ∈ |0..10|11 []) + 39·(x_3 ∈ |0..10|11 []) + 24·(x_4 ∈ |0..10|11 []) + 22·(x_5 ∈ |0..10|11 []) + 11·(x_6 ∈ |0..10|11 []) + 18·(x_7 ∈ |0..10|11 []) + 48·(x_8 ∈ |0..10|11 []) + 42·(x_9 ∈ |0..10|11 []) + 36·(x_10 ∈ |0..10|11 []) ≤ 1450
	w146:	41·(x_1 ∈ |0..10|11 []) + 23·(x_2 ∈ |0..10|11 []) + 28·(x_3 ∈ |0..10|11 []) + 27·(x_4 ∈ |0..10|11 []) + 48·(x_5 ∈ |0..10|11 []) + 44·(x_6 ∈ |0..10|11 []) + 48·(x_7 ∈ |0..10|11 []) + 40·(x_8 ∈ |0..10|11 []) + 6·(x_9 ∈ |0..10|11 []) + 7·(x_10 ∈ |0..10|11 []) ≤ 1540
	w147:	44·(x_1 ∈ |0..10|11 []) + 37·(x_2 ∈ |0..10|11 []) + 47·(x_3 ∈ |0..10|11 []) + 34·(x_4 ∈ |0..10|11 []) + 47·(x_5 ∈ |0..10|11 []) + 45·(x_6 ∈ |0..10|11 []) + 47·(x_7 ∈ |0..10|11 []) + 39·(x_8 ∈ |0..10|11 []) + 17·(x_9 ∈ |0..10|11 []) + 20·(x_10 ∈ |0..10|11 []) ≤ 1860
	w148:	44·(x_1 ∈ |0..10|11 []) + 16·(x_2 ∈ |0..10|11 []) + 41·(x_3 ∈ |0..10|11 []) + 11·(x_4 ∈ |0..10|11 []) + 30·(x_5 ∈ |0..10|11 []) + 41·(x_6 ∈ |0..10|11 []) + 27·(x_7 ∈ |0..10|11 []) + 39·(x_8 ∈ |0..10|11 []) + 2·(x_9 ∈ |0..10|11 []) + 20·(x_10 ∈ |0..10|11 []) ≤ 1340
	w149:	43·(x_1 ∈ |0..10|11 []) + 44·(x_2 ∈ |0..10|11 []) + 42·(x_3 ∈ |0..10|11 []) + 5·(x_4 ∈ |0..10|11 []) + 47·(x_5 ∈ |0..10|11 []) + 34·(x_6 ∈ |0..10|11 []) + 45·(x_7 ∈ |0..10|11 []) + 11·(x_8 ∈ |0..10|11 []) + 20·(x_9 ∈ |0..10|11 []) + 47·(x_10 ∈ |0..10|11 []) ≤ 1670
	w150:	27·(x_1 ∈ |0..10|11 []) + 8·(x_2 ∈ |0..10|11 []) + 46·(x_3 ∈ |0..10|11 []) + 5·(x_4 ∈ |0..10|11 []) + 47·(x_5 ∈ |0..10|11 []) + 27·(x_6 ∈ |0..10|11 []) + 12·(x_7 ∈ |0..10|11 []) + 21·(x_8 ∈ |0..10|11 []) + 28·(x_9 ∈ |0..10|11 []) + 26·(x_10 ∈ |0..10|11 []) ≤ 1220
	w151:	28·(x_1 ∈ |0..10|11 []) + 40·(x_2 ∈ |0..10|11 []) + 47·(x_3 ∈ |0..10|11 []) + 7·(x_4 ∈ |0..10|11 []) + 6·(x_5 ∈ |0..10|11 []) + 48·(x_6 ∈ |0..10|11 []) + 47·(x_7 ∈ |0..10|11 []) + 15·(x_8 ∈ |0..10|11 []) + 40·(x_9 ∈ |0..10|11 []) + 22·(x_10 ∈ |0..10|11 []) ≤ 1480
	w152:	5·(x_1 ∈ |0..10|11 []) + 6·(x_2 ∈ |0..10|11 []) + 30·(x_3 ∈ |0..10|11 []) + 42·(x_4 ∈ |0..10|11 []) + 4·(x_5 ∈ |0..10|11 []) + 26·(x_6 ∈ |0..10|11 []) + 29·(x_7 ∈ |0..10|11 []) + 18·(x_8 ∈ |0..10|11 []) + 44·(x_9 ∈ |0..10|11 []) + 20·(x_10 ∈ |0..10|11 []) ≤ 1110
	w153:	9·(x_1 ∈ |0..10|11 []) + 22·(x_2 ∈ |0..10|11 []) + 46·(x_3 ∈ |0..10|11 []) + 33·(x_4 ∈ |0..10|11 []) + 2·(x_5 ∈ |0..10|11 []) + 14·(x_6 ∈ |0..10|11 []) + 5·(x_7 ∈ |0..10|11 []) + 9·(x_8 ∈ |0..10|11 []) + 28·(x_9 ∈ |0..10|11 []) + 7·(x_10 ∈ |0..10|11 []) ≤ 860
	w154:	(x_1 ∈ |0..10|11 []) + 17·(x_2 ∈ |0..10|11 []) + 7·(x_3 ∈ |0..10|11 []) + 3·(x_4 ∈ |0..10|11 []) + 6·(x_5 ∈ |0..10|11 []) + 14·(x_6 ∈ |0..10|11 []) + 24·(x_7 ∈ |0..10|11 []) + 23·(x_8 ∈ |0..10|11 []) + 3·(x_9 ∈ |0..10|11 []) + 11·(x_10 ∈ |0..10|11 []) ≤ 540
	w155:	27·(x_1 ∈ |0..10|11 []) + 15·(x_2 ∈ |0..10|11 []) + 37·(x_3 ∈ |0..10|11 []) + 42·(x_4 ∈ |0..10|11 []) + 15·(x_5 ∈ |0..10|11 []) + 16·(x_6 ∈ |0..10|11 []) + 45·(x_7 ∈ |0..10|11 []) + 21·(x_8 ∈ |0..10|11 []) + 47·(x_9 ∈ |0..10|11 []) + 27·(x_10 ∈ |0..10|11 []) ≤ 1440
	w156:	23·(x_1 ∈ |0..10|11 []) + 30·(x_2 ∈ |0..10|11 []) + 9·(x_3 ∈ |0..10|11 []) + 9·(x_4 ∈ |0..10|11 []) + 37·(x_5 ∈ |0..10|11 []) + 43·(x_6 ∈ |0..10|11 []) + 14·(x_7 ∈ |0..10|11 []) + 19·(x_8 ∈ |0..10|11 []) + 48·(x_9 ∈ |0..10|11 []) + 42·(x_10 ∈ |0..10|11 []) ≤ 1350
	w157:	28·(x_1 ∈ |0..10|11 []) + 4·(x_2 ∈ |0..10|11 []) + 31·(x_3 ∈ |0..10|11 []) + (x_4 ∈ |0..10|11 []) + 20·(x_5 ∈ |0..10|11 []) + 34·(x_6 ∈ |0..10|11 []) + 44·(x_7 ∈ |0..10|11 []) + 35·(x_8 ∈ |0..10|11 []) + 38·(x_9 ∈ |0..10|11 []) + (x_10 ∈ |0..10|11 []) ≤ 1170
	w158:	14·(x_1 ∈ |0..10|11 []) + 22·(x_2 ∈ |0..10|11 []) + 9·(x_3 ∈ |0..10|11 []) + 43·(x_4 ∈ |0..10|11 []) + 40·(x_5 ∈ |0..10|11 []) + 28·(x_6 ∈ |0..10|11 []) + 18·(x_7 ∈ |0..10|11 []) + 44·(x_8 ∈ |0..10|11 []) + 48·(x_9 ∈ |0..10|11 []) + 32·(x_10 ∈ |0..10|11 []) ≤ 1470
	w159:	3·(x_1 ∈ |0..10|11 []) + 41·(x_2 ∈ |0..10|11 []) + 16·(x_3 ∈ |0..10|11 []) + 8·(x_4 ∈ |0..10|11 []) + 9·(x_5 ∈ |0..10|11 []) + 28·(x_6 ∈ |0..10|11 []) + 39·(x_7 ∈ |0..10|11 []) + 45·(x_8 ∈ |0..10|11 []) + 14·(x_9 ∈ |0..10|11 []) + 31·(x_10 ∈ |0..10|11 []) ≤ 1160
	w160:	17·(x_1 ∈ |0..10|11 []) + 27·(x_2 ∈ |0..10|11 []) + 40·(x_3 ∈ |0..10|11 []) + 32·(x_4 ∈ |0..10|11 []) + 28·(x_5 ∈ |0..10|11 []) + 33·(x_6 ∈ |0..10|11 []) + 14·(x_7 ∈ |0..10|11 []) + 21·(x_8 ∈ |0..10|11 []) + 19·(x_9 ∈ |0..10|11 []) + 19·(x_10 ∈ |0..10|11 []) ≤ 1240
	w161:	22·(x_1 ∈ |0..10|11 []) + 18·(x_2 ∈ |0..10|11 []) + 14·(x_3 ∈ |0..10|11 []) + 29·(x_4 ∈ |0..10|11 []) + 3·(x_5 ∈ |0..10|11 []) + 19·(x_6 ∈ |0..10|11 []) + 25·(x_7 ∈ |0..10|11 []) + 32·(x_8 ∈ |0..10|11 []) + 12·(x_9 ∈ |0..10|11 []) + 17·(x_10 ∈ |0..10|11 []) ≤ 940
	w162:	47·(x_1 ∈ |0..10|11 []) + 33·(x_2 ∈ |0..10|11 []) + 46·(x_3 ∈ |0..10|11 []) + 3·(x_4 ∈ |0..10|11 []) + 48·(x_5 ∈ |0..10|11 []) + 20·(x_6 ∈ |0..10|11 []) + 20·(x_7 ∈ |0..10|11 []) + 35·(x_8 ∈ |0..10|11 []) + 21·(x_9 ∈ |0..10|11 []) + 35·(x_10 ∈ |0..10|11 []) ≤ 1520
	w163:	40·(x_1 ∈ |0..10|11 []) + 45·(x_2 ∈ |0..10|11 []) + 45·(x_3 ∈ |0..10|11 []) + 39·(x_4 ∈ |0..10|11 []) + 6·(x_5 ∈ |0..10|11 []) + 18·(x_6 ∈ |0..10|11 []) + 32·(x_7 ∈ |0..10|11 []) + 10·(x_8 ∈ |0..10|11 []) + 29·(x_9 ∈ |0..10|11 []) + 28·(x_10 ∈ |0..10|11 []) ≤ 1440
	w164:	47·(x_1 ∈ |0..10|11 []) + 13·(x_2 ∈ |0..10|11 []) + 4·(x_3 ∈ |0..10|11 []) + 38·(x_4 ∈ |0..10|11 []) + 41·(x_5 ∈ |0..10|11 []) + 3·(x_6 ∈ |0..10|11 []) + 20·(x_7 ∈ |0..10|11 []) + 33·(x_8 ∈ |0..10|11 []) + 16·(x_9 ∈ |0..10|11 []) + 3·(x_10 ∈ |0..10|11 []) ≤ 1080
	w165:	19·(x_1 ∈ |0..10|11 []) + 33·(x_2 ∈ |0..10|11 []) + 14·(x_3 ∈ |0..10|11 []) + 23·(x_4 ∈ |0..10|11 []) + 38·(x_5 ∈ |0..10|11 []) + 13·(x_6 ∈ |0..10|11 []) + 23·(x_7 ∈ |0..10|11 []) + 17·(x_8 ∈ |0..10|11 []) + 26·(x_9 ∈ |0..10|11 []) + 9·(x_10 ∈ |0..10|11 []) ≤ 1060
	w166:	43·(x_1 ∈ |0..10|11 []) + 44·(x_2 ∈ |0..10|11 []) + 29·(x_3 ∈ |0..10|11 []) + 29·(x_4 ∈ |0..10|11 []) + 40·(x_5 ∈ |0..10|11 []) + 20·(x_6 ∈ |0..10|11 []) + 43·(x_7 ∈ |0..10|11 []) + 44·(x_8 ∈ |0..10|11 []) + (x_9 ∈ |0..10|11 []) + 14·(x_10 ∈ |0..10|11 []) ≤ 1520
	w167:	9·(x_1 ∈ |0..10|11 []) + 24·(x_2 ∈ |0..10|11 []) + 22·(x_3 ∈ |0..10|11 []) + 41·(x_4 ∈ |0..10|11 []) + 18·(x_5 ∈ |0..10|11 []) + 30·(x_6 ∈ |0..10|11 []) + 17·(x_7 ∈ |0..10|11 []) + 27·(x_8 ∈ |0..10|11 []) + 38·(x_9 ∈ |0..10|11 []) + 35·(x_10 ∈ |0..10|11 []) ≤ 1290
	w168:	26·(x_1 ∈ |0..10|11 []) + 18·(x_2 ∈ |0..10|11 []) + 19·(x_3 ∈ |0..10|11 []) + 21·(x_4 ∈ |0..10|11 []) + 16·(x_5 ∈ |0..10|11 []) + 19·(x_6 ∈ |0..10|11 []) + 49·(x_7 ∈ |0..10|11 []) + 44·(x_8 ∈ |0..10|11 []) + 21·(x_9 ∈ |0..10|11 []) + 7·(x_10 ∈ |0..10|11 []) ≤ 1190
	w169:	6·(x_1 ∈ |0..10|11 []) + 26·(x_2 ∈ |0..10|11 []) + 13·(x_3 ∈ |0..10|11 []) + 9·(x_4 ∈ |0..10|11 []) + 42·(x_5 ∈ |0..10|11 []) + 25·(x_6 ∈ |0..10|11 []) + (x_7 ∈ |0..10|11 []) + 2·(x_8 ∈ |0..10|11 []) + 21·(x_9 ∈ |0..10|11 []) + 20·(x_10 ∈ |0..10|11 []) ≤ 810
	w170:	37·(x_1 ∈ |0..10|11 []) + 36·(x_2 ∈ |0..10|11 []) + 2·(x_3 ∈ |0..10|11 []) + 45·(x_4 ∈ |0..10|11 []) + 33·(x_5 ∈ |0..10|11 []) + 11·(x_6 ∈ |0..10|11 []) + 47·(x_7 ∈ |0..10|11 []) + 38·(x_8 ∈ |0..10|11 []) + 36·(x_9 ∈ |0..10|11 []) + 45·(x_10 ∈ |0..10|11 []) ≤ 1630
	w171:	43·(x_1 ∈ |0..10|11 []) + 49·(x_2 ∈ |0..10|11 []) + 8·(x_3 ∈ |0..10|11 []) + 46·(x_4 ∈ |0..10|11 []) + 47·(x_5 ∈ |0..10|11 []) + 29·(x_6 ∈ |0..10|11 []) + 11·(x_7 ∈ |0..10|11 []) + 44·(x_8 ∈ |0..10|11 []) + 19·(x_9 ∈ |0..10|11 []) + 27·(x_10 ∈ |0..10|11 []) ≤ 1600
	w172:	32·(x_1 ∈ |0..10|11 []) + 18·(x_2 ∈ |0..10|11 []) + 19·(x_3 ∈ |0..10|11 []) + 5·(x_4 ∈ |0..10|11 []) + 45·(x_5 ∈ |0..10|11 []) + (x_6 ∈ |0..10|11 []) + 35·(x_7 ∈ |0..10|11 []) + 26·(x_8 ∈ |0..10|11 []) + 16·(x_9 ∈ |0..10|11 []) + 48·(x_10 ∈ |0..10|11 []) ≤ 1210
	w173:	28·(x_1 ∈ |0..10|11 []) + 14·(x_2 ∈ |0..10|11 []) + 8·(x_3 ∈ |0..10|11 []) + 34·(x_4 ∈ |0..10|11 []) + 46·(x_5 ∈ |0..10|11 []) + 46·(x_6 ∈ |0..10|11 []) + 3·(x_7 ∈ |0..10|11 []) + 13·(x_8 ∈ |0..10|11 []) + 7·(x_9 ∈ |0..10|11 []) + 37·(x_10 ∈ |0..10|11 []) ≤ 1170
	w174:	10·(x_1 ∈ |0..10|11 []) + 39·(x_2 ∈ |0..10|11 []) + 11·(x_3 ∈ |0..10|11 []) + 49·(x_4 ∈ |0..10|11 []) + 21·(x_5 ∈ |0..10|11 []) + 32·(x_6 ∈ |0..10|11 []) + 42·(x_7 ∈ |0..10|11 []) + 27·(x_8 ∈ |0..10|11 []) + 8·(x_9 ∈ |0..10|11 []) + 15·(x_10 ∈ |0..10|11 []) ≤ 1250
	w175:	35·(x_1 ∈ |0..10|11 []) + 8·(x_2 ∈ |0..10|11 []) + 22·(x_3 ∈ |0..10|11 []) + 29·(x_4 ∈ |0..10|11 []) + 20·(x_5 ∈ |0..10|11 []) + 34·(x_6 ∈ |0..10|11 []) + 19·(x_7 ∈ |0..10|11 []) + 41·(x_8 ∈ |0..10|11 []) + 48·(x_9 ∈ |0..10|11 []) + 3·(x_10 ∈ |0..10|11 []) ≤ 1280
	w176:	27·(x_1 ∈ |0..10|11 []) + 9·(x_2 ∈ |0..10|11 []) + 4·(x_3 ∈ |0..10|11 []) + 34·(x_4 ∈ |0..10|11 []) + 8·(x_5 ∈ |0..10|11 []) + 11·(x_6 ∈ |0..10|11 []) + 38·(x_7 ∈ |0..10|11 []) + 24·(x_8 ∈ |0..10|11 []) + 14·(x_9 ∈ |0..10|11 []) + 20·(x_10 ∈ |0..10|11 []) ≤ 930
	w177:	14·(x_1 ∈ |0..10|11 []) + 27·(x_2 ∈ |0..10|11 []) + 32·(x_3 ∈ |0..10|11 []) + 38·(x_4 ∈ |0..10|11 []) + 38·(x_5 ∈ |0..10|11 []) + 25·(x_6 ∈ |0..10|11 []) + 23·(x_7 ∈ |0..10|11 []) + 13·(x_8 ∈ |0..10|11 []) + 20·(x_9 ∈ |0..10|11 []) + 20·(x_10 ∈ |0..10|11 []) ≤ 1240
	w178:	41·(x_1 ∈ |0..10|11 []) + 28·(x_2 ∈ |0..10|11 []) + 12·(x_3 ∈ |0..10|11 []) + 41·(x_4 ∈ |0..10|11 []) + 36·(x_5 ∈ |0..10|11 []) + 37·(x_6 ∈ |0..10|11 []) + 47·(x_7 ∈ |0..10|11 []) + 18·(x_8 ∈ |0..10|11 []) + 29·(x_9 ∈ |0..10|11 []) + 39·(x_10 ∈ |0..10|11 []) ≤ 1620
	w179:	22·(x_1 ∈ |0..10|11 []) + 4·(x_2 ∈ |0..10|11 []) + 32·(x_3 ∈ |0..10|11 []) + 13·(x_4 ∈ |0..10|11 []) + 25·(x_5 ∈ |0..10|11 []) + 28·(x_6 ∈ |0..10|11 []) + 31·(x_7 ∈ |0..10|11 []) + 32·(x_8 ∈ |0..10|11 []) + 9·(x_9 ∈ |0..10|11 []) + 21·(x_10 ∈ |0..10|11 []) ≤ 1070
	w180:	28·(x_1 ∈ |0..10|11 []) + 26·(x_2 ∈ |0..10|11 []) + 46·(x_3 ∈ |0..10|11 []) + 4·(x_4 ∈ |0..10|11 []) + 5·(x_5 ∈ |0..10|11 []) + 47·(x_6 ∈ |0..10|11 []) + 30·(x_7 ∈ |0..10|11 []) + 42·(x_8 ∈ |0..10|11 []) + 10·(x_9 ∈ |0..10|11 []) + 34·(x_10 ∈ |0..10|11 []) ≤ 1340
	w181:	19·(x_1 ∈ |0..10|11 []) + 49·(x_2 ∈ |0..10|11 []) + 11·(x_3 ∈ |0..10|11 []) + 27·(x_4 ∈ |0..10|11 []) + 8·(x_5 ∈ |0..10|11 []) + 31·(x_6 ∈ |0..10|11 []) + 9·(x_7 ∈ |0..10|11 []) + 39·(x_8 ∈ |0..10|11 []) + 6·(x_9 ∈ |0..10|11 []) + 2·(x_10 ∈ |0..10|11 []) ≤ 990
	w182:	40·(x_1 ∈ |0..10|11 []) + 42·(x_2 ∈ |0..10|11 []) + 3·(x_3 ∈ |0..10|11 []) + 47·(x_4 ∈ |0..10|11 []) + 27·(x_5 ∈ |0..10|11 []) + 9·(x_6 ∈ |0..10|11 []) + 21·(x_7 ∈ |0..10|11 []) + 18·(x_8 ∈ |0..10|11 []) + 2·(x_9 ∈ |0..10|11 []) + 24·(x_10 ∈ |0..10|11 []) ≤ 1150
	w183:	28·(x_1 ∈ |0..10|11 []) + 3·(x_2 ∈ |0..10|11 []) + 12·(x_3 ∈ |0..10|11 []) + 25·(x_4 ∈ |0..10|11 []) + 4·(x_5 ∈ |0..10|11 []) + 30·(x_6 ∈ |0..10|11 []) + 45·(x_7 ∈ |0..10|11 []) + 16·(x_8 ∈ |0..10|11 []) + 18·(x_9 ∈ |0..10|11 []) + 47·(x_10 ∈ |0..10|11 []) ≤ 1130
	w184:	21·(x_1 ∈ |0..10|11 []) + 12·(x_2 ∈ |0..10|11 []) + 16·(x_3 ∈ |0..10|11 []) + 34·(x_4 ∈ |0..10|11 []) + 46·(x_5 ∈ |0..10|11 []) + 38·(x_6 ∈ |0..10|11 []) + 16·(x_7 ∈ |0..10|11 []) + 17·(x_8 ∈ |0..10|11 []) + 12·(x_9 ∈ |0..10|11 []) + 25·(x_10 ∈ |0..10|11 []) ≤ 1170
	w185:	5·(x_1 ∈ |0..10|11 []) + 25·(x_2 ∈ |0..10|11 []) + 41·(x_3 ∈ |0..10|11 []) + 29·(x_4 ∈ |0..10|11 []) + 39·(x_5 ∈ |0..10|11 []) + 23·(x_6 ∈ |0..10|11 []) + 44·(x_7 ∈ |0..10|11 []) + 26·(x_8 ∈ |0..10|11 []) + 14·(x_9 ∈ |0..10|11 []) + 18·(x_10 ∈ |0..10|11 []) ≤ 1300
	w186:	8·(x_1 ∈ |0..10|11 []) + 7·(x_2 ∈ |0..10|11 []) + 20·(x_3 ∈ |0..10|11 []) + (x_4 ∈ |0..10|11 []) + 5·(x_5 ∈ |0..10|11 []) + 19·(x_6 ∈ |0..10|11 []) + 44·(x_7 ∈ |0..10|11 []) + 10·(x_8 ∈ |0..10|11 []) + 43·(x_9 ∈ |0..10|11 []) + 11·(x_10 ∈ |0..10|11 []) ≤ 830
	w187:	26·(x_1 ∈ |0..10|11 []) + 24·(x_2 ∈ |0..10|11 []) + 37·(x_3 ∈ |0..10|11 []) + 42·(x_4 ∈ |0..10|11 []) + (x_5 ∈ |0..10|11 []) + 31·(x_6 ∈ |0..10|11 []) + 37·(x_7 ∈ |0..10|11 []) + 2·(x_8 ∈ |0..10|11 []) + 7·(x_9 ∈ |0..10|11 []) + 28·(x_10 ∈ |0..10|11 []) ≤ 1160
	w188:	34·(x_1 ∈ |0..10|11 []) + 20·(x_2 ∈ |0..10|11 []) + 10·(x_3 ∈ |0..10|11 []) + 35·(x_4 ∈ |0..10|11 []) + 12·(x_5 ∈ |0..10|11 []) + 23·(x_6 ∈ |0..10|11 []) + 39·(x_7 ∈ |0..10|11 []) + 44·(x_8 ∈ |0..10|11 []) + 31·(x_9 ∈ |0..10|11 []) + (x_10 ∈ |0..10|11 []) ≤ 1230
	w189:	5·(x_1 ∈ |0..10|11 []) + 19·(x_2 ∈ |0..10|11 []) + 26·(x_3 ∈ |0..10|11 []) + 5·(x_4 ∈ |0..10|11 []) + 46·(x_5 ∈ |0..10|11 []) + 13·(x_6 ∈ |0..10|11 []) + 35·(x_7 ∈ |0..10|11 []) + 32·(x_8 ∈ |0..10|11 []) + 15·(x_9 ∈ |0..10|11 []) + 44·(x_10 ∈ |0..10|11 []) ≤ 1190
	w190:	18·(x_1 ∈ |0..10|11 []) + 26·(x_2 ∈ |0..10|11 []) + 4·(x_3 ∈ |0..10|11 []) + (x_4 ∈ |0..10|11 []) + 28·(x_5 ∈ |0..10|11 []) + 19·(x_6 ∈ |0..10|11 []) + 33·(x_7 ∈ |0..10|11 []) + 30·(x_8 ∈ |0..10|11 []) + 17·(x_9 ∈ |0..10|11 []) + 24·(x_10 ∈ |0..10|11 []) ≤ 990
	w191:	6·(x_1 ∈ |0..10|11 []) + 46·(x_2 ∈ |0..10|11 []) + 46·(x_3 ∈ |0..10|11 []) + 31·(x_4 ∈ |0..10|11 []) + 10·(x_5 ∈ |0..10|11 []) + 14·(x_6 ∈ |0..10|11 []) + 31·(x_7 ∈ |0..10|11 []) + 38·(x_8 ∈ |0..10|11 []) + 36·(x_9 ∈ |0..10|11 []) + 18·(x_10 ∈ |0..10|11 []) ≤ 1360
	w192:	16·(x_1 ∈ |0..10|11 []) + 45·(x_2 ∈ |0..10|11 []) + 13·(x_3 ∈ |0..10|11 []) + 32·(x_4 ∈ |0..10|11 []) + 23·(x_5 ∈ |0..10|11 []) + 28·(x_6 ∈ |0..10|11 []) + 25·(x_7 ∈ |0..10|11 []) + 25·(x_8 ∈ |0..10|11 []) + 38·(x_9 ∈ |0..10|11 []) + 21·(x_10 ∈ |0..10|11 []) ≤ 1310
	w193:	38·(x_1 ∈ |0..10|11 []) + 49·(x_2 ∈ |0..10|11 []) + 39·(x_3 ∈ |0..10|11 []) + 18·(x_4 ∈ |0..10|11 []) + 31·(x_5 ∈ |0..10|11 []) + 7·(x_6 ∈ |0..10|11 []) + 33·(x_7 ∈ |0..10|11 []) + 13·(x_8 ∈ |0..10|11 []) + 48·(x_9 ∈ |0..10|11 []) + 17·(x_10 ∈ |0..10|11 []) ≤ 1450
	w194:	12·(x_1 ∈ |0..10|11 []) + 28·(x_2 ∈ |0..10|11 []) + 44·(x_3 ∈ |0..10|11 []) + 27·(x_4 ∈ |0..10|11 []) + 22·(x_5 ∈ |0..10|11 []) + 46·(x_6 ∈ |0..10|11 []) + 24·(x_7 ∈ |0..10|11 []) + 47·(x_8 ∈ |0..10|11 []) + 34·(x_9 ∈ |0..10|11 []) + 49·(x_10 ∈ |0..10|11 []) ≤ 1650
	w195:	48·(x_1 ∈ |0..10|11 []) + 49·(x_2 ∈ |0..10|11 []) + 26·(x_3 ∈ |0..10|11 []) + 8·(x_4 ∈ |0..10|11 []) + 15·(x_5 ∈ |0..10|11 []) + 5·(x_6 ∈ |0..10|11 []) + 34·(x_7 ∈ |0..10|11 []) + 10·(x_8 ∈ |0..10|11 []) + 16·(x_9 ∈ |0..10|11 []) + 25·(x_10 ∈ |0..10|11 []) ≤ 1170
	w196:	39·(x_1 ∈ |0..10|11 []) + 11·(x_2 ∈ |0..10|11 []) + (x_3 ∈ |0..10|11 []) + 4·(x_4 ∈ |0..10|11 []) + 16·(x_5 ∈ |0..10|11 []) + 8·(x_6 ∈ |0..10|11 []) + 35·(x_7 ∈ |0..10|11 []) + 25·(x_8 ∈ |0..10|11 []) + 47·(x_9 ∈ |0..10|11 []) + 3·(x_10 ∈ |0..10|11 []) ≤ 930
	w197:	40·(x_1 ∈ |0..10|11 []) + 2·(x_2 ∈ |0..10|11 []) + 2·(x_3 ∈ |0..10|11 []) + 34·(x_4 ∈ |0..10|11 []) + 49·(x_5 ∈ |0..10|11 []) + 23·(x_6 ∈ |0..10|11 []) + 3·(x_7 ∈ |0..10|11 []) + 11·(x_8 ∈ |0..10|11 []) + 12·(x_9 ∈ |0..10|11 []) + 40·(x_10 ∈ |0..10|11 []) ≤ 1070
	w198:	23·(x_1 ∈ |0..10|11 []) + (x_2 ∈ |0..10|11 []) + 26·(x_3 ∈ |0..10|11 []) + 9·(x_4 ∈ |0..10|11 []) + 41·(x_5 ∈ |0..10|11 []) + 48·(x_6 ∈ |0..10|11 []) + 27·(x_7 ∈ |0..10|11 []) + 15·(x_8 ∈ |0..10|11 []) + 9·(x_9 ∈ |0..10|11 []) + 25·(x_10 ∈ |0..10|11 []) ≤ 1110
	w199:	31·(x_1 ∈ |0..10|11 []) + 30·(x_2 ∈ |0..10|11 []) + 33·(x_3 ∈ |0..10|11 []) + 36·(x_4 ∈ |0..10|11 []) + 17·(x_5 ∈ |0..10|11 []) + (x_6 ∈ |0..10|11 []) + 2·(x_7 ∈ |0..10|11 []) + 41·(x_8 ∈ |0..10|11 []) + 31·(x_9 ∈ |0..10|11 []) + 15·(x_10 ∈ |0..10|11 []) ≤ 1170
	w200:	(x_1 ∈ |0..10|11 []) + 9·(x_2 ∈ |0..10|11 []) + 8·(x_3 ∈ |0..10|11 []) + 49·(x_4 ∈ |0..10|11 []) + 15·(x_5 ∈ |0..10|11 []) + 9·(x_6 ∈ |0..10|11 []) + 16·(x_7 ∈ |0..10|11 []) + 13·(x_8 ∈ |0..10|11 []) + 24·(x_9 ∈ |0..10|11 []) + 14·(x_10 ∈ |0..10|11 []) ≤ 780
	profits:	5·(x_1 ∈ |0..10|11 []) + 18·(x_2 ∈ |0..10|11 []) + 10·(x_3 ∈ |0..10|11 []) + 21·(x_4 ∈ |0..10|11 []) + 12·(x_5 ∈ |0..10|11 []) + 20·(x_6 ∈ |0..10|11 []) + 18·(x_7 ∈ |0..10|11 []) + 32·(x_8 ∈ |0..10|11 []) + 24·(x_9 ∈ |0..10|11 []) + 48·(x_10 ∈ |0..10|11 []) ≥ 1040
	CSE: ""

Encoded GT + SPLIT + PB + Ord in 162.75734 seconds as 992725/167006451/417947158

/var/spool/slurmd/job1877168/slurm_script: line 5: 1757098 Killed                  ( exec ./target/release/pbc load "$1/$id.json" )
BATCH.SH END 137
slurmstepd-extra002: error: Detected 1 oom-kill event(s) in step 1877168.batch cgroup. Some of your processes may have been killed by the cgroup out-of-memory handler.
