BATCH.SH START ./experiments/mbkp/runs:1906 (ulimit --clean)
Start EncodeRecord { instance: Some(Instance { problem: Mbkp { bound: 10, n_: 10, m_: 200, q_: 50, family: 1, s_: 25, seed: 4, fl: "0.4", fu: None, skip_obj: true }, i: 59, lp: "./experiments/mbkp/lps/2/3_14.lp" }), experiment: Some(Experiment { system: Pbc, pb_encoding: Bdd, int_encoding: Ord, con_encoding: Include, split_eq: false, model_config: ModelConfig { scm: Dnf, cutoff: Order, decomposer: Bdd, equalize_ternaries: true, add_consistency: false, propagate: None, equalize_uniform_bin_ineqs: false } }), statics: None, pb_statics: None, principal: None, time: None, dimacs: None }
model = 
	w1:	26·(x_1 ∈ |0..10|11 []) + 27·(x_2 ∈ |0..10|11 []) + 46·(x_3 ∈ |0..10|11 []) + 45·(x_4 ∈ |0..10|11 []) + 8·(x_5 ∈ |0..10|11 []) + 31·(x_6 ∈ |0..10|11 []) + 37·(x_7 ∈ |0..10|11 []) + 35·(x_8 ∈ |0..10|11 []) + 45·(x_9 ∈ |0..10|11 []) + 16·(x_10 ∈ |0..10|11 []) ≤ 1610
	w2:	29·(x_1 ∈ |0..10|11 []) + 44·(x_2 ∈ |0..10|11 []) + 10·(x_3 ∈ |0..10|11 []) + 13·(x_4 ∈ |0..10|11 []) + 41·(x_5 ∈ |0..10|11 []) + 38·(x_6 ∈ |0..10|11 []) + 37·(x_7 ∈ |0..10|11 []) + 30·(x_8 ∈ |0..10|11 []) + (x_9 ∈ |0..10|11 []) + 22·(x_10 ∈ |0..10|11 []) ≤ 1350
	w3:	45·(x_1 ∈ |0..10|11 []) + 40·(x_2 ∈ |0..10|11 []) + 25·(x_3 ∈ |0..10|11 []) + 35·(x_4 ∈ |0..10|11 []) + 41·(x_5 ∈ |0..10|11 []) + 8·(x_6 ∈ |0..10|11 []) + 42·(x_7 ∈ |0..10|11 []) + 29·(x_8 ∈ |0..10|11 []) + 10·(x_9 ∈ |0..10|11 []) + 36·(x_10 ∈ |0..10|11 []) ≤ 1590
	w4:	7·(x_1 ∈ |0..10|11 []) + 44·(x_2 ∈ |0..10|11 []) + 46·(x_3 ∈ |0..10|11 []) + 48·(x_4 ∈ |0..10|11 []) + 27·(x_5 ∈ |0..10|11 []) + 45·(x_6 ∈ |0..10|11 []) + 21·(x_7 ∈ |0..10|11 []) + 29·(x_8 ∈ |0..10|11 []) + 34·(x_9 ∈ |0..10|11 []) + 46·(x_10 ∈ |0..10|11 []) ≤ 1770
	w5:	43·(x_1 ∈ |0..10|11 []) + 43·(x_2 ∈ |0..10|11 []) + 24·(x_3 ∈ |0..10|11 []) + 13·(x_4 ∈ |0..10|11 []) + 44·(x_5 ∈ |0..10|11 []) + 33·(x_6 ∈ |0..10|11 []) + 22·(x_7 ∈ |0..10|11 []) + 38·(x_8 ∈ |0..10|11 []) + 16·(x_9 ∈ |0..10|11 []) + 37·(x_10 ∈ |0..10|11 []) ≤ 1600
	w6:	40·(x_1 ∈ |0..10|11 []) + 49·(x_2 ∈ |0..10|11 []) + 10·(x_3 ∈ |0..10|11 []) + 16·(x_4 ∈ |0..10|11 []) + 33·(x_5 ∈ |0..10|11 []) + 42·(x_6 ∈ |0..10|11 []) + 43·(x_7 ∈ |0..10|11 []) + 10·(x_8 ∈ |0..10|11 []) + 8·(x_9 ∈ |0..10|11 []) + 48·(x_10 ∈ |0..10|11 []) ≤ 1530
	w7:	26·(x_1 ∈ |0..10|11 []) + 49·(x_2 ∈ |0..10|11 []) + 17·(x_3 ∈ |0..10|11 []) + 21·(x_4 ∈ |0..10|11 []) + 21·(x_5 ∈ |0..10|11 []) + 49·(x_6 ∈ |0..10|11 []) + 27·(x_7 ∈ |0..10|11 []) + 25·(x_8 ∈ |0..10|11 []) + 37·(x_9 ∈ |0..10|11 []) + 30·(x_10 ∈ |0..10|11 []) ≤ 1540
	w8:	47·(x_1 ∈ |0..10|11 []) + 12·(x_2 ∈ |0..10|11 []) + 5·(x_3 ∈ |0..10|11 []) + 29·(x_4 ∈ |0..10|11 []) + 8·(x_5 ∈ |0..10|11 []) + 35·(x_6 ∈ |0..10|11 []) + 13·(x_7 ∈ |0..10|11 []) + 43·(x_8 ∈ |0..10|11 []) + 45·(x_9 ∈ |0..10|11 []) + 35·(x_10 ∈ |0..10|11 []) ≤ 1390
	w9:	48·(x_1 ∈ |0..10|11 []) + 19·(x_2 ∈ |0..10|11 []) + 34·(x_3 ∈ |0..10|11 []) + 43·(x_4 ∈ |0..10|11 []) + 5·(x_5 ∈ |0..10|11 []) + 45·(x_6 ∈ |0..10|11 []) + 16·(x_7 ∈ |0..10|11 []) + 32·(x_8 ∈ |0..10|11 []) + 34·(x_9 ∈ |0..10|11 []) + 3·(x_10 ∈ |0..10|11 []) ≤ 1420
	w10:	27·(x_1 ∈ |0..10|11 []) + 7·(x_2 ∈ |0..10|11 []) + 47·(x_3 ∈ |0..10|11 []) + 17·(x_4 ∈ |0..10|11 []) + 29·(x_5 ∈ |0..10|11 []) + 10·(x_6 ∈ |0..10|11 []) + 4·(x_7 ∈ |0..10|11 []) + 26·(x_8 ∈ |0..10|11 []) + 25·(x_9 ∈ |0..10|11 []) + 48·(x_10 ∈ |0..10|11 []) ≤ 1220
	w11:	36·(x_1 ∈ |0..10|11 []) + 24·(x_2 ∈ |0..10|11 []) + 34·(x_3 ∈ |0..10|11 []) + 32·(x_4 ∈ |0..10|11 []) + 43·(x_5 ∈ |0..10|11 []) + 21·(x_6 ∈ |0..10|11 []) + 17·(x_7 ∈ |0..10|11 []) + 23·(x_8 ∈ |0..10|11 []) + 32·(x_9 ∈ |0..10|11 []) + 11·(x_10 ∈ |0..10|11 []) ≤ 1390
	w12:	6·(x_1 ∈ |0..10|11 []) + 23·(x_2 ∈ |0..10|11 []) + 12·(x_3 ∈ |0..10|11 []) + 36·(x_4 ∈ |0..10|11 []) + 37·(x_5 ∈ |0..10|11 []) + 14·(x_6 ∈ |0..10|11 []) + 24·(x_7 ∈ |0..10|11 []) + 42·(x_8 ∈ |0..10|11 []) + 5·(x_9 ∈ |0..10|11 []) + 29·(x_10 ∈ |0..10|11 []) ≤ 1160
	w13:	26·(x_1 ∈ |0..10|11 []) + 9·(x_2 ∈ |0..10|11 []) + 16·(x_3 ∈ |0..10|11 []) + 29·(x_4 ∈ |0..10|11 []) + 28·(x_5 ∈ |0..10|11 []) + 38·(x_6 ∈ |0..10|11 []) + 45·(x_7 ∈ |0..10|11 []) + 38·(x_8 ∈ |0..10|11 []) + 43·(x_9 ∈ |0..10|11 []) + 12·(x_10 ∈ |0..10|11 []) ≤ 1450
	w14:	12·(x_1 ∈ |0..10|11 []) + 44·(x_2 ∈ |0..10|11 []) + 44·(x_3 ∈ |0..10|11 []) + 43·(x_4 ∈ |0..10|11 []) + 48·(x_5 ∈ |0..10|11 []) + 6·(x_6 ∈ |0..10|11 []) + 47·(x_7 ∈ |0..10|11 []) + 15·(x_8 ∈ |0..10|11 []) + 11·(x_9 ∈ |0..10|11 []) + 18·(x_10 ∈ |0..10|11 []) ≤ 1470
	w15:	31·(x_1 ∈ |0..10|11 []) + 30·(x_2 ∈ |0..10|11 []) + 17·(x_3 ∈ |0..10|11 []) + 48·(x_4 ∈ |0..10|11 []) + 48·(x_5 ∈ |0..10|11 []) + 19·(x_6 ∈ |0..10|11 []) + 39·(x_7 ∈ |0..10|11 []) + 11·(x_8 ∈ |0..10|11 []) + 31·(x_9 ∈ |0..10|11 []) + 3·(x_10 ∈ |0..10|11 []) ≤ 1410
	w16:	27·(x_1 ∈ |0..10|11 []) + 7·(x_2 ∈ |0..10|11 []) + 43·(x_3 ∈ |0..10|11 []) + 19·(x_4 ∈ |0..10|11 []) + 35·(x_5 ∈ |0..10|11 []) + 36·(x_6 ∈ |0..10|11 []) + 12·(x_7 ∈ |0..10|11 []) + 9·(x_8 ∈ |0..10|11 []) + 47·(x_9 ∈ |0..10|11 []) + 35·(x_10 ∈ |0..10|11 []) ≤ 1380
	w17:	4·(x_1 ∈ |0..10|11 []) + 4·(x_2 ∈ |0..10|11 []) + 4·(x_3 ∈ |0..10|11 []) + 15·(x_4 ∈ |0..10|11 []) + 36·(x_5 ∈ |0..10|11 []) + 23·(x_6 ∈ |0..10|11 []) + 44·(x_7 ∈ |0..10|11 []) + 12·(x_8 ∈ |0..10|11 []) + 23·(x_9 ∈ |0..10|11 []) + 15·(x_10 ∈ |0..10|11 []) ≤ 920
	w18:	36·(x_1 ∈ |0..10|11 []) + 29·(x_2 ∈ |0..10|11 []) + 5·(x_3 ∈ |0..10|11 []) + 33·(x_4 ∈ |0..10|11 []) + 37·(x_5 ∈ |0..10|11 []) + 23·(x_6 ∈ |0..10|11 []) + 43·(x_7 ∈ |0..10|11 []) + 9·(x_8 ∈ |0..10|11 []) + (x_9 ∈ |0..10|11 []) + 31·(x_10 ∈ |0..10|11 []) ≤ 1260
	w19:	19·(x_1 ∈ |0..10|11 []) + 46·(x_2 ∈ |0..10|11 []) + 28·(x_3 ∈ |0..10|11 []) + 8·(x_4 ∈ |0..10|11 []) + 14·(x_5 ∈ |0..10|11 []) + 15·(x_6 ∈ |0..10|11 []) + 15·(x_7 ∈ |0..10|11 []) + 36·(x_8 ∈ |0..10|11 []) + 32·(x_9 ∈ |0..10|11 []) + 3·(x_10 ∈ |0..10|11 []) ≤ 1100
	w20:	15·(x_1 ∈ |0..10|11 []) + 23·(x_2 ∈ |0..10|11 []) + 45·(x_3 ∈ |0..10|11 []) + 31·(x_4 ∈ |0..10|11 []) + 43·(x_5 ∈ |0..10|11 []) + 40·(x_6 ∈ |0..10|11 []) + 20·(x_7 ∈ |0..10|11 []) + 24·(x_8 ∈ |0..10|11 []) + 10·(x_9 ∈ |0..10|11 []) + 13·(x_10 ∈ |0..10|11 []) ≤ 1350
	w21:	15·(x_1 ∈ |0..10|11 []) + 23·(x_2 ∈ |0..10|11 []) + 48·(x_3 ∈ |0..10|11 []) + 36·(x_4 ∈ |0..10|11 []) + 3·(x_5 ∈ |0..10|11 []) + 15·(x_6 ∈ |0..10|11 []) + 34·(x_7 ∈ |0..10|11 []) + 34·(x_8 ∈ |0..10|11 []) + 32·(x_9 ∈ |0..10|11 []) + 41·(x_10 ∈ |0..10|11 []) ≤ 1430
	w22:	38·(x_1 ∈ |0..10|11 []) + 37·(x_2 ∈ |0..10|11 []) + 35·(x_3 ∈ |0..10|11 []) + 11·(x_4 ∈ |0..10|11 []) + 10·(x_5 ∈ |0..10|11 []) + (x_6 ∈ |0..10|11 []) + 27·(x_7 ∈ |0..10|11 []) + 47·(x_8 ∈ |0..10|11 []) + 35·(x_9 ∈ |0..10|11 []) + 20·(x_10 ∈ |0..10|11 []) ≤ 1330
	w23:	3·(x_1 ∈ |0..10|11 []) + 48·(x_2 ∈ |0..10|11 []) + 41·(x_3 ∈ |0..10|11 []) + 34·(x_4 ∈ |0..10|11 []) + 5·(x_5 ∈ |0..10|11 []) + 42·(x_6 ∈ |0..10|11 []) + 7·(x_7 ∈ |0..10|11 []) + 35·(x_8 ∈ |0..10|11 []) + 45·(x_9 ∈ |0..10|11 []) + 23·(x_10 ∈ |0..10|11 []) ≤ 1440
	w24:	42·(x_1 ∈ |0..10|11 []) + 27·(x_2 ∈ |0..10|11 []) + 39·(x_3 ∈ |0..10|11 []) + 48·(x_4 ∈ |0..10|11 []) + 37·(x_5 ∈ |0..10|11 []) + 26·(x_6 ∈ |0..10|11 []) + 47·(x_7 ∈ |0..10|11 []) + 27·(x_8 ∈ |0..10|11 []) + 7·(x_9 ∈ |0..10|11 []) + 46·(x_10 ∈ |0..10|11 []) ≤ 1770
	w25:	37·(x_1 ∈ |0..10|11 []) + 33·(x_2 ∈ |0..10|11 []) + 2·(x_3 ∈ |0..10|11 []) + 34·(x_4 ∈ |0..10|11 []) + 43·(x_5 ∈ |0..10|11 []) + 32·(x_6 ∈ |0..10|11 []) + 30·(x_7 ∈ |0..10|11 []) + 29·(x_8 ∈ |0..10|11 []) + 28·(x_9 ∈ |0..10|11 []) + 25·(x_10 ∈ |0..10|11 []) ≤ 1500
	w26:	35·(x_1 ∈ |0..10|11 []) + 48·(x_2 ∈ |0..10|11 []) + 39·(x_3 ∈ |0..10|11 []) + 22·(x_4 ∈ |0..10|11 []) + 3·(x_5 ∈ |0..10|11 []) + 45·(x_6 ∈ |0..10|11 []) + 2·(x_7 ∈ |0..10|11 []) + 7·(x_8 ∈ |0..10|11 []) + 24·(x_9 ∈ |0..10|11 []) + 45·(x_10 ∈ |0..10|11 []) ≤ 1380
	w27:	4·(x_1 ∈ |0..10|11 []) + 19·(x_2 ∈ |0..10|11 []) + 2·(x_3 ∈ |0..10|11 []) + 38·(x_4 ∈ |0..10|11 []) + 20·(x_5 ∈ |0..10|11 []) + 43·(x_6 ∈ |0..10|11 []) + 40·(x_7 ∈ |0..10|11 []) + 28·(x_8 ∈ |0..10|11 []) + 9·(x_9 ∈ |0..10|11 []) + 19·(x_10 ∈ |0..10|11 []) ≤ 1130
	w28:	41·(x_1 ∈ |0..10|11 []) + 11·(x_2 ∈ |0..10|11 []) + 15·(x_3 ∈ |0..10|11 []) + 13·(x_4 ∈ |0..10|11 []) + 12·(x_5 ∈ |0..10|11 []) + 12·(x_6 ∈ |0..10|11 []) + 39·(x_7 ∈ |0..10|11 []) + 20·(x_8 ∈ |0..10|11 []) + (x_9 ∈ |0..10|11 []) + 7·(x_10 ∈ |0..10|11 []) ≤ 870
	w29:	38·(x_1 ∈ |0..10|11 []) + 48·(x_2 ∈ |0..10|11 []) + 37·(x_3 ∈ |0..10|11 []) + 41·(x_4 ∈ |0..10|11 []) + 13·(x_5 ∈ |0..10|11 []) + 18·(x_6 ∈ |0..10|11 []) + 13·(x_7 ∈ |0..10|11 []) + 11·(x_8 ∈ |0..10|11 []) + 4·(x_9 ∈ |0..10|11 []) + 19·(x_10 ∈ |0..10|11 []) ≤ 1230
	w30:	14·(x_1 ∈ |0..10|11 []) + 33·(x_2 ∈ |0..10|11 []) + 27·(x_3 ∈ |0..10|11 []) + 17·(x_4 ∈ |0..10|11 []) + 10·(x_5 ∈ |0..10|11 []) + 24·(x_6 ∈ |0..10|11 []) + 37·(x_7 ∈ |0..10|11 []) + 38·(x_8 ∈ |0..10|11 []) + 21·(x_9 ∈ |0..10|11 []) + 46·(x_10 ∈ |0..10|11 []) ≤ 1360
	w31:	12·(x_1 ∈ |0..10|11 []) + 2·(x_2 ∈ |0..10|11 []) + 20·(x_3 ∈ |0..10|11 []) + 49·(x_4 ∈ |0..10|11 []) + 38·(x_5 ∈ |0..10|11 []) + 7·(x_6 ∈ |0..10|11 []) + 2·(x_7 ∈ |0..10|11 []) + 9·(x_8 ∈ |0..10|11 []) + 28·(x_9 ∈ |0..10|11 []) + 39·(x_10 ∈ |0..10|11 []) ≤ 1050
	w32:	4·(x_1 ∈ |0..10|11 []) + 41·(x_2 ∈ |0..10|11 []) + 34·(x_3 ∈ |0..10|11 []) + 45·(x_4 ∈ |0..10|11 []) + (x_5 ∈ |0..10|11 []) + 6·(x_6 ∈ |0..10|11 []) + 47·(x_7 ∈ |0..10|11 []) + 36·(x_8 ∈ |0..10|11 []) + 21·(x_9 ∈ |0..10|11 []) + 30·(x_10 ∈ |0..10|11 []) ≤ 1350
	w33:	19·(x_1 ∈ |0..10|11 []) + 47·(x_2 ∈ |0..10|11 []) + 24·(x_3 ∈ |0..10|11 []) + 4·(x_4 ∈ |0..10|11 []) + 43·(x_5 ∈ |0..10|11 []) + 9·(x_6 ∈ |0..10|11 []) + 49·(x_7 ∈ |0..10|11 []) + 11·(x_8 ∈ |0..10|11 []) + 17·(x_9 ∈ |0..10|11 []) + 7·(x_10 ∈ |0..10|11 []) ≤ 1170
	w34:	47·(x_1 ∈ |0..10|11 []) + 14·(x_2 ∈ |0..10|11 []) + 49·(x_3 ∈ |0..10|11 []) + 20·(x_4 ∈ |0..10|11 []) + 11·(x_5 ∈ |0..10|11 []) + 25·(x_6 ∈ |0..10|11 []) + 48·(x_7 ∈ |0..10|11 []) + 38·(x_8 ∈ |0..10|11 []) + 44·(x_9 ∈ |0..10|11 []) + 40·(x_10 ∈ |0..10|11 []) ≤ 1720
	w35:	24·(x_1 ∈ |0..10|11 []) + 4·(x_2 ∈ |0..10|11 []) + 3·(x_3 ∈ |0..10|11 []) + (x_4 ∈ |0..10|11 []) + 23·(x_5 ∈ |0..10|11 []) + 41·(x_6 ∈ |0..10|11 []) + 29·(x_7 ∈ |0..10|11 []) + 45·(x_8 ∈ |0..10|11 []) + 3·(x_9 ∈ |0..10|11 []) + 42·(x_10 ∈ |0..10|11 []) ≤ 1100
	w36:	15·(x_1 ∈ |0..10|11 []) + 42·(x_2 ∈ |0..10|11 []) + 2·(x_3 ∈ |0..10|11 []) + 33·(x_4 ∈ |0..10|11 []) + 47·(x_5 ∈ |0..10|11 []) + 3·(x_6 ∈ |0..10|11 []) + 46·(x_7 ∈ |0..10|11 []) + 19·(x_8 ∈ |0..10|11 []) + 6·(x_9 ∈ |0..10|11 []) + 5·(x_10 ∈ |0..10|11 []) ≤ 1110
	w37:	8·(x_1 ∈ |0..10|11 []) + 31·(x_2 ∈ |0..10|11 []) + 2·(x_3 ∈ |0..10|11 []) + 15·(x_4 ∈ |0..10|11 []) + 34·(x_5 ∈ |0..10|11 []) + 25·(x_6 ∈ |0..10|11 []) + 38·(x_7 ∈ |0..10|11 []) + 18·(x_8 ∈ |0..10|11 []) + 20·(x_9 ∈ |0..10|11 []) + 7·(x_10 ∈ |0..10|11 []) ≤ 1010
	w38:	48·(x_1 ∈ |0..10|11 []) + 10·(x_2 ∈ |0..10|11 []) + 16·(x_3 ∈ |0..10|11 []) + 15·(x_4 ∈ |0..10|11 []) + (x_5 ∈ |0..10|11 []) + 24·(x_6 ∈ |0..10|11 []) + 34·(x_7 ∈ |0..10|11 []) + 38·(x_8 ∈ |0..10|11 []) + 45·(x_9 ∈ |0..10|11 []) + 31·(x_10 ∈ |0..10|11 []) ≤ 1340
	w39:	16·(x_1 ∈ |0..10|11 []) + 6·(x_2 ∈ |0..10|11 []) + 31·(x_3 ∈ |0..10|11 []) + 15·(x_4 ∈ |0..10|11 []) + 7·(x_5 ∈ |0..10|11 []) + 36·(x_6 ∈ |0..10|11 []) + 25·(x_7 ∈ |0..10|11 []) + 33·(x_8 ∈ |0..10|11 []) + 2·(x_9 ∈ |0..10|11 []) + 27·(x_10 ∈ |0..10|11 []) ≤ 1010
	w40:	10·(x_1 ∈ |0..10|11 []) + (x_2 ∈ |0..10|11 []) + 38·(x_3 ∈ |0..10|11 []) + 27·(x_4 ∈ |0..10|11 []) + 40·(x_5 ∈ |0..10|11 []) + 44·(x_6 ∈ |0..10|11 []) + 10·(x_7 ∈ |0..10|11 []) + 7·(x_8 ∈ |0..10|11 []) + 31·(x_9 ∈ |0..10|11 []) + 37·(x_10 ∈ |0..10|11 []) ≤ 1250
	w41:	41·(x_1 ∈ |0..10|11 []) + (x_2 ∈ |0..10|11 []) + 26·(x_3 ∈ |0..10|11 []) + 39·(x_4 ∈ |0..10|11 []) + 11·(x_5 ∈ |0..10|11 []) + 12·(x_6 ∈ |0..10|11 []) + 32·(x_7 ∈ |0..10|11 []) + 42·(x_8 ∈ |0..10|11 []) + 29·(x_9 ∈ |0..10|11 []) + 9·(x_10 ∈ |0..10|11 []) ≤ 1230
	w42:	10·(x_1 ∈ |0..10|11 []) + 48·(x_2 ∈ |0..10|11 []) + 13·(x_3 ∈ |0..10|11 []) + 15·(x_4 ∈ |0..10|11 []) + 38·(x_5 ∈ |0..10|11 []) + 8·(x_6 ∈ |0..10|11 []) + 13·(x_7 ∈ |0..10|11 []) + 23·(x_8 ∈ |0..10|11 []) + 25·(x_9 ∈ |0..10|11 []) + 46·(x_10 ∈ |0..10|11 []) ≤ 1220
	w43:	8·(x_1 ∈ |0..10|11 []) + 5·(x_2 ∈ |0..10|11 []) + 45·(x_3 ∈ |0..10|11 []) + 28·(x_4 ∈ |0..10|11 []) + 7·(x_5 ∈ |0..10|11 []) + 49·(x_6 ∈ |0..10|11 []) + 42·(x_7 ∈ |0..10|11 []) + 21·(x_8 ∈ |0..10|11 []) + 13·(x_9 ∈ |0..10|11 []) + 12·(x_10 ∈ |0..10|11 []) ≤ 1170
	w44:	36·(x_1 ∈ |0..10|11 []) + 24·(x_2 ∈ |0..10|11 []) + 13·(x_3 ∈ |0..10|11 []) + 16·(x_4 ∈ |0..10|11 []) + 39·(x_5 ∈ |0..10|11 []) + 17·(x_6 ∈ |0..10|11 []) + 6·(x_7 ∈ |0..10|11 []) + 5·(x_8 ∈ |0..10|11 []) + 31·(x_9 ∈ |0..10|11 []) + 15·(x_10 ∈ |0..10|11 []) ≤ 1030
	w45:	10·(x_1 ∈ |0..10|11 []) + 14·(x_2 ∈ |0..10|11 []) + 18·(x_3 ∈ |0..10|11 []) + 9·(x_4 ∈ |0..10|11 []) + 41·(x_5 ∈ |0..10|11 []) + 4·(x_6 ∈ |0..10|11 []) + 37·(x_7 ∈ |0..10|11 []) + 25·(x_8 ∈ |0..10|11 []) + (x_9 ∈ |0..10|11 []) + 20·(x_10 ∈ |0..10|11 []) ≤ 910
	w46:	16·(x_1 ∈ |0..10|11 []) + 49·(x_2 ∈ |0..10|11 []) + 5·(x_3 ∈ |0..10|11 []) + (x_4 ∈ |0..10|11 []) + 12·(x_5 ∈ |0..10|11 []) + 13·(x_6 ∈ |0..10|11 []) + 14·(x_7 ∈ |0..10|11 []) + 3·(x_8 ∈ |0..10|11 []) + 48·(x_9 ∈ |0..10|11 []) + 42·(x_10 ∈ |0..10|11 []) ≤ 1030
	w47:	48·(x_1 ∈ |0..10|11 []) + 22·(x_2 ∈ |0..10|11 []) + 3·(x_3 ∈ |0..10|11 []) + 7·(x_4 ∈ |0..10|11 []) + 23·(x_5 ∈ |0..10|11 []) + 22·(x_6 ∈ |0..10|11 []) + 37·(x_7 ∈ |0..10|11 []) + 46·(x_8 ∈ |0..10|11 []) + 26·(x_9 ∈ |0..10|11 []) + 4·(x_10 ∈ |0..10|11 []) ≤ 1210
	w48:	12·(x_1 ∈ |0..10|11 []) + 10·(x_2 ∈ |0..10|11 []) + 32·(x_3 ∈ |0..10|11 []) + 7·(x_4 ∈ |0..10|11 []) + 49·(x_5 ∈ |0..10|11 []) + 13·(x_6 ∈ |0..10|11 []) + 9·(x_7 ∈ |0..10|11 []) + 3·(x_8 ∈ |0..10|11 []) + 38·(x_9 ∈ |0..10|11 []) + 34·(x_10 ∈ |0..10|11 []) ≤ 1050
	w49:	34·(x_1 ∈ |0..10|11 []) + 49·(x_2 ∈ |0..10|11 []) + 12·(x_3 ∈ |0..10|11 []) + 5·(x_4 ∈ |0..10|11 []) + 11·(x_5 ∈ |0..10|11 []) + 3·(x_6 ∈ |0..10|11 []) + 25·(x_7 ∈ |0..10|11 []) + 18·(x_8 ∈ |0..10|11 []) + 12·(x_9 ∈ |0..10|11 []) + 20·(x_10 ∈ |0..10|11 []) ≤ 960
	w50:	10·(x_1 ∈ |0..10|11 []) + 25·(x_2 ∈ |0..10|11 []) + 31·(x_3 ∈ |0..10|11 []) + 23·(x_4 ∈ |0..10|11 []) + 19·(x_5 ∈ |0..10|11 []) + 35·(x_6 ∈ |0..10|11 []) + 12·(x_7 ∈ |0..10|11 []) + 38·(x_8 ∈ |0..10|11 []) + 46·(x_9 ∈ |0..10|11 []) + 9·(x_10 ∈ |0..10|11 []) ≤ 1260
	w51:	46·(x_1 ∈ |0..10|11 []) + 31·(x_2 ∈ |0..10|11 []) + 21·(x_3 ∈ |0..10|11 []) + 37·(x_4 ∈ |0..10|11 []) + 29·(x_5 ∈ |0..10|11 []) + 18·(x_6 ∈ |0..10|11 []) + 19·(x_7 ∈ |0..10|11 []) + 6·(x_8 ∈ |0..10|11 []) + 2·(x_9 ∈ |0..10|11 []) + 14·(x_10 ∈ |0..10|11 []) ≤ 1140
	w52:	5·(x_1 ∈ |0..10|11 []) + 23·(x_2 ∈ |0..10|11 []) + 30·(x_3 ∈ |0..10|11 []) + 9·(x_4 ∈ |0..10|11 []) + 48·(x_5 ∈ |0..10|11 []) + 21·(x_6 ∈ |0..10|11 []) + 34·(x_7 ∈ |0..10|11 []) + 2·(x_8 ∈ |0..10|11 []) + 29·(x_9 ∈ |0..10|11 []) + 11·(x_10 ∈ |0..10|11 []) ≤ 1080
	w53:	13·(x_1 ∈ |0..10|11 []) + 37·(x_2 ∈ |0..10|11 []) + 49·(x_3 ∈ |0..10|11 []) + 35·(x_4 ∈ |0..10|11 []) + 8·(x_5 ∈ |0..10|11 []) + 45·(x_6 ∈ |0..10|11 []) + 5·(x_7 ∈ |0..10|11 []) + 43·(x_8 ∈ |0..10|11 []) + 47·(x_9 ∈ |0..10|11 []) + 22·(x_10 ∈ |0..10|11 []) ≤ 1550
	w54:	11·(x_1 ∈ |0..10|11 []) + 42·(x_2 ∈ |0..10|11 []) + 43·(x_3 ∈ |0..10|11 []) + 44·(x_4 ∈ |0..10|11 []) + 40·(x_5 ∈ |0..10|11 []) + 42·(x_6 ∈ |0..10|11 []) + 8·(x_7 ∈ |0..10|11 []) + 18·(x_8 ∈ |0..10|11 []) + 11·(x_9 ∈ |0..10|11 []) + 39·(x_10 ∈ |0..10|11 []) ≤ 1520
	w55:	12·(x_1 ∈ |0..10|11 []) + 12·(x_2 ∈ |0..10|11 []) + 27·(x_3 ∈ |0..10|11 []) + 37·(x_4 ∈ |0..10|11 []) + (x_5 ∈ |0..10|11 []) + 35·(x_6 ∈ |0..10|11 []) + 17·(x_7 ∈ |0..10|11 []) + 31·(x_8 ∈ |0..10|11 []) + (x_9 ∈ |0..10|11 []) + 6·(x_10 ∈ |0..10|11 []) ≤ 910
	w56:	42·(x_1 ∈ |0..10|11 []) + 16·(x_2 ∈ |0..10|11 []) + 9·(x_3 ∈ |0..10|11 []) + 12·(x_4 ∈ |0..10|11 []) + 38·(x_5 ∈ |0..10|11 []) + 9·(x_6 ∈ |0..10|11 []) + 18·(x_7 ∈ |0..10|11 []) + 12·(x_8 ∈ |0..10|11 []) + 42·(x_9 ∈ |0..10|11 []) + 23·(x_10 ∈ |0..10|11 []) ≤ 1130
	w57:	31·(x_1 ∈ |0..10|11 []) + 44·(x_2 ∈ |0..10|11 []) + 37·(x_3 ∈ |0..10|11 []) + 34·(x_4 ∈ |0..10|11 []) + 35·(x_5 ∈ |0..10|11 []) + 37·(x_6 ∈ |0..10|11 []) + 48·(x_7 ∈ |0..10|11 []) + 41·(x_8 ∈ |0..10|11 []) + 23·(x_9 ∈ |0..10|11 []) + 3·(x_10 ∈ |0..10|11 []) ≤ 1700
	w58:	34·(x_1 ∈ |0..10|11 []) + 35·(x_2 ∈ |0..10|11 []) + 5·(x_3 ∈ |0..10|11 []) + 40·(x_4 ∈ |0..10|11 []) + 47·(x_5 ∈ |0..10|11 []) + 36·(x_6 ∈ |0..10|11 []) + 9·(x_7 ∈ |0..10|11 []) + 44·(x_8 ∈ |0..10|11 []) + 45·(x_9 ∈ |0..10|11 []) + 15·(x_10 ∈ |0..10|11 []) ≤ 1580
	w59:	37·(x_1 ∈ |0..10|11 []) + 31·(x_2 ∈ |0..10|11 []) + 45·(x_3 ∈ |0..10|11 []) + 2·(x_4 ∈ |0..10|11 []) + 48·(x_5 ∈ |0..10|11 []) + 46·(x_6 ∈ |0..10|11 []) + 47·(x_7 ∈ |0..10|11 []) + 26·(x_8 ∈ |0..10|11 []) + 4·(x_9 ∈ |0..10|11 []) + 31·(x_10 ∈ |0..10|11 []) ≤ 1620
	w60:	4·(x_1 ∈ |0..10|11 []) + 9·(x_2 ∈ |0..10|11 []) + 13·(x_3 ∈ |0..10|11 []) + 37·(x_4 ∈ |0..10|11 []) + 42·(x_5 ∈ |0..10|11 []) + 16·(x_6 ∈ |0..10|11 []) + 37·(x_7 ∈ |0..10|11 []) + 6·(x_8 ∈ |0..10|11 []) + 33·(x_9 ∈ |0..10|11 []) + 11·(x_10 ∈ |0..10|11 []) ≤ 1060
	w61:	36·(x_1 ∈ |0..10|11 []) + 13·(x_2 ∈ |0..10|11 []) + 6·(x_3 ∈ |0..10|11 []) + 25·(x_4 ∈ |0..10|11 []) + 37·(x_5 ∈ |0..10|11 []) + 19·(x_6 ∈ |0..10|11 []) + (x_7 ∈ |0..10|11 []) + 38·(x_8 ∈ |0..10|11 []) + 17·(x_9 ∈ |0..10|11 []) + (x_10 ∈ |0..10|11 []) ≤ 980
	w62:	19·(x_1 ∈ |0..10|11 []) + 41·(x_2 ∈ |0..10|11 []) + 10·(x_3 ∈ |0..10|11 []) + 4·(x_4 ∈ |0..10|11 []) + 30·(x_5 ∈ |0..10|11 []) + 49·(x_6 ∈ |0..10|11 []) + 2·(x_7 ∈ |0..10|11 []) + 19·(x_8 ∈ |0..10|11 []) + 5·(x_9 ∈ |0..10|11 []) + 29·(x_10 ∈ |0..10|11 []) ≤ 1060
	w63:	22·(x_1 ∈ |0..10|11 []) + 24·(x_2 ∈ |0..10|11 []) + 49·(x_3 ∈ |0..10|11 []) + 38·(x_4 ∈ |0..10|11 []) + 25·(x_5 ∈ |0..10|11 []) + 14·(x_6 ∈ |0..10|11 []) + 47·(x_7 ∈ |0..10|11 []) + 48·(x_8 ∈ |0..10|11 []) + 19·(x_9 ∈ |0..10|11 []) + 45·(x_10 ∈ |0..10|11 []) ≤ 1690
	w64:	6·(x_1 ∈ |0..10|11 []) + 15·(x_2 ∈ |0..10|11 []) + 25·(x_3 ∈ |0..10|11 []) + 15·(x_4 ∈ |0..10|11 []) + 33·(x_5 ∈ |0..10|11 []) + 4·(x_6 ∈ |0..10|11 []) + 14·(x_7 ∈ |0..10|11 []) + 37·(x_8 ∈ |0..10|11 []) + 37·(x_9 ∈ |0..10|11 []) + 47·(x_10 ∈ |0..10|11 []) ≤ 1190
	w65:	(x_1 ∈ |0..10|11 []) + 46·(x_2 ∈ |0..10|11 []) + 27·(x_3 ∈ |0..10|11 []) + 23·(x_4 ∈ |0..10|11 []) + 39·(x_5 ∈ |0..10|11 []) + 18·(x_6 ∈ |0..10|11 []) + 12·(x_7 ∈ |0..10|11 []) + 5·(x_8 ∈ |0..10|11 []) + 23·(x_9 ∈ |0..10|11 []) + 43·(x_10 ∈ |0..10|11 []) ≤ 1210
	w66:	7·(x_1 ∈ |0..10|11 []) + 33·(x_2 ∈ |0..10|11 []) + 20·(x_3 ∈ |0..10|11 []) + 26·(x_4 ∈ |0..10|11 []) + 33·(x_5 ∈ |0..10|11 []) + 31·(x_6 ∈ |0..10|11 []) + 4·(x_7 ∈ |0..10|11 []) + 32·(x_8 ∈ |0..10|11 []) + 31·(x_9 ∈ |0..10|11 []) + 28·(x_10 ∈ |0..10|11 []) ≤ 1250
	w67:	39·(x_1 ∈ |0..10|11 []) + 30·(x_2 ∈ |0..10|11 []) + (x_3 ∈ |0..10|11 []) + 12·(x_4 ∈ |0..10|11 []) + 8·(x_5 ∈ |0..10|11 []) + 31·(x_6 ∈ |0..10|11 []) + 47·(x_7 ∈ |0..10|11 []) + 17·(x_8 ∈ |0..10|11 []) + 31·(x_9 ∈ |0..10|11 []) + 44·(x_10 ∈ |0..10|11 []) ≤ 1330
	w68:	38·(x_1 ∈ |0..10|11 []) + 17·(x_2 ∈ |0..10|11 []) + 26·(x_3 ∈ |0..10|11 []) + 45·(x_4 ∈ |0..10|11 []) + 27·(x_5 ∈ |0..10|11 []) + 8·(x_6 ∈ |0..10|11 []) + 44·(x_7 ∈ |0..10|11 []) + 8·(x_8 ∈ |0..10|11 []) + 17·(x_9 ∈ |0..10|11 []) + 17·(x_10 ∈ |0..10|11 []) ≤ 1260
	w69:	40·(x_1 ∈ |0..10|11 []) + 2·(x_2 ∈ |0..10|11 []) + 30·(x_3 ∈ |0..10|11 []) + 25·(x_4 ∈ |0..10|11 []) + 9·(x_5 ∈ |0..10|11 []) + 48·(x_6 ∈ |0..10|11 []) + 38·(x_7 ∈ |0..10|11 []) + 37·(x_8 ∈ |0..10|11 []) + 46·(x_9 ∈ |0..10|11 []) + 10·(x_10 ∈ |0..10|11 []) ≤ 1450
	w70:	43·(x_1 ∈ |0..10|11 []) + 33·(x_2 ∈ |0..10|11 []) + 2·(x_3 ∈ |0..10|11 []) + 22·(x_4 ∈ |0..10|11 []) + 38·(x_5 ∈ |0..10|11 []) + 40·(x_6 ∈ |0..10|11 []) + 9·(x_7 ∈ |0..10|11 []) + 19·(x_8 ∈ |0..10|11 []) + 29·(x_9 ∈ |0..10|11 []) + 44·(x_10 ∈ |0..10|11 []) ≤ 1420
	w71:	24·(x_1 ∈ |0..10|11 []) + 29·(x_2 ∈ |0..10|11 []) + 18·(x_3 ∈ |0..10|11 []) + 6·(x_4 ∈ |0..10|11 []) + (x_5 ∈ |0..10|11 []) + 45·(x_6 ∈ |0..10|11 []) + 20·(x_7 ∈ |0..10|11 []) + 40·(x_8 ∈ |0..10|11 []) + 29·(x_9 ∈ |0..10|11 []) + 11·(x_10 ∈ |0..10|11 []) ≤ 1140
	w72:	28·(x_1 ∈ |0..10|11 []) + 9·(x_2 ∈ |0..10|11 []) + 27·(x_3 ∈ |0..10|11 []) + 48·(x_4 ∈ |0..10|11 []) + 6·(x_5 ∈ |0..10|11 []) + 23·(x_6 ∈ |0..10|11 []) + 40·(x_7 ∈ |0..10|11 []) + 48·(x_8 ∈ |0..10|11 []) + 37·(x_9 ∈ |0..10|11 []) + 23·(x_10 ∈ |0..10|11 []) ≤ 1470
	w73:	38·(x_1 ∈ |0..10|11 []) + 18·(x_2 ∈ |0..10|11 []) + 19·(x_3 ∈ |0..10|11 []) + 20·(x_4 ∈ |0..10|11 []) + 33·(x_5 ∈ |0..10|11 []) + 8·(x_6 ∈ |0..10|11 []) + 10·(x_7 ∈ |0..10|11 []) + 19·(x_8 ∈ |0..10|11 []) + 36·(x_9 ∈ |0..10|11 []) + 9·(x_10 ∈ |0..10|11 []) ≤ 1070
	w74:	46·(x_1 ∈ |0..10|11 []) + 33·(x_2 ∈ |0..10|11 []) + 21·(x_3 ∈ |0..10|11 []) + 44·(x_4 ∈ |0..10|11 []) + 36·(x_5 ∈ |0..10|11 []) + 24·(x_6 ∈ |0..10|11 []) + 43·(x_7 ∈ |0..10|11 []) + 8·(x_8 ∈ |0..10|11 []) + 47·(x_9 ∈ |0..10|11 []) + 48·(x_10 ∈ |0..10|11 []) ≤ 1790
	w75:	34·(x_1 ∈ |0..10|11 []) + 3·(x_2 ∈ |0..10|11 []) + 49·(x_3 ∈ |0..10|11 []) + 5·(x_4 ∈ |0..10|11 []) + 37·(x_5 ∈ |0..10|11 []) + 16·(x_6 ∈ |0..10|11 []) + 20·(x_7 ∈ |0..10|11 []) + 18·(x_8 ∈ |0..10|11 []) + 7·(x_9 ∈ |0..10|11 []) + 23·(x_10 ∈ |0..10|11 []) ≤ 1080
	w76:	38·(x_1 ∈ |0..10|11 []) + 26·(x_2 ∈ |0..10|11 []) + 25·(x_3 ∈ |0..10|11 []) + 25·(x_4 ∈ |0..10|11 []) + 6·(x_5 ∈ |0..10|11 []) + 30·(x_6 ∈ |0..10|11 []) + 40·(x_7 ∈ |0..10|11 []) + 6·(x_8 ∈ |0..10|11 []) + 44·(x_9 ∈ |0..10|11 []) + 23·(x_10 ∈ |0..10|11 []) ≤ 1340
	w77:	15·(x_1 ∈ |0..10|11 []) + 44·(x_2 ∈ |0..10|11 []) + 30·(x_3 ∈ |0..10|11 []) + 49·(x_4 ∈ |0..10|11 []) + 14·(x_5 ∈ |0..10|11 []) + 39·(x_6 ∈ |0..10|11 []) + 16·(x_7 ∈ |0..10|11 []) + 27·(x_8 ∈ |0..10|11 []) + 32·(x_9 ∈ |0..10|11 []) + 49·(x_10 ∈ |0..10|11 []) ≤ 1610
	w78:	10·(x_1 ∈ |0..10|11 []) + 20·(x_2 ∈ |0..10|11 []) + 18·(x_3 ∈ |0..10|11 []) + 13·(x_4 ∈ |0..10|11 []) + 14·(x_5 ∈ |0..10|11 []) + 36·(x_6 ∈ |0..10|11 []) + 36·(x_7 ∈ |0..10|11 []) + 44·(x_8 ∈ |0..10|11 []) + 14·(x_9 ∈ |0..10|11 []) + 19·(x_10 ∈ |0..10|11 []) ≤ 1140
	w79:	15·(x_1 ∈ |0..10|11 []) + 15·(x_2 ∈ |0..10|11 []) + 14·(x_3 ∈ |0..10|11 []) + 36·(x_4 ∈ |0..10|11 []) + 11·(x_5 ∈ |0..10|11 []) + 10·(x_6 ∈ |0..10|11 []) + 45·(x_7 ∈ |0..10|11 []) + 16·(x_8 ∈ |0..10|11 []) + 48·(x_9 ∈ |0..10|11 []) + 42·(x_10 ∈ |0..10|11 []) ≤ 1290
	w80:	47·(x_1 ∈ |0..10|11 []) + 32·(x_2 ∈ |0..10|11 []) + 26·(x_3 ∈ |0..10|11 []) + 25·(x_4 ∈ |0..10|11 []) + 11·(x_5 ∈ |0..10|11 []) + 41·(x_6 ∈ |0..10|11 []) + 9·(x_7 ∈ |0..10|11 []) + 35·(x_8 ∈ |0..10|11 []) + 37·(x_9 ∈ |0..10|11 []) + 10·(x_10 ∈ |0..10|11 []) ≤ 1390
	w81:	3·(x_1 ∈ |0..10|11 []) + 22·(x_2 ∈ |0..10|11 []) + 46·(x_3 ∈ |0..10|11 []) + 22·(x_4 ∈ |0..10|11 []) + 36·(x_5 ∈ |0..10|11 []) + 22·(x_6 ∈ |0..10|11 []) + 10·(x_7 ∈ |0..10|11 []) + 44·(x_8 ∈ |0..10|11 []) + 10·(x_9 ∈ |0..10|11 []) + 10·(x_10 ∈ |0..10|11 []) ≤ 1150
	w82:	12·(x_1 ∈ |0..10|11 []) + 9·(x_2 ∈ |0..10|11 []) + 29·(x_3 ∈ |0..10|11 []) + 7·(x_4 ∈ |0..10|11 []) + (x_5 ∈ |0..10|11 []) + 13·(x_6 ∈ |0..10|11 []) + 43·(x_7 ∈ |0..10|11 []) + 33·(x_8 ∈ |0..10|11 []) + 25·(x_9 ∈ |0..10|11 []) + 2·(x_10 ∈ |0..10|11 []) ≤ 890
	w83:	36·(x_1 ∈ |0..10|11 []) + 33·(x_2 ∈ |0..10|11 []) + 26·(x_3 ∈ |0..10|11 []) + 38·(x_4 ∈ |0..10|11 []) + 39·(x_5 ∈ |0..10|11 []) + 24·(x_6 ∈ |0..10|11 []) + 5·(x_7 ∈ |0..10|11 []) + 22·(x_8 ∈ |0..10|11 []) + 33·(x_9 ∈ |0..10|11 []) + 46·(x_10 ∈ |0..10|11 []) ≤ 1540
	w84:	12·(x_1 ∈ |0..10|11 []) + 25·(x_2 ∈ |0..10|11 []) + 29·(x_3 ∈ |0..10|11 []) + 27·(x_4 ∈ |0..10|11 []) + (x_5 ∈ |0..10|11 []) + 3·(x_6 ∈ |0..10|11 []) + 43·(x_7 ∈ |0..10|11 []) + 41·(x_8 ∈ |0..10|11 []) + 43·(x_9 ∈ |0..10|11 []) + 39·(x_10 ∈ |0..10|11 []) ≤ 1340
	w85:	48·(x_1 ∈ |0..10|11 []) + 2·(x_2 ∈ |0..10|11 []) + 14·(x_3 ∈ |0..10|11 []) + 46·(x_4 ∈ |0..10|11 []) + 38·(x_5 ∈ |0..10|11 []) + 30·(x_6 ∈ |0..10|11 []) + 47·(x_7 ∈ |0..10|11 []) + 12·(x_8 ∈ |0..10|11 []) + 26·(x_9 ∈ |0..10|11 []) + 25·(x_10 ∈ |0..10|11 []) ≤ 1470
	w86:	43·(x_1 ∈ |0..10|11 []) + 7·(x_2 ∈ |0..10|11 []) + 16·(x_3 ∈ |0..10|11 []) + 36·(x_4 ∈ |0..10|11 []) + 28·(x_5 ∈ |0..10|11 []) + 6·(x_6 ∈ |0..10|11 []) + 40·(x_7 ∈ |0..10|11 []) + 5·(x_8 ∈ |0..10|11 []) + 43·(x_9 ∈ |0..10|11 []) + 30·(x_10 ∈ |0..10|11 []) ≤ 1300
	w87:	20·(x_1 ∈ |0..10|11 []) + 3·(x_2 ∈ |0..10|11 []) + 29·(x_3 ∈ |0..10|11 []) + 45·(x_4 ∈ |0..10|11 []) + 41·(x_5 ∈ |0..10|11 []) + 49·(x_6 ∈ |0..10|11 []) + 9·(x_7 ∈ |0..10|11 []) + 30·(x_8 ∈ |0..10|11 []) + 7·(x_9 ∈ |0..10|11 []) + 49·(x_10 ∈ |0..10|11 []) ≤ 1440
	w88:	5·(x_1 ∈ |0..10|11 []) + 48·(x_2 ∈ |0..10|11 []) + 41·(x_3 ∈ |0..10|11 []) + 22·(x_4 ∈ |0..10|11 []) + 39·(x_5 ∈ |0..10|11 []) + 32·(x_6 ∈ |0..10|11 []) + 28·(x_7 ∈ |0..10|11 []) + 2·(x_8 ∈ |0..10|11 []) + 24·(x_9 ∈ |0..10|11 []) + 15·(x_10 ∈ |0..10|11 []) ≤ 1310
	w89:	47·(x_1 ∈ |0..10|11 []) + 20·(x_2 ∈ |0..10|11 []) + 15·(x_3 ∈ |0..10|11 []) + 28·(x_4 ∈ |0..10|11 []) + 40·(x_5 ∈ |0..10|11 []) + 29·(x_6 ∈ |0..10|11 []) + 5·(x_7 ∈ |0..10|11 []) + 49·(x_8 ∈ |0..10|11 []) + 6·(x_9 ∈ |0..10|11 []) + 46·(x_10 ∈ |0..10|11 []) ≤ 1450
	w90:	27·(x_1 ∈ |0..10|11 []) + 2·(x_2 ∈ |0..10|11 []) + 44·(x_3 ∈ |0..10|11 []) + 4·(x_4 ∈ |0..10|11 []) + 26·(x_5 ∈ |0..10|11 []) + 44·(x_6 ∈ |0..10|11 []) + 41·(x_7 ∈ |0..10|11 []) + 21·(x_8 ∈ |0..10|11 []) + 22·(x_9 ∈ |0..10|11 []) + 28·(x_10 ∈ |0..10|11 []) ≤ 1320
	w91:	19·(x_1 ∈ |0..10|11 []) + 5·(x_2 ∈ |0..10|11 []) + 47·(x_3 ∈ |0..10|11 []) + 24·(x_4 ∈ |0..10|11 []) + 24·(x_5 ∈ |0..10|11 []) + 42·(x_6 ∈ |0..10|11 []) + (x_7 ∈ |0..10|11 []) + 39·(x_8 ∈ |0..10|11 []) + 35·(x_9 ∈ |0..10|11 []) + 47·(x_10 ∈ |0..10|11 []) ≤ 1440
	w92:	20·(x_1 ∈ |0..10|11 []) + 30·(x_2 ∈ |0..10|11 []) + 12·(x_3 ∈ |0..10|11 []) + 18·(x_4 ∈ |0..10|11 []) + 44·(x_5 ∈ |0..10|11 []) + 12·(x_6 ∈ |0..10|11 []) + 46·(x_7 ∈ |0..10|11 []) + 41·(x_8 ∈ |0..10|11 []) + 37·(x_9 ∈ |0..10|11 []) + 18·(x_10 ∈ |0..10|11 []) ≤ 1420
	w93:	20·(x_1 ∈ |0..10|11 []) + 45·(x_2 ∈ |0..10|11 []) + 47·(x_3 ∈ |0..10|11 []) + 34·(x_4 ∈ |0..10|11 []) + 11·(x_5 ∈ |0..10|11 []) + 45·(x_6 ∈ |0..10|11 []) + 33·(x_7 ∈ |0..10|11 []) + 49·(x_8 ∈ |0..10|11 []) + 45·(x_9 ∈ |0..10|11 []) + 30·(x_10 ∈ |0..10|11 []) ≤ 1830
	w94:	39·(x_1 ∈ |0..10|11 []) + 47·(x_2 ∈ |0..10|11 []) + 29·(x_3 ∈ |0..10|11 []) + 16·(x_4 ∈ |0..10|11 []) + 24·(x_5 ∈ |0..10|11 []) + 2·(x_6 ∈ |0..10|11 []) + 39·(x_7 ∈ |0..10|11 []) + 6·(x_8 ∈ |0..10|11 []) + 3·(x_9 ∈ |0..10|11 []) + 28·(x_10 ∈ |0..10|11 []) ≤ 1190
	w95:	4·(x_1 ∈ |0..10|11 []) + 8·(x_2 ∈ |0..10|11 []) + 42·(x_3 ∈ |0..10|11 []) + 5·(x_4 ∈ |0..10|11 []) + 45·(x_5 ∈ |0..10|11 []) + 48·(x_6 ∈ |0..10|11 []) + 46·(x_7 ∈ |0..10|11 []) + 7·(x_8 ∈ |0..10|11 []) + 17·(x_9 ∈ |0..10|11 []) + 13·(x_10 ∈ |0..10|11 []) ≤ 1200
	w96:	34·(x_1 ∈ |0..10|11 []) + 28·(x_2 ∈ |0..10|11 []) + 17·(x_3 ∈ |0..10|11 []) + 39·(x_4 ∈ |0..10|11 []) + 16·(x_5 ∈ |0..10|11 []) + 38·(x_6 ∈ |0..10|11 []) + 41·(x_7 ∈ |0..10|11 []) + 49·(x_8 ∈ |0..10|11 []) + 17·(x_9 ∈ |0..10|11 []) + 37·(x_10 ∈ |0..10|11 []) ≤ 1610
	w97:	3·(x_1 ∈ |0..10|11 []) + 36·(x_2 ∈ |0..10|11 []) + 4·(x_3 ∈ |0..10|11 []) + 40·(x_4 ∈ |0..10|11 []) + 28·(x_5 ∈ |0..10|11 []) + 38·(x_6 ∈ |0..10|11 []) + 11·(x_7 ∈ |0..10|11 []) + 22·(x_8 ∈ |0..10|11 []) + (x_9 ∈ |0..10|11 []) + 11·(x_10 ∈ |0..10|11 []) ≤ 990
	w98:	27·(x_1 ∈ |0..10|11 []) + 20·(x_2 ∈ |0..10|11 []) + 4·(x_3 ∈ |0..10|11 []) + 13·(x_4 ∈ |0..10|11 []) + 8·(x_5 ∈ |0..10|11 []) + 4·(x_6 ∈ |0..10|11 []) + 17·(x_7 ∈ |0..10|11 []) + 23·(x_8 ∈ |0..10|11 []) + 14·(x_9 ∈ |0..10|11 []) + 13·(x_10 ∈ |0..10|11 []) ≤ 730
	w99:	23·(x_1 ∈ |0..10|11 []) + 4·(x_2 ∈ |0..10|11 []) + 13·(x_3 ∈ |0..10|11 []) + 30·(x_4 ∈ |0..10|11 []) + 11·(x_5 ∈ |0..10|11 []) + 10·(x_6 ∈ |0..10|11 []) + 25·(x_7 ∈ |0..10|11 []) + (x_8 ∈ |0..10|11 []) + 14·(x_9 ∈ |0..10|11 []) + 40·(x_10 ∈ |0..10|11 []) ≤ 870
	w100:	32·(x_1 ∈ |0..10|11 []) + 43·(x_2 ∈ |0..10|11 []) + 22·(x_3 ∈ |0..10|11 []) + 20·(x_4 ∈ |0..10|11 []) + 48·(x_5 ∈ |0..10|11 []) + 45·(x_6 ∈ |0..10|11 []) + 21·(x_7 ∈ |0..10|11 []) + 17·(x_8 ∈ |0..10|11 []) + 2·(x_9 ∈ |0..10|11 []) + 30·(x_10 ∈ |0..10|11 []) ≤ 1430
	w101:	39·(x_1 ∈ |0..10|11 []) + 47·(x_2 ∈ |0..10|11 []) + 16·(x_3 ∈ |0..10|11 []) + 15·(x_4 ∈ |0..10|11 []) + 36·(x_5 ∈ |0..10|11 []) + 18·(x_6 ∈ |0..10|11 []) + 45·(x_7 ∈ |0..10|11 []) + 18·(x_8 ∈ |0..10|11 []) + 34·(x_9 ∈ |0..10|11 []) + 8·(x_10 ∈ |0..10|11 []) ≤ 1410
	w102:	33·(x_1 ∈ |0..10|11 []) + 2·(x_2 ∈ |0..10|11 []) + 34·(x_3 ∈ |0..10|11 []) + (x_4 ∈ |0..10|11 []) + 20·(x_5 ∈ |0..10|11 []) + 36·(x_6 ∈ |0..10|11 []) + 44·(x_7 ∈ |0..10|11 []) + 11·(x_8 ∈ |0..10|11 []) + 17·(x_9 ∈ |0..10|11 []) + 32·(x_10 ∈ |0..10|11 []) ≤ 1170
	w103:	48·(x_1 ∈ |0..10|11 []) + 7·(x_2 ∈ |0..10|11 []) + (x_3 ∈ |0..10|11 []) + 47·(x_4 ∈ |0..10|11 []) + 12·(x_5 ∈ |0..10|11 []) + 6·(x_6 ∈ |0..10|11 []) + 38·(x_7 ∈ |0..10|11 []) + 29·(x_8 ∈ |0..10|11 []) + 14·(x_9 ∈ |0..10|11 []) + 38·(x_10 ∈ |0..10|11 []) ≤ 1220
	w104:	16·(x_1 ∈ |0..10|11 []) + 49·(x_2 ∈ |0..10|11 []) + 45·(x_3 ∈ |0..10|11 []) + 13·(x_4 ∈ |0..10|11 []) + 5·(x_5 ∈ |0..10|11 []) + 36·(x_6 ∈ |0..10|11 []) + 19·(x_7 ∈ |0..10|11 []) + 43·(x_8 ∈ |0..10|11 []) + 29·(x_9 ∈ |0..10|11 []) + 13·(x_10 ∈ |0..10|11 []) ≤ 1370
	w105:	48·(x_1 ∈ |0..10|11 []) + 8·(x_2 ∈ |0..10|11 []) + 10·(x_3 ∈ |0..10|11 []) + 33·(x_4 ∈ |0..10|11 []) + 3·(x_5 ∈ |0..10|11 []) + 38·(x_6 ∈ |0..10|11 []) + 44·(x_7 ∈ |0..10|11 []) + 21·(x_8 ∈ |0..10|11 []) + 26·(x_9 ∈ |0..10|11 []) + 10·(x_10 ∈ |0..10|11 []) ≤ 1230
	w106:	9·(x_1 ∈ |0..10|11 []) + (x_2 ∈ |0..10|11 []) + 30·(x_3 ∈ |0..10|11 []) + 25·(x_4 ∈ |0..10|11 []) + 13·(x_5 ∈ |0..10|11 []) + 37·(x_6 ∈ |0..10|11 []) + 43·(x_7 ∈ |0..10|11 []) + 8·(x_8 ∈ |0..10|11 []) + 7·(x_9 ∈ |0..10|11 []) + 24·(x_10 ∈ |0..10|11 []) ≤ 1000
	w107:	15·(x_1 ∈ |0..10|11 []) + 6·(x_2 ∈ |0..10|11 []) + 20·(x_3 ∈ |0..10|11 []) + 11·(x_4 ∈ |0..10|11 []) + 3·(x_5 ∈ |0..10|11 []) + 46·(x_6 ∈ |0..10|11 []) + 5·(x_7 ∈ |0..10|11 []) + 38·(x_8 ∈ |0..10|11 []) + 16·(x_9 ∈ |0..10|11 []) + 36·(x_10 ∈ |0..10|11 []) ≤ 1000
	w108:	6·(x_1 ∈ |0..10|11 []) + 46·(x_2 ∈ |0..10|11 []) + 4·(x_3 ∈ |0..10|11 []) + 48·(x_4 ∈ |0..10|11 []) + 21·(x_5 ∈ |0..10|11 []) + 33·(x_6 ∈ |0..10|11 []) + 49·(x_7 ∈ |0..10|11 []) + 2·(x_8 ∈ |0..10|11 []) + 41·(x_9 ∈ |0..10|11 []) + 41·(x_10 ∈ |0..10|11 []) ≤ 1480
	w109:	14·(x_1 ∈ |0..10|11 []) + (x_2 ∈ |0..10|11 []) + 4·(x_3 ∈ |0..10|11 []) + 6·(x_4 ∈ |0..10|11 []) + 42·(x_5 ∈ |0..10|11 []) + 46·(x_6 ∈ |0..10|11 []) + 23·(x_7 ∈ |0..10|11 []) + 30·(x_8 ∈ |0..10|11 []) + 33·(x_9 ∈ |0..10|11 []) + 14·(x_10 ∈ |0..10|11 []) ≤ 1090
	w110:	14·(x_1 ∈ |0..10|11 []) + 29·(x_2 ∈ |0..10|11 []) + 39·(x_3 ∈ |0..10|11 []) + 46·(x_4 ∈ |0..10|11 []) + 7·(x_5 ∈ |0..10|11 []) + 42·(x_6 ∈ |0..10|11 []) + 38·(x_7 ∈ |0..10|11 []) + 14·(x_8 ∈ |0..10|11 []) + 32·(x_9 ∈ |0..10|11 []) + 28·(x_10 ∈ |0..10|11 []) ≤ 1470
	w111:	48·(x_1 ∈ |0..10|11 []) + 36·(x_2 ∈ |0..10|11 []) + 37·(x_3 ∈ |0..10|11 []) + 23·(x_4 ∈ |0..10|11 []) + 42·(x_5 ∈ |0..10|11 []) + 46·(x_6 ∈ |0..10|11 []) + 19·(x_7 ∈ |0..10|11 []) + 20·(x_8 ∈ |0..10|11 []) + 2·(x_9 ∈ |0..10|11 []) + 19·(x_10 ∈ |0..10|11 []) ≤ 1490
	w112:	32·(x_1 ∈ |0..10|11 []) + 30·(x_2 ∈ |0..10|11 []) + 33·(x_3 ∈ |0..10|11 []) + 35·(x_4 ∈ |0..10|11 []) + 28·(x_5 ∈ |0..10|11 []) + 44·(x_6 ∈ |0..10|11 []) + 7·(x_7 ∈ |0..10|11 []) + 26·(x_8 ∈ |0..10|11 []) + 18·(x_9 ∈ |0..10|11 []) + 34·(x_10 ∈ |0..10|11 []) ≤ 1460
	w113:	43·(x_1 ∈ |0..10|11 []) + 46·(x_2 ∈ |0..10|11 []) + 11·(x_3 ∈ |0..10|11 []) + 3·(x_4 ∈ |0..10|11 []) + 34·(x_5 ∈ |0..10|11 []) + 23·(x_6 ∈ |0..10|11 []) + 10·(x_7 ∈ |0..10|11 []) + 48·(x_8 ∈ |0..10|11 []) + 11·(x_9 ∈ |0..10|11 []) + 40·(x_10 ∈ |0..10|11 []) ≤ 1370
	w114:	10·(x_1 ∈ |0..10|11 []) + 8·(x_2 ∈ |0..10|11 []) + 6·(x_3 ∈ |0..10|11 []) + 5·(x_4 ∈ |0..10|11 []) + 14·(x_5 ∈ |0..10|11 []) + 27·(x_6 ∈ |0..10|11 []) + 12·(x_7 ∈ |0..10|11 []) + 45·(x_8 ∈ |0..10|11 []) + 36·(x_9 ∈ |0..10|11 []) + 35·(x_10 ∈ |0..10|11 []) ≤ 1010
	w115:	7·(x_1 ∈ |0..10|11 []) + 18·(x_2 ∈ |0..10|11 []) + 26·(x_3 ∈ |0..10|11 []) + 12·(x_4 ∈ |0..10|11 []) + 30·(x_5 ∈ |0..10|11 []) + 9·(x_6 ∈ |0..10|11 []) + 25·(x_7 ∈ |0..10|11 []) + 11·(x_8 ∈ |0..10|11 []) + 20·(x_9 ∈ |0..10|11 []) + 43·(x_10 ∈ |0..10|11 []) ≤ 1020
	w116:	6·(x_1 ∈ |0..10|11 []) + 37·(x_2 ∈ |0..10|11 []) + 6·(x_3 ∈ |0..10|11 []) + 39·(x_4 ∈ |0..10|11 []) + 42·(x_5 ∈ |0..10|11 []) + 29·(x_6 ∈ |0..10|11 []) + 43·(x_7 ∈ |0..10|11 []) + 5·(x_8 ∈ |0..10|11 []) + 5·(x_9 ∈ |0..10|11 []) + 49·(x_10 ∈ |0..10|11 []) ≤ 1330
	w117:	37·(x_1 ∈ |0..10|11 []) + 6·(x_2 ∈ |0..10|11 []) + (x_3 ∈ |0..10|11 []) + 47·(x_4 ∈ |0..10|11 []) + 32·(x_5 ∈ |0..10|11 []) + 38·(x_6 ∈ |0..10|11 []) + 23·(x_7 ∈ |0..10|11 []) + 5·(x_8 ∈ |0..10|11 []) + 39·(x_9 ∈ |0..10|11 []) + 10·(x_10 ∈ |0..10|11 []) ≤ 1210
	w118:	11·(x_1 ∈ |0..10|11 []) + 13·(x_2 ∈ |0..10|11 []) + 18·(x_3 ∈ |0..10|11 []) + 32·(x_4 ∈ |0..10|11 []) + 5·(x_5 ∈ |0..10|11 []) + 13·(x_6 ∈ |0..10|11 []) + 36·(x_7 ∈ |0..10|11 []) + 27·(x_8 ∈ |0..10|11 []) + 45·(x_9 ∈ |0..10|11 []) + 41·(x_10 ∈ |0..10|11 []) ≤ 1230
	w119:	20·(x_1 ∈ |0..10|11 []) + 7·(x_2 ∈ |0..10|11 []) + 6·(x_3 ∈ |0..10|11 []) + 41·(x_4 ∈ |0..10|11 []) + 45·(x_5 ∈ |0..10|11 []) + 23·(x_6 ∈ |0..10|11 []) + 27·(x_7 ∈ |0..10|11 []) + 46·(x_8 ∈ |0..10|11 []) + 46·(x_9 ∈ |0..10|11 []) + 22·(x_10 ∈ |0..10|11 []) ≤ 1440
	w120:	20·(x_1 ∈ |0..10|11 []) + 33·(x_2 ∈ |0..10|11 []) + 3·(x_3 ∈ |0..10|11 []) + 39·(x_4 ∈ |0..10|11 []) + 11·(x_5 ∈ |0..10|11 []) + 10·(x_6 ∈ |0..10|11 []) + 12·(x_7 ∈ |0..10|11 []) + 47·(x_8 ∈ |0..10|11 []) + 37·(x_9 ∈ |0..10|11 []) + 25·(x_10 ∈ |0..10|11 []) ≤ 1210
	w121:	3·(x_1 ∈ |0..10|11 []) + 44·(x_2 ∈ |0..10|11 []) + 15·(x_3 ∈ |0..10|11 []) + 11·(x_4 ∈ |0..10|11 []) + 46·(x_5 ∈ |0..10|11 []) + 28·(x_6 ∈ |0..10|11 []) + 30·(x_7 ∈ |0..10|11 []) + 37·(x_8 ∈ |0..10|11 []) + 32·(x_9 ∈ |0..10|11 []) + 32·(x_10 ∈ |0..10|11 []) ≤ 1420
	w122:	47·(x_1 ∈ |0..10|11 []) + 25·(x_2 ∈ |0..10|11 []) + 30·(x_3 ∈ |0..10|11 []) + 3·(x_4 ∈ |0..10|11 []) + 44·(x_5 ∈ |0..10|11 []) + 12·(x_6 ∈ |0..10|11 []) + 17·(x_7 ∈ |0..10|11 []) + 15·(x_8 ∈ |0..10|11 []) + 16·(x_9 ∈ |0..10|11 []) + 7·(x_10 ∈ |0..10|11 []) ≤ 1100
	w123:	47·(x_1 ∈ |0..10|11 []) + 22·(x_2 ∈ |0..10|11 []) + 23·(x_3 ∈ |0..10|11 []) + 20·(x_4 ∈ |0..10|11 []) + 47·(x_5 ∈ |0..10|11 []) + 46·(x_6 ∈ |0..10|11 []) + 7·(x_7 ∈ |0..10|11 []) + 48·(x_8 ∈ |0..10|11 []) + 21·(x_9 ∈ |0..10|11 []) + 17·(x_10 ∈ |0..10|11 []) ≤ 1520
	w124:	4·(x_1 ∈ |0..10|11 []) + 48·(x_2 ∈ |0..10|11 []) + 39·(x_3 ∈ |0..10|11 []) + 2·(x_4 ∈ |0..10|11 []) + 10·(x_5 ∈ |0..10|11 []) + 13·(x_6 ∈ |0..10|11 []) + 13·(x_7 ∈ |0..10|11 []) + 36·(x_8 ∈ |0..10|11 []) + 23·(x_9 ∈ |0..10|11 []) + (x_10 ∈ |0..10|11 []) ≤ 960
	w125:	22·(x_1 ∈ |0..10|11 []) + 34·(x_2 ∈ |0..10|11 []) + 25·(x_3 ∈ |0..10|11 []) + 14·(x_4 ∈ |0..10|11 []) + 28·(x_5 ∈ |0..10|11 []) + 36·(x_6 ∈ |0..10|11 []) + 42·(x_7 ∈ |0..10|11 []) + 13·(x_8 ∈ |0..10|11 []) + 11·(x_9 ∈ |0..10|11 []) + 12·(x_10 ∈ |0..10|11 []) ≤ 1210
	w126:	31·(x_1 ∈ |0..10|11 []) + 39·(x_2 ∈ |0..10|11 []) + 17·(x_3 ∈ |0..10|11 []) + 24·(x_4 ∈ |0..10|11 []) + 7·(x_5 ∈ |0..10|11 []) + 22·(x_6 ∈ |0..10|11 []) + 25·(x_7 ∈ |0..10|11 []) + 14·(x_8 ∈ |0..10|11 []) + 37·(x_9 ∈ |0..10|11 []) + 20·(x_10 ∈ |0..10|11 []) ≤ 1200
	w127:	22·(x_1 ∈ |0..10|11 []) + 40·(x_2 ∈ |0..10|11 []) + 49·(x_3 ∈ |0..10|11 []) + 41·(x_4 ∈ |0..10|11 []) + 14·(x_5 ∈ |0..10|11 []) + 13·(x_6 ∈ |0..10|11 []) + 7·(x_7 ∈ |0..10|11 []) + 26·(x_8 ∈ |0..10|11 []) + 37·(x_9 ∈ |0..10|11 []) + 38·(x_10 ∈ |0..10|11 []) ≤ 1460
	w128:	35·(x_1 ∈ |0..10|11 []) + 24·(x_2 ∈ |0..10|11 []) + 36·(x_3 ∈ |0..10|11 []) + 34·(x_4 ∈ |0..10|11 []) + 2·(x_5 ∈ |0..10|11 []) + 8·(x_6 ∈ |0..10|11 []) + 26·(x_7 ∈ |0..10|11 []) + 40·(x_8 ∈ |0..10|11 []) + 22·(x_9 ∈ |0..10|11 []) + 4·(x_10 ∈ |0..10|11 []) ≤ 1180
	w129:	48·(x_1 ∈ |0..10|11 []) + 11·(x_2 ∈ |0..10|11 []) + 40·(x_3 ∈ |0..10|11 []) + 13·(x_4 ∈ |0..10|11 []) + 15·(x_5 ∈ |0..10|11 []) + 38·(x_6 ∈ |0..10|11 []) + 41·(x_7 ∈ |0..10|11 []) + 23·(x_8 ∈ |0..10|11 []) + 3·(x_9 ∈ |0..10|11 []) + 31·(x_10 ∈ |0..10|11 []) ≤ 1340
	w130:	37·(x_1 ∈ |0..10|11 []) + 42·(x_2 ∈ |0..10|11 []) + 5·(x_3 ∈ |0..10|11 []) + 14·(x_4 ∈ |0..10|11 []) + 48·(x_5 ∈ |0..10|11 []) + 38·(x_6 ∈ |0..10|11 []) + 5·(x_7 ∈ |0..10|11 []) + 9·(x_8 ∈ |0..10|11 []) + 17·(x_9 ∈ |0..10|11 []) + 17·(x_10 ∈ |0..10|11 []) ≤ 1180
	w131:	48·(x_1 ∈ |0..10|11 []) + 11·(x_2 ∈ |0..10|11 []) + 33·(x_3 ∈ |0..10|11 []) + 36·(x_4 ∈ |0..10|11 []) + 32·(x_5 ∈ |0..10|11 []) + 8·(x_6 ∈ |0..10|11 []) + 20·(x_7 ∈ |0..10|11 []) + 31·(x_8 ∈ |0..10|11 []) + 49·(x_9 ∈ |0..10|11 []) + 31·(x_10 ∈ |0..10|11 []) ≤ 1530
	w132:	48·(x_1 ∈ |0..10|11 []) + 10·(x_2 ∈ |0..10|11 []) + 40·(x_3 ∈ |0..10|11 []) + 22·(x_4 ∈ |0..10|11 []) + 32·(x_5 ∈ |0..10|11 []) + 44·(x_6 ∈ |0..10|11 []) + 46·(x_7 ∈ |0..10|11 []) + 37·(x_8 ∈ |0..10|11 []) + 28·(x_9 ∈ |0..10|11 []) + 40·(x_10 ∈ |0..10|11 []) ≤ 1770
	w133:	8·(x_1 ∈ |0..10|11 []) + 10·(x_2 ∈ |0..10|11 []) + 30·(x_3 ∈ |0..10|11 []) + 16·(x_4 ∈ |0..10|11 []) + 7·(x_5 ∈ |0..10|11 []) + 28·(x_6 ∈ |0..10|11 []) + (x_7 ∈ |0..10|11 []) + 30·(x_8 ∈ |0..10|11 []) + 4·(x_9 ∈ |0..10|11 []) + 13·(x_10 ∈ |0..10|11 []) ≤ 750
	w134:	35·(x_1 ∈ |0..10|11 []) + 27·(x_2 ∈ |0..10|11 []) + 22·(x_3 ∈ |0..10|11 []) + 37·(x_4 ∈ |0..10|11 []) + 42·(x_5 ∈ |0..10|11 []) + 6·(x_6 ∈ |0..10|11 []) + 16·(x_7 ∈ |0..10|11 []) + 46·(x_8 ∈ |0..10|11 []) + 15·(x_9 ∈ |0..10|11 []) + 26·(x_10 ∈ |0..10|11 []) ≤ 1390
	w135:	19·(x_1 ∈ |0..10|11 []) + 7·(x_2 ∈ |0..10|11 []) + 10·(x_3 ∈ |0..10|11 []) + 9·(x_4 ∈ |0..10|11 []) + (x_5 ∈ |0..10|11 []) + 11·(x_6 ∈ |0..10|11 []) + 49·(x_7 ∈ |0..10|11 []) + 20·(x_8 ∈ |0..10|11 []) + 18·(x_9 ∈ |0..10|11 []) + 40·(x_10 ∈ |0..10|11 []) ≤ 940
	w136:	22·(x_1 ∈ |0..10|11 []) + 41·(x_2 ∈ |0..10|11 []) + 17·(x_3 ∈ |0..10|11 []) + 21·(x_4 ∈ |0..10|11 []) + 27·(x_5 ∈ |0..10|11 []) + 44·(x_6 ∈ |0..10|11 []) + 36·(x_7 ∈ |0..10|11 []) + 42·(x_8 ∈ |0..10|11 []) + 47·(x_9 ∈ |0..10|11 []) + 28·(x_10 ∈ |0..10|11 []) ≤ 1660
	w137:	37·(x_1 ∈ |0..10|11 []) + 10·(x_2 ∈ |0..10|11 []) + 35·(x_3 ∈ |0..10|11 []) + 17·(x_4 ∈ |0..10|11 []) + 14·(x_5 ∈ |0..10|11 []) + 33·(x_6 ∈ |0..10|11 []) + 25·(x_7 ∈ |0..10|11 []) + 32·(x_8 ∈ |0..10|11 []) + 36·(x_9 ∈ |0..10|11 []) + 26·(x_10 ∈ |0..10|11 []) ≤ 1350
	w138:	11·(x_1 ∈ |0..10|11 []) + 10·(x_2 ∈ |0..10|11 []) + 32·(x_3 ∈ |0..10|11 []) + 12·(x_4 ∈ |0..10|11 []) + 49·(x_5 ∈ |0..10|11 []) + 8·(x_6 ∈ |0..10|11 []) + 15·(x_7 ∈ |0..10|11 []) + (x_8 ∈ |0..10|11 []) + 27·(x_9 ∈ |0..10|11 []) + 5·(x_10 ∈ |0..10|11 []) ≤ 870
	w139:	21·(x_1 ∈ |0..10|11 []) + 39·(x_2 ∈ |0..10|11 []) + 37·(x_3 ∈ |0..10|11 []) + 43·(x_4 ∈ |0..10|11 []) + 19·(x_5 ∈ |0..10|11 []) + 42·(x_6 ∈ |0..10|11 []) + 11·(x_7 ∈ |0..10|11 []) + 48·(x_8 ∈ |0..10|11 []) + 18·(x_9 ∈ |0..10|11 []) + 48·(x_10 ∈ |0..10|11 []) ≤ 1660
	w140:	27·(x_1 ∈ |0..10|11 []) + 9·(x_2 ∈ |0..10|11 []) + 35·(x_3 ∈ |0..10|11 []) + 39·(x_4 ∈ |0..10|11 []) + 9·(x_5 ∈ |0..10|11 []) + 46·(x_6 ∈ |0..10|11 []) + 15·(x_7 ∈ |0..10|11 []) + 23·(x_8 ∈ |0..10|11 []) + 26·(x_9 ∈ |0..10|11 []) + 25·(x_10 ∈ |0..10|11 []) ≤ 1300
	w141:	(x_1 ∈ |0..10|11 []) + 37·(x_2 ∈ |0..10|11 []) + 25·(x_3 ∈ |0..10|11 []) + 24·(x_4 ∈ |0..10|11 []) + 36·(x_5 ∈ |0..10|11 []) + 41·(x_6 ∈ |0..10|11 []) + 11·(x_7 ∈ |0..10|11 []) + 6·(x_8 ∈ |0..10|11 []) + 20·(x_9 ∈ |0..10|11 []) + 40·(x_10 ∈ |0..10|11 []) ≤ 1230
	w142:	5·(x_1 ∈ |0..10|11 []) + 32·(x_2 ∈ |0..10|11 []) + 49·(x_3 ∈ |0..10|11 []) + 28·(x_4 ∈ |0..10|11 []) + 45·(x_5 ∈ |0..10|11 []) + 2·(x_6 ∈ |0..10|11 []) + 2·(x_7 ∈ |0..10|11 []) + 16·(x_8 ∈ |0..10|11 []) + 19·(x_9 ∈ |0..10|11 []) + 7·(x_10 ∈ |0..10|11 []) ≤ 1040
	w143:	15·(x_1 ∈ |0..10|11 []) + 28·(x_2 ∈ |0..10|11 []) + 45·(x_3 ∈ |0..10|11 []) + 5·(x_4 ∈ |0..10|11 []) + 17·(x_5 ∈ |0..10|11 []) + 14·(x_6 ∈ |0..10|11 []) + 47·(x_7 ∈ |0..10|11 []) + 23·(x_8 ∈ |0..10|11 []) + 23·(x_9 ∈ |0..10|11 []) + 8·(x_10 ∈ |0..10|11 []) ≤ 1150
	w144:	7·(x_1 ∈ |0..10|11 []) + 48·(x_2 ∈ |0..10|11 []) + 13·(x_3 ∈ |0..10|11 []) + 12·(x_4 ∈ |0..10|11 []) + 5·(x_5 ∈ |0..10|11 []) + 10·(x_6 ∈ |0..10|11 []) + 45·(x_7 ∈ |0..10|11 []) + 2·(x_8 ∈ |0..10|11 []) + 31·(x_9 ∈ |0..10|11 []) + 41·(x_10 ∈ |0..10|11 []) ≤ 1090
	w145:	48·(x_1 ∈ |0..10|11 []) + 6·(x_2 ∈ |0..10|11 []) + 39·(x_3 ∈ |0..10|11 []) + 24·(x_4 ∈ |0..10|11 []) + 22·(x_5 ∈ |0..10|11 []) + 11·(x_6 ∈ |0..10|11 []) + 18·(x_7 ∈ |0..10|11 []) + 48·(x_8 ∈ |0..10|11 []) + 42·(x_9 ∈ |0..10|11 []) + 36·(x_10 ∈ |0..10|11 []) ≤ 1500
	w146:	41·(x_1 ∈ |0..10|11 []) + 23·(x_2 ∈ |0..10|11 []) + 28·(x_3 ∈ |0..10|11 []) + 27·(x_4 ∈ |0..10|11 []) + 48·(x_5 ∈ |0..10|11 []) + 44·(x_6 ∈ |0..10|11 []) + 48·(x_7 ∈ |0..10|11 []) + 40·(x_8 ∈ |0..10|11 []) + 6·(x_9 ∈ |0..10|11 []) + 7·(x_10 ∈ |0..10|11 []) ≤ 1590
	w147:	44·(x_1 ∈ |0..10|11 []) + 37·(x_2 ∈ |0..10|11 []) + 47·(x_3 ∈ |0..10|11 []) + 34·(x_4 ∈ |0..10|11 []) + 47·(x_5 ∈ |0..10|11 []) + 45·(x_6 ∈ |0..10|11 []) + 47·(x_7 ∈ |0..10|11 []) + 39·(x_8 ∈ |0..10|11 []) + 17·(x_9 ∈ |0..10|11 []) + 20·(x_10 ∈ |0..10|11 []) ≤ 1930
	w148:	44·(x_1 ∈ |0..10|11 []) + 16·(x_2 ∈ |0..10|11 []) + 41·(x_3 ∈ |0..10|11 []) + 11·(x_4 ∈ |0..10|11 []) + 30·(x_5 ∈ |0..10|11 []) + 41·(x_6 ∈ |0..10|11 []) + 27·(x_7 ∈ |0..10|11 []) + 39·(x_8 ∈ |0..10|11 []) + 2·(x_9 ∈ |0..10|11 []) + 20·(x_10 ∈ |0..10|11 []) ≤ 1380
	w149:	43·(x_1 ∈ |0..10|11 []) + 44·(x_2 ∈ |0..10|11 []) + 42·(x_3 ∈ |0..10|11 []) + 5·(x_4 ∈ |0..10|11 []) + 47·(x_5 ∈ |0..10|11 []) + 34·(x_6 ∈ |0..10|11 []) + 45·(x_7 ∈ |0..10|11 []) + 11·(x_8 ∈ |0..10|11 []) + 20·(x_9 ∈ |0..10|11 []) + 47·(x_10 ∈ |0..10|11 []) ≤ 1730
	w150:	27·(x_1 ∈ |0..10|11 []) + 8·(x_2 ∈ |0..10|11 []) + 46·(x_3 ∈ |0..10|11 []) + 5·(x_4 ∈ |0..10|11 []) + 47·(x_5 ∈ |0..10|11 []) + 27·(x_6 ∈ |0..10|11 []) + 12·(x_7 ∈ |0..10|11 []) + 21·(x_8 ∈ |0..10|11 []) + 28·(x_9 ∈ |0..10|11 []) + 26·(x_10 ∈ |0..10|11 []) ≤ 1260
	w151:	28·(x_1 ∈ |0..10|11 []) + 40·(x_2 ∈ |0..10|11 []) + 47·(x_3 ∈ |0..10|11 []) + 7·(x_4 ∈ |0..10|11 []) + 6·(x_5 ∈ |0..10|11 []) + 48·(x_6 ∈ |0..10|11 []) + 47·(x_7 ∈ |0..10|11 []) + 15·(x_8 ∈ |0..10|11 []) + 40·(x_9 ∈ |0..10|11 []) + 22·(x_10 ∈ |0..10|11 []) ≤ 1530
	w152:	5·(x_1 ∈ |0..10|11 []) + 6·(x_2 ∈ |0..10|11 []) + 30·(x_3 ∈ |0..10|11 []) + 42·(x_4 ∈ |0..10|11 []) + 4·(x_5 ∈ |0..10|11 []) + 26·(x_6 ∈ |0..10|11 []) + 29·(x_7 ∈ |0..10|11 []) + 18·(x_8 ∈ |0..10|11 []) + 44·(x_9 ∈ |0..10|11 []) + 20·(x_10 ∈ |0..10|11 []) ≤ 1140
	w153:	9·(x_1 ∈ |0..10|11 []) + 22·(x_2 ∈ |0..10|11 []) + 46·(x_3 ∈ |0..10|11 []) + 33·(x_4 ∈ |0..10|11 []) + 2·(x_5 ∈ |0..10|11 []) + 14·(x_6 ∈ |0..10|11 []) + 5·(x_7 ∈ |0..10|11 []) + 9·(x_8 ∈ |0..10|11 []) + 28·(x_9 ∈ |0..10|11 []) + 7·(x_10 ∈ |0..10|11 []) ≤ 890
	w154:	(x_1 ∈ |0..10|11 []) + 17·(x_2 ∈ |0..10|11 []) + 7·(x_3 ∈ |0..10|11 []) + 3·(x_4 ∈ |0..10|11 []) + 6·(x_5 ∈ |0..10|11 []) + 14·(x_6 ∈ |0..10|11 []) + 24·(x_7 ∈ |0..10|11 []) + 23·(x_8 ∈ |0..10|11 []) + 3·(x_9 ∈ |0..10|11 []) + 11·(x_10 ∈ |0..10|11 []) ≤ 550
	w155:	27·(x_1 ∈ |0..10|11 []) + 15·(x_2 ∈ |0..10|11 []) + 37·(x_3 ∈ |0..10|11 []) + 42·(x_4 ∈ |0..10|11 []) + 15·(x_5 ∈ |0..10|11 []) + 16·(x_6 ∈ |0..10|11 []) + 45·(x_7 ∈ |0..10|11 []) + 21·(x_8 ∈ |0..10|11 []) + 47·(x_9 ∈ |0..10|11 []) + 27·(x_10 ∈ |0..10|11 []) ≤ 1490
	w156:	23·(x_1 ∈ |0..10|11 []) + 30·(x_2 ∈ |0..10|11 []) + 9·(x_3 ∈ |0..10|11 []) + 9·(x_4 ∈ |0..10|11 []) + 37·(x_5 ∈ |0..10|11 []) + 43·(x_6 ∈ |0..10|11 []) + 14·(x_7 ∈ |0..10|11 []) + 19·(x_8 ∈ |0..10|11 []) + 48·(x_9 ∈ |0..10|11 []) + 42·(x_10 ∈ |0..10|11 []) ≤ 1400
	w157:	28·(x_1 ∈ |0..10|11 []) + 4·(x_2 ∈ |0..10|11 []) + 31·(x_3 ∈ |0..10|11 []) + (x_4 ∈ |0..10|11 []) + 20·(x_5 ∈ |0..10|11 []) + 34·(x_6 ∈ |0..10|11 []) + 44·(x_7 ∈ |0..10|11 []) + 35·(x_8 ∈ |0..10|11 []) + 38·(x_9 ∈ |0..10|11 []) + (x_10 ∈ |0..10|11 []) ≤ 1200
	w158:	14·(x_1 ∈ |0..10|11 []) + 22·(x_2 ∈ |0..10|11 []) + 9·(x_3 ∈ |0..10|11 []) + 43·(x_4 ∈ |0..10|11 []) + 40·(x_5 ∈ |0..10|11 []) + 28·(x_6 ∈ |0..10|11 []) + 18·(x_7 ∈ |0..10|11 []) + 44·(x_8 ∈ |0..10|11 []) + 48·(x_9 ∈ |0..10|11 []) + 32·(x_10 ∈ |0..10|11 []) ≤ 1520
	w159:	3·(x_1 ∈ |0..10|11 []) + 41·(x_2 ∈ |0..10|11 []) + 16·(x_3 ∈ |0..10|11 []) + 8·(x_4 ∈ |0..10|11 []) + 9·(x_5 ∈ |0..10|11 []) + 28·(x_6 ∈ |0..10|11 []) + 39·(x_7 ∈ |0..10|11 []) + 45·(x_8 ∈ |0..10|11 []) + 14·(x_9 ∈ |0..10|11 []) + 31·(x_10 ∈ |0..10|11 []) ≤ 1190
	w160:	17·(x_1 ∈ |0..10|11 []) + 27·(x_2 ∈ |0..10|11 []) + 40·(x_3 ∈ |0..10|11 []) + 32·(x_4 ∈ |0..10|11 []) + 28·(x_5 ∈ |0..10|11 []) + 33·(x_6 ∈ |0..10|11 []) + 14·(x_7 ∈ |0..10|11 []) + 21·(x_8 ∈ |0..10|11 []) + 19·(x_9 ∈ |0..10|11 []) + 19·(x_10 ∈ |0..10|11 []) ≤ 1280
	w161:	22·(x_1 ∈ |0..10|11 []) + 18·(x_2 ∈ |0..10|11 []) + 14·(x_3 ∈ |0..10|11 []) + 29·(x_4 ∈ |0..10|11 []) + 3·(x_5 ∈ |0..10|11 []) + 19·(x_6 ∈ |0..10|11 []) + 25·(x_7 ∈ |0..10|11 []) + 32·(x_8 ∈ |0..10|11 []) + 12·(x_9 ∈ |0..10|11 []) + 17·(x_10 ∈ |0..10|11 []) ≤ 970
	w162:	47·(x_1 ∈ |0..10|11 []) + 33·(x_2 ∈ |0..10|11 []) + 46·(x_3 ∈ |0..10|11 []) + 3·(x_4 ∈ |0..10|11 []) + 48·(x_5 ∈ |0..10|11 []) + 20·(x_6 ∈ |0..10|11 []) + 20·(x_7 ∈ |0..10|11 []) + 35·(x_8 ∈ |0..10|11 []) + 21·(x_9 ∈ |0..10|11 []) + 35·(x_10 ∈ |0..10|11 []) ≤ 1570
	w163:	40·(x_1 ∈ |0..10|11 []) + 45·(x_2 ∈ |0..10|11 []) + 45·(x_3 ∈ |0..10|11 []) + 39·(x_4 ∈ |0..10|11 []) + 6·(x_5 ∈ |0..10|11 []) + 18·(x_6 ∈ |0..10|11 []) + 32·(x_7 ∈ |0..10|11 []) + 10·(x_8 ∈ |0..10|11 []) + 29·(x_9 ∈ |0..10|11 []) + 28·(x_10 ∈ |0..10|11 []) ≤ 1490
	w164:	47·(x_1 ∈ |0..10|11 []) + 13·(x_2 ∈ |0..10|11 []) + 4·(x_3 ∈ |0..10|11 []) + 38·(x_4 ∈ |0..10|11 []) + 41·(x_5 ∈ |0..10|11 []) + 3·(x_6 ∈ |0..10|11 []) + 20·(x_7 ∈ |0..10|11 []) + 33·(x_8 ∈ |0..10|11 []) + 16·(x_9 ∈ |0..10|11 []) + 3·(x_10 ∈ |0..10|11 []) ≤ 1110
	w165:	19·(x_1 ∈ |0..10|11 []) + 33·(x_2 ∈ |0..10|11 []) + 14·(x_3 ∈ |0..10|11 []) + 23·(x_4 ∈ |0..10|11 []) + 38·(x_5 ∈ |0..10|11 []) + 13·(x_6 ∈ |0..10|11 []) + 23·(x_7 ∈ |0..10|11 []) + 17·(x_8 ∈ |0..10|11 []) + 26·(x_9 ∈ |0..10|11 []) + 9·(x_10 ∈ |0..10|11 []) ≤ 1100
	w166:	43·(x_1 ∈ |0..10|11 []) + 44·(x_2 ∈ |0..10|11 []) + 29·(x_3 ∈ |0..10|11 []) + 29·(x_4 ∈ |0..10|11 []) + 40·(x_5 ∈ |0..10|11 []) + 20·(x_6 ∈ |0..10|11 []) + 43·(x_7 ∈ |0..10|11 []) + 44·(x_8 ∈ |0..10|11 []) + (x_9 ∈ |0..10|11 []) + 14·(x_10 ∈ |0..10|11 []) ≤ 1570
	w167:	9·(x_1 ∈ |0..10|11 []) + 24·(x_2 ∈ |0..10|11 []) + 22·(x_3 ∈ |0..10|11 []) + 41·(x_4 ∈ |0..10|11 []) + 18·(x_5 ∈ |0..10|11 []) + 30·(x_6 ∈ |0..10|11 []) + 17·(x_7 ∈ |0..10|11 []) + 27·(x_8 ∈ |0..10|11 []) + 38·(x_9 ∈ |0..10|11 []) + 35·(x_10 ∈ |0..10|11 []) ≤ 1330
	w168:	26·(x_1 ∈ |0..10|11 []) + 18·(x_2 ∈ |0..10|11 []) + 19·(x_3 ∈ |0..10|11 []) + 21·(x_4 ∈ |0..10|11 []) + 16·(x_5 ∈ |0..10|11 []) + 19·(x_6 ∈ |0..10|11 []) + 49·(x_7 ∈ |0..10|11 []) + 44·(x_8 ∈ |0..10|11 []) + 21·(x_9 ∈ |0..10|11 []) + 7·(x_10 ∈ |0..10|11 []) ≤ 1220
	w169:	6·(x_1 ∈ |0..10|11 []) + 26·(x_2 ∈ |0..10|11 []) + 13·(x_3 ∈ |0..10|11 []) + 9·(x_4 ∈ |0..10|11 []) + 42·(x_5 ∈ |0..10|11 []) + 25·(x_6 ∈ |0..10|11 []) + (x_7 ∈ |0..10|11 []) + 2·(x_8 ∈ |0..10|11 []) + 21·(x_9 ∈ |0..10|11 []) + 20·(x_10 ∈ |0..10|11 []) ≤ 840
	w170:	37·(x_1 ∈ |0..10|11 []) + 36·(x_2 ∈ |0..10|11 []) + 2·(x_3 ∈ |0..10|11 []) + 45·(x_4 ∈ |0..10|11 []) + 33·(x_5 ∈ |0..10|11 []) + 11·(x_6 ∈ |0..10|11 []) + 47·(x_7 ∈ |0..10|11 []) + 38·(x_8 ∈ |0..10|11 []) + 36·(x_9 ∈ |0..10|11 []) + 45·(x_10 ∈ |0..10|11 []) ≤ 1680
	w171:	43·(x_1 ∈ |0..10|11 []) + 49·(x_2 ∈ |0..10|11 []) + 8·(x_3 ∈ |0..10|11 []) + 46·(x_4 ∈ |0..10|11 []) + 47·(x_5 ∈ |0..10|11 []) + 29·(x_6 ∈ |0..10|11 []) + 11·(x_7 ∈ |0..10|11 []) + 44·(x_8 ∈ |0..10|11 []) + 19·(x_9 ∈ |0..10|11 []) + 27·(x_10 ∈ |0..10|11 []) ≤ 1650
	w172:	32·(x_1 ∈ |0..10|11 []) + 18·(x_2 ∈ |0..10|11 []) + 19·(x_3 ∈ |0..10|11 []) + 5·(x_4 ∈ |0..10|11 []) + 45·(x_5 ∈ |0..10|11 []) + (x_6 ∈ |0..10|11 []) + 35·(x_7 ∈ |0..10|11 []) + 26·(x_8 ∈ |0..10|11 []) + 16·(x_9 ∈ |0..10|11 []) + 48·(x_10 ∈ |0..10|11 []) ≤ 1250
	w173:	28·(x_1 ∈ |0..10|11 []) + 14·(x_2 ∈ |0..10|11 []) + 8·(x_3 ∈ |0..10|11 []) + 34·(x_4 ∈ |0..10|11 []) + 46·(x_5 ∈ |0..10|11 []) + 46·(x_6 ∈ |0..10|11 []) + 3·(x_7 ∈ |0..10|11 []) + 13·(x_8 ∈ |0..10|11 []) + 7·(x_9 ∈ |0..10|11 []) + 37·(x_10 ∈ |0..10|11 []) ≤ 1200
	w174:	10·(x_1 ∈ |0..10|11 []) + 39·(x_2 ∈ |0..10|11 []) + 11·(x_3 ∈ |0..10|11 []) + 49·(x_4 ∈ |0..10|11 []) + 21·(x_5 ∈ |0..10|11 []) + 32·(x_6 ∈ |0..10|11 []) + 42·(x_7 ∈ |0..10|11 []) + 27·(x_8 ∈ |0..10|11 []) + 8·(x_9 ∈ |0..10|11 []) + 15·(x_10 ∈ |0..10|11 []) ≤ 1300
	w175:	35·(x_1 ∈ |0..10|11 []) + 8·(x_2 ∈ |0..10|11 []) + 22·(x_3 ∈ |0..10|11 []) + 29·(x_4 ∈ |0..10|11 []) + 20·(x_5 ∈ |0..10|11 []) + 34·(x_6 ∈ |0..10|11 []) + 19·(x_7 ∈ |0..10|11 []) + 41·(x_8 ∈ |0..10|11 []) + 48·(x_9 ∈ |0..10|11 []) + 3·(x_10 ∈ |0..10|11 []) ≤ 1320
	w176:	27·(x_1 ∈ |0..10|11 []) + 9·(x_2 ∈ |0..10|11 []) + 4·(x_3 ∈ |0..10|11 []) + 34·(x_4 ∈ |0..10|11 []) + 8·(x_5 ∈ |0..10|11 []) + 11·(x_6 ∈ |0..10|11 []) + 38·(x_7 ∈ |0..10|11 []) + 24·(x_8 ∈ |0..10|11 []) + 14·(x_9 ∈ |0..10|11 []) + 20·(x_10 ∈ |0..10|11 []) ≤ 960
	w177:	14·(x_1 ∈ |0..10|11 []) + 27·(x_2 ∈ |0..10|11 []) + 32·(x_3 ∈ |0..10|11 []) + 38·(x_4 ∈ |0..10|11 []) + 38·(x_5 ∈ |0..10|11 []) + 25·(x_6 ∈ |0..10|11 []) + 23·(x_7 ∈ |0..10|11 []) + 13·(x_8 ∈ |0..10|11 []) + 20·(x_9 ∈ |0..10|11 []) + 20·(x_10 ∈ |0..10|11 []) ≤ 1280
	w178:	41·(x_1 ∈ |0..10|11 []) + 28·(x_2 ∈ |0..10|11 []) + 12·(x_3 ∈ |0..10|11 []) + 41·(x_4 ∈ |0..10|11 []) + 36·(x_5 ∈ |0..10|11 []) + 37·(x_6 ∈ |0..10|11 []) + 47·(x_7 ∈ |0..10|11 []) + 18·(x_8 ∈ |0..10|11 []) + 29·(x_9 ∈ |0..10|11 []) + 39·(x_10 ∈ |0..10|11 []) ≤ 1670
	w179:	22·(x_1 ∈ |0..10|11 []) + 4·(x_2 ∈ |0..10|11 []) + 32·(x_3 ∈ |0..10|11 []) + 13·(x_4 ∈ |0..10|11 []) + 25·(x_5 ∈ |0..10|11 []) + 28·(x_6 ∈ |0..10|11 []) + 31·(x_7 ∈ |0..10|11 []) + 32·(x_8 ∈ |0..10|11 []) + 9·(x_9 ∈ |0..10|11 []) + 21·(x_10 ∈ |0..10|11 []) ≤ 1110
	w180:	28·(x_1 ∈ |0..10|11 []) + 26·(x_2 ∈ |0..10|11 []) + 46·(x_3 ∈ |0..10|11 []) + 4·(x_4 ∈ |0..10|11 []) + 5·(x_5 ∈ |0..10|11 []) + 47·(x_6 ∈ |0..10|11 []) + 30·(x_7 ∈ |0..10|11 []) + 42·(x_8 ∈ |0..10|11 []) + 10·(x_9 ∈ |0..10|11 []) + 34·(x_10 ∈ |0..10|11 []) ≤ 1390
	w181:	19·(x_1 ∈ |0..10|11 []) + 49·(x_2 ∈ |0..10|11 []) + 11·(x_3 ∈ |0..10|11 []) + 27·(x_4 ∈ |0..10|11 []) + 8·(x_5 ∈ |0..10|11 []) + 31·(x_6 ∈ |0..10|11 []) + 9·(x_7 ∈ |0..10|11 []) + 39·(x_8 ∈ |0..10|11 []) + 6·(x_9 ∈ |0..10|11 []) + 2·(x_10 ∈ |0..10|11 []) ≤ 1020
	w182:	40·(x_1 ∈ |0..10|11 []) + 42·(x_2 ∈ |0..10|11 []) + 3·(x_3 ∈ |0..10|11 []) + 47·(x_4 ∈ |0..10|11 []) + 27·(x_5 ∈ |0..10|11 []) + 9·(x_6 ∈ |0..10|11 []) + 21·(x_7 ∈ |0..10|11 []) + 18·(x_8 ∈ |0..10|11 []) + 2·(x_9 ∈ |0..10|11 []) + 24·(x_10 ∈ |0..10|11 []) ≤ 1190
	w183:	28·(x_1 ∈ |0..10|11 []) + 3·(x_2 ∈ |0..10|11 []) + 12·(x_3 ∈ |0..10|11 []) + 25·(x_4 ∈ |0..10|11 []) + 4·(x_5 ∈ |0..10|11 []) + 30·(x_6 ∈ |0..10|11 []) + 45·(x_7 ∈ |0..10|11 []) + 16·(x_8 ∈ |0..10|11 []) + 18·(x_9 ∈ |0..10|11 []) + 47·(x_10 ∈ |0..10|11 []) ≤ 1160
	w184:	21·(x_1 ∈ |0..10|11 []) + 12·(x_2 ∈ |0..10|11 []) + 16·(x_3 ∈ |0..10|11 []) + 34·(x_4 ∈ |0..10|11 []) + 46·(x_5 ∈ |0..10|11 []) + 38·(x_6 ∈ |0..10|11 []) + 16·(x_7 ∈ |0..10|11 []) + 17·(x_8 ∈ |0..10|11 []) + 12·(x_9 ∈ |0..10|11 []) + 25·(x_10 ∈ |0..10|11 []) ≤ 1210
	w185:	5·(x_1 ∈ |0..10|11 []) + 25·(x_2 ∈ |0..10|11 []) + 41·(x_3 ∈ |0..10|11 []) + 29·(x_4 ∈ |0..10|11 []) + 39·(x_5 ∈ |0..10|11 []) + 23·(x_6 ∈ |0..10|11 []) + 44·(x_7 ∈ |0..10|11 []) + 26·(x_8 ∈ |0..10|11 []) + 14·(x_9 ∈ |0..10|11 []) + 18·(x_10 ∈ |0..10|11 []) ≤ 1350
	w186:	8·(x_1 ∈ |0..10|11 []) + 7·(x_2 ∈ |0..10|11 []) + 20·(x_3 ∈ |0..10|11 []) + (x_4 ∈ |0..10|11 []) + 5·(x_5 ∈ |0..10|11 []) + 19·(x_6 ∈ |0..10|11 []) + 44·(x_7 ∈ |0..10|11 []) + 10·(x_8 ∈ |0..10|11 []) + 43·(x_9 ∈ |0..10|11 []) + 11·(x_10 ∈ |0..10|11 []) ≤ 860
	w187:	26·(x_1 ∈ |0..10|11 []) + 24·(x_2 ∈ |0..10|11 []) + 37·(x_3 ∈ |0..10|11 []) + 42·(x_4 ∈ |0..10|11 []) + (x_5 ∈ |0..10|11 []) + 31·(x_6 ∈ |0..10|11 []) + 37·(x_7 ∈ |0..10|11 []) + 2·(x_8 ∈ |0..10|11 []) + 7·(x_9 ∈ |0..10|11 []) + 28·(x_10 ∈ |0..10|11 []) ≤ 1200
	w188:	34·(x_1 ∈ |0..10|11 []) + 20·(x_2 ∈ |0..10|11 []) + 10·(x_3 ∈ |0..10|11 []) + 35·(x_4 ∈ |0..10|11 []) + 12·(x_5 ∈ |0..10|11 []) + 23·(x_6 ∈ |0..10|11 []) + 39·(x_7 ∈ |0..10|11 []) + 44·(x_8 ∈ |0..10|11 []) + 31·(x_9 ∈ |0..10|11 []) + (x_10 ∈ |0..10|11 []) ≤ 1270
	w189:	5·(x_1 ∈ |0..10|11 []) + 19·(x_2 ∈ |0..10|11 []) + 26·(x_3 ∈ |0..10|11 []) + 5·(x_4 ∈ |0..10|11 []) + 46·(x_5 ∈ |0..10|11 []) + 13·(x_6 ∈ |0..10|11 []) + 35·(x_7 ∈ |0..10|11 []) + 32·(x_8 ∈ |0..10|11 []) + 15·(x_9 ∈ |0..10|11 []) + 44·(x_10 ∈ |0..10|11 []) ≤ 1220
	w190:	18·(x_1 ∈ |0..10|11 []) + 26·(x_2 ∈ |0..10|11 []) + 4·(x_3 ∈ |0..10|11 []) + (x_4 ∈ |0..10|11 []) + 28·(x_5 ∈ |0..10|11 []) + 19·(x_6 ∈ |0..10|11 []) + 33·(x_7 ∈ |0..10|11 []) + 30·(x_8 ∈ |0..10|11 []) + 17·(x_9 ∈ |0..10|11 []) + 24·(x_10 ∈ |0..10|11 []) ≤ 1020
	w191:	6·(x_1 ∈ |0..10|11 []) + 46·(x_2 ∈ |0..10|11 []) + 46·(x_3 ∈ |0..10|11 []) + 31·(x_4 ∈ |0..10|11 []) + 10·(x_5 ∈ |0..10|11 []) + 14·(x_6 ∈ |0..10|11 []) + 31·(x_7 ∈ |0..10|11 []) + 38·(x_8 ∈ |0..10|11 []) + 36·(x_9 ∈ |0..10|11 []) + 18·(x_10 ∈ |0..10|11 []) ≤ 1410
	w192:	16·(x_1 ∈ |0..10|11 []) + 45·(x_2 ∈ |0..10|11 []) + 13·(x_3 ∈ |0..10|11 []) + 32·(x_4 ∈ |0..10|11 []) + 23·(x_5 ∈ |0..10|11 []) + 28·(x_6 ∈ |0..10|11 []) + 25·(x_7 ∈ |0..10|11 []) + 25·(x_8 ∈ |0..10|11 []) + 38·(x_9 ∈ |0..10|11 []) + 21·(x_10 ∈ |0..10|11 []) ≤ 1360
	w193:	38·(x_1 ∈ |0..10|11 []) + 49·(x_2 ∈ |0..10|11 []) + 39·(x_3 ∈ |0..10|11 []) + 18·(x_4 ∈ |0..10|11 []) + 31·(x_5 ∈ |0..10|11 []) + 7·(x_6 ∈ |0..10|11 []) + 33·(x_7 ∈ |0..10|11 []) + 13·(x_8 ∈ |0..10|11 []) + 48·(x_9 ∈ |0..10|11 []) + 17·(x_10 ∈ |0..10|11 []) ≤ 1500
	w194:	12·(x_1 ∈ |0..10|11 []) + 28·(x_2 ∈ |0..10|11 []) + 44·(x_3 ∈ |0..10|11 []) + 27·(x_4 ∈ |0..10|11 []) + 22·(x_5 ∈ |0..10|11 []) + 46·(x_6 ∈ |0..10|11 []) + 24·(x_7 ∈ |0..10|11 []) + 47·(x_8 ∈ |0..10|11 []) + 34·(x_9 ∈ |0..10|11 []) + 49·(x_10 ∈ |0..10|11 []) ≤ 1700
	w195:	48·(x_1 ∈ |0..10|11 []) + 49·(x_2 ∈ |0..10|11 []) + 26·(x_3 ∈ |0..10|11 []) + 8·(x_4 ∈ |0..10|11 []) + 15·(x_5 ∈ |0..10|11 []) + 5·(x_6 ∈ |0..10|11 []) + 34·(x_7 ∈ |0..10|11 []) + 10·(x_8 ∈ |0..10|11 []) + 16·(x_9 ∈ |0..10|11 []) + 25·(x_10 ∈ |0..10|11 []) ≤ 1200
	w196:	39·(x_1 ∈ |0..10|11 []) + 11·(x_2 ∈ |0..10|11 []) + (x_3 ∈ |0..10|11 []) + 4·(x_4 ∈ |0..10|11 []) + 16·(x_5 ∈ |0..10|11 []) + 8·(x_6 ∈ |0..10|11 []) + 35·(x_7 ∈ |0..10|11 []) + 25·(x_8 ∈ |0..10|11 []) + 47·(x_9 ∈ |0..10|11 []) + 3·(x_10 ∈ |0..10|11 []) ≤ 960
	w197:	40·(x_1 ∈ |0..10|11 []) + 2·(x_2 ∈ |0..10|11 []) + 2·(x_3 ∈ |0..10|11 []) + 34·(x_4 ∈ |0..10|11 []) + 49·(x_5 ∈ |0..10|11 []) + 23·(x_6 ∈ |0..10|11 []) + 3·(x_7 ∈ |0..10|11 []) + 11·(x_8 ∈ |0..10|11 []) + 12·(x_9 ∈ |0..10|11 []) + 40·(x_10 ∈ |0..10|11 []) ≤ 1100
	w198:	23·(x_1 ∈ |0..10|11 []) + (x_2 ∈ |0..10|11 []) + 26·(x_3 ∈ |0..10|11 []) + 9·(x_4 ∈ |0..10|11 []) + 41·(x_5 ∈ |0..10|11 []) + 48·(x_6 ∈ |0..10|11 []) + 27·(x_7 ∈ |0..10|11 []) + 15·(x_8 ∈ |0..10|11 []) + 9·(x_9 ∈ |0..10|11 []) + 25·(x_10 ∈ |0..10|11 []) ≤ 1140
	w199:	31·(x_1 ∈ |0..10|11 []) + 30·(x_2 ∈ |0..10|11 []) + 33·(x_3 ∈ |0..10|11 []) + 36·(x_4 ∈ |0..10|11 []) + 17·(x_5 ∈ |0..10|11 []) + (x_6 ∈ |0..10|11 []) + 2·(x_7 ∈ |0..10|11 []) + 41·(x_8 ∈ |0..10|11 []) + 31·(x_9 ∈ |0..10|11 []) + 15·(x_10 ∈ |0..10|11 []) ≤ 1210
	w200:	(x_1 ∈ |0..10|11 []) + 9·(x_2 ∈ |0..10|11 []) + 8·(x_3 ∈ |0..10|11 []) + 49·(x_4 ∈ |0..10|11 []) + 15·(x_5 ∈ |0..10|11 []) + 9·(x_6 ∈ |0..10|11 []) + 16·(x_7 ∈ |0..10|11 []) + 13·(x_8 ∈ |0..10|11 []) + 24·(x_9 ∈ |0..10|11 []) + 14·(x_10 ∈ |0..10|11 []) ≤ 800
	profits:	5·(x_1 ∈ |0..10|11 []) + 18·(x_2 ∈ |0..10|11 []) + 10·(x_3 ∈ |0..10|11 []) + 21·(x_4 ∈ |0..10|11 []) + 12·(x_5 ∈ |0..10|11 []) + 20·(x_6 ∈ |0..10|11 []) + 18·(x_7 ∈ |0..10|11 []) + 32·(x_8 ∈ |0..10|11 []) + 24·(x_9 ∈ |0..10|11 []) + 48·(x_10 ∈ |0..10|11 []) ≥ 1010
	CSE: ""

Encoded BDD + Ord in 9.820855 seconds as 789250/8100969/23078795

SOLVE T/O Some(60.0)
SOLVE DONE @10.378286
SOLVE CALL RESULT: Got SAT in 10.378286s with check Some(Ok(())): x_1=0 [], x_10=9 [], x_2=8 [], x_3=1 [], x_4=9 [], x_5=0 [], x_6=2 [], x_7=0 [], x_8=7 [], x_9=0 []
BATCH.SH END 0
