BATCH.SH START ./experiments/mbkp/runs:2167 (ulimit --clean)
Start EncodeRecord { instance: Some(Instance { problem: Mbkp { bound: 10, n_: 10, m_: 200, q_: 50, family: 1, s_: 25, seed: 4, fl: "0.4", fu: None, skip_obj: true }, i: 81, lp: "./experiments/mbkp/lps/2/1_20.lp" }), experiment: Some(Experiment { system: Pbc, pb_encoding: Bdd, int_encoding: Ord, con_encoding: Include, split_eq: false, model_config: ModelConfig { scm: Dnf, cutoff: Mix(25), decomposer: Bdd, equalize_ternaries: true, add_consistency: false, propagate: None, equalize_uniform_bin_ineqs: false } }), statics: None, pb_statics: None, principal: None, time: None, dimacs: None }
model = 
	w1:	10·(x_1 ∈ |0..10|11 []) + 4·(x_2 ∈ |0..10|11 []) + 46·(x_3 ∈ |0..10|11 []) + 22·(x_4 ∈ |0..10|11 []) + 10·(x_5 ∈ |0..10|11 []) + 7·(x_6 ∈ |0..10|11 []) + 44·(x_7 ∈ |0..10|11 []) + 20·(x_8 ∈ |0..10|11 []) + 44·(x_9 ∈ |0..10|11 []) + 3·(x_10 ∈ |0..10|11 []) ≤ 1170
	w2:	30·(x_1 ∈ |0..10|11 []) + 13·(x_2 ∈ |0..10|11 []) + 47·(x_3 ∈ |0..10|11 []) + 29·(x_4 ∈ |0..10|11 []) + 31·(x_5 ∈ |0..10|11 []) + 7·(x_6 ∈ |0..10|11 []) + 13·(x_7 ∈ |0..10|11 []) + 10·(x_8 ∈ |0..10|11 []) + 31·(x_9 ∈ |0..10|11 []) + 18·(x_10 ∈ |0..10|11 []) ≤ 1280
	w3:	24·(x_1 ∈ |0..10|11 []) + 12·(x_2 ∈ |0..10|11 []) + 47·(x_3 ∈ |0..10|11 []) + 13·(x_4 ∈ |0..10|11 []) + 3·(x_5 ∈ |0..10|11 []) + 32·(x_6 ∈ |0..10|11 []) + 10·(x_7 ∈ |0..10|11 []) + 22·(x_8 ∈ |0..10|11 []) + 8·(x_9 ∈ |0..10|11 []) + 39·(x_10 ∈ |0..10|11 []) ≤ 1170
	w4:	14·(x_1 ∈ |0..10|11 []) + 34·(x_2 ∈ |0..10|11 []) + 10·(x_3 ∈ |0..10|11 []) + 41·(x_4 ∈ |0..10|11 []) + 7·(x_5 ∈ |0..10|11 []) + 42·(x_6 ∈ |0..10|11 []) + 44·(x_7 ∈ |0..10|11 []) + 30·(x_8 ∈ |0..10|11 []) + 3·(x_9 ∈ |0..10|11 []) + 34·(x_10 ∈ |0..10|11 []) ≤ 1450
	w5:	(x_1 ∈ |0..10|11 []) + 35·(x_2 ∈ |0..10|11 []) + 13·(x_3 ∈ |0..10|11 []) + 32·(x_4 ∈ |0..10|11 []) + 47·(x_5 ∈ |0..10|11 []) + (x_6 ∈ |0..10|11 []) + 32·(x_7 ∈ |0..10|11 []) + 49·(x_8 ∈ |0..10|11 []) + 33·(x_9 ∈ |0..10|11 []) + 3·(x_10 ∈ |0..10|11 []) ≤ 1370
	w6:	9·(x_1 ∈ |0..10|11 []) + 27·(x_2 ∈ |0..10|11 []) + 39·(x_3 ∈ |0..10|11 []) + 17·(x_4 ∈ |0..10|11 []) + 3·(x_5 ∈ |0..10|11 []) + 16·(x_6 ∈ |0..10|11 []) + 22·(x_7 ∈ |0..10|11 []) + 16·(x_8 ∈ |0..10|11 []) + 31·(x_9 ∈ |0..10|11 []) + 9·(x_10 ∈ |0..10|11 []) ≤ 1050
	w7:	40·(x_1 ∈ |0..10|11 []) + 38·(x_2 ∈ |0..10|11 []) + 47·(x_3 ∈ |0..10|11 []) + 15·(x_4 ∈ |0..10|11 []) + 13·(x_5 ∈ |0..10|11 []) + 21·(x_6 ∈ |0..10|11 []) + 4·(x_7 ∈ |0..10|11 []) + 11·(x_8 ∈ |0..10|11 []) + 34·(x_9 ∈ |0..10|11 []) + 30·(x_10 ∈ |0..10|11 []) ≤ 1410
	w8:	40·(x_1 ∈ |0..10|11 []) + 13·(x_2 ∈ |0..10|11 []) + 25·(x_3 ∈ |0..10|11 []) + 36·(x_4 ∈ |0..10|11 []) + 33·(x_5 ∈ |0..10|11 []) + 29·(x_6 ∈ |0..10|11 []) + 40·(x_7 ∈ |0..10|11 []) + 49·(x_8 ∈ |0..10|11 []) + 6·(x_9 ∈ |0..10|11 []) + 25·(x_10 ∈ |0..10|11 []) ≤ 1650
	w9:	41·(x_1 ∈ |0..10|11 []) + 35·(x_2 ∈ |0..10|11 []) + 6·(x_3 ∈ |0..10|11 []) + 3·(x_4 ∈ |0..10|11 []) + 23·(x_5 ∈ |0..10|11 []) + 39·(x_6 ∈ |0..10|11 []) + 7·(x_7 ∈ |0..10|11 []) + 12·(x_8 ∈ |0..10|11 []) + 43·(x_9 ∈ |0..10|11 []) + 46·(x_10 ∈ |0..10|11 []) ≤ 1420
	w10:	49·(x_1 ∈ |0..10|11 []) + 33·(x_2 ∈ |0..10|11 []) + 20·(x_3 ∈ |0..10|11 []) + 8·(x_4 ∈ |0..10|11 []) + 34·(x_5 ∈ |0..10|11 []) + 9·(x_6 ∈ |0..10|11 []) + 40·(x_7 ∈ |0..10|11 []) + 42·(x_8 ∈ |0..10|11 []) + 45·(x_9 ∈ |0..10|11 []) + 22·(x_10 ∈ |0..10|11 []) ≤ 1690
	w11:	33·(x_1 ∈ |0..10|11 []) + 11·(x_2 ∈ |0..10|11 []) + (x_3 ∈ |0..10|11 []) + 22·(x_4 ∈ |0..10|11 []) + 28·(x_5 ∈ |0..10|11 []) + 49·(x_6 ∈ |0..10|11 []) + 41·(x_7 ∈ |0..10|11 []) + 15·(x_8 ∈ |0..10|11 []) + 2·(x_9 ∈ |0..10|11 []) + 13·(x_10 ∈ |0..10|11 []) ≤ 1200
	w12:	48·(x_1 ∈ |0..10|11 []) + 14·(x_2 ∈ |0..10|11 []) + 8·(x_3 ∈ |0..10|11 []) + 14·(x_4 ∈ |0..10|11 []) + 16·(x_5 ∈ |0..10|11 []) + 37·(x_6 ∈ |0..10|11 []) + 10·(x_7 ∈ |0..10|11 []) + 35·(x_8 ∈ |0..10|11 []) + 40·(x_9 ∈ |0..10|11 []) + 17·(x_10 ∈ |0..10|11 []) ≤ 1330
	w13:	11·(x_1 ∈ |0..10|11 []) + 35·(x_2 ∈ |0..10|11 []) + 29·(x_3 ∈ |0..10|11 []) + 10·(x_4 ∈ |0..10|11 []) + 31·(x_5 ∈ |0..10|11 []) + 37·(x_6 ∈ |0..10|11 []) + 43·(x_7 ∈ |0..10|11 []) + 30·(x_8 ∈ |0..10|11 []) + 20·(x_9 ∈ |0..10|11 []) + 43·(x_10 ∈ |0..10|11 []) ≤ 1610
	w14:	37·(x_1 ∈ |0..10|11 []) + 11·(x_2 ∈ |0..10|11 []) + 8·(x_3 ∈ |0..10|11 []) + 42·(x_4 ∈ |0..10|11 []) + 26·(x_5 ∈ |0..10|11 []) + 10·(x_6 ∈ |0..10|11 []) + 45·(x_7 ∈ |0..10|11 []) + 27·(x_8 ∈ |0..10|11 []) + 33·(x_9 ∈ |0..10|11 []) + 33·(x_10 ∈ |0..10|11 []) ≤ 1520
	w15:	49·(x_1 ∈ |0..10|11 []) + 33·(x_2 ∈ |0..10|11 []) + 35·(x_3 ∈ |0..10|11 []) + 25·(x_4 ∈ |0..10|11 []) + 22·(x_5 ∈ |0..10|11 []) + 5·(x_6 ∈ |0..10|11 []) + 9·(x_7 ∈ |0..10|11 []) + 49·(x_8 ∈ |0..10|11 []) + 41·(x_9 ∈ |0..10|11 []) + 21·(x_10 ∈ |0..10|11 []) ≤ 1610
	w16:	4·(x_1 ∈ |0..10|11 []) + 31·(x_2 ∈ |0..10|11 []) + 45·(x_3 ∈ |0..10|11 []) + 41·(x_4 ∈ |0..10|11 []) + 11·(x_5 ∈ |0..10|11 []) + 37·(x_6 ∈ |0..10|11 []) + 21·(x_7 ∈ |0..10|11 []) + 22·(x_8 ∈ |0..10|11 []) + 7·(x_9 ∈ |0..10|11 []) + 35·(x_10 ∈ |0..10|11 []) ≤ 1420
	w17:	21·(x_1 ∈ |0..10|11 []) + (x_2 ∈ |0..10|11 []) + 40·(x_3 ∈ |0..10|11 []) + 42·(x_4 ∈ |0..10|11 []) + 6·(x_5 ∈ |0..10|11 []) + 20·(x_6 ∈ |0..10|11 []) + 13·(x_7 ∈ |0..10|11 []) + 4·(x_8 ∈ |0..10|11 []) + 44·(x_9 ∈ |0..10|11 []) + 9·(x_10 ∈ |0..10|11 []) ≤ 1120
	w18:	13·(x_1 ∈ |0..10|11 []) + 5·(x_2 ∈ |0..10|11 []) + 32·(x_3 ∈ |0..10|11 []) + 37·(x_4 ∈ |0..10|11 []) + 6·(x_5 ∈ |0..10|11 []) + 18·(x_6 ∈ |0..10|11 []) + 41·(x_7 ∈ |0..10|11 []) + 35·(x_8 ∈ |0..10|11 []) + 27·(x_9 ∈ |0..10|11 []) + 17·(x_10 ∈ |0..10|11 []) ≤ 1290
	w19:	17·(x_1 ∈ |0..10|11 []) + 4·(x_2 ∈ |0..10|11 []) + 47·(x_3 ∈ |0..10|11 []) + 8·(x_4 ∈ |0..10|11 []) + 19·(x_5 ∈ |0..10|11 []) + 14·(x_6 ∈ |0..10|11 []) + 24·(x_7 ∈ |0..10|11 []) + 48·(x_8 ∈ |0..10|11 []) + 5·(x_9 ∈ |0..10|11 []) + 10·(x_10 ∈ |0..10|11 []) ≤ 1090
	w20:	27·(x_1 ∈ |0..10|11 []) + 19·(x_2 ∈ |0..10|11 []) + 33·(x_3 ∈ |0..10|11 []) + 8·(x_4 ∈ |0..10|11 []) + 3·(x_5 ∈ |0..10|11 []) + 46·(x_6 ∈ |0..10|11 []) + 10·(x_7 ∈ |0..10|11 []) + 26·(x_8 ∈ |0..10|11 []) + 38·(x_9 ∈ |0..10|11 []) + 15·(x_10 ∈ |0..10|11 []) ≤ 1260
	w21:	7·(x_1 ∈ |0..10|11 []) + 5·(x_2 ∈ |0..10|11 []) + 44·(x_3 ∈ |0..10|11 []) + 8·(x_4 ∈ |0..10|11 []) + 26·(x_5 ∈ |0..10|11 []) + 36·(x_6 ∈ |0..10|11 []) + 11·(x_7 ∈ |0..10|11 []) + 28·(x_8 ∈ |0..10|11 []) + 13·(x_9 ∈ |0..10|11 []) + 47·(x_10 ∈ |0..10|11 []) ≤ 1260
	w22:	12·(x_1 ∈ |0..10|11 []) + 4·(x_2 ∈ |0..10|11 []) + 8·(x_3 ∈ |0..10|11 []) + 17·(x_4 ∈ |0..10|11 []) + 46·(x_5 ∈ |0..10|11 []) + 26·(x_6 ∈ |0..10|11 []) + 29·(x_7 ∈ |0..10|11 []) + 33·(x_8 ∈ |0..10|11 []) + 17·(x_9 ∈ |0..10|11 []) + 18·(x_10 ∈ |0..10|11 []) ≤ 1170
	w23:	4·(x_1 ∈ |0..10|11 []) + 2·(x_2 ∈ |0..10|11 []) + 42·(x_3 ∈ |0..10|11 []) + 30·(x_4 ∈ |0..10|11 []) + 27·(x_5 ∈ |0..10|11 []) + 9·(x_6 ∈ |0..10|11 []) + 6·(x_7 ∈ |0..10|11 []) + 19·(x_8 ∈ |0..10|11 []) + 7·(x_9 ∈ |0..10|11 []) + 17·(x_10 ∈ |0..10|11 []) ≤ 910
	w24:	32·(x_1 ∈ |0..10|11 []) + 38·(x_2 ∈ |0..10|11 []) + 4·(x_3 ∈ |0..10|11 []) + 32·(x_4 ∈ |0..10|11 []) + 4·(x_5 ∈ |0..10|11 []) + 47·(x_6 ∈ |0..10|11 []) + 9·(x_7 ∈ |0..10|11 []) + 21·(x_8 ∈ |0..10|11 []) + 39·(x_9 ∈ |0..10|11 []) + 8·(x_10 ∈ |0..10|11 []) ≤ 1310
	w25:	28·(x_1 ∈ |0..10|11 []) + 39·(x_2 ∈ |0..10|11 []) + 24·(x_3 ∈ |0..10|11 []) + 21·(x_4 ∈ |0..10|11 []) + 7·(x_5 ∈ |0..10|11 []) + 28·(x_6 ∈ |0..10|11 []) + 41·(x_7 ∈ |0..10|11 []) + 5·(x_8 ∈ |0..10|11 []) + 15·(x_9 ∈ |0..10|11 []) + 41·(x_10 ∈ |0..10|11 []) ≤ 1390
	w26:	8·(x_1 ∈ |0..10|11 []) + 45·(x_2 ∈ |0..10|11 []) + 32·(x_3 ∈ |0..10|11 []) + 25·(x_4 ∈ |0..10|11 []) + 8·(x_5 ∈ |0..10|11 []) + 27·(x_6 ∈ |0..10|11 []) + 42·(x_7 ∈ |0..10|11 []) + 15·(x_8 ∈ |0..10|11 []) + 44·(x_9 ∈ |0..10|11 []) + 3·(x_10 ∈ |0..10|11 []) ≤ 1390
	w27:	12·(x_1 ∈ |0..10|11 []) + 16·(x_2 ∈ |0..10|11 []) + 16·(x_3 ∈ |0..10|11 []) + 8·(x_4 ∈ |0..10|11 []) + 5·(x_5 ∈ |0..10|11 []) + 6·(x_6 ∈ |0..10|11 []) + 21·(x_7 ∈ |0..10|11 []) + 40·(x_8 ∈ |0..10|11 []) + 18·(x_9 ∈ |0..10|11 []) + 7·(x_10 ∈ |0..10|11 []) ≤ 830
	w28:	27·(x_1 ∈ |0..10|11 []) + 19·(x_2 ∈ |0..10|11 []) + 35·(x_3 ∈ |0..10|11 []) + 40·(x_4 ∈ |0..10|11 []) + 6·(x_5 ∈ |0..10|11 []) + 46·(x_6 ∈ |0..10|11 []) + 3·(x_7 ∈ |0..10|11 []) + 19·(x_8 ∈ |0..10|11 []) + 22·(x_9 ∈ |0..10|11 []) + 33·(x_10 ∈ |0..10|11 []) ≤ 1400
	w29:	3·(x_1 ∈ |0..10|11 []) + 9·(x_2 ∈ |0..10|11 []) + 14·(x_3 ∈ |0..10|11 []) + 32·(x_4 ∈ |0..10|11 []) + 41·(x_5 ∈ |0..10|11 []) + 45·(x_6 ∈ |0..10|11 []) + 14·(x_7 ∈ |0..10|11 []) + 44·(x_8 ∈ |0..10|11 []) + 46·(x_9 ∈ |0..10|11 []) + 31·(x_10 ∈ |0..10|11 []) ≤ 1560
	w30:	8·(x_1 ∈ |0..10|11 []) + 35·(x_2 ∈ |0..10|11 []) + (x_3 ∈ |0..10|11 []) + 16·(x_4 ∈ |0..10|11 []) + 48·(x_5 ∈ |0..10|11 []) + 32·(x_6 ∈ |0..10|11 []) + 26·(x_7 ∈ |0..10|11 []) + 14·(x_8 ∈ |0..10|11 []) + 22·(x_9 ∈ |0..10|11 []) + 17·(x_10 ∈ |0..10|11 []) ≤ 1220
	w31:	39·(x_1 ∈ |0..10|11 []) + 33·(x_2 ∈ |0..10|11 []) + 4·(x_3 ∈ |0..10|11 []) + 23·(x_4 ∈ |0..10|11 []) + 43·(x_5 ∈ |0..10|11 []) + 4·(x_6 ∈ |0..10|11 []) + 7·(x_7 ∈ |0..10|11 []) + 21·(x_8 ∈ |0..10|11 []) + 28·(x_9 ∈ |0..10|11 []) + 2·(x_10 ∈ |0..10|11 []) ≤ 1140
	w32:	39·(x_1 ∈ |0..10|11 []) + 11·(x_2 ∈ |0..10|11 []) + 24·(x_3 ∈ |0..10|11 []) + 10·(x_4 ∈ |0..10|11 []) + (x_5 ∈ |0..10|11 []) + 8·(x_6 ∈ |0..10|11 []) + 28·(x_7 ∈ |0..10|11 []) + 15·(x_8 ∈ |0..10|11 []) + (x_9 ∈ |0..10|11 []) + 48·(x_10 ∈ |0..10|11 []) ≤ 1030
	w33:	31·(x_1 ∈ |0..10|11 []) + 47·(x_2 ∈ |0..10|11 []) + 39·(x_3 ∈ |0..10|11 []) + 38·(x_4 ∈ |0..10|11 []) + 30·(x_5 ∈ |0..10|11 []) + 36·(x_6 ∈ |0..10|11 []) + 39·(x_7 ∈ |0..10|11 []) + 19·(x_8 ∈ |0..10|11 []) + 3·(x_9 ∈ |0..10|11 []) + 27·(x_10 ∈ |0..10|11 []) ≤ 1730
	w34:	38·(x_1 ∈ |0..10|11 []) + 39·(x_2 ∈ |0..10|11 []) + 23·(x_3 ∈ |0..10|11 []) + 23·(x_4 ∈ |0..10|11 []) + 20·(x_5 ∈ |0..10|11 []) + 35·(x_6 ∈ |0..10|11 []) + 34·(x_7 ∈ |0..10|11 []) + 21·(x_8 ∈ |0..10|11 []) + 3·(x_9 ∈ |0..10|11 []) + 35·(x_10 ∈ |0..10|11 []) ≤ 1510
	w35:	39·(x_1 ∈ |0..10|11 []) + 31·(x_2 ∈ |0..10|11 []) + 32·(x_3 ∈ |0..10|11 []) + 3·(x_4 ∈ |0..10|11 []) + 46·(x_5 ∈ |0..10|11 []) + 2·(x_6 ∈ |0..10|11 []) + 22·(x_7 ∈ |0..10|11 []) + 29·(x_8 ∈ |0..10|11 []) + 10·(x_9 ∈ |0..10|11 []) + 10·(x_10 ∈ |0..10|11 []) ≤ 1250
	w36:	25·(x_1 ∈ |0..10|11 []) + 29·(x_2 ∈ |0..10|11 []) + 18·(x_3 ∈ |0..10|11 []) + 28·(x_4 ∈ |0..10|11 []) + 25·(x_5 ∈ |0..10|11 []) + 27·(x_6 ∈ |0..10|11 []) + 37·(x_7 ∈ |0..10|11 []) + 39·(x_8 ∈ |0..10|11 []) + 4·(x_9 ∈ |0..10|11 []) + 21·(x_10 ∈ |0..10|11 []) ≤ 1410
	w37:	17·(x_1 ∈ |0..10|11 []) + 4·(x_2 ∈ |0..10|11 []) + 2·(x_3 ∈ |0..10|11 []) + 6·(x_4 ∈ |0..10|11 []) + 16·(x_5 ∈ |0..10|11 []) + 38·(x_6 ∈ |0..10|11 []) + 2·(x_7 ∈ |0..10|11 []) + 4·(x_8 ∈ |0..10|11 []) + 20·(x_9 ∈ |0..10|11 []) + 21·(x_10 ∈ |0..10|11 []) ≤ 720
	w38:	13·(x_1 ∈ |0..10|11 []) + 43·(x_2 ∈ |0..10|11 []) + 6·(x_3 ∈ |0..10|11 []) + 22·(x_4 ∈ |0..10|11 []) + 23·(x_5 ∈ |0..10|11 []) + 7·(x_6 ∈ |0..10|11 []) + 14·(x_7 ∈ |0..10|11 []) + 27·(x_8 ∈ |0..10|11 []) + 4·(x_9 ∈ |0..10|11 []) + 20·(x_10 ∈ |0..10|11 []) ≤ 1000
	w39:	22·(x_1 ∈ |0..10|11 []) + 31·(x_2 ∈ |0..10|11 []) + 21·(x_3 ∈ |0..10|11 []) + 15·(x_4 ∈ |0..10|11 []) + 22·(x_5 ∈ |0..10|11 []) + 41·(x_6 ∈ |0..10|11 []) + 40·(x_7 ∈ |0..10|11 []) + 45·(x_8 ∈ |0..10|11 []) + 45·(x_9 ∈ |0..10|11 []) + 25·(x_10 ∈ |0..10|11 []) ≤ 1710
	w40:	34·(x_1 ∈ |0..10|11 []) + 46·(x_2 ∈ |0..10|11 []) + 32·(x_3 ∈ |0..10|11 []) + 3·(x_4 ∈ |0..10|11 []) + 35·(x_5 ∈ |0..10|11 []) + 16·(x_6 ∈ |0..10|11 []) + 43·(x_7 ∈ |0..10|11 []) + 41·(x_8 ∈ |0..10|11 []) + 13·(x_9 ∈ |0..10|11 []) + 18·(x_10 ∈ |0..10|11 []) ≤ 1570
	w41:	41·(x_1 ∈ |0..10|11 []) + 4·(x_2 ∈ |0..10|11 []) + 2·(x_3 ∈ |0..10|11 []) + 31·(x_4 ∈ |0..10|11 []) + 22·(x_5 ∈ |0..10|11 []) + 7·(x_6 ∈ |0..10|11 []) + 18·(x_7 ∈ |0..10|11 []) + 4·(x_8 ∈ |0..10|11 []) + 12·(x_9 ∈ |0..10|11 []) + 49·(x_10 ∈ |0..10|11 []) ≤ 1060
	w42:	49·(x_1 ∈ |0..10|11 []) + 42·(x_2 ∈ |0..10|11 []) + 25·(x_3 ∈ |0..10|11 []) + 20·(x_4 ∈ |0..10|11 []) + 41·(x_5 ∈ |0..10|11 []) + 19·(x_6 ∈ |0..10|11 []) + 45·(x_7 ∈ |0..10|11 []) + 14·(x_8 ∈ |0..10|11 []) + 16·(x_9 ∈ |0..10|11 []) + 36·(x_10 ∈ |0..10|11 []) ≤ 1710
	w43:	15·(x_1 ∈ |0..10|11 []) + 43·(x_2 ∈ |0..10|11 []) + 17·(x_3 ∈ |0..10|11 []) + 6·(x_4 ∈ |0..10|11 []) + 46·(x_5 ∈ |0..10|11 []) + 28·(x_6 ∈ |0..10|11 []) + (x_7 ∈ |0..10|11 []) + 48·(x_8 ∈ |0..10|11 []) + 30·(x_9 ∈ |0..10|11 []) + 16·(x_10 ∈ |0..10|11 []) ≤ 1400
	w44:	48·(x_1 ∈ |0..10|11 []) + 35·(x_2 ∈ |0..10|11 []) + 32·(x_3 ∈ |0..10|11 []) + 49·(x_4 ∈ |0..10|11 []) + 35·(x_5 ∈ |0..10|11 []) + 15·(x_6 ∈ |0..10|11 []) + 30·(x_7 ∈ |0..10|11 []) + 21·(x_8 ∈ |0..10|11 []) + 23·(x_9 ∈ |0..10|11 []) + 25·(x_10 ∈ |0..10|11 []) ≤ 1750
	w45:	28·(x_1 ∈ |0..10|11 []) + 18·(x_2 ∈ |0..10|11 []) + 25·(x_3 ∈ |0..10|11 []) + 27·(x_4 ∈ |0..10|11 []) + 29·(x_5 ∈ |0..10|11 []) + 46·(x_6 ∈ |0..10|11 []) + 34·(x_7 ∈ |0..10|11 []) + 11·(x_8 ∈ |0..10|11 []) + 31·(x_9 ∈ |0..10|11 []) + 49·(x_10 ∈ |0..10|11 []) ≤ 1660
	w46:	37·(x_1 ∈ |0..10|11 []) + 33·(x_2 ∈ |0..10|11 []) + 27·(x_3 ∈ |0..10|11 []) + 11·(x_4 ∈ |0..10|11 []) + 13·(x_5 ∈ |0..10|11 []) + 12·(x_6 ∈ |0..10|11 []) + 19·(x_7 ∈ |0..10|11 []) + 20·(x_8 ∈ |0..10|11 []) + 30·(x_9 ∈ |0..10|11 []) + 27·(x_10 ∈ |0..10|11 []) ≤ 1280
	w47:	11·(x_1 ∈ |0..10|11 []) + 37·(x_2 ∈ |0..10|11 []) + 18·(x_3 ∈ |0..10|11 []) + 21·(x_4 ∈ |0..10|11 []) + 48·(x_5 ∈ |0..10|11 []) + 17·(x_6 ∈ |0..10|11 []) + 26·(x_7 ∈ |0..10|11 []) + 19·(x_8 ∈ |0..10|11 []) + 26·(x_9 ∈ |0..10|11 []) + 21·(x_10 ∈ |0..10|11 []) ≤ 1360
	w48:	15·(x_1 ∈ |0..10|11 []) + 35·(x_2 ∈ |0..10|11 []) + 6·(x_3 ∈ |0..10|11 []) + 27·(x_4 ∈ |0..10|11 []) + 19·(x_5 ∈ |0..10|11 []) + 9·(x_6 ∈ |0..10|11 []) + 30·(x_7 ∈ |0..10|11 []) + 24·(x_8 ∈ |0..10|11 []) + 35·(x_9 ∈ |0..10|11 []) + 8·(x_10 ∈ |0..10|11 []) ≤ 1160
	w49:	43·(x_1 ∈ |0..10|11 []) + 49·(x_2 ∈ |0..10|11 []) + 8·(x_3 ∈ |0..10|11 []) + 26·(x_4 ∈ |0..10|11 []) + 7·(x_5 ∈ |0..10|11 []) + 38·(x_6 ∈ |0..10|11 []) + 33·(x_7 ∈ |0..10|11 []) + 9·(x_8 ∈ |0..10|11 []) + 35·(x_9 ∈ |0..10|11 []) + 39·(x_10 ∈ |0..10|11 []) ≤ 1600
	w50:	13·(x_1 ∈ |0..10|11 []) + 6·(x_2 ∈ |0..10|11 []) + 47·(x_3 ∈ |0..10|11 []) + 27·(x_4 ∈ |0..10|11 []) + (x_5 ∈ |0..10|11 []) + 27·(x_6 ∈ |0..10|11 []) + 33·(x_7 ∈ |0..10|11 []) + 5·(x_8 ∈ |0..10|11 []) + 44·(x_9 ∈ |0..10|11 []) + 39·(x_10 ∈ |0..10|11 []) ≤ 1350
	w51:	31·(x_1 ∈ |0..10|11 []) + 8·(x_2 ∈ |0..10|11 []) + 42·(x_3 ∈ |0..10|11 []) + 29·(x_4 ∈ |0..10|11 []) + 23·(x_5 ∈ |0..10|11 []) + 2·(x_6 ∈ |0..10|11 []) + 34·(x_7 ∈ |0..10|11 []) + 5·(x_8 ∈ |0..10|11 []) + 20·(x_9 ∈ |0..10|11 []) + 14·(x_10 ∈ |0..10|11 []) ≤ 1160
	w52:	20·(x_1 ∈ |0..10|11 []) + 42·(x_2 ∈ |0..10|11 []) + 2·(x_3 ∈ |0..10|11 []) + 36·(x_4 ∈ |0..10|11 []) + 21·(x_5 ∈ |0..10|11 []) + 35·(x_6 ∈ |0..10|11 []) + 43·(x_7 ∈ |0..10|11 []) + 19·(x_8 ∈ |0..10|11 []) + 20·(x_9 ∈ |0..10|11 []) + 48·(x_10 ∈ |0..10|11 []) ≤ 1600
	w53:	47·(x_1 ∈ |0..10|11 []) + 40·(x_2 ∈ |0..10|11 []) + 6·(x_3 ∈ |0..10|11 []) + 41·(x_4 ∈ |0..10|11 []) + 10·(x_5 ∈ |0..10|11 []) + 5·(x_6 ∈ |0..10|11 []) + 42·(x_7 ∈ |0..10|11 []) + 47·(x_8 ∈ |0..10|11 []) + 11·(x_9 ∈ |0..10|11 []) + 47·(x_10 ∈ |0..10|11 []) ≤ 1650
	w54:	43·(x_1 ∈ |0..10|11 []) + 24·(x_2 ∈ |0..10|11 []) + 24·(x_3 ∈ |0..10|11 []) + 20·(x_4 ∈ |0..10|11 []) + 11·(x_5 ∈ |0..10|11 []) + 8·(x_6 ∈ |0..10|11 []) + 29·(x_7 ∈ |0..10|11 []) + 6·(x_8 ∈ |0..10|11 []) + 13·(x_9 ∈ |0..10|11 []) + 27·(x_10 ∈ |0..10|11 []) ≤ 1140
	w55:	15·(x_1 ∈ |0..10|11 []) + 22·(x_2 ∈ |0..10|11 []) + 5·(x_3 ∈ |0..10|11 []) + 19·(x_4 ∈ |0..10|11 []) + 17·(x_5 ∈ |0..10|11 []) + 12·(x_6 ∈ |0..10|11 []) + 17·(x_7 ∈ |0..10|11 []) + 8·(x_8 ∈ |0..10|11 []) + 40·(x_9 ∈ |0..10|11 []) + 49·(x_10 ∈ |0..10|11 []) ≤ 1140
	w56:	13·(x_1 ∈ |0..10|11 []) + 29·(x_2 ∈ |0..10|11 []) + 36·(x_3 ∈ |0..10|11 []) + 10·(x_4 ∈ |0..10|11 []) + 23·(x_5 ∈ |0..10|11 []) + 11·(x_6 ∈ |0..10|11 []) + 14·(x_7 ∈ |0..10|11 []) + 34·(x_8 ∈ |0..10|11 []) + 26·(x_9 ∈ |0..10|11 []) + 3·(x_10 ∈ |0..10|11 []) ≤ 1110
	w57:	(x_1 ∈ |0..10|11 []) + 24·(x_2 ∈ |0..10|11 []) + 47·(x_3 ∈ |0..10|11 []) + 46·(x_4 ∈ |0..10|11 []) + 21·(x_5 ∈ |0..10|11 []) + 17·(x_6 ∈ |0..10|11 []) + 45·(x_7 ∈ |0..10|11 []) + 5·(x_8 ∈ |0..10|11 []) + 4·(x_9 ∈ |0..10|11 []) + 7·(x_10 ∈ |0..10|11 []) ≤ 1210
	w58:	6·(x_1 ∈ |0..10|11 []) + 39·(x_2 ∈ |0..10|11 []) + 34·(x_3 ∈ |0..10|11 []) + 34·(x_4 ∈ |0..10|11 []) + 48·(x_5 ∈ |0..10|11 []) + 10·(x_6 ∈ |0..10|11 []) + 44·(x_7 ∈ |0..10|11 []) + 17·(x_8 ∈ |0..10|11 []) + 14·(x_9 ∈ |0..10|11 []) + 26·(x_10 ∈ |0..10|11 []) ≤ 1520
	w59:	35·(x_1 ∈ |0..10|11 []) + 45·(x_2 ∈ |0..10|11 []) + 41·(x_3 ∈ |0..10|11 []) + 47·(x_4 ∈ |0..10|11 []) + 12·(x_5 ∈ |0..10|11 []) + 29·(x_6 ∈ |0..10|11 []) + 34·(x_7 ∈ |0..10|11 []) + 19·(x_8 ∈ |0..10|11 []) + 24·(x_9 ∈ |0..10|11 []) + 4·(x_10 ∈ |0..10|11 []) ≤ 1620
	w60:	20·(x_1 ∈ |0..10|11 []) + 44·(x_2 ∈ |0..10|11 []) + 32·(x_3 ∈ |0..10|11 []) + 32·(x_4 ∈ |0..10|11 []) + 20·(x_5 ∈ |0..10|11 []) + 25·(x_6 ∈ |0..10|11 []) + 27·(x_7 ∈ |0..10|11 []) + 48·(x_8 ∈ |0..10|11 []) + 9·(x_9 ∈ |0..10|11 []) + 6·(x_10 ∈ |0..10|11 []) ≤ 1470
	w61:	6·(x_1 ∈ |0..10|11 []) + 6·(x_2 ∈ |0..10|11 []) + 33·(x_3 ∈ |0..10|11 []) + 20·(x_4 ∈ |0..10|11 []) + 16·(x_5 ∈ |0..10|11 []) + 43·(x_6 ∈ |0..10|11 []) + 24·(x_7 ∈ |0..10|11 []) + 14·(x_8 ∈ |0..10|11 []) + 47·(x_9 ∈ |0..10|11 []) + 45·(x_10 ∈ |0..10|11 []) ≤ 1420
	w62:	48·(x_1 ∈ |0..10|11 []) + 29·(x_2 ∈ |0..10|11 []) + 28·(x_3 ∈ |0..10|11 []) + 7·(x_4 ∈ |0..10|11 []) + 13·(x_5 ∈ |0..10|11 []) + 48·(x_6 ∈ |0..10|11 []) + 16·(x_7 ∈ |0..10|11 []) + 17·(x_8 ∈ |0..10|11 []) + 13·(x_9 ∈ |0..10|11 []) + 26·(x_10 ∈ |0..10|11 []) ≤ 1370
	w63:	35·(x_1 ∈ |0..10|11 []) + 30·(x_2 ∈ |0..10|11 []) + 20·(x_3 ∈ |0..10|11 []) + 29·(x_4 ∈ |0..10|11 []) + 48·(x_5 ∈ |0..10|11 []) + 14·(x_6 ∈ |0..10|11 []) + 46·(x_7 ∈ |0..10|11 []) + 23·(x_8 ∈ |0..10|11 []) + 30·(x_9 ∈ |0..10|11 []) + 16·(x_10 ∈ |0..10|11 []) ≤ 1620
	w64:	45·(x_1 ∈ |0..10|11 []) + 49·(x_2 ∈ |0..10|11 []) + (x_3 ∈ |0..10|11 []) + 24·(x_4 ∈ |0..10|11 []) + 25·(x_5 ∈ |0..10|11 []) + 25·(x_6 ∈ |0..10|11 []) + 47·(x_7 ∈ |0..10|11 []) + 24·(x_8 ∈ |0..10|11 []) + 31·(x_9 ∈ |0..10|11 []) + 24·(x_10 ∈ |0..10|11 []) ≤ 1650
	w65:	10·(x_1 ∈ |0..10|11 []) + 45·(x_2 ∈ |0..10|11 []) + 40·(x_3 ∈ |0..10|11 []) + 47·(x_4 ∈ |0..10|11 []) + 46·(x_5 ∈ |0..10|11 []) + 48·(x_6 ∈ |0..10|11 []) + 27·(x_7 ∈ |0..10|11 []) + 23·(x_8 ∈ |0..10|11 []) + 19·(x_9 ∈ |0..10|11 []) + 35·(x_10 ∈ |0..10|11 []) ≤ 1900
	w66:	25·(x_1 ∈ |0..10|11 []) + 12·(x_2 ∈ |0..10|11 []) + 29·(x_3 ∈ |0..10|11 []) + 37·(x_4 ∈ |0..10|11 []) + 35·(x_5 ∈ |0..10|11 []) + 7·(x_6 ∈ |0..10|11 []) + 12·(x_7 ∈ |0..10|11 []) + 35·(x_8 ∈ |0..10|11 []) + 48·(x_9 ∈ |0..10|11 []) + 5·(x_10 ∈ |0..10|11 []) ≤ 1370
	w67:	24·(x_1 ∈ |0..10|11 []) + 40·(x_2 ∈ |0..10|11 []) + 6·(x_3 ∈ |0..10|11 []) + 13·(x_4 ∈ |0..10|11 []) + 24·(x_5 ∈ |0..10|11 []) + 3·(x_6 ∈ |0..10|11 []) + 29·(x_7 ∈ |0..10|11 []) + 49·(x_8 ∈ |0..10|11 []) + 28·(x_9 ∈ |0..10|11 []) + 25·(x_10 ∈ |0..10|11 []) ≤ 1340
	w68:	40·(x_1 ∈ |0..10|11 []) + 22·(x_2 ∈ |0..10|11 []) + 4·(x_3 ∈ |0..10|11 []) + 11·(x_4 ∈ |0..10|11 []) + 28·(x_5 ∈ |0..10|11 []) + 38·(x_6 ∈ |0..10|11 []) + 36·(x_7 ∈ |0..10|11 []) + 39·(x_8 ∈ |0..10|11 []) + 35·(x_9 ∈ |0..10|11 []) + 23·(x_10 ∈ |0..10|11 []) ≤ 1540
	w69:	6·(x_1 ∈ |0..10|11 []) + 48·(x_2 ∈ |0..10|11 []) + 40·(x_3 ∈ |0..10|11 []) + 42·(x_4 ∈ |0..10|11 []) + 10·(x_5 ∈ |0..10|11 []) + 28·(x_6 ∈ |0..10|11 []) + 15·(x_7 ∈ |0..10|11 []) + 29·(x_8 ∈ |0..10|11 []) + 35·(x_9 ∈ |0..10|11 []) + 16·(x_10 ∈ |0..10|11 []) ≤ 1500
	w70:	25·(x_1 ∈ |0..10|11 []) + 19·(x_2 ∈ |0..10|11 []) + 45·(x_3 ∈ |0..10|11 []) + 43·(x_4 ∈ |0..10|11 []) + 27·(x_5 ∈ |0..10|11 []) + 44·(x_6 ∈ |0..10|11 []) + 30·(x_7 ∈ |0..10|11 []) + 15·(x_8 ∈ |0..10|11 []) + 19·(x_9 ∈ |0..10|11 []) + 19·(x_10 ∈ |0..10|11 []) ≤ 1600
	w71:	16·(x_1 ∈ |0..10|11 []) + 18·(x_2 ∈ |0..10|11 []) + 18·(x_3 ∈ |0..10|11 []) + 42·(x_4 ∈ |0..10|11 []) + 29·(x_5 ∈ |0..10|11 []) + 17·(x_6 ∈ |0..10|11 []) + 43·(x_7 ∈ |0..10|11 []) + 30·(x_8 ∈ |0..10|11 []) + 45·(x_9 ∈ |0..10|11 []) + 35·(x_10 ∈ |0..10|11 []) ≤ 1640
	w72:	42·(x_1 ∈ |0..10|11 []) + 36·(x_2 ∈ |0..10|11 []) + 47·(x_3 ∈ |0..10|11 []) + 20·(x_4 ∈ |0..10|11 []) + 26·(x_5 ∈ |0..10|11 []) + 49·(x_6 ∈ |0..10|11 []) + 39·(x_7 ∈ |0..10|11 []) + 19·(x_8 ∈ |0..10|11 []) + 10·(x_9 ∈ |0..10|11 []) + 38·(x_10 ∈ |0..10|11 []) ≤ 1820
	w73:	9·(x_1 ∈ |0..10|11 []) + 5·(x_2 ∈ |0..10|11 []) + 5·(x_3 ∈ |0..10|11 []) + 30·(x_4 ∈ |0..10|11 []) + 17·(x_5 ∈ |0..10|11 []) + 49·(x_6 ∈ |0..10|11 []) + 29·(x_7 ∈ |0..10|11 []) + 10·(x_8 ∈ |0..10|11 []) + 7·(x_9 ∈ |0..10|11 []) + 47·(x_10 ∈ |0..10|11 []) ≤ 1160
	w74:	47·(x_1 ∈ |0..10|11 []) + 23·(x_2 ∈ |0..10|11 []) + 17·(x_3 ∈ |0..10|11 []) + 8·(x_4 ∈ |0..10|11 []) + 6·(x_5 ∈ |0..10|11 []) + 45·(x_6 ∈ |0..10|11 []) + 11·(x_7 ∈ |0..10|11 []) + 25·(x_8 ∈ |0..10|11 []) + 34·(x_9 ∈ |0..10|11 []) + 3·(x_10 ∈ |0..10|11 []) ≤ 1220
	w75:	22·(x_1 ∈ |0..10|11 []) + (x_2 ∈ |0..10|11 []) + 21·(x_3 ∈ |0..10|11 []) + 10·(x_4 ∈ |0..10|11 []) + (x_5 ∈ |0..10|11 []) + 46·(x_6 ∈ |0..10|11 []) + 31·(x_7 ∈ |0..10|11 []) + 10·(x_8 ∈ |0..10|11 []) + 16·(x_9 ∈ |0..10|11 []) + 47·(x_10 ∈ |0..10|11 []) ≤ 1140
	w76:	12·(x_1 ∈ |0..10|11 []) + 2·(x_2 ∈ |0..10|11 []) + 36·(x_3 ∈ |0..10|11 []) + 28·(x_4 ∈ |0..10|11 []) + 5·(x_5 ∈ |0..10|11 []) + 34·(x_6 ∈ |0..10|11 []) + 3·(x_7 ∈ |0..10|11 []) + 21·(x_8 ∈ |0..10|11 []) + 32·(x_9 ∈ |0..10|11 []) + 13·(x_10 ∈ |0..10|11 []) ≤ 1040
	w77:	26·(x_1 ∈ |0..10|11 []) + 27·(x_2 ∈ |0..10|11 []) + 9·(x_3 ∈ |0..10|11 []) + 42·(x_4 ∈ |0..10|11 []) + 25·(x_5 ∈ |0..10|11 []) + 14·(x_6 ∈ |0..10|11 []) + 46·(x_7 ∈ |0..10|11 []) + 41·(x_8 ∈ |0..10|11 []) + 15·(x_9 ∈ |0..10|11 []) + 38·(x_10 ∈ |0..10|11 []) ≤ 1580
	w78:	12·(x_1 ∈ |0..10|11 []) + 16·(x_2 ∈ |0..10|11 []) + 44·(x_3 ∈ |0..10|11 []) + 40·(x_4 ∈ |0..10|11 []) + 23·(x_5 ∈ |0..10|11 []) + 27·(x_6 ∈ |0..10|11 []) + 14·(x_7 ∈ |0..10|11 []) + 47·(x_8 ∈ |0..10|11 []) + 9·(x_9 ∈ |0..10|11 []) + 21·(x_10 ∈ |0..10|11 []) ≤ 1410
	w79:	47·(x_1 ∈ |0..10|11 []) + 33·(x_2 ∈ |0..10|11 []) + 41·(x_3 ∈ |0..10|11 []) + 31·(x_4 ∈ |0..10|11 []) + 9·(x_5 ∈ |0..10|11 []) + 4·(x_6 ∈ |0..10|11 []) + 26·(x_7 ∈ |0..10|11 []) + 47·(x_8 ∈ |0..10|11 []) + 41·(x_9 ∈ |0..10|11 []) + 40·(x_10 ∈ |0..10|11 []) ≤ 1780
	w80:	31·(x_1 ∈ |0..10|11 []) + 47·(x_2 ∈ |0..10|11 []) + 45·(x_3 ∈ |0..10|11 []) + 34·(x_4 ∈ |0..10|11 []) + 45·(x_5 ∈ |0..10|11 []) + 32·(x_6 ∈ |0..10|11 []) + 32·(x_7 ∈ |0..10|11 []) + 47·(x_8 ∈ |0..10|11 []) + 46·(x_9 ∈ |0..10|11 []) + 15·(x_10 ∈ |0..10|11 []) ≤ 2090
	w81:	38·(x_1 ∈ |0..10|11 []) + 44·(x_2 ∈ |0..10|11 []) + 30·(x_3 ∈ |0..10|11 []) + 33·(x_4 ∈ |0..10|11 []) + 32·(x_5 ∈ |0..10|11 []) + 13·(x_6 ∈ |0..10|11 []) + 10·(x_7 ∈ |0..10|11 []) + 14·(x_8 ∈ |0..10|11 []) + 47·(x_9 ∈ |0..10|11 []) + 17·(x_10 ∈ |0..10|11 []) ≤ 1550
	w82:	3·(x_1 ∈ |0..10|11 []) + 29·(x_2 ∈ |0..10|11 []) + 4·(x_3 ∈ |0..10|11 []) + 20·(x_4 ∈ |0..10|11 []) + 7·(x_5 ∈ |0..10|11 []) + 5·(x_6 ∈ |0..10|11 []) + 14·(x_7 ∈ |0..10|11 []) + 49·(x_8 ∈ |0..10|11 []) + 4·(x_9 ∈ |0..10|11 []) + 46·(x_10 ∈ |0..10|11 []) ≤ 1010
	w83:	32·(x_1 ∈ |0..10|11 []) + 30·(x_2 ∈ |0..10|11 []) + 25·(x_3 ∈ |0..10|11 []) + 10·(x_4 ∈ |0..10|11 []) + 16·(x_5 ∈ |0..10|11 []) + 45·(x_6 ∈ |0..10|11 []) + 5·(x_7 ∈ |0..10|11 []) + 5·(x_8 ∈ |0..10|11 []) + 22·(x_9 ∈ |0..10|11 []) + 5·(x_10 ∈ |0..10|11 []) ≤ 1090
	w84:	43·(x_1 ∈ |0..10|11 []) + 44·(x_2 ∈ |0..10|11 []) + 37·(x_3 ∈ |0..10|11 []) + 25·(x_4 ∈ |0..10|11 []) + 38·(x_5 ∈ |0..10|11 []) + 26·(x_6 ∈ |0..10|11 []) + 13·(x_7 ∈ |0..10|11 []) + 9·(x_8 ∈ |0..10|11 []) + 10·(x_9 ∈ |0..10|11 []) + 36·(x_10 ∈ |0..10|11 []) ≤ 1570
	w85:	32·(x_1 ∈ |0..10|11 []) + 6·(x_2 ∈ |0..10|11 []) + 37·(x_3 ∈ |0..10|11 []) + 17·(x_4 ∈ |0..10|11 []) + 25·(x_5 ∈ |0..10|11 []) + 18·(x_6 ∈ |0..10|11 []) + 42·(x_7 ∈ |0..10|11 []) + 34·(x_8 ∈ |0..10|11 []) + 25·(x_9 ∈ |0..10|11 []) + 20·(x_10 ∈ |0..10|11 []) ≤ 1430
	w86:	42·(x_1 ∈ |0..10|11 []) + 22·(x_2 ∈ |0..10|11 []) + 42·(x_3 ∈ |0..10|11 []) + 24·(x_4 ∈ |0..10|11 []) + 7·(x_5 ∈ |0..10|11 []) + 18·(x_6 ∈ |0..10|11 []) + 14·(x_7 ∈ |0..10|11 []) + 9·(x_8 ∈ |0..10|11 []) + 39·(x_9 ∈ |0..10|11 []) + 43·(x_10 ∈ |0..10|11 []) ≤ 1450
	w87:	17·(x_1 ∈ |0..10|11 []) + 4·(x_2 ∈ |0..10|11 []) + 38·(x_3 ∈ |0..10|11 []) + 11·(x_4 ∈ |0..10|11 []) + 28·(x_5 ∈ |0..10|11 []) + 11·(x_6 ∈ |0..10|11 []) + 15·(x_7 ∈ |0..10|11 []) + 28·(x_8 ∈ |0..10|11 []) + 17·(x_9 ∈ |0..10|11 []) + 4·(x_10 ∈ |0..10|11 []) ≤ 960
	w88:	46·(x_1 ∈ |0..10|11 []) + 36·(x_2 ∈ |0..10|11 []) + 6·(x_3 ∈ |0..10|11 []) + 43·(x_4 ∈ |0..10|11 []) + 21·(x_5 ∈ |0..10|11 []) + 37·(x_6 ∈ |0..10|11 []) + 33·(x_7 ∈ |0..10|11 []) + 39·(x_8 ∈ |0..10|11 []) + 39·(x_9 ∈ |0..10|11 []) + 24·(x_10 ∈ |0..10|11 []) ≤ 1810
	w89:	44·(x_1 ∈ |0..10|11 []) + 16·(x_2 ∈ |0..10|11 []) + 4·(x_3 ∈ |0..10|11 []) + (x_4 ∈ |0..10|11 []) + 24·(x_5 ∈ |0..10|11 []) + (x_6 ∈ |0..10|11 []) + 11·(x_7 ∈ |0..10|11 []) + 49·(x_8 ∈ |0..10|11 []) + 16·(x_9 ∈ |0..10|11 []) + 7·(x_10 ∈ |0..10|11 []) ≤ 960
	w90:	7·(x_1 ∈ |0..10|11 []) + 4·(x_2 ∈ |0..10|11 []) + 38·(x_3 ∈ |0..10|11 []) + 38·(x_4 ∈ |0..10|11 []) + 45·(x_5 ∈ |0..10|11 []) + 3·(x_6 ∈ |0..10|11 []) + 47·(x_7 ∈ |0..10|11 []) + 32·(x_8 ∈ |0..10|11 []) + 8·(x_9 ∈ |0..10|11 []) + 14·(x_10 ∈ |0..10|11 []) ≤ 1320
	w91:	30·(x_1 ∈ |0..10|11 []) + 12·(x_2 ∈ |0..10|11 []) + 27·(x_3 ∈ |0..10|11 []) + (x_4 ∈ |0..10|11 []) + 32·(x_5 ∈ |0..10|11 []) + 39·(x_6 ∈ |0..10|11 []) + 6·(x_7 ∈ |0..10|11 []) + 2·(x_8 ∈ |0..10|11 []) + 43·(x_9 ∈ |0..10|11 []) + 27·(x_10 ∈ |0..10|11 []) ≤ 1220
	w92:	31·(x_1 ∈ |0..10|11 []) + 8·(x_2 ∈ |0..10|11 []) + 35·(x_3 ∈ |0..10|11 []) + 48·(x_4 ∈ |0..10|11 []) + 32·(x_5 ∈ |0..10|11 []) + 6·(x_6 ∈ |0..10|11 []) + 21·(x_7 ∈ |0..10|11 []) + 30·(x_8 ∈ |0..10|11 []) + 26·(x_9 ∈ |0..10|11 []) + (x_10 ∈ |0..10|11 []) ≤ 1330
	w93:	37·(x_1 ∈ |0..10|11 []) + 23·(x_2 ∈ |0..10|11 []) + 45·(x_3 ∈ |0..10|11 []) + 15·(x_4 ∈ |0..10|11 []) + 12·(x_5 ∈ |0..10|11 []) + 39·(x_6 ∈ |0..10|11 []) + 19·(x_7 ∈ |0..10|11 []) + 42·(x_8 ∈ |0..10|11 []) + 25·(x_9 ∈ |0..10|11 []) + 48·(x_10 ∈ |0..10|11 []) ≤ 1700
	w94:	28·(x_1 ∈ |0..10|11 []) + 45·(x_2 ∈ |0..10|11 []) + 34·(x_3 ∈ |0..10|11 []) + 5·(x_4 ∈ |0..10|11 []) + 30·(x_5 ∈ |0..10|11 []) + (x_6 ∈ |0..10|11 []) + 29·(x_7 ∈ |0..10|11 []) + 38·(x_8 ∈ |0..10|11 []) + 2·(x_9 ∈ |0..10|11 []) + 10·(x_10 ∈ |0..10|11 []) ≤ 1240
	w95:	44·(x_1 ∈ |0..10|11 []) + 43·(x_2 ∈ |0..10|11 []) + 15·(x_3 ∈ |0..10|11 []) + 49·(x_4 ∈ |0..10|11 []) + 17·(x_5 ∈ |0..10|11 []) + 23·(x_6 ∈ |0..10|11 []) + 2·(x_7 ∈ |0..10|11 []) + 42·(x_8 ∈ |0..10|11 []) + 24·(x_9 ∈ |0..10|11 []) + 23·(x_10 ∈ |0..10|11 []) ≤ 1570
	w96:	41·(x_1 ∈ |0..10|11 []) + 33·(x_2 ∈ |0..10|11 []) + 18·(x_3 ∈ |0..10|11 []) + 30·(x_4 ∈ |0..10|11 []) + 4·(x_5 ∈ |0..10|11 []) + 41·(x_6 ∈ |0..10|11 []) + 5·(x_7 ∈ |0..10|11 []) + 30·(x_8 ∈ |0..10|11 []) + 43·(x_9 ∈ |0..10|11 []) + 27·(x_10 ∈ |0..10|11 []) ≤ 1520
	w97:	25·(x_1 ∈ |0..10|11 []) + 17·(x_2 ∈ |0..10|11 []) + 9·(x_3 ∈ |0..10|11 []) + 25·(x_4 ∈ |0..10|11 []) + 46·(x_5 ∈ |0..10|11 []) + 38·(x_6 ∈ |0..10|11 []) + 9·(x_7 ∈ |0..10|11 []) + 9·(x_8 ∈ |0..10|11 []) + 7·(x_9 ∈ |0..10|11 []) + 11·(x_10 ∈ |0..10|11 []) ≤ 1090
	w98:	35·(x_1 ∈ |0..10|11 []) + 8·(x_2 ∈ |0..10|11 []) + 49·(x_3 ∈ |0..10|11 []) + 37·(x_4 ∈ |0..10|11 []) + 28·(x_5 ∈ |0..10|11 []) + 22·(x_6 ∈ |0..10|11 []) + 30·(x_7 ∈ |0..10|11 []) + 11·(x_8 ∈ |0..10|11 []) + 32·(x_9 ∈ |0..10|11 []) + 24·(x_10 ∈ |0..10|11 []) ≤ 1540
	w99:	11·(x_1 ∈ |0..10|11 []) + 41·(x_2 ∈ |0..10|11 []) + 37·(x_3 ∈ |0..10|11 []) + 13·(x_4 ∈ |0..10|11 []) + 48·(x_5 ∈ |0..10|11 []) + 37·(x_6 ∈ |0..10|11 []) + 14·(x_7 ∈ |0..10|11 []) + 8·(x_8 ∈ |0..10|11 []) + 13·(x_9 ∈ |0..10|11 []) + 41·(x_10 ∈ |0..10|11 []) ≤ 1470
	w100:	40·(x_1 ∈ |0..10|11 []) + 27·(x_2 ∈ |0..10|11 []) + 27·(x_3 ∈ |0..10|11 []) + 12·(x_4 ∈ |0..10|11 []) + 36·(x_5 ∈ |0..10|11 []) + 4·(x_6 ∈ |0..10|11 []) + 3·(x_7 ∈ |0..10|11 []) + 47·(x_8 ∈ |0..10|11 []) + 26·(x_9 ∈ |0..10|11 []) + 10·(x_10 ∈ |0..10|11 []) ≤ 1290
	w101:	13·(x_1 ∈ |0..10|11 []) + 40·(x_2 ∈ |0..10|11 []) + 27·(x_3 ∈ |0..10|11 []) + 48·(x_4 ∈ |0..10|11 []) + 26·(x_5 ∈ |0..10|11 []) + 19·(x_6 ∈ |0..10|11 []) + 39·(x_7 ∈ |0..10|11 []) + 46·(x_8 ∈ |0..10|11 []) + 35·(x_9 ∈ |0..10|11 []) + 23·(x_10 ∈ |0..10|11 []) ≤ 1760
	w102:	38·(x_1 ∈ |0..10|11 []) + 17·(x_2 ∈ |0..10|11 []) + 24·(x_3 ∈ |0..10|11 []) + 32·(x_4 ∈ |0..10|11 []) + 39·(x_5 ∈ |0..10|11 []) + 13·(x_6 ∈ |0..10|11 []) + 21·(x_7 ∈ |0..10|11 []) + 36·(x_8 ∈ |0..10|11 []) + 9·(x_9 ∈ |0..10|11 []) + 13·(x_10 ∈ |0..10|11 []) ≤ 1350
	w103:	11·(x_1 ∈ |0..10|11 []) + 8·(x_2 ∈ |0..10|11 []) + 23·(x_3 ∈ |0..10|11 []) + 40·(x_4 ∈ |0..10|11 []) + 10·(x_5 ∈ |0..10|11 []) + 46·(x_6 ∈ |0..10|11 []) + 46·(x_7 ∈ |0..10|11 []) + 29·(x_8 ∈ |0..10|11 []) + 38·(x_9 ∈ |0..10|11 []) + 17·(x_10 ∈ |0..10|11 []) ≤ 1500
	w104:	35·(x_1 ∈ |0..10|11 []) + 46·(x_2 ∈ |0..10|11 []) + 38·(x_3 ∈ |0..10|11 []) + 36·(x_4 ∈ |0..10|11 []) + 27·(x_5 ∈ |0..10|11 []) + 31·(x_6 ∈ |0..10|11 []) + 6·(x_7 ∈ |0..10|11 []) + 10·(x_8 ∈ |0..10|11 []) + 44·(x_9 ∈ |0..10|11 []) + 43·(x_10 ∈ |0..10|11 []) ≤ 1760
	w105:	36·(x_1 ∈ |0..10|11 []) + 25·(x_2 ∈ |0..10|11 []) + 26·(x_3 ∈ |0..10|11 []) + 9·(x_4 ∈ |0..10|11 []) + 38·(x_5 ∈ |0..10|11 []) + 24·(x_6 ∈ |0..10|11 []) + 15·(x_7 ∈ |0..10|11 []) + 32·(x_8 ∈ |0..10|11 []) + 33·(x_9 ∈ |0..10|11 []) + 46·(x_10 ∈ |0..10|11 []) ≤ 1590
	w106:	26·(x_1 ∈ |0..10|11 []) + 6·(x_2 ∈ |0..10|11 []) + 20·(x_3 ∈ |0..10|11 []) + 39·(x_4 ∈ |0..10|11 []) + 43·(x_5 ∈ |0..10|11 []) + 49·(x_6 ∈ |0..10|11 []) + 39·(x_7 ∈ |0..10|11 []) + 11·(x_8 ∈ |0..10|11 []) + 22·(x_9 ∈ |0..10|11 []) + 30·(x_10 ∈ |0..10|11 []) ≤ 1590
	w107:	45·(x_1 ∈ |0..10|11 []) + 37·(x_2 ∈ |0..10|11 []) + 7·(x_3 ∈ |0..10|11 []) + 32·(x_4 ∈ |0..10|11 []) + 23·(x_5 ∈ |0..10|11 []) + 27·(x_6 ∈ |0..10|11 []) + 49·(x_7 ∈ |0..10|11 []) + 5·(x_8 ∈ |0..10|11 []) + 40·(x_9 ∈ |0..10|11 []) + 40·(x_10 ∈ |0..10|11 []) ≤ 1700
	w108:	19·(x_1 ∈ |0..10|11 []) + 8·(x_2 ∈ |0..10|11 []) + 35·(x_3 ∈ |0..10|11 []) + 6·(x_4 ∈ |0..10|11 []) + 28·(x_5 ∈ |0..10|11 []) + 47·(x_6 ∈ |0..10|11 []) + 37·(x_7 ∈ |0..10|11 []) + 7·(x_8 ∈ |0..10|11 []) + 17·(x_9 ∈ |0..10|11 []) + 6·(x_10 ∈ |0..10|11 []) ≤ 1170
	w109:	44·(x_1 ∈ |0..10|11 []) + 30·(x_2 ∈ |0..10|11 []) + 11·(x_3 ∈ |0..10|11 []) + 19·(x_4 ∈ |0..10|11 []) + 36·(x_5 ∈ |0..10|11 []) + 37·(x_6 ∈ |0..10|11 []) + (x_7 ∈ |0..10|11 []) + 27·(x_8 ∈ |0..10|11 []) + 29·(x_9 ∈ |0..10|11 []) + 19·(x_10 ∈ |0..10|11 []) ≤ 1410
	w110:	10·(x_1 ∈ |0..10|11 []) + 25·(x_2 ∈ |0..10|11 []) + 47·(x_3 ∈ |0..10|11 []) + 30·(x_4 ∈ |0..10|11 []) + 48·(x_5 ∈ |0..10|11 []) + 35·(x_6 ∈ |0..10|11 []) + 23·(x_7 ∈ |0..10|11 []) + 47·(x_8 ∈ |0..10|11 []) + 19·(x_9 ∈ |0..10|11 []) + 21·(x_10 ∈ |0..10|11 []) ≤ 1700
	w111:	23·(x_1 ∈ |0..10|11 []) + 22·(x_2 ∈ |0..10|11 []) + 8·(x_3 ∈ |0..10|11 []) + 15·(x_4 ∈ |0..10|11 []) + 11·(x_5 ∈ |0..10|11 []) + 36·(x_6 ∈ |0..10|11 []) + 42·(x_7 ∈ |0..10|11 []) + 42·(x_8 ∈ |0..10|11 []) + 26·(x_9 ∈ |0..10|11 []) + 37·(x_10 ∈ |0..10|11 []) ≤ 1460
	w112:	19·(x_1 ∈ |0..10|11 []) + 34·(x_2 ∈ |0..10|11 []) + 24·(x_3 ∈ |0..10|11 []) + 28·(x_4 ∈ |0..10|11 []) + 34·(x_5 ∈ |0..10|11 []) + 43·(x_6 ∈ |0..10|11 []) + 2·(x_7 ∈ |0..10|11 []) + 29·(x_8 ∈ |0..10|11 []) + 18·(x_9 ∈ |0..10|11 []) + 18·(x_10 ∈ |0..10|11 []) ≤ 1390
	w113:	29·(x_1 ∈ |0..10|11 []) + 48·(x_2 ∈ |0..10|11 []) + 33·(x_3 ∈ |0..10|11 []) + 26·(x_4 ∈ |0..10|11 []) + 5·(x_5 ∈ |0..10|11 []) + 19·(x_6 ∈ |0..10|11 []) + 41·(x_7 ∈ |0..10|11 []) + 7·(x_8 ∈ |0..10|11 []) + 23·(x_9 ∈ |0..10|11 []) + 5·(x_10 ∈ |0..10|11 []) ≤ 1320
	w114:	29·(x_1 ∈ |0..10|11 []) + 7·(x_2 ∈ |0..10|11 []) + 44·(x_3 ∈ |0..10|11 []) + 12·(x_4 ∈ |0..10|11 []) + 38·(x_5 ∈ |0..10|11 []) + 48·(x_6 ∈ |0..10|11 []) + 16·(x_7 ∈ |0..10|11 []) + 17·(x_8 ∈ |0..10|11 []) + 11·(x_9 ∈ |0..10|11 []) + 48·(x_10 ∈ |0..10|11 []) ≤ 1510
	w115:	38·(x_1 ∈ |0..10|11 []) + 29·(x_2 ∈ |0..10|11 []) + 9·(x_3 ∈ |0..10|11 []) + 46·(x_4 ∈ |0..10|11 []) + 42·(x_5 ∈ |0..10|11 []) + 35·(x_6 ∈ |0..10|11 []) + 18·(x_7 ∈ |0..10|11 []) + 49·(x_8 ∈ |0..10|11 []) + 32·(x_9 ∈ |0..10|11 []) + 47·(x_10 ∈ |0..10|11 []) ≤ 1930
	w116:	5·(x_1 ∈ |0..10|11 []) + 28·(x_2 ∈ |0..10|11 []) + 35·(x_3 ∈ |0..10|11 []) + 28·(x_4 ∈ |0..10|11 []) + 5·(x_5 ∈ |0..10|11 []) + 10·(x_6 ∈ |0..10|11 []) + 8·(x_7 ∈ |0..10|11 []) + 26·(x_8 ∈ |0..10|11 []) + 41·(x_9 ∈ |0..10|11 []) + 30·(x_10 ∈ |0..10|11 []) ≤ 1200
	w117:	28·(x_1 ∈ |0..10|11 []) + 31·(x_2 ∈ |0..10|11 []) + 32·(x_3 ∈ |0..10|11 []) + 26·(x_4 ∈ |0..10|11 []) + 44·(x_5 ∈ |0..10|11 []) + 5·(x_6 ∈ |0..10|11 []) + 14·(x_7 ∈ |0..10|11 []) + 16·(x_8 ∈ |0..10|11 []) + 31·(x_9 ∈ |0..10|11 []) + 4·(x_10 ∈ |0..10|11 []) ≤ 1290
	w118:	5·(x_1 ∈ |0..10|11 []) + 25·(x_2 ∈ |0..10|11 []) + 48·(x_3 ∈ |0..10|11 []) + 6·(x_4 ∈ |0..10|11 []) + 24·(x_5 ∈ |0..10|11 []) + 15·(x_6 ∈ |0..10|11 []) + 15·(x_7 ∈ |0..10|11 []) + 43·(x_8 ∈ |0..10|11 []) + 15·(x_9 ∈ |0..10|11 []) + 2·(x_10 ∈ |0..10|11 []) ≤ 1100
	w119:	9·(x_1 ∈ |0..10|11 []) + 13·(x_2 ∈ |0..10|11 []) + 10·(x_3 ∈ |0..10|11 []) + 47·(x_4 ∈ |0..10|11 []) + 23·(x_5 ∈ |0..10|11 []) + 22·(x_6 ∈ |0..10|11 []) + 38·(x_7 ∈ |0..10|11 []) + 41·(x_8 ∈ |0..10|11 []) + 40·(x_9 ∈ |0..10|11 []) + 4·(x_10 ∈ |0..10|11 []) ≤ 1380
	w120:	40·(x_1 ∈ |0..10|11 []) + 25·(x_2 ∈ |0..10|11 []) + 7·(x_3 ∈ |0..10|11 []) + 25·(x_4 ∈ |0..10|11 []) + 42·(x_5 ∈ |0..10|11 []) + 49·(x_6 ∈ |0..10|11 []) + 34·(x_7 ∈ |0..10|11 []) + 39·(x_8 ∈ |0..10|11 []) + 41·(x_9 ∈ |0..10|11 []) + 10·(x_10 ∈ |0..10|11 []) ≤ 1740
	w121:	20·(x_1 ∈ |0..10|11 []) + 7·(x_2 ∈ |0..10|11 []) + 18·(x_3 ∈ |0..10|11 []) + 17·(x_4 ∈ |0..10|11 []) + 39·(x_5 ∈ |0..10|11 []) + 10·(x_6 ∈ |0..10|11 []) + 26·(x_7 ∈ |0..10|11 []) + 28·(x_8 ∈ |0..10|11 []) + 27·(x_9 ∈ |0..10|11 []) + 44·(x_10 ∈ |0..10|11 []) ≤ 1320
	w122:	9·(x_1 ∈ |0..10|11 []) + 18·(x_2 ∈ |0..10|11 []) + 41·(x_3 ∈ |0..10|11 []) + 33·(x_4 ∈ |0..10|11 []) + 42·(x_5 ∈ |0..10|11 []) + 2·(x_6 ∈ |0..10|11 []) + 44·(x_7 ∈ |0..10|11 []) + 25·(x_8 ∈ |0..10|11 []) + 23·(x_9 ∈ |0..10|11 []) + 24·(x_10 ∈ |0..10|11 []) ≤ 1460
	w123:	34·(x_1 ∈ |0..10|11 []) + 17·(x_2 ∈ |0..10|11 []) + 28·(x_3 ∈ |0..10|11 []) + 27·(x_4 ∈ |0..10|11 []) + 34·(x_5 ∈ |0..10|11 []) + 41·(x_6 ∈ |0..10|11 []) + 45·(x_7 ∈ |0..10|11 []) + 7·(x_8 ∈ |0..10|11 []) + 9·(x_9 ∈ |0..10|11 []) + 6·(x_10 ∈ |0..10|11 []) ≤ 1380
	w124:	23·(x_1 ∈ |0..10|11 []) + 46·(x_2 ∈ |0..10|11 []) + 3·(x_3 ∈ |0..10|11 []) + 41·(x_4 ∈ |0..10|11 []) + 5·(x_5 ∈ |0..10|11 []) + 44·(x_6 ∈ |0..10|11 []) + 48·(x_7 ∈ |0..10|11 []) + 34·(x_8 ∈ |0..10|11 []) + 44·(x_9 ∈ |0..10|11 []) + 24·(x_10 ∈ |0..10|11 []) ≤ 1740
	w125:	18·(x_1 ∈ |0..10|11 []) + 33·(x_2 ∈ |0..10|11 []) + 4·(x_3 ∈ |0..10|11 []) + 21·(x_4 ∈ |0..10|11 []) + 12·(x_5 ∈ |0..10|11 []) + 27·(x_6 ∈ |0..10|11 []) + 18·(x_7 ∈ |0..10|11 []) + 39·(x_8 ∈ |0..10|11 []) + (x_9 ∈ |0..10|11 []) + 43·(x_10 ∈ |0..10|11 []) ≤ 1200
	w126:	45·(x_1 ∈ |0..10|11 []) + 36·(x_2 ∈ |0..10|11 []) + 5·(x_3 ∈ |0..10|11 []) + 35·(x_4 ∈ |0..10|11 []) + 32·(x_5 ∈ |0..10|11 []) + 47·(x_6 ∈ |0..10|11 []) + 18·(x_7 ∈ |0..10|11 []) + 44·(x_8 ∈ |0..10|11 []) + 48·(x_9 ∈ |0..10|11 []) + 42·(x_10 ∈ |0..10|11 []) ≤ 1970
	w127:	17·(x_1 ∈ |0..10|11 []) + 39·(x_2 ∈ |0..10|11 []) + 18·(x_3 ∈ |0..10|11 []) + 2·(x_4 ∈ |0..10|11 []) + 4·(x_5 ∈ |0..10|11 []) + 10·(x_6 ∈ |0..10|11 []) + 15·(x_7 ∈ |0..10|11 []) + 24·(x_8 ∈ |0..10|11 []) + 15·(x_9 ∈ |0..10|11 []) + 2·(x_10 ∈ |0..10|11 []) ≤ 810
	w128:	6·(x_1 ∈ |0..10|11 []) + 20·(x_2 ∈ |0..10|11 []) + 35·(x_3 ∈ |0..10|11 []) + 45·(x_4 ∈ |0..10|11 []) + 7·(x_5 ∈ |0..10|11 []) + 16·(x_6 ∈ |0..10|11 []) + 19·(x_7 ∈ |0..10|11 []) + 9·(x_8 ∈ |0..10|11 []) + 11·(x_9 ∈ |0..10|11 []) + 47·(x_10 ∈ |0..10|11 []) ≤ 1200
	w129:	42·(x_1 ∈ |0..10|11 []) + 49·(x_2 ∈ |0..10|11 []) + 8·(x_3 ∈ |0..10|11 []) + 2·(x_4 ∈ |0..10|11 []) + 3·(x_5 ∈ |0..10|11 []) + 28·(x_6 ∈ |0..10|11 []) + 48·(x_7 ∈ |0..10|11 []) + 47·(x_8 ∈ |0..10|11 []) + 48·(x_9 ∈ |0..10|11 []) + 7·(x_10 ∈ |0..10|11 []) ≤ 1570
	w130:	42·(x_1 ∈ |0..10|11 []) + 8·(x_2 ∈ |0..10|11 []) + 24·(x_3 ∈ |0..10|11 []) + 31·(x_4 ∈ |0..10|11 []) + 23·(x_5 ∈ |0..10|11 []) + 5·(x_6 ∈ |0..10|11 []) + 42·(x_7 ∈ |0..10|11 []) + 3·(x_8 ∈ |0..10|11 []) + 24·(x_9 ∈ |0..10|11 []) + 23·(x_10 ∈ |0..10|11 []) ≤ 1260
	w131:	13·(x_1 ∈ |0..10|11 []) + 38·(x_2 ∈ |0..10|11 []) + 48·(x_3 ∈ |0..10|11 []) + 7·(x_4 ∈ |0..10|11 []) + 43·(x_5 ∈ |0..10|11 []) + 33·(x_6 ∈ |0..10|11 []) + 16·(x_7 ∈ |0..10|11 []) + 46·(x_8 ∈ |0..10|11 []) + 21·(x_9 ∈ |0..10|11 []) + 19·(x_10 ∈ |0..10|11 []) ≤ 1590
	w132:	16·(x_1 ∈ |0..10|11 []) + (x_2 ∈ |0..10|11 []) + 48·(x_3 ∈ |0..10|11 []) + 28·(x_4 ∈ |0..10|11 []) + (x_5 ∈ |0..10|11 []) + 16·(x_6 ∈ |0..10|11 []) + 29·(x_7 ∈ |0..10|11 []) + 26·(x_8 ∈ |0..10|11 []) + 47·(x_9 ∈ |0..10|11 []) + 29·(x_10 ∈ |0..10|11 []) ≤ 1340
	w133:	4·(x_1 ∈ |0..10|11 []) + 3·(x_2 ∈ |0..10|11 []) + 34·(x_3 ∈ |0..10|11 []) + 23·(x_4 ∈ |0..10|11 []) + 20·(x_5 ∈ |0..10|11 []) + 47·(x_6 ∈ |0..10|11 []) + 13·(x_7 ∈ |0..10|11 []) + 30·(x_8 ∈ |0..10|11 []) + 37·(x_9 ∈ |0..10|11 []) + 2·(x_10 ∈ |0..10|11 []) ≤ 1190
	w134:	30·(x_1 ∈ |0..10|11 []) + (x_2 ∈ |0..10|11 []) + 30·(x_3 ∈ |0..10|11 []) + 47·(x_4 ∈ |0..10|11 []) + 47·(x_5 ∈ |0..10|11 []) + 21·(x_6 ∈ |0..10|11 []) + 19·(x_7 ∈ |0..10|11 []) + 31·(x_8 ∈ |0..10|11 []) + 28·(x_9 ∈ |0..10|11 []) + 15·(x_10 ∈ |0..10|11 []) ≤ 1500
	w135:	(x_1 ∈ |0..10|11 []) + 2·(x_2 ∈ |0..10|11 []) + 14·(x_3 ∈ |0..10|11 []) + 14·(x_4 ∈ |0..10|11 []) + 28·(x_5 ∈ |0..10|11 []) + 42·(x_6 ∈ |0..10|11 []) + 41·(x_7 ∈ |0..10|11 []) + 31·(x_8 ∈ |0..10|11 []) + 40·(x_9 ∈ |0..10|11 []) + 36·(x_10 ∈ |0..10|11 []) ≤ 1390
	w136:	47·(x_1 ∈ |0..10|11 []) + 24·(x_2 ∈ |0..10|11 []) + 4·(x_3 ∈ |0..10|11 []) + 13·(x_4 ∈ |0..10|11 []) + 5·(x_5 ∈ |0..10|11 []) + 22·(x_6 ∈ |0..10|11 []) + 28·(x_7 ∈ |0..10|11 []) + 29·(x_8 ∈ |0..10|11 []) + 42·(x_9 ∈ |0..10|11 []) + 9·(x_10 ∈ |0..10|11 []) ≤ 1240
	w137:	12·(x_1 ∈ |0..10|11 []) + 40·(x_2 ∈ |0..10|11 []) + 22·(x_3 ∈ |0..10|11 []) + 43·(x_4 ∈ |0..10|11 []) + 31·(x_5 ∈ |0..10|11 []) + 11·(x_6 ∈ |0..10|11 []) + 23·(x_7 ∈ |0..10|11 []) + 34·(x_8 ∈ |0..10|11 []) + 44·(x_9 ∈ |0..10|11 []) + 16·(x_10 ∈ |0..10|11 []) ≤ 1540
	w138:	36·(x_1 ∈ |0..10|11 []) + 24·(x_2 ∈ |0..10|11 []) + 2·(x_3 ∈ |0..10|11 []) + 42·(x_4 ∈ |0..10|11 []) + 16·(x_5 ∈ |0..10|11 []) + 7·(x_6 ∈ |0..10|11 []) + 40·(x_7 ∈ |0..10|11 []) + 16·(x_8 ∈ |0..10|11 []) + 22·(x_9 ∈ |0..10|11 []) + 5·(x_10 ∈ |0..10|11 []) ≤ 1170
	w139:	39·(x_1 ∈ |0..10|11 []) + (x_2 ∈ |0..10|11 []) + 39·(x_3 ∈ |0..10|11 []) + 31·(x_4 ∈ |0..10|11 []) + 28·(x_5 ∈ |0..10|11 []) + 23·(x_6 ∈ |0..10|11 []) + 29·(x_7 ∈ |0..10|11 []) + 32·(x_8 ∈ |0..10|11 []) + 38·(x_9 ∈ |0..10|11 []) + 4·(x_10 ∈ |0..10|11 []) ≤ 1470
	w140:	37·(x_1 ∈ |0..10|11 []) + 33·(x_2 ∈ |0..10|11 []) + 30·(x_3 ∈ |0..10|11 []) + 15·(x_4 ∈ |0..10|11 []) + 25·(x_5 ∈ |0..10|11 []) + 46·(x_6 ∈ |0..10|11 []) + 39·(x_7 ∈ |0..10|11 []) + 45·(x_8 ∈ |0..10|11 []) + 47·(x_9 ∈ |0..10|11 []) + 31·(x_10 ∈ |0..10|11 []) ≤ 1940
	w141:	13·(x_1 ∈ |0..10|11 []) + 24·(x_2 ∈ |0..10|11 []) + 24·(x_3 ∈ |0..10|11 []) + 18·(x_4 ∈ |0..10|11 []) + 33·(x_5 ∈ |0..10|11 []) + 39·(x_6 ∈ |0..10|11 []) + 44·(x_7 ∈ |0..10|11 []) + 19·(x_8 ∈ |0..10|11 []) + 30·(x_9 ∈ |0..10|11 []) + 41·(x_10 ∈ |0..10|11 []) ≤ 1590
	w142:	2·(x_1 ∈ |0..10|11 []) + 30·(x_2 ∈ |0..10|11 []) + 36·(x_3 ∈ |0..10|11 []) + 17·(x_4 ∈ |0..10|11 []) + 40·(x_5 ∈ |0..10|11 []) + 48·(x_6 ∈ |0..10|11 []) + 22·(x_7 ∈ |0..10|11 []) + 38·(x_8 ∈ |0..10|11 []) + 12·(x_9 ∈ |0..10|11 []) + 4·(x_10 ∈ |0..10|11 []) ≤ 1390
	w143:	29·(x_1 ∈ |0..10|11 []) + 39·(x_2 ∈ |0..10|11 []) + 16·(x_3 ∈ |0..10|11 []) + 44·(x_4 ∈ |0..10|11 []) + 16·(x_5 ∈ |0..10|11 []) + 35·(x_6 ∈ |0..10|11 []) + 28·(x_7 ∈ |0..10|11 []) + 22·(x_8 ∈ |0..10|11 []) + 39·(x_9 ∈ |0..10|11 []) + 8·(x_10 ∈ |0..10|11 []) ≤ 1540
	w144:	40·(x_1 ∈ |0..10|11 []) + 23·(x_2 ∈ |0..10|11 []) + 20·(x_3 ∈ |0..10|11 []) + 22·(x_4 ∈ |0..10|11 []) + 19·(x_5 ∈ |0..10|11 []) + 2·(x_6 ∈ |0..10|11 []) + 11·(x_7 ∈ |0..10|11 []) + 14·(x_8 ∈ |0..10|11 []) + 48·(x_9 ∈ |0..10|11 []) + 10·(x_10 ∈ |0..10|11 []) ≤ 1170
	w145:	21·(x_1 ∈ |0..10|11 []) + 34·(x_2 ∈ |0..10|11 []) + (x_3 ∈ |0..10|11 []) + 37·(x_4 ∈ |0..10|11 []) + 25·(x_5 ∈ |0..10|11 []) + 14·(x_6 ∈ |0..10|11 []) + 16·(x_7 ∈ |0..10|11 []) + 38·(x_8 ∈ |0..10|11 []) + 10·(x_9 ∈ |0..10|11 []) + 6·(x_10 ∈ |0..10|11 []) ≤ 1130
	w146:	35·(x_1 ∈ |0..10|11 []) + 14·(x_2 ∈ |0..10|11 []) + 39·(x_3 ∈ |0..10|11 []) + 37·(x_4 ∈ |0..10|11 []) + 25·(x_5 ∈ |0..10|11 []) + 31·(x_6 ∈ |0..10|11 []) + 27·(x_7 ∈ |0..10|11 []) + 47·(x_8 ∈ |0..10|11 []) + 18·(x_9 ∈ |0..10|11 []) + 37·(x_10 ∈ |0..10|11 []) ≤ 1730
	w147:	26·(x_1 ∈ |0..10|11 []) + 12·(x_2 ∈ |0..10|11 []) + 21·(x_3 ∈ |0..10|11 []) + 18·(x_4 ∈ |0..10|11 []) + 45·(x_5 ∈ |0..10|11 []) + 37·(x_6 ∈ |0..10|11 []) + 34·(x_7 ∈ |0..10|11 []) + 19·(x_8 ∈ |0..10|11 []) + 6·(x_9 ∈ |0..10|11 []) + 29·(x_10 ∈ |0..10|11 []) ≤ 1380
	w148:	6·(x_1 ∈ |0..10|11 []) + 3·(x_2 ∈ |0..10|11 []) + 35·(x_3 ∈ |0..10|11 []) + 24·(x_4 ∈ |0..10|11 []) + 19·(x_5 ∈ |0..10|11 []) + 40·(x_6 ∈ |0..10|11 []) + 2·(x_7 ∈ |0..10|11 []) + 32·(x_8 ∈ |0..10|11 []) + 45·(x_9 ∈ |0..10|11 []) + 19·(x_10 ∈ |0..10|11 []) ≤ 1260
	w149:	46·(x_1 ∈ |0..10|11 []) + 12·(x_2 ∈ |0..10|11 []) + 38·(x_3 ∈ |0..10|11 []) + 9·(x_4 ∈ |0..10|11 []) + 3·(x_5 ∈ |0..10|11 []) + 34·(x_6 ∈ |0..10|11 []) + 22·(x_7 ∈ |0..10|11 []) + 35·(x_8 ∈ |0..10|11 []) + 27·(x_9 ∈ |0..10|11 []) + 30·(x_10 ∈ |0..10|11 []) ≤ 1430
	w150:	32·(x_1 ∈ |0..10|11 []) + 6·(x_2 ∈ |0..10|11 []) + 41·(x_3 ∈ |0..10|11 []) + 2·(x_4 ∈ |0..10|11 []) + 5·(x_5 ∈ |0..10|11 []) + 30·(x_6 ∈ |0..10|11 []) + 13·(x_7 ∈ |0..10|11 []) + 11·(x_8 ∈ |0..10|11 []) + 26·(x_9 ∈ |0..10|11 []) + 11·(x_10 ∈ |0..10|11 []) ≤ 990
	w151:	3·(x_1 ∈ |0..10|11 []) + 34·(x_2 ∈ |0..10|11 []) + 14·(x_3 ∈ |0..10|11 []) + 16·(x_4 ∈ |0..10|11 []) + 31·(x_5 ∈ |0..10|11 []) + 33·(x_6 ∈ |0..10|11 []) + 26·(x_7 ∈ |0..10|11 []) + 18·(x_8 ∈ |0..10|11 []) + 32·(x_9 ∈ |0..10|11 []) + 36·(x_10 ∈ |0..10|11 []) ≤ 1360
	w152:	45·(x_1 ∈ |0..10|11 []) + 19·(x_2 ∈ |0..10|11 []) + 6·(x_3 ∈ |0..10|11 []) + 46·(x_4 ∈ |0..10|11 []) + 19·(x_5 ∈ |0..10|11 []) + 49·(x_6 ∈ |0..10|11 []) + 34·(x_7 ∈ |0..10|11 []) + 40·(x_8 ∈ |0..10|11 []) + 5·(x_9 ∈ |0..10|11 []) + 41·(x_10 ∈ |0..10|11 []) ≤ 1700
	w153:	27·(x_1 ∈ |0..10|11 []) + 34·(x_2 ∈ |0..10|11 []) + 44·(x_3 ∈ |0..10|11 []) + 14·(x_4 ∈ |0..10|11 []) + 15·(x_5 ∈ |0..10|11 []) + 25·(x_6 ∈ |0..10|11 []) + 33·(x_7 ∈ |0..10|11 []) + 42·(x_8 ∈ |0..10|11 []) + 9·(x_9 ∈ |0..10|11 []) + 11·(x_10 ∈ |0..10|11 []) ≤ 1420
	w154:	16·(x_1 ∈ |0..10|11 []) + 2·(x_2 ∈ |0..10|11 []) + 5·(x_3 ∈ |0..10|11 []) + 5·(x_4 ∈ |0..10|11 []) + 30·(x_5 ∈ |0..10|11 []) + 15·(x_6 ∈ |0..10|11 []) + 16·(x_7 ∈ |0..10|11 []) + 25·(x_8 ∈ |0..10|11 []) + 11·(x_9 ∈ |0..10|11 []) + 39·(x_10 ∈ |0..10|11 []) ≤ 910
	w155:	24·(x_1 ∈ |0..10|11 []) + 6·(x_2 ∈ |0..10|11 []) + 40·(x_3 ∈ |0..10|11 []) + 2·(x_4 ∈ |0..10|11 []) + 33·(x_5 ∈ |0..10|11 []) + 17·(x_6 ∈ |0..10|11 []) + 40·(x_7 ∈ |0..10|11 []) + 25·(x_8 ∈ |0..10|11 []) + 33·(x_9 ∈ |0..10|11 []) + 2·(x_10 ∈ |0..10|11 []) ≤ 1240
	w156:	34·(x_1 ∈ |0..10|11 []) + 23·(x_2 ∈ |0..10|11 []) + 47·(x_3 ∈ |0..10|11 []) + 15·(x_4 ∈ |0..10|11 []) + 10·(x_5 ∈ |0..10|11 []) + 45·(x_6 ∈ |0..10|11 []) + 20·(x_7 ∈ |0..10|11 []) + 26·(x_8 ∈ |0..10|11 []) + 12·(x_9 ∈ |0..10|11 []) + 8·(x_10 ∈ |0..10|11 []) ≤ 1340
	w157:	46·(x_1 ∈ |0..10|11 []) + 25·(x_2 ∈ |0..10|11 []) + 44·(x_3 ∈ |0..10|11 []) + 12·(x_4 ∈ |0..10|11 []) + 12·(x_5 ∈ |0..10|11 []) + 10·(x_6 ∈ |0..10|11 []) + 41·(x_7 ∈ |0..10|11 []) + 41·(x_8 ∈ |0..10|11 []) + 13·(x_9 ∈ |0..10|11 []) + 12·(x_10 ∈ |0..10|11 []) ≤ 1430
	w158:	11·(x_1 ∈ |0..10|11 []) + 48·(x_2 ∈ |0..10|11 []) + 17·(x_3 ∈ |0..10|11 []) + 35·(x_4 ∈ |0..10|11 []) + 21·(x_5 ∈ |0..10|11 []) + 20·(x_6 ∈ |0..10|11 []) + 37·(x_7 ∈ |0..10|11 []) + 28·(x_8 ∈ |0..10|11 []) + 43·(x_9 ∈ |0..10|11 []) + 30·(x_10 ∈ |0..10|11 []) ≤ 1620
	w159:	49·(x_1 ∈ |0..10|11 []) + 38·(x_2 ∈ |0..10|11 []) + 19·(x_3 ∈ |0..10|11 []) + 46·(x_4 ∈ |0..10|11 []) + 47·(x_5 ∈ |0..10|11 []) + 35·(x_6 ∈ |0..10|11 []) + 23·(x_7 ∈ |0..10|11 []) + 13·(x_8 ∈ |0..10|11 []) + 8·(x_9 ∈ |0..10|11 []) + 24·(x_10 ∈ |0..10|11 []) ≤ 1690
	w160:	24·(x_1 ∈ |0..10|11 []) + 19·(x_2 ∈ |0..10|11 []) + 18·(x_3 ∈ |0..10|11 []) + 41·(x_4 ∈ |0..10|11 []) + 29·(x_5 ∈ |0..10|11 []) + 31·(x_6 ∈ |0..10|11 []) + 20·(x_7 ∈ |0..10|11 []) + 28·(x_8 ∈ |0..10|11 []) + 32·(x_9 ∈ |0..10|11 []) + 31·(x_10 ∈ |0..10|11 []) ≤ 1520
	w161:	38·(x_1 ∈ |0..10|11 []) + 34·(x_2 ∈ |0..10|11 []) + 22·(x_3 ∈ |0..10|11 []) + 48·(x_4 ∈ |0..10|11 []) + 40·(x_5 ∈ |0..10|11 []) + 30·(x_6 ∈ |0..10|11 []) + 18·(x_7 ∈ |0..10|11 []) + 9·(x_8 ∈ |0..10|11 []) + 22·(x_9 ∈ |0..10|11 []) + 27·(x_10 ∈ |0..10|11 []) ≤ 1610
	w162:	22·(x_1 ∈ |0..10|11 []) + 25·(x_2 ∈ |0..10|11 []) + 6·(x_3 ∈ |0..10|11 []) + 3·(x_4 ∈ |0..10|11 []) + 15·(x_5 ∈ |0..10|11 []) + 43·(x_6 ∈ |0..10|11 []) + 24·(x_7 ∈ |0..10|11 []) + 29·(x_8 ∈ |0..10|11 []) + 23·(x_9 ∈ |0..10|11 []) + 30·(x_10 ∈ |0..10|11 []) ≤ 1230
	w163:	21·(x_1 ∈ |0..10|11 []) + 22·(x_2 ∈ |0..10|11 []) + 30·(x_3 ∈ |0..10|11 []) + 48·(x_4 ∈ |0..10|11 []) + 46·(x_5 ∈ |0..10|11 []) + 27·(x_6 ∈ |0..10|11 []) + 18·(x_7 ∈ |0..10|11 []) + 16·(x_8 ∈ |0..10|11 []) + 22·(x_9 ∈ |0..10|11 []) + 28·(x_10 ∈ |0..10|11 []) ≤ 1550
	w164:	24·(x_1 ∈ |0..10|11 []) + 18·(x_2 ∈ |0..10|11 []) + 27·(x_3 ∈ |0..10|11 []) + 16·(x_4 ∈ |0..10|11 []) + (x_5 ∈ |0..10|11 []) + 25·(x_6 ∈ |0..10|11 []) + 22·(x_7 ∈ |0..10|11 []) + 8·(x_8 ∈ |0..10|11 []) + 9·(x_9 ∈ |0..10|11 []) + 30·(x_10 ∈ |0..10|11 []) ≤ 1000
	w165:	32·(x_1 ∈ |0..10|11 []) + 14·(x_2 ∈ |0..10|11 []) + 19·(x_3 ∈ |0..10|11 []) + 42·(x_4 ∈ |0..10|11 []) + 29·(x_5 ∈ |0..10|11 []) + 4·(x_6 ∈ |0..10|11 []) + 20·(x_7 ∈ |0..10|11 []) + 44·(x_8 ∈ |0..10|11 []) + 18·(x_9 ∈ |0..10|11 []) + 18·(x_10 ∈ |0..10|11 []) ≤ 1340
	w166:	30·(x_1 ∈ |0..10|11 []) + 46·(x_2 ∈ |0..10|11 []) + 37·(x_3 ∈ |0..10|11 []) + 16·(x_4 ∈ |0..10|11 []) + 37·(x_5 ∈ |0..10|11 []) + 16·(x_6 ∈ |0..10|11 []) + 22·(x_7 ∈ |0..10|11 []) + 26·(x_8 ∈ |0..10|11 []) + 43·(x_9 ∈ |0..10|11 []) + 30·(x_10 ∈ |0..10|11 []) ≤ 1690
	w167:	2·(x_1 ∈ |0..10|11 []) + 43·(x_2 ∈ |0..10|11 []) + 20·(x_3 ∈ |0..10|11 []) + 14·(x_4 ∈ |0..10|11 []) + 48·(x_5 ∈ |0..10|11 []) + 25·(x_6 ∈ |0..10|11 []) + 7·(x_7 ∈ |0..10|11 []) + 18·(x_8 ∈ |0..10|11 []) + 12·(x_9 ∈ |0..10|11 []) + 12·(x_10 ∈ |0..10|11 []) ≤ 1120
	w168:	43·(x_1 ∈ |0..10|11 []) + 13·(x_2 ∈ |0..10|11 []) + 28·(x_3 ∈ |0..10|11 []) + 44·(x_4 ∈ |0..10|11 []) + 26·(x_5 ∈ |0..10|11 []) + 17·(x_6 ∈ |0..10|11 []) + 42·(x_7 ∈ |0..10|11 []) + 4·(x_8 ∈ |0..10|11 []) + 6·(x_9 ∈ |0..10|11 []) + 12·(x_10 ∈ |0..10|11 []) ≤ 1310
	w169:	32·(x_1 ∈ |0..10|11 []) + 46·(x_2 ∈ |0..10|11 []) + 18·(x_3 ∈ |0..10|11 []) + 47·(x_4 ∈ |0..10|11 []) + 43·(x_5 ∈ |0..10|11 []) + 26·(x_6 ∈ |0..10|11 []) + 31·(x_7 ∈ |0..10|11 []) + 49·(x_8 ∈ |0..10|11 []) + 25·(x_9 ∈ |0..10|11 []) + 30·(x_10 ∈ |0..10|11 []) ≤ 1940
	w170:	41·(x_1 ∈ |0..10|11 []) + 29·(x_2 ∈ |0..10|11 []) + 30·(x_3 ∈ |0..10|11 []) + 22·(x_4 ∈ |0..10|11 []) + 21·(x_5 ∈ |0..10|11 []) + 15·(x_6 ∈ |0..10|11 []) + 4·(x_7 ∈ |0..10|11 []) + 18·(x_8 ∈ |0..10|11 []) + 12·(x_9 ∈ |0..10|11 []) + 25·(x_10 ∈ |0..10|11 []) ≤ 1210
	w171:	20·(x_1 ∈ |0..10|11 []) + 22·(x_2 ∈ |0..10|11 []) + 15·(x_3 ∈ |0..10|11 []) + 9·(x_4 ∈ |0..10|11 []) + 38·(x_5 ∈ |0..10|11 []) + 3·(x_6 ∈ |0..10|11 []) + 28·(x_7 ∈ |0..10|11 []) + 46·(x_8 ∈ |0..10|11 []) + 11·(x_9 ∈ |0..10|11 []) + 7·(x_10 ∈ |0..10|11 []) ≤ 1110
	w172:	6·(x_1 ∈ |0..10|11 []) + 47·(x_2 ∈ |0..10|11 []) + 28·(x_3 ∈ |0..10|11 []) + 42·(x_4 ∈ |0..10|11 []) + 22·(x_5 ∈ |0..10|11 []) + 12·(x_6 ∈ |0..10|11 []) + 46·(x_7 ∈ |0..10|11 []) + 26·(x_8 ∈ |0..10|11 []) + 43·(x_9 ∈ |0..10|11 []) + 25·(x_10 ∈ |0..10|11 []) ≤ 1660
	w173:	48·(x_1 ∈ |0..10|11 []) + 29·(x_2 ∈ |0..10|11 []) + 47·(x_3 ∈ |0..10|11 []) + 46·(x_4 ∈ |0..10|11 []) + 16·(x_5 ∈ |0..10|11 []) + 24·(x_6 ∈ |0..10|11 []) + 13·(x_7 ∈ |0..10|11 []) + 21·(x_8 ∈ |0..10|11 []) + 21·(x_9 ∈ |0..10|11 []) + 22·(x_10 ∈ |0..10|11 []) ≤ 1600
	w174:	5·(x_1 ∈ |0..10|11 []) + 26·(x_2 ∈ |0..10|11 []) + 13·(x_3 ∈ |0..10|11 []) + 35·(x_4 ∈ |0..10|11 []) + 16·(x_5 ∈ |0..10|11 []) + 22·(x_6 ∈ |0..10|11 []) + 33·(x_7 ∈ |0..10|11 []) + 28·(x_8 ∈ |0..10|11 []) + 22·(x_9 ∈ |0..10|11 []) + 20·(x_10 ∈ |0..10|11 []) ≤ 1230
	w175:	21·(x_1 ∈ |0..10|11 []) + 28·(x_2 ∈ |0..10|11 []) + 33·(x_3 ∈ |0..10|11 []) + 49·(x_4 ∈ |0..10|11 []) + 18·(x_5 ∈ |0..10|11 []) + 45·(x_6 ∈ |0..10|11 []) + 36·(x_7 ∈ |0..10|11 []) + 47·(x_8 ∈ |0..10|11 []) + 13·(x_9 ∈ |0..10|11 []) + 16·(x_10 ∈ |0..10|11 []) ≤ 1710
	w176:	20·(x_1 ∈ |0..10|11 []) + 3·(x_2 ∈ |0..10|11 []) + 39·(x_3 ∈ |0..10|11 []) + 32·(x_4 ∈ |0..10|11 []) + 44·(x_5 ∈ |0..10|11 []) + 33·(x_6 ∈ |0..10|11 []) + 32·(x_7 ∈ |0..10|11 []) + 6·(x_8 ∈ |0..10|11 []) + 36·(x_9 ∈ |0..10|11 []) + 8·(x_10 ∈ |0..10|11 []) ≤ 1410
	w177:	27·(x_1 ∈ |0..10|11 []) + 38·(x_2 ∈ |0..10|11 []) + 21·(x_3 ∈ |0..10|11 []) + 42·(x_4 ∈ |0..10|11 []) + 11·(x_5 ∈ |0..10|11 []) + 12·(x_6 ∈ |0..10|11 []) + 8·(x_7 ∈ |0..10|11 []) + 29·(x_8 ∈ |0..10|11 []) + 22·(x_9 ∈ |0..10|11 []) + 18·(x_10 ∈ |0..10|11 []) ≤ 1270
	w178:	23·(x_1 ∈ |0..10|11 []) + 2·(x_2 ∈ |0..10|11 []) + 33·(x_3 ∈ |0..10|11 []) + 31·(x_4 ∈ |0..10|11 []) + 36·(x_5 ∈ |0..10|11 []) + 5·(x_6 ∈ |0..10|11 []) + 45·(x_7 ∈ |0..10|11 []) + 23·(x_8 ∈ |0..10|11 []) + 11·(x_9 ∈ |0..10|11 []) + 17·(x_10 ∈ |0..10|11 []) ≤ 1260
	w179:	23·(x_1 ∈ |0..10|11 []) + 15·(x_2 ∈ |0..10|11 []) + 37·(x_3 ∈ |0..10|11 []) + 36·(x_4 ∈ |0..10|11 []) + 32·(x_5 ∈ |0..10|11 []) + 24·(x_6 ∈ |0..10|11 []) + 17·(x_7 ∈ |0..10|11 []) + 31·(x_8 ∈ |0..10|11 []) + 9·(x_9 ∈ |0..10|11 []) + 8·(x_10 ∈ |0..10|11 []) ≤ 1290
	w180:	22·(x_1 ∈ |0..10|11 []) + 17·(x_2 ∈ |0..10|11 []) + 35·(x_3 ∈ |0..10|11 []) + 29·(x_4 ∈ |0..10|11 []) + 49·(x_5 ∈ |0..10|11 []) + 30·(x_6 ∈ |0..10|11 []) + 8·(x_7 ∈ |0..10|11 []) + 20·(x_8 ∈ |0..10|11 []) + 2·(x_9 ∈ |0..10|11 []) + 33·(x_10 ∈ |0..10|11 []) ≤ 1370
	w181:	31·(x_1 ∈ |0..10|11 []) + 35·(x_2 ∈ |0..10|11 []) + 15·(x_3 ∈ |0..10|11 []) + 5·(x_4 ∈ |0..10|11 []) + 16·(x_5 ∈ |0..10|11 []) + 41·(x_6 ∈ |0..10|11 []) + 39·(x_7 ∈ |0..10|11 []) + 45·(x_8 ∈ |0..10|11 []) + 35·(x_9 ∈ |0..10|11 []) + 17·(x_10 ∈ |0..10|11 []) ≤ 1560
	w182:	28·(x_1 ∈ |0..10|11 []) + 37·(x_2 ∈ |0..10|11 []) + 21·(x_3 ∈ |0..10|11 []) + 47·(x_4 ∈ |0..10|11 []) + 48·(x_5 ∈ |0..10|11 []) + 31·(x_6 ∈ |0..10|11 []) + 9·(x_7 ∈ |0..10|11 []) + 7·(x_8 ∈ |0..10|11 []) + 30·(x_9 ∈ |0..10|11 []) + 35·(x_10 ∈ |0..10|11 []) ≤ 1640
	w183:	41·(x_1 ∈ |0..10|11 []) + 41·(x_2 ∈ |0..10|11 []) + 31·(x_3 ∈ |0..10|11 []) + 32·(x_4 ∈ |0..10|11 []) + 12·(x_5 ∈ |0..10|11 []) + 14·(x_6 ∈ |0..10|11 []) + 30·(x_7 ∈ |0..10|11 []) + 46·(x_8 ∈ |0..10|11 []) + 22·(x_9 ∈ |0..10|11 []) + 20·(x_10 ∈ |0..10|11 []) ≤ 1610
	w184:	(x_1 ∈ |0..10|11 []) + 31·(x_2 ∈ |0..10|11 []) + 23·(x_3 ∈ |0..10|11 []) + 48·(x_4 ∈ |0..10|11 []) + 34·(x_5 ∈ |0..10|11 []) + 3·(x_6 ∈ |0..10|11 []) + 22·(x_7 ∈ |0..10|11 []) + 39·(x_8 ∈ |0..10|11 []) + 44·(x_9 ∈ |0..10|11 []) + 9·(x_10 ∈ |0..10|11 []) ≤ 1420
	w185:	10·(x_1 ∈ |0..10|11 []) + 41·(x_2 ∈ |0..10|11 []) + 17·(x_3 ∈ |0..10|11 []) + 6·(x_4 ∈ |0..10|11 []) + 38·(x_5 ∈ |0..10|11 []) + 2·(x_6 ∈ |0..10|11 []) + 42·(x_7 ∈ |0..10|11 []) + 26·(x_8 ∈ |0..10|11 []) + 34·(x_9 ∈ |0..10|11 []) + 28·(x_10 ∈ |0..10|11 []) ≤ 1360
	w186:	40·(x_1 ∈ |0..10|11 []) + 38·(x_2 ∈ |0..10|11 []) + 5·(x_3 ∈ |0..10|11 []) + 19·(x_4 ∈ |0..10|11 []) + 35·(x_5 ∈ |0..10|11 []) + 47·(x_6 ∈ |0..10|11 []) + 44·(x_7 ∈ |0..10|11 []) + 3·(x_8 ∈ |0..10|11 []) + 15·(x_9 ∈ |0..10|11 []) + 35·(x_10 ∈ |0..10|11 []) ≤ 1570
	w187:	(x_1 ∈ |0..10|11 []) + 39·(x_2 ∈ |0..10|11 []) + 2·(x_3 ∈ |0..10|11 []) + 26·(x_4 ∈ |0..10|11 []) + 46·(x_5 ∈ |0..10|11 []) + 23·(x_6 ∈ |0..10|11 []) + 11·(x_7 ∈ |0..10|11 []) + 44·(x_8 ∈ |0..10|11 []) + 2·(x_9 ∈ |0..10|11 []) + 32·(x_10 ∈ |0..10|11 []) ≤ 1260
	w188:	37·(x_1 ∈ |0..10|11 []) + 24·(x_2 ∈ |0..10|11 []) + 27·(x_3 ∈ |0..10|11 []) + 41·(x_4 ∈ |0..10|11 []) + 5·(x_5 ∈ |0..10|11 []) + 15·(x_6 ∈ |0..10|11 []) + 45·(x_7 ∈ |0..10|11 []) + 12·(x_8 ∈ |0..10|11 []) + 13·(x_9 ∈ |0..10|11 []) + 33·(x_10 ∈ |0..10|11 []) ≤ 1410
	w189:	14·(x_1 ∈ |0..10|11 []) + 5·(x_2 ∈ |0..10|11 []) + 5·(x_3 ∈ |0..10|11 []) + 14·(x_4 ∈ |0..10|11 []) + 28·(x_5 ∈ |0..10|11 []) + 19·(x_6 ∈ |0..10|11 []) + 28·(x_7 ∈ |0..10|11 []) + 46·(x_8 ∈ |0..10|11 []) + 21·(x_9 ∈ |0..10|11 []) + 43·(x_10 ∈ |0..10|11 []) ≤ 1240
	w190:	35·(x_1 ∈ |0..10|11 []) + 42·(x_2 ∈ |0..10|11 []) + 46·(x_3 ∈ |0..10|11 []) + 8·(x_4 ∈ |0..10|11 []) + 3·(x_5 ∈ |0..10|11 []) + 36·(x_6 ∈ |0..10|11 []) + 40·(x_7 ∈ |0..10|11 []) + 41·(x_8 ∈ |0..10|11 []) + 39·(x_9 ∈ |0..10|11 []) + 16·(x_10 ∈ |0..10|11 []) ≤ 1710
	w191:	20·(x_1 ∈ |0..10|11 []) + 20·(x_2 ∈ |0..10|11 []) + 33·(x_3 ∈ |0..10|11 []) + 16·(x_4 ∈ |0..10|11 []) + 16·(x_5 ∈ |0..10|11 []) + 26·(x_6 ∈ |0..10|11 []) + 5·(x_7 ∈ |0..10|11 []) + 14·(x_8 ∈ |0..10|11 []) + 12·(x_9 ∈ |0..10|11 []) + 37·(x_10 ∈ |0..10|11 []) ≤ 1110
	w192:	8·(x_1 ∈ |0..10|11 []) + 7·(x_2 ∈ |0..10|11 []) + 38·(x_3 ∈ |0..10|11 []) + 18·(x_4 ∈ |0..10|11 []) + 39·(x_5 ∈ |0..10|11 []) + 32·(x_6 ∈ |0..10|11 []) + 31·(x_7 ∈ |0..10|11 []) + 2·(x_8 ∈ |0..10|11 []) + 3·(x_9 ∈ |0..10|11 []) + 23·(x_10 ∈ |0..10|11 []) ≤ 1120
	w193:	42·(x_1 ∈ |0..10|11 []) + 35·(x_2 ∈ |0..10|11 []) + 39·(x_3 ∈ |0..10|11 []) + 18·(x_4 ∈ |0..10|11 []) + 17·(x_5 ∈ |0..10|11 []) + 20·(x_6 ∈ |0..10|11 []) + 47·(x_7 ∈ |0..10|11 []) + 31·(x_8 ∈ |0..10|11 []) + 35·(x_9 ∈ |0..10|11 []) + 29·(x_10 ∈ |0..10|11 []) ≤ 1750
	w194:	10·(x_1 ∈ |0..10|11 []) + 19·(x_2 ∈ |0..10|11 []) + 35·(x_3 ∈ |0..10|11 []) + 42·(x_4 ∈ |0..10|11 []) + 16·(x_5 ∈ |0..10|11 []) + 27·(x_6 ∈ |0..10|11 []) + 12·(x_7 ∈ |0..10|11 []) + 3·(x_8 ∈ |0..10|11 []) + 12·(x_9 ∈ |0..10|11 []) + 48·(x_10 ∈ |0..10|11 []) ≤ 1250
	w195:	7·(x_1 ∈ |0..10|11 []) + 33·(x_2 ∈ |0..10|11 []) + 49·(x_3 ∈ |0..10|11 []) + 32·(x_4 ∈ |0..10|11 []) + 27·(x_5 ∈ |0..10|11 []) + 22·(x_6 ∈ |0..10|11 []) + 17·(x_7 ∈ |0..10|11 []) + 2·(x_8 ∈ |0..10|11 []) + 14·(x_9 ∈ |0..10|11 []) + 34·(x_10 ∈ |0..10|11 []) ≤ 1320
	w196:	26·(x_1 ∈ |0..10|11 []) + 49·(x_2 ∈ |0..10|11 []) + 49·(x_3 ∈ |0..10|11 []) + 15·(x_4 ∈ |0..10|11 []) + 10·(x_5 ∈ |0..10|11 []) + 36·(x_6 ∈ |0..10|11 []) + 7·(x_7 ∈ |0..10|11 []) + 10·(x_8 ∈ |0..10|11 []) + 11·(x_9 ∈ |0..10|11 []) + 38·(x_10 ∈ |0..10|11 []) ≤ 1400
	w197:	42·(x_1 ∈ |0..10|11 []) + 16·(x_2 ∈ |0..10|11 []) + 23·(x_3 ∈ |0..10|11 []) + 22·(x_4 ∈ |0..10|11 []) + 3·(x_5 ∈ |0..10|11 []) + 34·(x_6 ∈ |0..10|11 []) + 35·(x_7 ∈ |0..10|11 []) + 43·(x_8 ∈ |0..10|11 []) + 22·(x_9 ∈ |0..10|11 []) + 7·(x_10 ∈ |0..10|11 []) ≤ 1380
	w198:	2·(x_1 ∈ |0..10|11 []) + 20·(x_2 ∈ |0..10|11 []) + 16·(x_3 ∈ |0..10|11 []) + 27·(x_4 ∈ |0..10|11 []) + 31·(x_5 ∈ |0..10|11 []) + 14·(x_6 ∈ |0..10|11 []) + 27·(x_7 ∈ |0..10|11 []) + 44·(x_8 ∈ |0..10|11 []) + 34·(x_9 ∈ |0..10|11 []) + 36·(x_10 ∈ |0..10|11 []) ≤ 1400
	w199:	35·(x_1 ∈ |0..10|11 []) + 6·(x_2 ∈ |0..10|11 []) + 42·(x_3 ∈ |0..10|11 []) + (x_4 ∈ |0..10|11 []) + 30·(x_5 ∈ |0..10|11 []) + 13·(x_6 ∈ |0..10|11 []) + 14·(x_7 ∈ |0..10|11 []) + 42·(x_8 ∈ |0..10|11 []) + 11·(x_9 ∈ |0..10|11 []) + 46·(x_10 ∈ |0..10|11 []) ≤ 1340
	w200:	6·(x_1 ∈ |0..10|11 []) + 14·(x_2 ∈ |0..10|11 []) + 48·(x_3 ∈ |0..10|11 []) + 4·(x_4 ∈ |0..10|11 []) + 16·(x_5 ∈ |0..10|11 []) + 35·(x_6 ∈ |0..10|11 []) + 24·(x_7 ∈ |0..10|11 []) + 25·(x_8 ∈ |0..10|11 []) + 34·(x_9 ∈ |0..10|11 []) + 7·(x_10 ∈ |0..10|11 []) ≤ 1190
	profits:	48·(x_1 ∈ |0..10|11 []) + 34·(x_2 ∈ |0..10|11 []) + 21·(x_3 ∈ |0..10|11 []) + 9·(x_4 ∈ |0..10|11 []) + 13·(x_5 ∈ |0..10|11 []) + 48·(x_6 ∈ |0..10|11 []) + 20·(x_7 ∈ |0..10|11 []) + 35·(x_8 ∈ |0..10|11 []) + 26·(x_9 ∈ |0..10|11 []) + 19·(x_10 ∈ |0..10|11 []) ≥ 1200
	CSE: ""

Encoded BDD + Mix(25) in 2.4860759 seconds as 42310/245183/844299

SOLVE T/O Some(60.0)
SOLVE DONE @6.427378
SOLVE CALL RESULT: Got SAT in 6.427378s with check Some(Ok(())): x_1=10 [], x_10=0 [], x_2=10 [], x_3=6 [], x_4=3 [], x_5=0 [], x_6=4 [], x_7=0 [], x_8=1 [], x_9=0 []
BATCH.SH END 0
