BATCH.SH START ./experiments/mbkp/runs:2476 (ulimit --clean)
Start EncodeRecord { instance: Some(Instance { problem: Mbkp { bound: 10, n_: 10, m_: 200, q_: 250, family: 1, s_: 25, seed: 4, fl: "0.4", fu: None, skip_obj: true }, i: 7, lp: "./experiments/mbkp/lps/3/3_01.lp" }), experiment: Some(Experiment { system: Pbc, pb_encoding: Gt, int_encoding: Ord, con_encoding: Include, split_eq: false, model_config: ModelConfig { scm: Dnf, cutoff: Mix(150), decomposer: Gt, equalize_ternaries: true, add_consistency: false, propagate: None, equalize_uniform_bin_ineqs: false } }), statics: None, pb_statics: None, principal: None, time: None, dimacs: None }
model = 
	w1:	130·(x_1 ∈ |0..10|11 []) + 136·(x_2 ∈ |0..10|11 []) + 234·(x_3 ∈ |0..10|11 []) + 229·(x_4 ∈ |0..10|11 []) + 40·(x_5 ∈ |0..10|11 []) + 153·(x_6 ∈ |0..10|11 []) + 188·(x_7 ∈ |0..10|11 []) + 175·(x_8 ∈ |0..10|11 []) + 225·(x_9 ∈ |0..10|11 []) + 81·(x_10 ∈ |0..10|11 []) ≤ 6490
	w2:	144·(x_1 ∈ |0..10|11 []) + 223·(x_2 ∈ |0..10|11 []) + 47·(x_3 ∈ |0..10|11 []) + 63·(x_4 ∈ |0..10|11 []) + 205·(x_5 ∈ |0..10|11 []) + 190·(x_6 ∈ |0..10|11 []) + 187·(x_7 ∈ |0..10|11 []) + 149·(x_8 ∈ |0..10|11 []) + 5·(x_9 ∈ |0..10|11 []) + 109·(x_10 ∈ |0..10|11 []) ≤ 5390
	w3:	225·(x_1 ∈ |0..10|11 []) + 200·(x_2 ∈ |0..10|11 []) + 124·(x_3 ∈ |0..10|11 []) + 178·(x_4 ∈ |0..10|11 []) + 207·(x_5 ∈ |0..10|11 []) + 38·(x_6 ∈ |0..10|11 []) + 210·(x_7 ∈ |0..10|11 []) + 144·(x_8 ∈ |0..10|11 []) + 49·(x_9 ∈ |0..10|11 []) + 183·(x_10 ∈ |0..10|11 []) ≤ 6350
	w4:	35·(x_1 ∈ |0..10|11 []) + 223·(x_2 ∈ |0..10|11 []) + 230·(x_3 ∈ |0..10|11 []) + 240·(x_4 ∈ |0..10|11 []) + 135·(x_5 ∈ |0..10|11 []) + 229·(x_6 ∈ |0..10|11 []) + 107·(x_7 ∈ |0..10|11 []) + 146·(x_8 ∈ |0..10|11 []) + 169·(x_9 ∈ |0..10|11 []) + 231·(x_10 ∈ |0..10|11 []) ≤ 7110
	w5:	215·(x_1 ∈ |0..10|11 []) + 217·(x_2 ∈ |0..10|11 []) + 120·(x_3 ∈ |0..10|11 []) + 65·(x_4 ∈ |0..10|11 []) + 220·(x_5 ∈ |0..10|11 []) + 166·(x_6 ∈ |0..10|11 []) + 111·(x_7 ∈ |0..10|11 []) + 191·(x_8 ∈ |0..10|11 []) + 82·(x_9 ∈ |0..10|11 []) + 188·(x_10 ∈ |0..10|11 []) ≤ 6420
	w6:	199·(x_1 ∈ |0..10|11 []) + 246·(x_2 ∈ |0..10|11 []) + 50·(x_3 ∈ |0..10|11 []) + 77·(x_4 ∈ |0..10|11 []) + 167·(x_5 ∈ |0..10|11 []) + 210·(x_6 ∈ |0..10|11 []) + 215·(x_7 ∈ |0..10|11 []) + 51·(x_8 ∈ |0..10|11 []) + 40·(x_9 ∈ |0..10|11 []) + 243·(x_10 ∈ |0..10|11 []) ≤ 6110
	w7:	129·(x_1 ∈ |0..10|11 []) + 246·(x_2 ∈ |0..10|11 []) + 82·(x_3 ∈ |0..10|11 []) + 106·(x_4 ∈ |0..10|11 []) + 103·(x_5 ∈ |0..10|11 []) + 246·(x_6 ∈ |0..10|11 []) + 138·(x_7 ∈ |0..10|11 []) + 125·(x_8 ∈ |0..10|11 []) + 184·(x_9 ∈ |0..10|11 []) + 151·(x_10 ∈ |0..10|11 []) ≤ 6160
	w8:	239·(x_1 ∈ |0..10|11 []) + 57·(x_2 ∈ |0..10|11 []) + 24·(x_3 ∈ |0..10|11 []) + 147·(x_4 ∈ |0..10|11 []) + 39·(x_5 ∈ |0..10|11 []) + 177·(x_6 ∈ |0..10|11 []) + 65·(x_7 ∈ |0..10|11 []) + 217·(x_8 ∈ |0..10|11 []) + 229·(x_9 ∈ |0..10|11 []) + 175·(x_10 ∈ |0..10|11 []) ≤ 5580
	w9:	244·(x_1 ∈ |0..10|11 []) + 94·(x_2 ∈ |0..10|11 []) + 170·(x_3 ∈ |0..10|11 []) + 214·(x_4 ∈ |0..10|11 []) + 25·(x_5 ∈ |0..10|11 []) + 225·(x_6 ∈ |0..10|11 []) + 81·(x_7 ∈ |0..10|11 []) + 159·(x_8 ∈ |0..10|11 []) + 169·(x_9 ∈ |0..10|11 []) + 16·(x_10 ∈ |0..10|11 []) ≤ 5690
	w10:	138·(x_1 ∈ |0..10|11 []) + 33·(x_2 ∈ |0..10|11 []) + 237·(x_3 ∈ |0..10|11 []) + 83·(x_4 ∈ |0..10|11 []) + 145·(x_5 ∈ |0..10|11 []) + 50·(x_6 ∈ |0..10|11 []) + 19·(x_7 ∈ |0..10|11 []) + 130·(x_8 ∈ |0..10|11 []) + 124·(x_9 ∈ |0..10|11 []) + 240·(x_10 ∈ |0..10|11 []) ≤ 4890
	w11:	181·(x_1 ∈ |0..10|11 []) + 119·(x_2 ∈ |0..10|11 []) + 170·(x_3 ∈ |0..10|11 []) + 159·(x_4 ∈ |0..10|11 []) + 215·(x_5 ∈ |0..10|11 []) + 105·(x_6 ∈ |0..10|11 []) + 82·(x_7 ∈ |0..10|11 []) + 117·(x_8 ∈ |0..10|11 []) + 163·(x_9 ∈ |0..10|11 []) + 53·(x_10 ∈ |0..10|11 []) ≤ 5560
	w12:	30·(x_1 ∈ |0..10|11 []) + 114·(x_2 ∈ |0..10|11 []) + 57·(x_3 ∈ |0..10|11 []) + 183·(x_4 ∈ |0..10|11 []) + 184·(x_5 ∈ |0..10|11 []) + 69·(x_6 ∈ |0..10|11 []) + 118·(x_7 ∈ |0..10|11 []) + 210·(x_8 ∈ |0..10|11 []) + 25·(x_9 ∈ |0..10|11 []) + 146·(x_10 ∈ |0..10|11 []) ≤ 4630
	w13:	130·(x_1 ∈ |0..10|11 []) + 42·(x_2 ∈ |0..10|11 []) + 77·(x_3 ∈ |0..10|11 []) + 143·(x_4 ∈ |0..10|11 []) + 138·(x_5 ∈ |0..10|11 []) + 190·(x_6 ∈ |0..10|11 []) + 225·(x_7 ∈ |0..10|11 []) + 189·(x_8 ∈ |0..10|11 []) + 214·(x_9 ∈ |0..10|11 []) + 61·(x_10 ∈ |0..10|11 []) ≤ 5740
	w14:	60·(x_1 ∈ |0..10|11 []) + 224·(x_2 ∈ |0..10|11 []) + 222·(x_3 ∈ |0..10|11 []) + 218·(x_4 ∈ |0..10|11 []) + 243·(x_5 ∈ |0..10|11 []) + 28·(x_6 ∈ |0..10|11 []) + 236·(x_7 ∈ |0..10|11 []) + 74·(x_8 ∈ |0..10|11 []) + 55·(x_9 ∈ |0..10|11 []) + 92·(x_10 ∈ |0..10|11 []) ≤ 5920
	w15:	157·(x_1 ∈ |0..10|11 []) + 149·(x_2 ∈ |0..10|11 []) + 85·(x_3 ∈ |0..10|11 []) + 244·(x_4 ∈ |0..10|11 []) + 242·(x_5 ∈ |0..10|11 []) + 95·(x_6 ∈ |0..10|11 []) + 194·(x_7 ∈ |0..10|11 []) + 54·(x_8 ∈ |0..10|11 []) + 156·(x_9 ∈ |0..10|11 []) + 14·(x_10 ∈ |0..10|11 []) ≤ 5670
	w16:	135·(x_1 ∈ |0..10|11 []) + 32·(x_2 ∈ |0..10|11 []) + 215·(x_3 ∈ |0..10|11 []) + 93·(x_4 ∈ |0..10|11 []) + 175·(x_5 ∈ |0..10|11 []) + 181·(x_6 ∈ |0..10|11 []) + 61·(x_7 ∈ |0..10|11 []) + 44·(x_8 ∈ |0..10|11 []) + 237·(x_9 ∈ |0..10|11 []) + 175·(x_10 ∈ |0..10|11 []) ≤ 5490
	w17:	21·(x_1 ∈ |0..10|11 []) + 18·(x_2 ∈ |0..10|11 []) + 17·(x_3 ∈ |0..10|11 []) + 72·(x_4 ∈ |0..10|11 []) + 180·(x_5 ∈ |0..10|11 []) + 115·(x_6 ∈ |0..10|11 []) + 221·(x_7 ∈ |0..10|11 []) + 59·(x_8 ∈ |0..10|11 []) + 117·(x_9 ∈ |0..10|11 []) + 76·(x_10 ∈ |0..10|11 []) ≤ 3650
	w18:	182·(x_1 ∈ |0..10|11 []) + 146·(x_2 ∈ |0..10|11 []) + 26·(x_3 ∈ |0..10|11 []) + 165·(x_4 ∈ |0..10|11 []) + 184·(x_5 ∈ |0..10|11 []) + 115·(x_6 ∈ |0..10|11 []) + 218·(x_7 ∈ |0..10|11 []) + 43·(x_8 ∈ |0..10|11 []) + 5·(x_9 ∈ |0..10|11 []) + 154·(x_10 ∈ |0..10|11 []) ≤ 5050
	w19:	94·(x_1 ∈ |0..10|11 []) + 232·(x_2 ∈ |0..10|11 []) + 140·(x_3 ∈ |0..10|11 []) + 40·(x_4 ∈ |0..10|11 []) + 68·(x_5 ∈ |0..10|11 []) + 75·(x_6 ∈ |0..10|11 []) + 72·(x_7 ∈ |0..10|11 []) + 181·(x_8 ∈ |0..10|11 []) + 160·(x_9 ∈ |0..10|11 []) + 15·(x_10 ∈ |0..10|11 []) ≤ 4390
	w20:	72·(x_1 ∈ |0..10|11 []) + 117·(x_2 ∈ |0..10|11 []) + 227·(x_3 ∈ |0..10|11 []) + 153·(x_4 ∈ |0..10|11 []) + 218·(x_5 ∈ |0..10|11 []) + 201·(x_6 ∈ |0..10|11 []) + 99·(x_7 ∈ |0..10|11 []) + 120·(x_8 ∈ |0..10|11 []) + 50·(x_9 ∈ |0..10|11 []) + 62·(x_10 ∈ |0..10|11 []) ≤ 5380
	w21:	74·(x_1 ∈ |0..10|11 []) + 117·(x_2 ∈ |0..10|11 []) + 239·(x_3 ∈ |0..10|11 []) + 178·(x_4 ∈ |0..10|11 []) + 14·(x_5 ∈ |0..10|11 []) + 73·(x_6 ∈ |0..10|11 []) + 173·(x_7 ∈ |0..10|11 []) + 173·(x_8 ∈ |0..10|11 []) + 162·(x_9 ∈ |0..10|11 []) + 207·(x_10 ∈ |0..10|11 []) ≤ 5750
	w22:	191·(x_1 ∈ |0..10|11 []) + 186·(x_2 ∈ |0..10|11 []) + 176·(x_3 ∈ |0..10|11 []) + 54·(x_4 ∈ |0..10|11 []) + 50·(x_5 ∈ |0..10|11 []) + (x_6 ∈ |0..10|11 []) + 135·(x_7 ∈ |0..10|11 []) + 238·(x_8 ∈ |0..10|11 []) + 176·(x_9 ∈ |0..10|11 []) + 98·(x_10 ∈ |0..10|11 []) ≤ 5320
	w23:	11·(x_1 ∈ |0..10|11 []) + 240·(x_2 ∈ |0..10|11 []) + 206·(x_3 ∈ |0..10|11 []) + 171·(x_4 ∈ |0..10|11 []) + 24·(x_5 ∈ |0..10|11 []) + 213·(x_6 ∈ |0..10|11 []) + 32·(x_7 ∈ |0..10|11 []) + 176·(x_8 ∈ |0..10|11 []) + 227·(x_9 ∈ |0..10|11 []) + 116·(x_10 ∈ |0..10|11 []) ≤ 5770
	w24:	211·(x_1 ∈ |0..10|11 []) + 135·(x_2 ∈ |0..10|11 []) + 195·(x_3 ∈ |0..10|11 []) + 244·(x_4 ∈ |0..10|11 []) + 184·(x_5 ∈ |0..10|11 []) + 128·(x_6 ∈ |0..10|11 []) + 238·(x_7 ∈ |0..10|11 []) + 136·(x_8 ∈ |0..10|11 []) + 34·(x_9 ∈ |0..10|11 []) + 230·(x_10 ∈ |0..10|11 []) ≤ 7070
	w25:	186·(x_1 ∈ |0..10|11 []) + 166·(x_2 ∈ |0..10|11 []) + 9·(x_3 ∈ |0..10|11 []) + 171·(x_4 ∈ |0..10|11 []) + 216·(x_5 ∈ |0..10|11 []) + 158·(x_6 ∈ |0..10|11 []) + 149·(x_7 ∈ |0..10|11 []) + 144·(x_8 ∈ |0..10|11 []) + 142·(x_9 ∈ |0..10|11 []) + 126·(x_10 ∈ |0..10|11 []) ≤ 5980
	w26:	175·(x_1 ∈ |0..10|11 []) + 242·(x_2 ∈ |0..10|11 []) + 195·(x_3 ∈ |0..10|11 []) + 112·(x_4 ∈ |0..10|11 []) + 11·(x_5 ∈ |0..10|11 []) + 225·(x_6 ∈ |0..10|11 []) + 10·(x_7 ∈ |0..10|11 []) + 36·(x_8 ∈ |0..10|11 []) + 121·(x_9 ∈ |0..10|11 []) + 228·(x_10 ∈ |0..10|11 []) ≤ 5520
	w27:	17·(x_1 ∈ |0..10|11 []) + 95·(x_2 ∈ |0..10|11 []) + 10·(x_3 ∈ |0..10|11 []) + 191·(x_4 ∈ |0..10|11 []) + 100·(x_5 ∈ |0..10|11 []) + 218·(x_6 ∈ |0..10|11 []) + 200·(x_7 ∈ |0..10|11 []) + 142·(x_8 ∈ |0..10|11 []) + 44·(x_9 ∈ |0..10|11 []) + 96·(x_10 ∈ |0..10|11 []) ≤ 4540
	w28:	206·(x_1 ∈ |0..10|11 []) + 53·(x_2 ∈ |0..10|11 []) + 73·(x_3 ∈ |0..10|11 []) + 62·(x_4 ∈ |0..10|11 []) + 61·(x_5 ∈ |0..10|11 []) + 57·(x_6 ∈ |0..10|11 []) + 195·(x_7 ∈ |0..10|11 []) + 101·(x_8 ∈ |0..10|11 []) + (x_9 ∈ |0..10|11 []) + 32·(x_10 ∈ |0..10|11 []) ≤ 3430
	w29:	192·(x_1 ∈ |0..10|11 []) + 244·(x_2 ∈ |0..10|11 []) + 186·(x_3 ∈ |0..10|11 []) + 206·(x_4 ∈ |0..10|11 []) + 63·(x_5 ∈ |0..10|11 []) + 91·(x_6 ∈ |0..10|11 []) + 63·(x_7 ∈ |0..10|11 []) + 54·(x_8 ∈ |0..10|11 []) + 18·(x_9 ∈ |0..10|11 []) + 93·(x_10 ∈ |0..10|11 []) ≤ 4930
	w30:	67·(x_1 ∈ |0..10|11 []) + 168·(x_2 ∈ |0..10|11 []) + 138·(x_3 ∈ |0..10|11 []) + 85·(x_4 ∈ |0..10|11 []) + 47·(x_5 ∈ |0..10|11 []) + 121·(x_6 ∈ |0..10|11 []) + 185·(x_7 ∈ |0..10|11 []) + 192·(x_8 ∈ |0..10|11 []) + 103·(x_9 ∈ |0..10|11 []) + 232·(x_10 ∈ |0..10|11 []) ≤ 5450
	w31:	60·(x_1 ∈ |0..10|11 []) + 7·(x_2 ∈ |0..10|11 []) + 100·(x_3 ∈ |0..10|11 []) + 249·(x_4 ∈ |0..10|11 []) + 192·(x_5 ∈ |0..10|11 []) + 32·(x_6 ∈ |0..10|11 []) + 10·(x_7 ∈ |0..10|11 []) + 45·(x_8 ∈ |0..10|11 []) + 140·(x_9 ∈ |0..10|11 []) + 197·(x_10 ∈ |0..10|11 []) ≤ 4210
	w32:	19·(x_1 ∈ |0..10|11 []) + 205·(x_2 ∈ |0..10|11 []) + 173·(x_3 ∈ |0..10|11 []) + 227·(x_4 ∈ |0..10|11 []) + 4·(x_5 ∈ |0..10|11 []) + 30·(x_6 ∈ |0..10|11 []) + 237·(x_7 ∈ |0..10|11 []) + 180·(x_8 ∈ |0..10|11 []) + 107·(x_9 ∈ |0..10|11 []) + 151·(x_10 ∈ |0..10|11 []) ≤ 5430
	w33:	94·(x_1 ∈ |0..10|11 []) + 238·(x_2 ∈ |0..10|11 []) + 118·(x_3 ∈ |0..10|11 []) + 18·(x_4 ∈ |0..10|11 []) + 218·(x_5 ∈ |0..10|11 []) + 43·(x_6 ∈ |0..10|11 []) + 248·(x_7 ∈ |0..10|11 []) + 52·(x_8 ∈ |0..10|11 []) + 85·(x_9 ∈ |0..10|11 []) + 31·(x_10 ∈ |0..10|11 []) ≤ 4670
	w34:	239·(x_1 ∈ |0..10|11 []) + 68·(x_2 ∈ |0..10|11 []) + 246·(x_3 ∈ |0..10|11 []) + 102·(x_4 ∈ |0..10|11 []) + 55·(x_5 ∈ |0..10|11 []) + 124·(x_6 ∈ |0..10|11 []) + 243·(x_7 ∈ |0..10|11 []) + 193·(x_8 ∈ |0..10|11 []) + 221·(x_9 ∈ |0..10|11 []) + 204·(x_10 ∈ |0..10|11 []) ≤ 6910
	w35:	117·(x_1 ∈ |0..10|11 []) + 17·(x_2 ∈ |0..10|11 []) + 12·(x_3 ∈ |0..10|11 []) + 4·(x_4 ∈ |0..10|11 []) + 113·(x_5 ∈ |0..10|11 []) + 206·(x_6 ∈ |0..10|11 []) + 146·(x_7 ∈ |0..10|11 []) + 224·(x_8 ∈ |0..10|11 []) + 14·(x_9 ∈ |0..10|11 []) + 213·(x_10 ∈ |0..10|11 []) ≤ 4340
	w36:	72·(x_1 ∈ |0..10|11 []) + 213·(x_2 ∈ |0..10|11 []) + 7·(x_3 ∈ |0..10|11 []) + 165·(x_4 ∈ |0..10|11 []) + 235·(x_5 ∈ |0..10|11 []) + 11·(x_6 ∈ |0..10|11 []) + 230·(x_7 ∈ |0..10|11 []) + 92·(x_8 ∈ |0..10|11 []) + 28·(x_9 ∈ |0..10|11 []) + 22·(x_10 ∈ |0..10|11 []) ≤ 4380
	w37:	39·(x_1 ∈ |0..10|11 []) + 156·(x_2 ∈ |0..10|11 []) + 8·(x_3 ∈ |0..10|11 []) + 74·(x_4 ∈ |0..10|11 []) + 170·(x_5 ∈ |0..10|11 []) + 127·(x_6 ∈ |0..10|11 []) + 193·(x_7 ∈ |0..10|11 []) + 87·(x_8 ∈ |0..10|11 []) + 97·(x_9 ∈ |0..10|11 []) + 34·(x_10 ∈ |0..10|11 []) ≤ 4010
	w38:	240·(x_1 ∈ |0..10|11 []) + 50·(x_2 ∈ |0..10|11 []) + 80·(x_3 ∈ |0..10|11 []) + 73·(x_4 ∈ |0..10|11 []) + 2·(x_5 ∈ |0..10|11 []) + 120·(x_6 ∈ |0..10|11 []) + 173·(x_7 ∈ |0..10|11 []) + 190·(x_8 ∈ |0..10|11 []) + 229·(x_9 ∈ |0..10|11 []) + 156·(x_10 ∈ |0..10|11 []) ≤ 5350
	w39:	81·(x_1 ∈ |0..10|11 []) + 28·(x_2 ∈ |0..10|11 []) + 154·(x_3 ∈ |0..10|11 []) + 77·(x_4 ∈ |0..10|11 []) + 33·(x_5 ∈ |0..10|11 []) + 181·(x_6 ∈ |0..10|11 []) + 123·(x_7 ∈ |0..10|11 []) + 164·(x_8 ∈ |0..10|11 []) + 10·(x_9 ∈ |0..10|11 []) + 136·(x_10 ∈ |0..10|11 []) ≤ 4020
	w40:	47·(x_1 ∈ |0..10|11 []) + (x_2 ∈ |0..10|11 []) + 193·(x_3 ∈ |0..10|11 []) + 136·(x_4 ∈ |0..10|11 []) + 203·(x_5 ∈ |0..10|11 []) + 220·(x_6 ∈ |0..10|11 []) + 48·(x_7 ∈ |0..10|11 []) + 34·(x_8 ∈ |0..10|11 []) + 157·(x_9 ∈ |0..10|11 []) + 187·(x_10 ∈ |0..10|11 []) ≤ 5000
	w41:	206·(x_1 ∈ |0..10|11 []) + 2·(x_2 ∈ |0..10|11 []) + 128·(x_3 ∈ |0..10|11 []) + 198·(x_4 ∈ |0..10|11 []) + 51·(x_5 ∈ |0..10|11 []) + 57·(x_6 ∈ |0..10|11 []) + 162·(x_7 ∈ |0..10|11 []) + 210·(x_8 ∈ |0..10|11 []) + 147·(x_9 ∈ |0..10|11 []) + 45·(x_10 ∈ |0..10|11 []) ≤ 4920
	w42:	50·(x_1 ∈ |0..10|11 []) + 243·(x_2 ∈ |0..10|11 []) + 65·(x_3 ∈ |0..10|11 []) + 76·(x_4 ∈ |0..10|11 []) + 190·(x_5 ∈ |0..10|11 []) + 39·(x_6 ∈ |0..10|11 []) + 63·(x_7 ∈ |0..10|11 []) + 112·(x_8 ∈ |0..10|11 []) + 125·(x_9 ∈ |0..10|11 []) + 232·(x_10 ∈ |0..10|11 []) ≤ 4870
	w43:	36·(x_1 ∈ |0..10|11 []) + 23·(x_2 ∈ |0..10|11 []) + 227·(x_3 ∈ |0..10|11 []) + 139·(x_4 ∈ |0..10|11 []) + 36·(x_5 ∈ |0..10|11 []) + 246·(x_6 ∈ |0..10|11 []) + 211·(x_7 ∈ |0..10|11 []) + 107·(x_8 ∈ |0..10|11 []) + 63·(x_9 ∈ |0..10|11 []) + 57·(x_10 ∈ |0..10|11 []) ≤ 4670
	w44:	181·(x_1 ∈ |0..10|11 []) + 122·(x_2 ∈ |0..10|11 []) + 65·(x_3 ∈ |0..10|11 []) + 82·(x_4 ∈ |0..10|11 []) + 197·(x_5 ∈ |0..10|11 []) + 87·(x_6 ∈ |0..10|11 []) + 28·(x_7 ∈ |0..10|11 []) + 23·(x_8 ∈ |0..10|11 []) + 154·(x_9 ∈ |0..10|11 []) + 75·(x_10 ∈ |0..10|11 []) ≤ 4130
	w45:	49·(x_1 ∈ |0..10|11 []) + 69·(x_2 ∈ |0..10|11 []) + 90·(x_3 ∈ |0..10|11 []) + 46·(x_4 ∈ |0..10|11 []) + 204·(x_5 ∈ |0..10|11 []) + 17·(x_6 ∈ |0..10|11 []) + 187·(x_7 ∈ |0..10|11 []) + 126·(x_8 ∈ |0..10|11 []) + 4·(x_9 ∈ |0..10|11 []) + 100·(x_10 ∈ |0..10|11 []) ≤ 3630
	w46:	80·(x_1 ∈ |0..10|11 []) + 247·(x_2 ∈ |0..10|11 []) + 26·(x_3 ∈ |0..10|11 []) + 2·(x_4 ∈ |0..10|11 []) + 58·(x_5 ∈ |0..10|11 []) + 64·(x_6 ∈ |0..10|11 []) + 68·(x_7 ∈ |0..10|11 []) + 12·(x_8 ∈ |0..10|11 []) + 243·(x_9 ∈ |0..10|11 []) + 211·(x_10 ∈ |0..10|11 []) ≤ 4120
	w47:	239·(x_1 ∈ |0..10|11 []) + 111·(x_2 ∈ |0..10|11 []) + 12·(x_3 ∈ |0..10|11 []) + 34·(x_4 ∈ |0..10|11 []) + 113·(x_5 ∈ |0..10|11 []) + 107·(x_6 ∈ |0..10|11 []) + 187·(x_7 ∈ |0..10|11 []) + 232·(x_8 ∈ |0..10|11 []) + 131·(x_9 ∈ |0..10|11 []) + 16·(x_10 ∈ |0..10|11 []) ≤ 4820
	w48:	61·(x_1 ∈ |0..10|11 []) + 48·(x_2 ∈ |0..10|11 []) + 162·(x_3 ∈ |0..10|11 []) + 36·(x_4 ∈ |0..10|11 []) + 245·(x_5 ∈ |0..10|11 []) + 65·(x_6 ∈ |0..10|11 []) + 42·(x_7 ∈ |0..10|11 []) + 15·(x_8 ∈ |0..10|11 []) + 192·(x_9 ∈ |0..10|11 []) + 169·(x_10 ∈ |0..10|11 []) ≤ 4220
	w49:	169·(x_1 ∈ |0..10|11 []) + 245·(x_2 ∈ |0..10|11 []) + 59·(x_3 ∈ |0..10|11 []) + 23·(x_4 ∈ |0..10|11 []) + 52·(x_5 ∈ |0..10|11 []) + 13·(x_6 ∈ |0..10|11 []) + 126·(x_7 ∈ |0..10|11 []) + 92·(x_8 ∈ |0..10|11 []) + 58·(x_9 ∈ |0..10|11 []) + 102·(x_10 ∈ |0..10|11 []) ≤ 3830
	w50:	49·(x_1 ∈ |0..10|11 []) + 125·(x_2 ∈ |0..10|11 []) + 154·(x_3 ∈ |0..10|11 []) + 117·(x_4 ∈ |0..10|11 []) + 95·(x_5 ∈ |0..10|11 []) + 176·(x_6 ∈ |0..10|11 []) + 57·(x_7 ∈ |0..10|11 []) + 190·(x_8 ∈ |0..10|11 []) + 232·(x_9 ∈ |0..10|11 []) + 45·(x_10 ∈ |0..10|11 []) ≤ 5050
	w51:	231·(x_1 ∈ |0..10|11 []) + 154·(x_2 ∈ |0..10|11 []) + 104·(x_3 ∈ |0..10|11 []) + 186·(x_4 ∈ |0..10|11 []) + 145·(x_5 ∈ |0..10|11 []) + 91·(x_6 ∈ |0..10|11 []) + 92·(x_7 ∈ |0..10|11 []) + 26·(x_8 ∈ |0..10|11 []) + 7·(x_9 ∈ |0..10|11 []) + 71·(x_10 ∈ |0..10|11 []) ≤ 4510
	w52:	23·(x_1 ∈ |0..10|11 []) + 116·(x_2 ∈ |0..10|11 []) + 152·(x_3 ∈ |0..10|11 []) + 41·(x_4 ∈ |0..10|11 []) + 240·(x_5 ∈ |0..10|11 []) + 103·(x_6 ∈ |0..10|11 []) + 169·(x_7 ∈ |0..10|11 []) + 10·(x_8 ∈ |0..10|11 []) + 145·(x_9 ∈ |0..10|11 []) + 56·(x_10 ∈ |0..10|11 []) ≤ 4300
	w53:	63·(x_1 ∈ |0..10|11 []) + 186·(x_2 ∈ |0..10|11 []) + 247·(x_3 ∈ |0..10|11 []) + 174·(x_4 ∈ |0..10|11 []) + 38·(x_5 ∈ |0..10|11 []) + 224·(x_6 ∈ |0..10|11 []) + 24·(x_7 ∈ |0..10|11 []) + 218·(x_8 ∈ |0..10|11 []) + 238·(x_9 ∈ |0..10|11 []) + 108·(x_10 ∈ |0..10|11 []) ≤ 6200
	w54:	54·(x_1 ∈ |0..10|11 []) + 210·(x_2 ∈ |0..10|11 []) + 216·(x_3 ∈ |0..10|11 []) + 222·(x_4 ∈ |0..10|11 []) + 201·(x_5 ∈ |0..10|11 []) + 213·(x_6 ∈ |0..10|11 []) + 39·(x_7 ∈ |0..10|11 []) + 88·(x_8 ∈ |0..10|11 []) + 53·(x_9 ∈ |0..10|11 []) + 195·(x_10 ∈ |0..10|11 []) ≤ 6080
	w55:	57·(x_1 ∈ |0..10|11 []) + 61·(x_2 ∈ |0..10|11 []) + 134·(x_3 ∈ |0..10|11 []) + 184·(x_4 ∈ |0..10|11 []) + 5·(x_5 ∈ |0..10|11 []) + 178·(x_6 ∈ |0..10|11 []) + 85·(x_7 ∈ |0..10|11 []) + 157·(x_8 ∈ |0..10|11 []) + 2·(x_9 ∈ |0..10|11 []) + 28·(x_10 ∈ |0..10|11 []) ≤ 3630
	w56:	213·(x_1 ∈ |0..10|11 []) + 77·(x_2 ∈ |0..10|11 []) + 43·(x_3 ∈ |0..10|11 []) + 60·(x_4 ∈ |0..10|11 []) + 193·(x_5 ∈ |0..10|11 []) + 45·(x_6 ∈ |0..10|11 []) + 92·(x_7 ∈ |0..10|11 []) + 60·(x_8 ∈ |0..10|11 []) + 213·(x_9 ∈ |0..10|11 []) + 113·(x_10 ∈ |0..10|11 []) ≤ 4520
	w57:	155·(x_1 ∈ |0..10|11 []) + 223·(x_2 ∈ |0..10|11 []) + 185·(x_3 ∈ |0..10|11 []) + 169·(x_4 ∈ |0..10|11 []) + 175·(x_5 ∈ |0..10|11 []) + 188·(x_6 ∈ |0..10|11 []) + 242·(x_7 ∈ |0..10|11 []) + 207·(x_8 ∈ |0..10|11 []) + 113·(x_9 ∈ |0..10|11 []) + 15·(x_10 ∈ |0..10|11 []) ≤ 6820
	w58:	172·(x_1 ∈ |0..10|11 []) + 177·(x_2 ∈ |0..10|11 []) + 23·(x_3 ∈ |0..10|11 []) + 203·(x_4 ∈ |0..10|11 []) + 237·(x_5 ∈ |0..10|11 []) + 182·(x_6 ∈ |0..10|11 []) + 41·(x_7 ∈ |0..10|11 []) + 219·(x_8 ∈ |0..10|11 []) + 225·(x_9 ∈ |0..10|11 []) + 74·(x_10 ∈ |0..10|11 []) ≤ 6330
	w59:	187·(x_1 ∈ |0..10|11 []) + 158·(x_2 ∈ |0..10|11 []) + 226·(x_3 ∈ |0..10|11 []) + 7·(x_4 ∈ |0..10|11 []) + 243·(x_5 ∈ |0..10|11 []) + 231·(x_6 ∈ |0..10|11 []) + 236·(x_7 ∈ |0..10|11 []) + 131·(x_8 ∈ |0..10|11 []) + 17·(x_9 ∈ |0..10|11 []) + 154·(x_10 ∈ |0..10|11 []) ≤ 6480
	w60:	20·(x_1 ∈ |0..10|11 []) + 46·(x_2 ∈ |0..10|11 []) + 65·(x_3 ∈ |0..10|11 []) + 184·(x_4 ∈ |0..10|11 []) + 214·(x_5 ∈ |0..10|11 []) + 77·(x_6 ∈ |0..10|11 []) + 188·(x_7 ∈ |0..10|11 []) + 30·(x_8 ∈ |0..10|11 []) + 166·(x_9 ∈ |0..10|11 []) + 54·(x_10 ∈ |0..10|11 []) ≤ 4250
	w61:	179·(x_1 ∈ |0..10|11 []) + 62·(x_2 ∈ |0..10|11 []) + 30·(x_3 ∈ |0..10|11 []) + 124·(x_4 ∈ |0..10|11 []) + 187·(x_5 ∈ |0..10|11 []) + 95·(x_6 ∈ |0..10|11 []) + 5·(x_7 ∈ |0..10|11 []) + 192·(x_8 ∈ |0..10|11 []) + 82·(x_9 ∈ |0..10|11 []) + 2·(x_10 ∈ |0..10|11 []) ≤ 3900
	w62:	93·(x_1 ∈ |0..10|11 []) + 205·(x_2 ∈ |0..10|11 []) + 49·(x_3 ∈ |0..10|11 []) + 20·(x_4 ∈ |0..10|11 []) + 151·(x_5 ∈ |0..10|11 []) + 248·(x_6 ∈ |0..10|11 []) + 6·(x_7 ∈ |0..10|11 []) + 96·(x_8 ∈ |0..10|11 []) + 25·(x_9 ∈ |0..10|11 []) + 144·(x_10 ∈ |0..10|11 []) ≤ 4230
	w63:	108·(x_1 ∈ |0..10|11 []) + 119·(x_2 ∈ |0..10|11 []) + 248·(x_3 ∈ |0..10|11 []) + 189·(x_4 ∈ |0..10|11 []) + 125·(x_5 ∈ |0..10|11 []) + 69·(x_6 ∈ |0..10|11 []) + 239·(x_7 ∈ |0..10|11 []) + 243·(x_8 ∈ |0..10|11 []) + 95·(x_9 ∈ |0..10|11 []) + 225·(x_10 ∈ |0..10|11 []) ≤ 6770
	w64:	27·(x_1 ∈ |0..10|11 []) + 75·(x_2 ∈ |0..10|11 []) + 125·(x_3 ∈ |0..10|11 []) + 76·(x_4 ∈ |0..10|11 []) + 168·(x_5 ∈ |0..10|11 []) + 18·(x_6 ∈ |0..10|11 []) + 67·(x_7 ∈ |0..10|11 []) + 185·(x_8 ∈ |0..10|11 []) + 186·(x_9 ∈ |0..10|11 []) + 238·(x_10 ∈ |0..10|11 []) ≤ 4750
	w65:	5·(x_1 ∈ |0..10|11 []) + 231·(x_2 ∈ |0..10|11 []) + 135·(x_3 ∈ |0..10|11 []) + 115·(x_4 ∈ |0..10|11 []) + 198·(x_5 ∈ |0..10|11 []) + 87·(x_6 ∈ |0..10|11 []) + 57·(x_7 ∈ |0..10|11 []) + 22·(x_8 ∈ |0..10|11 []) + 116·(x_9 ∈ |0..10|11 []) + 217·(x_10 ∈ |0..10|11 []) ≤ 4820
	w66:	35·(x_1 ∈ |0..10|11 []) + 165·(x_2 ∈ |0..10|11 []) + 99·(x_3 ∈ |0..10|11 []) + 129·(x_4 ∈ |0..10|11 []) + 164·(x_5 ∈ |0..10|11 []) + 155·(x_6 ∈ |0..10|11 []) + 19·(x_7 ∈ |0..10|11 []) + 162·(x_8 ∈ |0..10|11 []) + 154·(x_9 ∈ |0..10|11 []) + 138·(x_10 ∈ |0..10|11 []) ≤ 4970
	w67:	198·(x_1 ∈ |0..10|11 []) + 152·(x_2 ∈ |0..10|11 []) + 2·(x_3 ∈ |0..10|11 []) + 60·(x_4 ∈ |0..10|11 []) + 39·(x_5 ∈ |0..10|11 []) + 154·(x_6 ∈ |0..10|11 []) + 236·(x_7 ∈ |0..10|11 []) + 83·(x_8 ∈ |0..10|11 []) + 154·(x_9 ∈ |0..10|11 []) + 220·(x_10 ∈ |0..10|11 []) ≤ 5290
	w68:	194·(x_1 ∈ |0..10|11 []) + 84·(x_2 ∈ |0..10|11 []) + 129·(x_3 ∈ |0..10|11 []) + 227·(x_4 ∈ |0..10|11 []) + 135·(x_5 ∈ |0..10|11 []) + 41·(x_6 ∈ |0..10|11 []) + 220·(x_7 ∈ |0..10|11 []) + 37·(x_8 ∈ |0..10|11 []) + 85·(x_9 ∈ |0..10|11 []) + 87·(x_10 ∈ |0..10|11 []) ≤ 5050
	w69:	200·(x_1 ∈ |0..10|11 []) + 6·(x_2 ∈ |0..10|11 []) + 151·(x_3 ∈ |0..10|11 []) + 125·(x_4 ∈ |0..10|11 []) + 42·(x_5 ∈ |0..10|11 []) + 244·(x_6 ∈ |0..10|11 []) + 189·(x_7 ∈ |0..10|11 []) + 184·(x_8 ∈ |0..10|11 []) + 233·(x_9 ∈ |0..10|11 []) + 47·(x_10 ∈ |0..10|11 []) ≤ 5790
	w70:	215·(x_1 ∈ |0..10|11 []) + 167·(x_2 ∈ |0..10|11 []) + 10·(x_3 ∈ |0..10|11 []) + 111·(x_4 ∈ |0..10|11 []) + 192·(x_5 ∈ |0..10|11 []) + 201·(x_6 ∈ |0..10|11 []) + 43·(x_7 ∈ |0..10|11 []) + 96·(x_8 ∈ |0..10|11 []) + 147·(x_9 ∈ |0..10|11 []) + 220·(x_10 ∈ |0..10|11 []) ≤ 5720
	w71:	119·(x_1 ∈ |0..10|11 []) + 147·(x_2 ∈ |0..10|11 []) + 92·(x_3 ∈ |0..10|11 []) + 28·(x_4 ∈ |0..10|11 []) + 2·(x_5 ∈ |0..10|11 []) + 228·(x_6 ∈ |0..10|11 []) + 99·(x_7 ∈ |0..10|11 []) + 201·(x_8 ∈ |0..10|11 []) + 147·(x_9 ∈ |0..10|11 []) + 52·(x_10 ∈ |0..10|11 []) ≤ 4540
	w72:	142·(x_1 ∈ |0..10|11 []) + 44·(x_2 ∈ |0..10|11 []) + 136·(x_3 ∈ |0..10|11 []) + 243·(x_4 ∈ |0..10|11 []) + 31·(x_5 ∈ |0..10|11 []) + 115·(x_6 ∈ |0..10|11 []) + 200·(x_7 ∈ |0..10|11 []) + 244·(x_8 ∈ |0..10|11 []) + 186·(x_9 ∈ |0..10|11 []) + 113·(x_10 ∈ |0..10|11 []) ≤ 5930
	w73:	193·(x_1 ∈ |0..10|11 []) + 91·(x_2 ∈ |0..10|11 []) + 92·(x_3 ∈ |0..10|11 []) + 99·(x_4 ∈ |0..10|11 []) + 167·(x_5 ∈ |0..10|11 []) + 40·(x_6 ∈ |0..10|11 []) + 48·(x_7 ∈ |0..10|11 []) + 94·(x_8 ∈ |0..10|11 []) + 182·(x_9 ∈ |0..10|11 []) + 46·(x_10 ∈ |0..10|11 []) ≤ 4290
	w74:	232·(x_1 ∈ |0..10|11 []) + 165·(x_2 ∈ |0..10|11 []) + 105·(x_3 ∈ |0..10|11 []) + 223·(x_4 ∈ |0..10|11 []) + 180·(x_5 ∈ |0..10|11 []) + 120·(x_6 ∈ |0..10|11 []) + 215·(x_7 ∈ |0..10|11 []) + 38·(x_8 ∈ |0..10|11 []) + 236·(x_9 ∈ |0..10|11 []) + 243·(x_10 ∈ |0..10|11 []) ≤ 7160
	w75:	169·(x_1 ∈ |0..10|11 []) + 13·(x_2 ∈ |0..10|11 []) + 249·(x_3 ∈ |0..10|11 []) + 21·(x_4 ∈ |0..10|11 []) + 185·(x_5 ∈ |0..10|11 []) + 80·(x_6 ∈ |0..10|11 []) + 97·(x_7 ∈ |0..10|11 []) + 91·(x_8 ∈ |0..10|11 []) + 36·(x_9 ∈ |0..10|11 []) + 113·(x_10 ∈ |0..10|11 []) ≤ 4300
	w76:	191·(x_1 ∈ |0..10|11 []) + 131·(x_2 ∈ |0..10|11 []) + 124·(x_3 ∈ |0..10|11 []) + 125·(x_4 ∈ |0..10|11 []) + 27·(x_5 ∈ |0..10|11 []) + 150·(x_6 ∈ |0..10|11 []) + 201·(x_7 ∈ |0..10|11 []) + 29·(x_8 ∈ |0..10|11 []) + 223·(x_9 ∈ |0..10|11 []) + 113·(x_10 ∈ |0..10|11 []) ≤ 5360
	w77:	74·(x_1 ∈ |0..10|11 []) + 222·(x_2 ∈ |0..10|11 []) + 151·(x_3 ∈ |0..10|11 []) + 245·(x_4 ∈ |0..10|11 []) + 70·(x_5 ∈ |0..10|11 []) + 197·(x_6 ∈ |0..10|11 []) + 79·(x_7 ∈ |0..10|11 []) + 137·(x_8 ∈ |0..10|11 []) + 159·(x_9 ∈ |0..10|11 []) + 246·(x_10 ∈ |0..10|11 []) ≤ 6440
	w78:	49·(x_1 ∈ |0..10|11 []) + 100·(x_2 ∈ |0..10|11 []) + 90·(x_3 ∈ |0..10|11 []) + 65·(x_4 ∈ |0..10|11 []) + 70·(x_5 ∈ |0..10|11 []) + 182·(x_6 ∈ |0..10|11 []) + 183·(x_7 ∈ |0..10|11 []) + 220·(x_8 ∈ |0..10|11 []) + 68·(x_9 ∈ |0..10|11 []) + 97·(x_10 ∈ |0..10|11 []) ≤ 4580
	w79:	74·(x_1 ∈ |0..10|11 []) + 73·(x_2 ∈ |0..10|11 []) + 69·(x_3 ∈ |0..10|11 []) + 183·(x_4 ∈ |0..10|11 []) + 53·(x_5 ∈ |0..10|11 []) + 47·(x_6 ∈ |0..10|11 []) + 227·(x_7 ∈ |0..10|11 []) + 77·(x_8 ∈ |0..10|11 []) + 243·(x_9 ∈ |0..10|11 []) + 210·(x_10 ∈ |0..10|11 []) ≤ 5120
	w80:	239·(x_1 ∈ |0..10|11 []) + 160·(x_2 ∈ |0..10|11 []) + 128·(x_3 ∈ |0..10|11 []) + 124·(x_4 ∈ |0..10|11 []) + 56·(x_5 ∈ |0..10|11 []) + 208·(x_6 ∈ |0..10|11 []) + 45·(x_7 ∈ |0..10|11 []) + 175·(x_8 ∈ |0..10|11 []) + 185·(x_9 ∈ |0..10|11 []) + 49·(x_10 ∈ |0..10|11 []) ≤ 5580
	w81:	15·(x_1 ∈ |0..10|11 []) + 112·(x_2 ∈ |0..10|11 []) + 232·(x_3 ∈ |0..10|11 []) + 111·(x_4 ∈ |0..10|11 []) + 182·(x_5 ∈ |0..10|11 []) + 110·(x_6 ∈ |0..10|11 []) + 49·(x_7 ∈ |0..10|11 []) + 219·(x_8 ∈ |0..10|11 []) + 48·(x_9 ∈ |0..10|11 []) + 51·(x_10 ∈ |0..10|11 []) ≤ 4600
	w82:	59·(x_1 ∈ |0..10|11 []) + 43·(x_2 ∈ |0..10|11 []) + 147·(x_3 ∈ |0..10|11 []) + 35·(x_4 ∈ |0..10|11 []) + (x_5 ∈ |0..10|11 []) + 63·(x_6 ∈ |0..10|11 []) + 216·(x_7 ∈ |0..10|11 []) + 164·(x_8 ∈ |0..10|11 []) + 126·(x_9 ∈ |0..10|11 []) + 7·(x_10 ∈ |0..10|11 []) ≤ 3510
	w83:	180·(x_1 ∈ |0..10|11 []) + 163·(x_2 ∈ |0..10|11 []) + 131·(x_3 ∈ |0..10|11 []) + 193·(x_4 ∈ |0..10|11 []) + 196·(x_5 ∈ |0..10|11 []) + 119·(x_6 ∈ |0..10|11 []) + 22·(x_7 ∈ |0..10|11 []) + 110·(x_8 ∈ |0..10|11 []) + 164·(x_9 ∈ |0..10|11 []) + 230·(x_10 ∈ |0..10|11 []) ≤ 6150
	w84:	61·(x_1 ∈ |0..10|11 []) + 125·(x_2 ∈ |0..10|11 []) + 145·(x_3 ∈ |0..10|11 []) + 134·(x_4 ∈ |0..10|11 []) + 4·(x_5 ∈ |0..10|11 []) + 12·(x_6 ∈ |0..10|11 []) + 215·(x_7 ∈ |0..10|11 []) + 206·(x_8 ∈ |0..10|11 []) + 218·(x_9 ∈ |0..10|11 []) + 197·(x_10 ∈ |0..10|11 []) ≤ 5370
	w85:	240·(x_1 ∈ |0..10|11 []) + 9·(x_2 ∈ |0..10|11 []) + 68·(x_3 ∈ |0..10|11 []) + 233·(x_4 ∈ |0..10|11 []) + 191·(x_5 ∈ |0..10|11 []) + 152·(x_6 ∈ |0..10|11 []) + 235·(x_7 ∈ |0..10|11 []) + 58·(x_8 ∈ |0..10|11 []) + 132·(x_9 ∈ |0..10|11 []) + 123·(x_10 ∈ |0..10|11 []) ≤ 5870
	w86:	214·(x_1 ∈ |0..10|11 []) + 33·(x_2 ∈ |0..10|11 []) + 78·(x_3 ∈ |0..10|11 []) + 183·(x_4 ∈ |0..10|11 []) + 143·(x_5 ∈ |0..10|11 []) + 26·(x_6 ∈ |0..10|11 []) + 199·(x_7 ∈ |0..10|11 []) + 21·(x_8 ∈ |0..10|11 []) + 216·(x_9 ∈ |0..10|11 []) + 150·(x_10 ∈ |0..10|11 []) ≤ 5150
	w87:	98·(x_1 ∈ |0..10|11 []) + 15·(x_2 ∈ |0..10|11 []) + 146·(x_3 ∈ |0..10|11 []) + 226·(x_4 ∈ |0..10|11 []) + 208·(x_5 ∈ |0..10|11 []) + 249·(x_6 ∈ |0..10|11 []) + 45·(x_7 ∈ |0..10|11 []) + 153·(x_8 ∈ |0..10|11 []) + 32·(x_9 ∈ |0..10|11 []) + 246·(x_10 ∈ |0..10|11 []) ≤ 5780
	w88:	23·(x_1 ∈ |0..10|11 []) + 242·(x_2 ∈ |0..10|11 []) + 204·(x_3 ∈ |0..10|11 []) + 112·(x_4 ∈ |0..10|11 []) + 197·(x_5 ∈ |0..10|11 []) + 159·(x_6 ∈ |0..10|11 []) + 139·(x_7 ∈ |0..10|11 []) + 6·(x_8 ∈ |0..10|11 []) + 122·(x_9 ∈ |0..10|11 []) + 77·(x_10 ∈ |0..10|11 []) ≤ 5220
	w89:	239·(x_1 ∈ |0..10|11 []) + 100·(x_2 ∈ |0..10|11 []) + 76·(x_3 ∈ |0..10|11 []) + 140·(x_4 ∈ |0..10|11 []) + 201·(x_5 ∈ |0..10|11 []) + 144·(x_6 ∈ |0..10|11 []) + 24·(x_7 ∈ |0..10|11 []) + 245·(x_8 ∈ |0..10|11 []) + 30·(x_9 ∈ |0..10|11 []) + 231·(x_10 ∈ |0..10|11 []) ≤ 5830
	w90:	134·(x_1 ∈ |0..10|11 []) + 7·(x_2 ∈ |0..10|11 []) + 222·(x_3 ∈ |0..10|11 []) + 20·(x_4 ∈ |0..10|11 []) + 131·(x_5 ∈ |0..10|11 []) + 223·(x_6 ∈ |0..10|11 []) + 204·(x_7 ∈ |0..10|11 []) + 103·(x_8 ∈ |0..10|11 []) + 108·(x_9 ∈ |0..10|11 []) + 139·(x_10 ∈ |0..10|11 []) ≤ 5260
	w91:	95·(x_1 ∈ |0..10|11 []) + 25·(x_2 ∈ |0..10|11 []) + 239·(x_3 ∈ |0..10|11 []) + 120·(x_4 ∈ |0..10|11 []) + 121·(x_5 ∈ |0..10|11 []) + 213·(x_6 ∈ |0..10|11 []) + (x_7 ∈ |0..10|11 []) + 199·(x_8 ∈ |0..10|11 []) + 175·(x_9 ∈ |0..10|11 []) + 238·(x_10 ∈ |0..10|11 []) ≤ 5810
	w92:	99·(x_1 ∈ |0..10|11 []) + 151·(x_2 ∈ |0..10|11 []) + 57·(x_3 ∈ |0..10|11 []) + 89·(x_4 ∈ |0..10|11 []) + 220·(x_5 ∈ |0..10|11 []) + 61·(x_6 ∈ |0..10|11 []) + 234·(x_7 ∈ |0..10|11 []) + 206·(x_8 ∈ |0..10|11 []) + 186·(x_9 ∈ |0..10|11 []) + 91·(x_10 ∈ |0..10|11 []) ≤ 5680
	w93:	101·(x_1 ∈ |0..10|11 []) + 229·(x_2 ∈ |0..10|11 []) + 239·(x_3 ∈ |0..10|11 []) + 173·(x_4 ∈ |0..10|11 []) + 54·(x_5 ∈ |0..10|11 []) + 227·(x_6 ∈ |0..10|11 []) + 164·(x_7 ∈ |0..10|11 []) + 245·(x_8 ∈ |0..10|11 []) + 229·(x_9 ∈ |0..10|11 []) + 150·(x_10 ∈ |0..10|11 []) ≤ 7380
	w94:	199·(x_1 ∈ |0..10|11 []) + 239·(x_2 ∈ |0..10|11 []) + 144·(x_3 ∈ |0..10|11 []) + 77·(x_4 ∈ |0..10|11 []) + 120·(x_5 ∈ |0..10|11 []) + 9·(x_6 ∈ |0..10|11 []) + 196·(x_7 ∈ |0..10|11 []) + 31·(x_8 ∈ |0..10|11 []) + 14·(x_9 ∈ |0..10|11 []) + 141·(x_10 ∈ |0..10|11 []) ≤ 4770
	w95:	19·(x_1 ∈ |0..10|11 []) + 36·(x_2 ∈ |0..10|11 []) + 211·(x_3 ∈ |0..10|11 []) + 24·(x_4 ∈ |0..10|11 []) + 228·(x_5 ∈ |0..10|11 []) + 244·(x_6 ∈ |0..10|11 []) + 234·(x_7 ∈ |0..10|11 []) + 35·(x_8 ∈ |0..10|11 []) + 83·(x_9 ∈ |0..10|11 []) + 63·(x_10 ∈ |0..10|11 []) ≤ 4800
	w96:	173·(x_1 ∈ |0..10|11 []) + 142·(x_2 ∈ |0..10|11 []) + 83·(x_3 ∈ |0..10|11 []) + 194·(x_4 ∈ |0..10|11 []) + 77·(x_5 ∈ |0..10|11 []) + 191·(x_6 ∈ |0..10|11 []) + 205·(x_7 ∈ |0..10|11 []) + 249·(x_8 ∈ |0..10|11 []) + 85·(x_9 ∈ |0..10|11 []) + 188·(x_10 ∈ |0..10|11 []) ≤ 6470
	w97:	11·(x_1 ∈ |0..10|11 []) + 180·(x_2 ∈ |0..10|11 []) + 17·(x_3 ∈ |0..10|11 []) + 202·(x_4 ∈ |0..10|11 []) + 140·(x_5 ∈ |0..10|11 []) + 190·(x_6 ∈ |0..10|11 []) + 55·(x_7 ∈ |0..10|11 []) + 112·(x_8 ∈ |0..10|11 []) + 4·(x_9 ∈ |0..10|11 []) + 53·(x_10 ∈ |0..10|11 []) ≤ 3930
	w98:	135·(x_1 ∈ |0..10|11 []) + 98·(x_2 ∈ |0..10|11 []) + 16·(x_3 ∈ |0..10|11 []) + 63·(x_4 ∈ |0..10|11 []) + 41·(x_5 ∈ |0..10|11 []) + 19·(x_6 ∈ |0..10|11 []) + 86·(x_7 ∈ |0..10|11 []) + 113·(x_8 ∈ |0..10|11 []) + 69·(x_9 ∈ |0..10|11 []) + 67·(x_10 ∈ |0..10|11 []) ≤ 2880
	w99:	113·(x_1 ∈ |0..10|11 []) + 20·(x_2 ∈ |0..10|11 []) + 62·(x_3 ∈ |0..10|11 []) + 151·(x_4 ∈ |0..10|11 []) + 54·(x_5 ∈ |0..10|11 []) + 51·(x_6 ∈ |0..10|11 []) + 126·(x_7 ∈ |0..10|11 []) + 2·(x_8 ∈ |0..10|11 []) + 71·(x_9 ∈ |0..10|11 []) + 199·(x_10 ∈ |0..10|11 []) ≤ 3460
	w100:	162·(x_1 ∈ |0..10|11 []) + 216·(x_2 ∈ |0..10|11 []) + 108·(x_3 ∈ |0..10|11 []) + 102·(x_4 ∈ |0..10|11 []) + 241·(x_5 ∈ |0..10|11 []) + 229·(x_6 ∈ |0..10|11 []) + 106·(x_7 ∈ |0..10|11 []) + 83·(x_8 ∈ |0..10|11 []) + 7·(x_9 ∈ |0..10|11 []) + 151·(x_10 ∈ |0..10|11 []) ≤ 5730
	w101:	195·(x_1 ∈ |0..10|11 []) + 239·(x_2 ∈ |0..10|11 []) + 78·(x_3 ∈ |0..10|11 []) + 74·(x_4 ∈ |0..10|11 []) + 180·(x_5 ∈ |0..10|11 []) + 89·(x_6 ∈ |0..10|11 []) + 225·(x_7 ∈ |0..10|11 []) + 90·(x_8 ∈ |0..10|11 []) + 170·(x_9 ∈ |0..10|11 []) + 41·(x_10 ∈ |0..10|11 []) ≤ 5630
	w102:	165·(x_1 ∈ |0..10|11 []) + 6·(x_2 ∈ |0..10|11 []) + 170·(x_3 ∈ |0..10|11 []) + 3·(x_4 ∈ |0..10|11 []) + 101·(x_5 ∈ |0..10|11 []) + 181·(x_6 ∈ |0..10|11 []) + 223·(x_7 ∈ |0..10|11 []) + 54·(x_8 ∈ |0..10|11 []) + 83·(x_9 ∈ |0..10|11 []) + 158·(x_10 ∈ |0..10|11 []) ≤ 4660
	w103:	243·(x_1 ∈ |0..10|11 []) + 32·(x_2 ∈ |0..10|11 []) + (x_3 ∈ |0..10|11 []) + 236·(x_4 ∈ |0..10|11 []) + 57·(x_5 ∈ |0..10|11 []) + 30·(x_6 ∈ |0..10|11 []) + 189·(x_7 ∈ |0..10|11 []) + 145·(x_8 ∈ |0..10|11 []) + 67·(x_9 ∈ |0..10|11 []) + 191·(x_10 ∈ |0..10|11 []) ≤ 4850
	w104:	77·(x_1 ∈ |0..10|11 []) + 248·(x_2 ∈ |0..10|11 []) + 226·(x_3 ∈ |0..10|11 []) + 64·(x_4 ∈ |0..10|11 []) + 25·(x_5 ∈ |0..10|11 []) + 183·(x_6 ∈ |0..10|11 []) + 96·(x_7 ∈ |0..10|11 []) + 214·(x_8 ∈ |0..10|11 []) + 143·(x_9 ∈ |0..10|11 []) + 66·(x_10 ∈ |0..10|11 []) ≤ 5470
	w105:	243·(x_1 ∈ |0..10|11 []) + 40·(x_2 ∈ |0..10|11 []) + 51·(x_3 ∈ |0..10|11 []) + 164·(x_4 ∈ |0..10|11 []) + 11·(x_5 ∈ |0..10|11 []) + 189·(x_6 ∈ |0..10|11 []) + 224·(x_7 ∈ |0..10|11 []) + 104·(x_8 ∈ |0..10|11 []) + 128·(x_9 ∈ |0..10|11 []) + 51·(x_10 ∈ |0..10|11 []) ≤ 4910
	w106:	41·(x_1 ∈ |0..10|11 []) + 3·(x_2 ∈ |0..10|11 []) + 152·(x_3 ∈ |0..10|11 []) + 126·(x_4 ∈ |0..10|11 []) + 64·(x_5 ∈ |0..10|11 []) + 185·(x_6 ∈ |0..10|11 []) + 215·(x_7 ∈ |0..10|11 []) + 40·(x_8 ∈ |0..10|11 []) + 33·(x_9 ∈ |0..10|11 []) + 122·(x_10 ∈ |0..10|11 []) ≤ 4000
	w107:	75·(x_1 ∈ |0..10|11 []) + 26·(x_2 ∈ |0..10|11 []) + 99·(x_3 ∈ |0..10|11 []) + 53·(x_4 ∈ |0..10|11 []) + 13·(x_5 ∈ |0..10|11 []) + 230·(x_6 ∈ |0..10|11 []) + 21·(x_7 ∈ |0..10|11 []) + 189·(x_8 ∈ |0..10|11 []) + 79·(x_9 ∈ |0..10|11 []) + 182·(x_10 ∈ |0..10|11 []) ≤ 3940
	w108:	29·(x_1 ∈ |0..10|11 []) + 234·(x_2 ∈ |0..10|11 []) + 19·(x_3 ∈ |0..10|11 []) + 242·(x_4 ∈ |0..10|11 []) + 104·(x_5 ∈ |0..10|11 []) + 165·(x_6 ∈ |0..10|11 []) + 246·(x_7 ∈ |0..10|11 []) + 9·(x_8 ∈ |0..10|11 []) + 206·(x_9 ∈ |0..10|11 []) + 206·(x_10 ∈ |0..10|11 []) ≤ 5950
	w109:	68·(x_1 ∈ |0..10|11 []) + (x_2 ∈ |0..10|11 []) + 17·(x_3 ∈ |0..10|11 []) + 30·(x_4 ∈ |0..10|11 []) + 212·(x_5 ∈ |0..10|11 []) + 230·(x_6 ∈ |0..10|11 []) + 117·(x_7 ∈ |0..10|11 []) + 153·(x_8 ∈ |0..10|11 []) + 168·(x_9 ∈ |0..10|11 []) + 67·(x_10 ∈ |0..10|11 []) ≤ 4330
	w110:	70·(x_1 ∈ |0..10|11 []) + 146·(x_2 ∈ |0..10|11 []) + 194·(x_3 ∈ |0..10|11 []) + 233·(x_4 ∈ |0..10|11 []) + 35·(x_5 ∈ |0..10|11 []) + 209·(x_6 ∈ |0..10|11 []) + 189·(x_7 ∈ |0..10|11 []) + 67·(x_8 ∈ |0..10|11 []) + 163·(x_9 ∈ |0..10|11 []) + 139·(x_10 ∈ |0..10|11 []) ≤ 5890
	w111:	242·(x_1 ∈ |0..10|11 []) + 182·(x_2 ∈ |0..10|11 []) + 184·(x_3 ∈ |0..10|11 []) + 116·(x_4 ∈ |0..10|11 []) + 209·(x_5 ∈ |0..10|11 []) + 234·(x_6 ∈ |0..10|11 []) + 96·(x_7 ∈ |0..10|11 []) + 102·(x_8 ∈ |0..10|11 []) + 10·(x_9 ∈ |0..10|11 []) + 95·(x_10 ∈ |0..10|11 []) ≤ 5990
	w112:	162·(x_1 ∈ |0..10|11 []) + 149·(x_2 ∈ |0..10|11 []) + 168·(x_3 ∈ |0..10|11 []) + 174·(x_4 ∈ |0..10|11 []) + 138·(x_5 ∈ |0..10|11 []) + 222·(x_6 ∈ |0..10|11 []) + 35·(x_7 ∈ |0..10|11 []) + 128·(x_8 ∈ |0..10|11 []) + 87·(x_9 ∈ |0..10|11 []) + 172·(x_10 ∈ |0..10|11 []) ≤ 5850
	w113:	216·(x_1 ∈ |0..10|11 []) + 231·(x_2 ∈ |0..10|11 []) + 54·(x_3 ∈ |0..10|11 []) + 12·(x_4 ∈ |0..10|11 []) + 172·(x_5 ∈ |0..10|11 []) + 113·(x_6 ∈ |0..10|11 []) + 50·(x_7 ∈ |0..10|11 []) + 239·(x_8 ∈ |0..10|11 []) + 56·(x_9 ∈ |0..10|11 []) + 199·(x_10 ∈ |0..10|11 []) ≤ 5470
	w114:	50·(x_1 ∈ |0..10|11 []) + 38·(x_2 ∈ |0..10|11 []) + 26·(x_3 ∈ |0..10|11 []) + 22·(x_4 ∈ |0..10|11 []) + 67·(x_5 ∈ |0..10|11 []) + 136·(x_6 ∈ |0..10|11 []) + 60·(x_7 ∈ |0..10|11 []) + 225·(x_8 ∈ |0..10|11 []) + 183·(x_9 ∈ |0..10|11 []) + 174·(x_10 ∈ |0..10|11 []) ≤ 4000
	w115:	31·(x_1 ∈ |0..10|11 []) + 91·(x_2 ∈ |0..10|11 []) + 130·(x_3 ∈ |0..10|11 []) + 61·(x_4 ∈ |0..10|11 []) + 152·(x_5 ∈ |0..10|11 []) + 44·(x_6 ∈ |0..10|11 []) + 126·(x_7 ∈ |0..10|11 []) + 55·(x_8 ∈ |0..10|11 []) + 101·(x_9 ∈ |0..10|11 []) + 216·(x_10 ∈ |0..10|11 []) ≤ 4100
	w116:	28·(x_1 ∈ |0..10|11 []) + 188·(x_2 ∈ |0..10|11 []) + 27·(x_3 ∈ |0..10|11 []) + 197·(x_4 ∈ |0..10|11 []) + 210·(x_5 ∈ |0..10|11 []) + 146·(x_6 ∈ |0..10|11 []) + 217·(x_7 ∈ |0..10|11 []) + 22·(x_8 ∈ |0..10|11 []) + 22·(x_9 ∈ |0..10|11 []) + 248·(x_10 ∈ |0..10|11 []) ≤ 5320
	w117:	184·(x_1 ∈ |0..10|11 []) + 27·(x_2 ∈ |0..10|11 []) + 2·(x_3 ∈ |0..10|11 []) + 237·(x_4 ∈ |0..10|11 []) + 159·(x_5 ∈ |0..10|11 []) + 193·(x_6 ∈ |0..10|11 []) + 115·(x_7 ∈ |0..10|11 []) + 25·(x_8 ∈ |0..10|11 []) + 198·(x_9 ∈ |0..10|11 []) + 49·(x_10 ∈ |0..10|11 []) ≤ 4850
	w118:	53·(x_1 ∈ |0..10|11 []) + 66·(x_2 ∈ |0..10|11 []) + 87·(x_3 ∈ |0..10|11 []) + 162·(x_4 ∈ |0..10|11 []) + 23·(x_5 ∈ |0..10|11 []) + 66·(x_6 ∈ |0..10|11 []) + 179·(x_7 ∈ |0..10|11 []) + 137·(x_8 ∈ |0..10|11 []) + 226·(x_9 ∈ |0..10|11 []) + 205·(x_10 ∈ |0..10|11 []) ≤ 4910
	w119:	99·(x_1 ∈ |0..10|11 []) + 35·(x_2 ∈ |0..10|11 []) + 31·(x_3 ∈ |0..10|11 []) + 207·(x_4 ∈ |0..10|11 []) + 228·(x_5 ∈ |0..10|11 []) + 115·(x_6 ∈ |0..10|11 []) + 135·(x_7 ∈ |0..10|11 []) + 234·(x_8 ∈ |0..10|11 []) + 231·(x_9 ∈ |0..10|11 []) + 109·(x_10 ∈ |0..10|11 []) ≤ 5800
	w120:	98·(x_1 ∈ |0..10|11 []) + 166·(x_2 ∈ |0..10|11 []) + 13·(x_3 ∈ |0..10|11 []) + 197·(x_4 ∈ |0..10|11 []) + 54·(x_5 ∈ |0..10|11 []) + 47·(x_6 ∈ |0..10|11 []) + 57·(x_7 ∈ |0..10|11 []) + 239·(x_8 ∈ |0..10|11 []) + 186·(x_9 ∈ |0..10|11 []) + 126·(x_10 ∈ |0..10|11 []) ≤ 4820
	w121:	12·(x_1 ∈ |0..10|11 []) + 221·(x_2 ∈ |0..10|11 []) + 73·(x_3 ∈ |0..10|11 []) + 56·(x_4 ∈ |0..10|11 []) + 230·(x_5 ∈ |0..10|11 []) + 141·(x_6 ∈ |0..10|11 []) + 151·(x_7 ∈ |0..10|11 []) + 187·(x_8 ∈ |0..10|11 []) + 159·(x_9 ∈ |0..10|11 []) + 163·(x_10 ∈ |0..10|11 []) ≤ 5680
	w122:	235·(x_1 ∈ |0..10|11 []) + 124·(x_2 ∈ |0..10|11 []) + 152·(x_3 ∈ |0..10|11 []) + 15·(x_4 ∈ |0..10|11 []) + 224·(x_5 ∈ |0..10|11 []) + 60·(x_6 ∈ |0..10|11 []) + 84·(x_7 ∈ |0..10|11 []) + 73·(x_8 ∈ |0..10|11 []) + 78·(x_9 ∈ |0..10|11 []) + 33·(x_10 ∈ |0..10|11 []) ≤ 4390
	w123:	237·(x_1 ∈ |0..10|11 []) + 109·(x_2 ∈ |0..10|11 []) + 114·(x_3 ∈ |0..10|11 []) + 98·(x_4 ∈ |0..10|11 []) + 236·(x_5 ∈ |0..10|11 []) + 233·(x_6 ∈ |0..10|11 []) + 36·(x_7 ∈ |0..10|11 []) + 240·(x_8 ∈ |0..10|11 []) + 107·(x_9 ∈ |0..10|11 []) + 85·(x_10 ∈ |0..10|11 []) ≤ 6090
	w124:	17·(x_1 ∈ |0..10|11 []) + 239·(x_2 ∈ |0..10|11 []) + 195·(x_3 ∈ |0..10|11 []) + 9·(x_4 ∈ |0..10|11 []) + 48·(x_5 ∈ |0..10|11 []) + 66·(x_6 ∈ |0..10|11 []) + 64·(x_7 ∈ |0..10|11 []) + 179·(x_8 ∈ |0..10|11 []) + 117·(x_9 ∈ |0..10|11 []) + 3·(x_10 ∈ |0..10|11 []) ≤ 3820
	w125:	112·(x_1 ∈ |0..10|11 []) + 173·(x_2 ∈ |0..10|11 []) + 124·(x_3 ∈ |0..10|11 []) + 68·(x_4 ∈ |0..10|11 []) + 141·(x_5 ∈ |0..10|11 []) + 181·(x_6 ∈ |0..10|11 []) + 210·(x_7 ∈ |0..10|11 []) + 63·(x_8 ∈ |0..10|11 []) + 55·(x_9 ∈ |0..10|11 []) + 58·(x_10 ∈ |0..10|11 []) ≤ 4830
	w126:	153·(x_1 ∈ |0..10|11 []) + 198·(x_2 ∈ |0..10|11 []) + 86·(x_3 ∈ |0..10|11 []) + 118·(x_4 ∈ |0..10|11 []) + 31·(x_5 ∈ |0..10|11 []) + 110·(x_6 ∈ |0..10|11 []) + 126·(x_7 ∈ |0..10|11 []) + 67·(x_8 ∈ |0..10|11 []) + 186·(x_9 ∈ |0..10|11 []) + 101·(x_10 ∈ |0..10|11 []) ≤ 4790
	w127:	111·(x_1 ∈ |0..10|11 []) + 199·(x_2 ∈ |0..10|11 []) + 248·(x_3 ∈ |0..10|11 []) + 205·(x_4 ∈ |0..10|11 []) + 68·(x_5 ∈ |0..10|11 []) + 64·(x_6 ∈ |0..10|11 []) + 32·(x_7 ∈ |0..10|11 []) + 129·(x_8 ∈ |0..10|11 []) + 187·(x_9 ∈ |0..10|11 []) + 192·(x_10 ∈ |0..10|11 []) ≤ 5850
	w128:	174·(x_1 ∈ |0..10|11 []) + 121·(x_2 ∈ |0..10|11 []) + 181·(x_3 ∈ |0..10|11 []) + 171·(x_4 ∈ |0..10|11 []) + 10·(x_5 ∈ |0..10|11 []) + 40·(x_6 ∈ |0..10|11 []) + 130·(x_7 ∈ |0..10|11 []) + 201·(x_8 ∈ |0..10|11 []) + 108·(x_9 ∈ |0..10|11 []) + 16·(x_10 ∈ |0..10|11 []) ≤ 4700
	w129:	243·(x_1 ∈ |0..10|11 []) + 55·(x_2 ∈ |0..10|11 []) + 203·(x_3 ∈ |0..10|11 []) + 66·(x_4 ∈ |0..10|11 []) + 74·(x_5 ∈ |0..10|11 []) + 191·(x_6 ∈ |0..10|11 []) + 207·(x_7 ∈ |0..10|11 []) + 116·(x_8 ∈ |0..10|11 []) + 11·(x_9 ∈ |0..10|11 []) + 153·(x_10 ∈ |0..10|11 []) ≤ 5380
	w130:	185·(x_1 ∈ |0..10|11 []) + 211·(x_2 ∈ |0..10|11 []) + 22·(x_3 ∈ |0..10|11 []) + 68·(x_4 ∈ |0..10|11 []) + 240·(x_5 ∈ |0..10|11 []) + 192·(x_6 ∈ |0..10|11 []) + 25·(x_7 ∈ |0..10|11 []) + 44·(x_8 ∈ |0..10|11 []) + 82·(x_9 ∈ |0..10|11 []) + 83·(x_10 ∈ |0..10|11 []) ≤ 4700
	w131:	239·(x_1 ∈ |0..10|11 []) + 52·(x_2 ∈ |0..10|11 []) + 163·(x_3 ∈ |0..10|11 []) + 183·(x_4 ∈ |0..10|11 []) + 162·(x_5 ∈ |0..10|11 []) + 37·(x_6 ∈ |0..10|11 []) + 99·(x_7 ∈ |0..10|11 []) + 156·(x_8 ∈ |0..10|11 []) + 248·(x_9 ∈ |0..10|11 []) + 153·(x_10 ∈ |0..10|11 []) ≤ 6080
	w132:	242·(x_1 ∈ |0..10|11 []) + 47·(x_2 ∈ |0..10|11 []) + 202·(x_3 ∈ |0..10|11 []) + 109·(x_4 ∈ |0..10|11 []) + 160·(x_5 ∈ |0..10|11 []) + 220·(x_6 ∈ |0..10|11 []) + 232·(x_7 ∈ |0..10|11 []) + 184·(x_8 ∈ |0..10|11 []) + 143·(x_9 ∈ |0..10|11 []) + 202·(x_10 ∈ |0..10|11 []) ≤ 7100
	w133:	37·(x_1 ∈ |0..10|11 []) + 46·(x_2 ∈ |0..10|11 []) + 149·(x_3 ∈ |0..10|11 []) + 81·(x_4 ∈ |0..10|11 []) + 34·(x_5 ∈ |0..10|11 []) + 142·(x_6 ∈ |0..10|11 []) + 3·(x_7 ∈ |0..10|11 []) + 151·(x_8 ∈ |0..10|11 []) + 20·(x_9 ∈ |0..10|11 []) + 65·(x_10 ∈ |0..10|11 []) ≤ 2970
	w134:	178·(x_1 ∈ |0..10|11 []) + 134·(x_2 ∈ |0..10|11 []) + 110·(x_3 ∈ |0..10|11 []) + 187·(x_4 ∈ |0..10|11 []) + 212·(x_5 ∈ |0..10|11 []) + 26·(x_6 ∈ |0..10|11 []) + 81·(x_7 ∈ |0..10|11 []) + 234·(x_8 ∈ |0..10|11 []) + 76·(x_9 ∈ |0..10|11 []) + 131·(x_10 ∈ |0..10|11 []) ≤ 5580
	w135:	93·(x_1 ∈ |0..10|11 []) + 33·(x_2 ∈ |0..10|11 []) + 50·(x_3 ∈ |0..10|11 []) + 44·(x_4 ∈ |0..10|11 []) + 5·(x_5 ∈ |0..10|11 []) + 56·(x_6 ∈ |0..10|11 []) + 246·(x_7 ∈ |0..10|11 []) + 101·(x_8 ∈ |0..10|11 []) + 89·(x_9 ∈ |0..10|11 []) + 202·(x_10 ∈ |0..10|11 []) ≤ 3740
	w136:	109·(x_1 ∈ |0..10|11 []) + 209·(x_2 ∈ |0..10|11 []) + 87·(x_3 ∈ |0..10|11 []) + 104·(x_4 ∈ |0..10|11 []) + 137·(x_5 ∈ |0..10|11 []) + 221·(x_6 ∈ |0..10|11 []) + 182·(x_7 ∈ |0..10|11 []) + 213·(x_8 ∈ |0..10|11 []) + 236·(x_9 ∈ |0..10|11 []) + 141·(x_10 ∈ |0..10|11 []) ≤ 6680
	w137:	187·(x_1 ∈ |0..10|11 []) + 47·(x_2 ∈ |0..10|11 []) + 175·(x_3 ∈ |0..10|11 []) + 84·(x_4 ∈ |0..10|11 []) + 71·(x_5 ∈ |0..10|11 []) + 165·(x_6 ∈ |0..10|11 []) + 122·(x_7 ∈ |0..10|11 []) + 161·(x_8 ∈ |0..10|11 []) + 181·(x_9 ∈ |0..10|11 []) + 128·(x_10 ∈ |0..10|11 []) ≤ 5380
	w138:	55·(x_1 ∈ |0..10|11 []) + 50·(x_2 ∈ |0..10|11 []) + 158·(x_3 ∈ |0..10|11 []) + 57·(x_4 ∈ |0..10|11 []) + 248·(x_5 ∈ |0..10|11 []) + 37·(x_6 ∈ |0..10|11 []) + 73·(x_7 ∈ |0..10|11 []) + (x_8 ∈ |0..10|11 []) + 133·(x_9 ∈ |0..10|11 []) + 23·(x_10 ∈ |0..10|11 []) ≤ 3400
	w139:	104·(x_1 ∈ |0..10|11 []) + 194·(x_2 ∈ |0..10|11 []) + 185·(x_3 ∈ |0..10|11 []) + 216·(x_4 ∈ |0..10|11 []) + 96·(x_5 ∈ |0..10|11 []) + 213·(x_6 ∈ |0..10|11 []) + 53·(x_7 ∈ |0..10|11 []) + 244·(x_8 ∈ |0..10|11 []) + 89·(x_9 ∈ |0..10|11 []) + 244·(x_10 ∈ |0..10|11 []) ≤ 6680
	w140:	135·(x_1 ∈ |0..10|11 []) + 45·(x_2 ∈ |0..10|11 []) + 174·(x_3 ∈ |0..10|11 []) + 195·(x_4 ∈ |0..10|11 []) + 42·(x_5 ∈ |0..10|11 []) + 234·(x_6 ∈ |0..10|11 []) + 76·(x_7 ∈ |0..10|11 []) + 117·(x_8 ∈ |0..10|11 []) + 131·(x_9 ∈ |0..10|11 []) + 123·(x_10 ∈ |0..10|11 []) ≤ 5180
	w141:	5·(x_1 ∈ |0..10|11 []) + 187·(x_2 ∈ |0..10|11 []) + 125·(x_3 ∈ |0..10|11 []) + 120·(x_4 ∈ |0..10|11 []) + 179·(x_5 ∈ |0..10|11 []) + 205·(x_6 ∈ |0..10|11 []) + 54·(x_7 ∈ |0..10|11 []) + 31·(x_8 ∈ |0..10|11 []) + 98·(x_9 ∈ |0..10|11 []) + 203·(x_10 ∈ |0..10|11 []) ≤ 4920
	w142:	25·(x_1 ∈ |0..10|11 []) + 162·(x_2 ∈ |0..10|11 []) + 248·(x_3 ∈ |0..10|11 []) + 141·(x_4 ∈ |0..10|11 []) + 226·(x_5 ∈ |0..10|11 []) + 6·(x_6 ∈ |0..10|11 []) + 10·(x_7 ∈ |0..10|11 []) + 80·(x_8 ∈ |0..10|11 []) + 93·(x_9 ∈ |0..10|11 []) + 33·(x_10 ∈ |0..10|11 []) ≤ 4170
	w143:	72·(x_1 ∈ |0..10|11 []) + 138·(x_2 ∈ |0..10|11 []) + 224·(x_3 ∈ |0..10|11 []) + 22·(x_4 ∈ |0..10|11 []) + 83·(x_5 ∈ |0..10|11 []) + 71·(x_6 ∈ |0..10|11 []) + 235·(x_7 ∈ |0..10|11 []) + 114·(x_8 ∈ |0..10|11 []) + 114·(x_9 ∈ |0..10|11 []) + 39·(x_10 ∈ |0..10|11 []) ≤ 4530
	w144:	36·(x_1 ∈ |0..10|11 []) + 244·(x_2 ∈ |0..10|11 []) + 64·(x_3 ∈ |0..10|11 []) + 59·(x_4 ∈ |0..10|11 []) + 22·(x_5 ∈ |0..10|11 []) + 46·(x_6 ∈ |0..10|11 []) + 226·(x_7 ∈ |0..10|11 []) + 7·(x_8 ∈ |0..10|11 []) + 153·(x_9 ∈ |0..10|11 []) + 208·(x_10 ∈ |0..10|11 []) ≤ 4340
	w145:	243·(x_1 ∈ |0..10|11 []) + 29·(x_2 ∈ |0..10|11 []) + 195·(x_3 ∈ |0..10|11 []) + 119·(x_4 ∈ |0..10|11 []) + 111·(x_5 ∈ |0..10|11 []) + 56·(x_6 ∈ |0..10|11 []) + 89·(x_7 ∈ |0..10|11 []) + 241·(x_8 ∈ |0..10|11 []) + 211·(x_9 ∈ |0..10|11 []) + 182·(x_10 ∈ |0..10|11 []) ≤ 6020
	w146:	206·(x_1 ∈ |0..10|11 []) + 114·(x_2 ∈ |0..10|11 []) + 140·(x_3 ∈ |0..10|11 []) + 133·(x_4 ∈ |0..10|11 []) + 241·(x_5 ∈ |0..10|11 []) + 222·(x_6 ∈ |0..10|11 []) + 244·(x_7 ∈ |0..10|11 []) + 204·(x_8 ∈ |0..10|11 []) + 27·(x_9 ∈ |0..10|11 []) + 36·(x_10 ∈ |0..10|11 []) ≤ 6390
	w147:	220·(x_1 ∈ |0..10|11 []) + 187·(x_2 ∈ |0..10|11 []) + 236·(x_3 ∈ |0..10|11 []) + 169·(x_4 ∈ |0..10|11 []) + 236·(x_5 ∈ |0..10|11 []) + 224·(x_6 ∈ |0..10|11 []) + 236·(x_7 ∈ |0..10|11 []) + 198·(x_8 ∈ |0..10|11 []) + 85·(x_9 ∈ |0..10|11 []) + 98·(x_10 ∈ |0..10|11 []) ≤ 7700
	w148:	219·(x_1 ∈ |0..10|11 []) + 77·(x_2 ∈ |0..10|11 []) + 205·(x_3 ∈ |0..10|11 []) + 55·(x_4 ∈ |0..10|11 []) + 152·(x_5 ∈ |0..10|11 []) + 207·(x_6 ∈ |0..10|11 []) + 137·(x_7 ∈ |0..10|11 []) + 195·(x_8 ∈ |0..10|11 []) + 6·(x_9 ∈ |0..10|11 []) + 97·(x_10 ∈ |0..10|11 []) ≤ 5500
	w149:	216·(x_1 ∈ |0..10|11 []) + 222·(x_2 ∈ |0..10|11 []) + 213·(x_3 ∈ |0..10|11 []) + 22·(x_4 ∈ |0..10|11 []) + 238·(x_5 ∈ |0..10|11 []) + 171·(x_6 ∈ |0..10|11 []) + 224·(x_7 ∈ |0..10|11 []) + 52·(x_8 ∈ |0..10|11 []) + 99·(x_9 ∈ |0..10|11 []) + 235·(x_10 ∈ |0..10|11 []) ≤ 6900
	w150:	136·(x_1 ∈ |0..10|11 []) + 41·(x_2 ∈ |0..10|11 []) + 231·(x_3 ∈ |0..10|11 []) + 21·(x_4 ∈ |0..10|11 []) + 238·(x_5 ∈ |0..10|11 []) + 135·(x_6 ∈ |0..10|11 []) + 59·(x_7 ∈ |0..10|11 []) + 106·(x_8 ∈ |0..10|11 []) + 139·(x_9 ∈ |0..10|11 []) + 130·(x_10 ∈ |0..10|11 []) ≤ 5040
	w151:	141·(x_1 ∈ |0..10|11 []) + 201·(x_2 ∈ |0..10|11 []) + 235·(x_3 ∈ |0..10|11 []) + 33·(x_4 ∈ |0..10|11 []) + 30·(x_5 ∈ |0..10|11 []) + 244·(x_6 ∈ |0..10|11 []) + 238·(x_7 ∈ |0..10|11 []) + 74·(x_8 ∈ |0..10|11 []) + 203·(x_9 ∈ |0..10|11 []) + 110·(x_10 ∈ |0..10|11 []) ≤ 6150
	w152:	23·(x_1 ∈ |0..10|11 []) + 29·(x_2 ∈ |0..10|11 []) + 152·(x_3 ∈ |0..10|11 []) + 211·(x_4 ∈ |0..10|11 []) + 20·(x_5 ∈ |0..10|11 []) + 130·(x_6 ∈ |0..10|11 []) + 145·(x_7 ∈ |0..10|11 []) + 88·(x_8 ∈ |0..10|11 []) + 222·(x_9 ∈ |0..10|11 []) + 97·(x_10 ∈ |0..10|11 []) ≤ 4550
	w153:	43·(x_1 ∈ |0..10|11 []) + 110·(x_2 ∈ |0..10|11 []) + 234·(x_3 ∈ |0..10|11 []) + 165·(x_4 ∈ |0..10|11 []) + 10·(x_5 ∈ |0..10|11 []) + 70·(x_6 ∈ |0..10|11 []) + 26·(x_7 ∈ |0..10|11 []) + 46·(x_8 ∈ |0..10|11 []) + 140·(x_9 ∈ |0..10|11 []) + 33·(x_10 ∈ |0..10|11 []) ≤ 3570
	w154:	3·(x_1 ∈ |0..10|11 []) + 85·(x_2 ∈ |0..10|11 []) + 32·(x_3 ∈ |0..10|11 []) + 14·(x_4 ∈ |0..10|11 []) + 29·(x_5 ∈ |0..10|11 []) + 67·(x_6 ∈ |0..10|11 []) + 119·(x_7 ∈ |0..10|11 []) + 117·(x_8 ∈ |0..10|11 []) + 11·(x_9 ∈ |0..10|11 []) + 54·(x_10 ∈ |0..10|11 []) ≤ 2160
	w155:	138·(x_1 ∈ |0..10|11 []) + 76·(x_2 ∈ |0..10|11 []) + 187·(x_3 ∈ |0..10|11 []) + 211·(x_4 ∈ |0..10|11 []) + 76·(x_5 ∈ |0..10|11 []) + 80·(x_6 ∈ |0..10|11 []) + 226·(x_7 ∈ |0..10|11 []) + 106·(x_8 ∈ |0..10|11 []) + 236·(x_9 ∈ |0..10|11 []) + 134·(x_10 ∈ |0..10|11 []) ≤ 5990
	w156:	113·(x_1 ∈ |0..10|11 []) + 148·(x_2 ∈ |0..10|11 []) + 45·(x_3 ∈ |0..10|11 []) + 43·(x_4 ∈ |0..10|11 []) + 185·(x_5 ∈ |0..10|11 []) + 217·(x_6 ∈ |0..10|11 []) + 69·(x_7 ∈ |0..10|11 []) + 92·(x_8 ∈ |0..10|11 []) + 241·(x_9 ∈ |0..10|11 []) + 210·(x_10 ∈ |0..10|11 []) ≤ 5560
	w157:	139·(x_1 ∈ |0..10|11 []) + 20·(x_2 ∈ |0..10|11 []) + 155·(x_3 ∈ |0..10|11 []) + 3·(x_4 ∈ |0..10|11 []) + 99·(x_5 ∈ |0..10|11 []) + 173·(x_6 ∈ |0..10|11 []) + 222·(x_7 ∈ |0..10|11 []) + 177·(x_8 ∈ |0..10|11 []) + 190·(x_9 ∈ |0..10|11 []) + 3·(x_10 ∈ |0..10|11 []) ≤ 4810
	w158:	67·(x_1 ∈ |0..10|11 []) + 108·(x_2 ∈ |0..10|11 []) + 45·(x_3 ∈ |0..10|11 []) + 216·(x_4 ∈ |0..10|11 []) + 203·(x_5 ∈ |0..10|11 []) + 141·(x_6 ∈ |0..10|11 []) + 88·(x_7 ∈ |0..10|11 []) + 221·(x_8 ∈ |0..10|11 []) + 243·(x_9 ∈ |0..10|11 []) + 162·(x_10 ∈ |0..10|11 []) ≤ 6090
	w159:	12·(x_1 ∈ |0..10|11 []) + 208·(x_2 ∈ |0..10|11 []) + 78·(x_3 ∈ |0..10|11 []) + 40·(x_4 ∈ |0..10|11 []) + 42·(x_5 ∈ |0..10|11 []) + 139·(x_6 ∈ |0..10|11 []) + 195·(x_7 ∈ |0..10|11 []) + 229·(x_8 ∈ |0..10|11 []) + 71·(x_9 ∈ |0..10|11 []) + 156·(x_10 ∈ |0..10|11 []) ≤ 4770
	w160:	83·(x_1 ∈ |0..10|11 []) + 136·(x_2 ∈ |0..10|11 []) + 200·(x_3 ∈ |0..10|11 []) + 162·(x_4 ∈ |0..10|11 []) + 138·(x_5 ∈ |0..10|11 []) + 165·(x_6 ∈ |0..10|11 []) + 70·(x_7 ∈ |0..10|11 []) + 106·(x_8 ∈ |0..10|11 []) + 94·(x_9 ∈ |0..10|11 []) + 95·(x_10 ∈ |0..10|11 []) ≤ 5090
	w161:	109·(x_1 ∈ |0..10|11 []) + 87·(x_2 ∈ |0..10|11 []) + 69·(x_3 ∈ |0..10|11 []) + 145·(x_4 ∈ |0..10|11 []) + 14·(x_5 ∈ |0..10|11 []) + 97·(x_6 ∈ |0..10|11 []) + 126·(x_7 ∈ |0..10|11 []) + 160·(x_8 ∈ |0..10|11 []) + 61·(x_9 ∈ |0..10|11 []) + 85·(x_10 ∈ |0..10|11 []) ≤ 3880
	w162:	235·(x_1 ∈ |0..10|11 []) + 164·(x_2 ∈ |0..10|11 []) + 234·(x_3 ∈ |0..10|11 []) + 14·(x_4 ∈ |0..10|11 []) + 243·(x_5 ∈ |0..10|11 []) + 101·(x_6 ∈ |0..10|11 []) + 100·(x_7 ∈ |0..10|11 []) + 175·(x_8 ∈ |0..10|11 []) + 106·(x_9 ∈ |0..10|11 []) + 174·(x_10 ∈ |0..10|11 []) ≤ 6300
	w163:	200·(x_1 ∈ |0..10|11 []) + 228·(x_2 ∈ |0..10|11 []) + 228·(x_3 ∈ |0..10|11 []) + 196·(x_4 ∈ |0..10|11 []) + 26·(x_5 ∈ |0..10|11 []) + 88·(x_6 ∈ |0..10|11 []) + 162·(x_7 ∈ |0..10|11 []) + 51·(x_8 ∈ |0..10|11 []) + 146·(x_9 ∈ |0..10|11 []) + 141·(x_10 ∈ |0..10|11 []) ≤ 5980
	w164:	236·(x_1 ∈ |0..10|11 []) + 65·(x_2 ∈ |0..10|11 []) + 19·(x_3 ∈ |0..10|11 []) + 194·(x_4 ∈ |0..10|11 []) + 206·(x_5 ∈ |0..10|11 []) + 11·(x_6 ∈ |0..10|11 []) + 100·(x_7 ∈ |0..10|11 []) + 167·(x_8 ∈ |0..10|11 []) + 80·(x_9 ∈ |0..10|11 []) + 14·(x_10 ∈ |0..10|11 []) ≤ 4450
	w165:	93·(x_1 ∈ |0..10|11 []) + 165·(x_2 ∈ |0..10|11 []) + 67·(x_3 ∈ |0..10|11 []) + 115·(x_4 ∈ |0..10|11 []) + 190·(x_5 ∈ |0..10|11 []) + 65·(x_6 ∈ |0..10|11 []) + 117·(x_7 ∈ |0..10|11 []) + 82·(x_8 ∈ |0..10|11 []) + 133·(x_9 ∈ |0..10|11 []) + 43·(x_10 ∈ |0..10|11 []) ≤ 4360
	w166:	214·(x_1 ∈ |0..10|11 []) + 223·(x_2 ∈ |0..10|11 []) + 148·(x_3 ∈ |0..10|11 []) + 145·(x_4 ∈ |0..10|11 []) + 203·(x_5 ∈ |0..10|11 []) + 98·(x_6 ∈ |0..10|11 []) + 215·(x_7 ∈ |0..10|11 []) + 220·(x_8 ∈ |0..10|11 []) + 5·(x_9 ∈ |0..10|11 []) + 71·(x_10 ∈ |0..10|11 []) ≤ 6290
	w167:	41·(x_1 ∈ |0..10|11 []) + 122·(x_2 ∈ |0..10|11 []) + 109·(x_3 ∈ |0..10|11 []) + 209·(x_4 ∈ |0..10|11 []) + 90·(x_5 ∈ |0..10|11 []) + 151·(x_6 ∈ |0..10|11 []) + 84·(x_7 ∈ |0..10|11 []) + 134·(x_8 ∈ |0..10|11 []) + 190·(x_9 ∈ |0..10|11 []) + 177·(x_10 ∈ |0..10|11 []) ≤ 5330
	w168:	132·(x_1 ∈ |0..10|11 []) + 91·(x_2 ∈ |0..10|11 []) + 93·(x_3 ∈ |0..10|11 []) + 105·(x_4 ∈ |0..10|11 []) + 79·(x_5 ∈ |0..10|11 []) + 96·(x_6 ∈ |0..10|11 []) + 246·(x_7 ∈ |0..10|11 []) + 221·(x_8 ∈ |0..10|11 []) + 105·(x_9 ∈ |0..10|11 []) + 33·(x_10 ∈ |0..10|11 []) ≤ 4900
	w169:	31·(x_1 ∈ |0..10|11 []) + 130·(x_2 ∈ |0..10|11 []) + 64·(x_3 ∈ |0..10|11 []) + 46·(x_4 ∈ |0..10|11 []) + 211·(x_5 ∈ |0..10|11 []) + 124·(x_6 ∈ |0..10|11 []) + 3·(x_7 ∈ |0..10|11 []) + 10·(x_8 ∈ |0..10|11 []) + 105·(x_9 ∈ |0..10|11 []) + 100·(x_10 ∈ |0..10|11 []) ≤ 3360
	w170:	185·(x_1 ∈ |0..10|11 []) + 183·(x_2 ∈ |0..10|11 []) + 6·(x_3 ∈ |0..10|11 []) + 228·(x_4 ∈ |0..10|11 []) + 166·(x_5 ∈ |0..10|11 []) + 52·(x_6 ∈ |0..10|11 []) + 235·(x_7 ∈ |0..10|11 []) + 193·(x_8 ∈ |0..10|11 []) + 182·(x_9 ∈ |0..10|11 []) + 225·(x_10 ∈ |0..10|11 []) ≤ 6750
	w171:	218·(x_1 ∈ |0..10|11 []) + 248·(x_2 ∈ |0..10|11 []) + 38·(x_3 ∈ |0..10|11 []) + 231·(x_4 ∈ |0..10|11 []) + 237·(x_5 ∈ |0..10|11 []) + 146·(x_6 ∈ |0..10|11 []) + 55·(x_7 ∈ |0..10|11 []) + 221·(x_8 ∈ |0..10|11 []) + 92·(x_9 ∈ |0..10|11 []) + 135·(x_10 ∈ |0..10|11 []) ≤ 6610
	w172:	163·(x_1 ∈ |0..10|11 []) + 90·(x_2 ∈ |0..10|11 []) + 97·(x_3 ∈ |0..10|11 []) + 23·(x_4 ∈ |0..10|11 []) + 227·(x_5 ∈ |0..10|11 []) + 2·(x_6 ∈ |0..10|11 []) + 173·(x_7 ∈ |0..10|11 []) + 128·(x_8 ∈ |0..10|11 []) + 79·(x_9 ∈ |0..10|11 []) + 244·(x_10 ∈ |0..10|11 []) ≤ 5000
	w173:	141·(x_1 ∈ |0..10|11 []) + 69·(x_2 ∈ |0..10|11 []) + 41·(x_3 ∈ |0..10|11 []) + 172·(x_4 ∈ |0..10|11 []) + 229·(x_5 ∈ |0..10|11 []) + 230·(x_6 ∈ |0..10|11 []) + 15·(x_7 ∈ |0..10|11 []) + 66·(x_8 ∈ |0..10|11 []) + 35·(x_9 ∈ |0..10|11 []) + 186·(x_10 ∈ |0..10|11 []) ≤ 4830
	w174:	51·(x_1 ∈ |0..10|11 []) + 194·(x_2 ∈ |0..10|11 []) + 55·(x_3 ∈ |0..10|11 []) + 249·(x_4 ∈ |0..10|11 []) + 105·(x_5 ∈ |0..10|11 []) + 162·(x_6 ∈ |0..10|11 []) + 211·(x_7 ∈ |0..10|11 []) + 135·(x_8 ∈ |0..10|11 []) + 36·(x_9 ∈ |0..10|11 []) + 74·(x_10 ∈ |0..10|11 []) ≤ 5180
	w175:	174·(x_1 ∈ |0..10|11 []) + 37·(x_2 ∈ |0..10|11 []) + 112·(x_3 ∈ |0..10|11 []) + 146·(x_4 ∈ |0..10|11 []) + 98·(x_5 ∈ |0..10|11 []) + 170·(x_6 ∈ |0..10|11 []) + 97·(x_7 ∈ |0..10|11 []) + 205·(x_8 ∈ |0..10|11 []) + 240·(x_9 ∈ |0..10|11 []) + 13·(x_10 ∈ |0..10|11 []) ≤ 5270
	w176:	134·(x_1 ∈ |0..10|11 []) + 46·(x_2 ∈ |0..10|11 []) + 21·(x_3 ∈ |0..10|11 []) + 171·(x_4 ∈ |0..10|11 []) + 40·(x_5 ∈ |0..10|11 []) + 54·(x_6 ∈ |0..10|11 []) + 192·(x_7 ∈ |0..10|11 []) + 120·(x_8 ∈ |0..10|11 []) + 71·(x_9 ∈ |0..10|11 []) + 98·(x_10 ∈ |0..10|11 []) ≤ 3860
	w177:	71·(x_1 ∈ |0..10|11 []) + 137·(x_2 ∈ |0..10|11 []) + 160·(x_3 ∈ |0..10|11 []) + 191·(x_4 ∈ |0..10|11 []) + 193·(x_5 ∈ |0..10|11 []) + 124·(x_6 ∈ |0..10|11 []) + 116·(x_7 ∈ |0..10|11 []) + 63·(x_8 ∈ |0..10|11 []) + 102·(x_9 ∈ |0..10|11 []) + 100·(x_10 ∈ |0..10|11 []) ≤ 5120
	w178:	207·(x_1 ∈ |0..10|11 []) + 138·(x_2 ∈ |0..10|11 []) + 58·(x_3 ∈ |0..10|11 []) + 208·(x_4 ∈ |0..10|11 []) + 182·(x_5 ∈ |0..10|11 []) + 187·(x_6 ∈ |0..10|11 []) + 235·(x_7 ∈ |0..10|11 []) + 88·(x_8 ∈ |0..10|11 []) + 148·(x_9 ∈ |0..10|11 []) + 195·(x_10 ∈ |0..10|11 []) ≤ 6710
	w179:	108·(x_1 ∈ |0..10|11 []) + 17·(x_2 ∈ |0..10|11 []) + 162·(x_3 ∈ |0..10|11 []) + 62·(x_4 ∈ |0..10|11 []) + 124·(x_5 ∈ |0..10|11 []) + 140·(x_6 ∈ |0..10|11 []) + 153·(x_7 ∈ |0..10|11 []) + 158·(x_8 ∈ |0..10|11 []) + 43·(x_9 ∈ |0..10|11 []) + 102·(x_10 ∈ |0..10|11 []) ≤ 4360
	w180:	139·(x_1 ∈ |0..10|11 []) + 128·(x_2 ∈ |0..10|11 []) + 230·(x_3 ∈ |0..10|11 []) + 17·(x_4 ∈ |0..10|11 []) + 23·(x_5 ∈ |0..10|11 []) + 238·(x_6 ∈ |0..10|11 []) + 150·(x_7 ∈ |0..10|11 []) + 211·(x_8 ∈ |0..10|11 []) + 46·(x_9 ∈ |0..10|11 []) + 171·(x_10 ∈ |0..10|11 []) ≤ 5520
	w181:	93·(x_1 ∈ |0..10|11 []) + 245·(x_2 ∈ |0..10|11 []) + 52·(x_3 ∈ |0..10|11 []) + 136·(x_4 ∈ |0..10|11 []) + 37·(x_5 ∈ |0..10|11 []) + 157·(x_6 ∈ |0..10|11 []) + 43·(x_7 ∈ |0..10|11 []) + 195·(x_8 ∈ |0..10|11 []) + 29·(x_9 ∈ |0..10|11 []) + 7·(x_10 ∈ |0..10|11 []) ≤ 4050
	w182:	199·(x_1 ∈ |0..10|11 []) + 213·(x_2 ∈ |0..10|11 []) + 13·(x_3 ∈ |0..10|11 []) + 237·(x_4 ∈ |0..10|11 []) + 138·(x_5 ∈ |0..10|11 []) + 46·(x_6 ∈ |0..10|11 []) + 107·(x_7 ∈ |0..10|11 []) + 88·(x_8 ∈ |0..10|11 []) + 7·(x_9 ∈ |0..10|11 []) + 120·(x_10 ∈ |0..10|11 []) ≤ 4760
	w183:	138·(x_1 ∈ |0..10|11 []) + 12·(x_2 ∈ |0..10|11 []) + 61·(x_3 ∈ |0..10|11 []) + 123·(x_4 ∈ |0..10|11 []) + 16·(x_5 ∈ |0..10|11 []) + 149·(x_6 ∈ |0..10|11 []) + 227·(x_7 ∈ |0..10|11 []) + 81·(x_8 ∈ |0..10|11 []) + 90·(x_9 ∈ |0..10|11 []) + 238·(x_10 ∈ |0..10|11 []) ≤ 4630
	w184:	103·(x_1 ∈ |0..10|11 []) + 58·(x_2 ∈ |0..10|11 []) + 79·(x_3 ∈ |0..10|11 []) + 173·(x_4 ∈ |0..10|11 []) + 229·(x_5 ∈ |0..10|11 []) + 192·(x_6 ∈ |0..10|11 []) + 78·(x_7 ∈ |0..10|11 []) + 82·(x_8 ∈ |0..10|11 []) + 61·(x_9 ∈ |0..10|11 []) + 124·(x_10 ∈ |0..10|11 []) ≤ 4810
	w185:	25·(x_1 ∈ |0..10|11 []) + 123·(x_2 ∈ |0..10|11 []) + 205·(x_3 ∈ |0..10|11 []) + 145·(x_4 ∈ |0..10|11 []) + 197·(x_5 ∈ |0..10|11 []) + 115·(x_6 ∈ |0..10|11 []) + 222·(x_7 ∈ |0..10|11 []) + 131·(x_8 ∈ |0..10|11 []) + 71·(x_9 ∈ |0..10|11 []) + 91·(x_10 ∈ |0..10|11 []) ≤ 5400
	w186:	37·(x_1 ∈ |0..10|11 []) + 32·(x_2 ∈ |0..10|11 []) + 101·(x_3 ∈ |0..10|11 []) + (x_4 ∈ |0..10|11 []) + 21·(x_5 ∈ |0..10|11 []) + 96·(x_6 ∈ |0..10|11 []) + 221·(x_7 ∈ |0..10|11 []) + 51·(x_8 ∈ |0..10|11 []) + 216·(x_9 ∈ |0..10|11 []) + 52·(x_10 ∈ |0..10|11 []) ≤ 3370
	w187:	132·(x_1 ∈ |0..10|11 []) + 120·(x_2 ∈ |0..10|11 []) + 186·(x_3 ∈ |0..10|11 []) + 212·(x_4 ∈ |0..10|11 []) + (x_5 ∈ |0..10|11 []) + 157·(x_6 ∈ |0..10|11 []) + 184·(x_7 ∈ |0..10|11 []) + 8·(x_8 ∈ |0..10|11 []) + 32·(x_9 ∈ |0..10|11 []) + 142·(x_10 ∈ |0..10|11 []) ≤ 4780
	w188:	173·(x_1 ∈ |0..10|11 []) + 98·(x_2 ∈ |0..10|11 []) + 50·(x_3 ∈ |0..10|11 []) + 178·(x_4 ∈ |0..10|11 []) + 57·(x_5 ∈ |0..10|11 []) + 116·(x_6 ∈ |0..10|11 []) + 194·(x_7 ∈ |0..10|11 []) + 223·(x_8 ∈ |0..10|11 []) + 156·(x_9 ∈ |0..10|11 []) + 2·(x_10 ∈ |0..10|11 []) ≤ 5080
	w189:	24·(x_1 ∈ |0..10|11 []) + 93·(x_2 ∈ |0..10|11 []) + 132·(x_3 ∈ |0..10|11 []) + 23·(x_4 ∈ |0..10|11 []) + 229·(x_5 ∈ |0..10|11 []) + 62·(x_6 ∈ |0..10|11 []) + 178·(x_7 ∈ |0..10|11 []) + 162·(x_8 ∈ |0..10|11 []) + 74·(x_9 ∈ |0..10|11 []) + 223·(x_10 ∈ |0..10|11 []) ≤ 4890
	w190:	88·(x_1 ∈ |0..10|11 []) + 130·(x_2 ∈ |0..10|11 []) + 19·(x_3 ∈ |0..10|11 []) + (x_4 ∈ |0..10|11 []) + 142·(x_5 ∈ |0..10|11 []) + 93·(x_6 ∈ |0..10|11 []) + 168·(x_7 ∈ |0..10|11 []) + 151·(x_8 ∈ |0..10|11 []) + 83·(x_9 ∈ |0..10|11 []) + 119·(x_10 ∈ |0..10|11 []) ≤ 4050
	w191:	26·(x_1 ∈ |0..10|11 []) + 231·(x_2 ∈ |0..10|11 []) + 234·(x_3 ∈ |0..10|11 []) + 153·(x_4 ∈ |0..10|11 []) + 48·(x_5 ∈ |0..10|11 []) + 70·(x_6 ∈ |0..10|11 []) + 154·(x_7 ∈ |0..10|11 []) + 193·(x_8 ∈ |0..10|11 []) + 181·(x_9 ∈ |0..10|11 []) + 89·(x_10 ∈ |0..10|11 []) ≤ 5620
	w192:	77·(x_1 ∈ |0..10|11 []) + 228·(x_2 ∈ |0..10|11 []) + 64·(x_3 ∈ |0..10|11 []) + 159·(x_4 ∈ |0..10|11 []) + 117·(x_5 ∈ |0..10|11 []) + 140·(x_6 ∈ |0..10|11 []) + 125·(x_7 ∈ |0..10|11 []) + 125·(x_8 ∈ |0..10|11 []) + 193·(x_9 ∈ |0..10|11 []) + 103·(x_10 ∈ |0..10|11 []) ≤ 5430
	w193:	192·(x_1 ∈ |0..10|11 []) + 245·(x_2 ∈ |0..10|11 []) + 197·(x_3 ∈ |0..10|11 []) + 90·(x_4 ∈ |0..10|11 []) + 156·(x_5 ∈ |0..10|11 []) + 35·(x_6 ∈ |0..10|11 []) + 164·(x_7 ∈ |0..10|11 []) + 66·(x_8 ∈ |0..10|11 []) + 243·(x_9 ∈ |0..10|11 []) + 86·(x_10 ∈ |0..10|11 []) ≤ 6010
	w194:	57·(x_1 ∈ |0..10|11 []) + 142·(x_2 ∈ |0..10|11 []) + 221·(x_3 ∈ |0..10|11 []) + 133·(x_4 ∈ |0..10|11 []) + 109·(x_5 ∈ |0..10|11 []) + 230·(x_6 ∈ |0..10|11 []) + 122·(x_7 ∈ |0..10|11 []) + 236·(x_8 ∈ |0..10|11 []) + 173·(x_9 ∈ |0..10|11 []) + 245·(x_10 ∈ |0..10|11 []) ≤ 6800
	w195:	243·(x_1 ∈ |0..10|11 []) + 245·(x_2 ∈ |0..10|11 []) + 128·(x_3 ∈ |0..10|11 []) + 41·(x_4 ∈ |0..10|11 []) + 76·(x_5 ∈ |0..10|11 []) + 26·(x_6 ∈ |0..10|11 []) + 170·(x_7 ∈ |0..10|11 []) + 49·(x_8 ∈ |0..10|11 []) + 77·(x_9 ∈ |0..10|11 []) + 125·(x_10 ∈ |0..10|11 []) ≤ 4810
	w196:	195·(x_1 ∈ |0..10|11 []) + 56·(x_2 ∈ |0..10|11 []) + 2·(x_3 ∈ |0..10|11 []) + 20·(x_4 ∈ |0..10|11 []) + 78·(x_5 ∈ |0..10|11 []) + 41·(x_6 ∈ |0..10|11 []) + 174·(x_7 ∈ |0..10|11 []) + 124·(x_8 ∈ |0..10|11 []) + 235·(x_9 ∈ |0..10|11 []) + 12·(x_10 ∈ |0..10|11 []) ≤ 3820
	w197:	201·(x_1 ∈ |0..10|11 []) + 8·(x_2 ∈ |0..10|11 []) + 9·(x_3 ∈ |0..10|11 []) + 170·(x_4 ∈ |0..10|11 []) + 248·(x_5 ∈ |0..10|11 []) + 117·(x_6 ∈ |0..10|11 []) + 16·(x_7 ∈ |0..10|11 []) + 56·(x_8 ∈ |0..10|11 []) + 60·(x_9 ∈ |0..10|11 []) + 204·(x_10 ∈ |0..10|11 []) ≤ 4440
	w198:	115·(x_1 ∈ |0..10|11 []) + 5·(x_2 ∈ |0..10|11 []) + 130·(x_3 ∈ |0..10|11 []) + 43·(x_4 ∈ |0..10|11 []) + 208·(x_5 ∈ |0..10|11 []) + 241·(x_6 ∈ |0..10|11 []) + 135·(x_7 ∈ |0..10|11 []) + 76·(x_8 ∈ |0..10|11 []) + 44·(x_9 ∈ |0..10|11 []) + 123·(x_10 ∈ |0..10|11 []) ≤ 4560
	w199:	156·(x_1 ∈ |0..10|11 []) + 148·(x_2 ∈ |0..10|11 []) + 166·(x_3 ∈ |0..10|11 []) + 181·(x_4 ∈ |0..10|11 []) + 86·(x_5 ∈ |0..10|11 []) + 4·(x_6 ∈ |0..10|11 []) + 8·(x_7 ∈ |0..10|11 []) + 209·(x_8 ∈ |0..10|11 []) + 156·(x_9 ∈ |0..10|11 []) + 76·(x_10 ∈ |0..10|11 []) ≤ 4850
	w200:	(x_1 ∈ |0..10|11 []) + 44·(x_2 ∈ |0..10|11 []) + 37·(x_3 ∈ |0..10|11 []) + 248·(x_4 ∈ |0..10|11 []) + 72·(x_5 ∈ |0..10|11 []) + 43·(x_6 ∈ |0..10|11 []) + 80·(x_7 ∈ |0..10|11 []) + 64·(x_8 ∈ |0..10|11 []) + 122·(x_9 ∈ |0..10|11 []) + 68·(x_10 ∈ |0..10|11 []) ≤ 3170
	profits:	24·(x_1 ∈ |0..10|11 []) + 88·(x_2 ∈ |0..10|11 []) + 46·(x_3 ∈ |0..10|11 []) + 107·(x_4 ∈ |0..10|11 []) + 60·(x_5 ∈ |0..10|11 []) + 101·(x_6 ∈ |0..10|11 []) + 89·(x_7 ∈ |0..10|11 []) + 160·(x_8 ∈ |0..10|11 []) + 120·(x_9 ∈ |0..10|11 []) + 240·(x_10 ∈ |0..10|11 []) ≥ 6120
	CSE: ""

Encoded GT + Mix(150) in 157.73904 seconds as 150285/685586/3002409

SOLVE T/O Some(60.0)
SOLVE DONE @9.750617
SOLVE CALL RESULT: Got UNS in 9.750617s with check None: 
BATCH.SH END 0
