BATCH.SH START ./experiments/mbkp/runs:2993 (ulimit --clean)
Start EncodeRecord { instance: Some(Instance { problem: Mbkp { bound: 10, n_: 10, m_: 200, q_: 250, family: 1, s_: 25, seed: 4, fl: "0.4", fu: None, skip_obj: true }, i: 50, lp: "./experiments/mbkp/lps/3/2_12.lp" }), experiment: Some(Experiment { system: Pbc, pb_encoding: Gt, int_encoding: Ord, con_encoding: Include, split_eq: false, model_config: ModelConfig { scm: Dnf, cutoff: Order, decomposer: Gt, equalize_ternaries: true, add_consistency: false, propagate: None, equalize_uniform_bin_ineqs: false } }), statics: None, pb_statics: None, principal: None, time: None, dimacs: None }
model = 
	w1:	160·(x_1 ∈ |0..10|11 []) + 56·(x_2 ∈ |0..10|11 []) + 145·(x_3 ∈ |0..10|11 []) + 218·(x_4 ∈ |0..10|11 []) + 108·(x_5 ∈ |0..10|11 []) + 195·(x_6 ∈ |0..10|11 []) + 116·(x_7 ∈ |0..10|11 []) + 183·(x_8 ∈ |0..10|11 []) + 241·(x_9 ∈ |0..10|11 []) + 39·(x_10 ∈ |0..10|11 []) ≤ 7240
	w2:	50·(x_1 ∈ |0..10|11 []) + 126·(x_2 ∈ |0..10|11 []) + 236·(x_3 ∈ |0..10|11 []) + 112·(x_4 ∈ |0..10|11 []) + 249·(x_5 ∈ |0..10|11 []) + 154·(x_6 ∈ |0..10|11 []) + 2·(x_7 ∈ |0..10|11 []) + 84·(x_8 ∈ |0..10|11 []) + 161·(x_9 ∈ |0..10|11 []) + 14·(x_10 ∈ |0..10|11 []) ≤ 5890
	w3:	202·(x_1 ∈ |0..10|11 []) + 106·(x_2 ∈ |0..10|11 []) + 137·(x_3 ∈ |0..10|11 []) + 177·(x_4 ∈ |0..10|11 []) + 207·(x_5 ∈ |0..10|11 []) + 182·(x_6 ∈ |0..10|11 []) + 115·(x_7 ∈ |0..10|11 []) + 231·(x_8 ∈ |0..10|11 []) + 168·(x_9 ∈ |0..10|11 []) + 87·(x_10 ∈ |0..10|11 []) ≤ 7990
	w4:	77·(x_1 ∈ |0..10|11 []) + 8·(x_2 ∈ |0..10|11 []) + 74·(x_3 ∈ |0..10|11 []) + 213·(x_4 ∈ |0..10|11 []) + 214·(x_5 ∈ |0..10|11 []) + 105·(x_6 ∈ |0..10|11 []) + 33·(x_7 ∈ |0..10|11 []) + 238·(x_8 ∈ |0..10|11 []) + 29·(x_9 ∈ |0..10|11 []) + 158·(x_10 ∈ |0..10|11 []) ≤ 5690
	w5:	215·(x_1 ∈ |0..10|11 []) + 33·(x_2 ∈ |0..10|11 []) + 177·(x_3 ∈ |0..10|11 []) + 240·(x_4 ∈ |0..10|11 []) + 168·(x_5 ∈ |0..10|11 []) + 231·(x_6 ∈ |0..10|11 []) + 18·(x_7 ∈ |0..10|11 []) + 217·(x_8 ∈ |0..10|11 []) + 34·(x_9 ∈ |0..10|11 []) + 113·(x_10 ∈ |0..10|11 []) ≤ 7170
	w6:	179·(x_1 ∈ |0..10|11 []) + 65·(x_2 ∈ |0..10|11 []) + 245·(x_3 ∈ |0..10|11 []) + 156·(x_4 ∈ |0..10|11 []) + 86·(x_5 ∈ |0..10|11 []) + 208·(x_6 ∈ |0..10|11 []) + 109·(x_7 ∈ |0..10|11 []) + 187·(x_8 ∈ |0..10|11 []) + 230·(x_9 ∈ |0..10|11 []) + 101·(x_10 ∈ |0..10|11 []) ≤ 7760
	w7:	191·(x_1 ∈ |0..10|11 []) + 175·(x_2 ∈ |0..10|11 []) + 90·(x_3 ∈ |0..10|11 []) + 31·(x_4 ∈ |0..10|11 []) + 145·(x_5 ∈ |0..10|11 []) + 207·(x_6 ∈ |0..10|11 []) + 232·(x_7 ∈ |0..10|11 []) + 176·(x_8 ∈ |0..10|11 []) + 142·(x_9 ∈ |0..10|11 []) + 210·(x_10 ∈ |0..10|11 []) ≤ 7930
	w8:	5·(x_1 ∈ |0..10|11 []) + 160·(x_2 ∈ |0..10|11 []) + 12·(x_3 ∈ |0..10|11 []) + 165·(x_4 ∈ |0..10|11 []) + 135·(x_5 ∈ |0..10|11 []) + 247·(x_6 ∈ |0..10|11 []) + 185·(x_7 ∈ |0..10|11 []) + 205·(x_8 ∈ |0..10|11 []) + 71·(x_9 ∈ |0..10|11 []) + 103·(x_10 ∈ |0..10|11 []) ≤ 6380
	w9:	148·(x_1 ∈ |0..10|11 []) + 103·(x_2 ∈ |0..10|11 []) + 21·(x_3 ∈ |0..10|11 []) + 147·(x_4 ∈ |0..10|11 []) + 43·(x_5 ∈ |0..10|11 []) + 237·(x_6 ∈ |0..10|11 []) + 86·(x_7 ∈ |0..10|11 []) + 207·(x_8 ∈ |0..10|11 []) + 217·(x_9 ∈ |0..10|11 []) + 177·(x_10 ∈ |0..10|11 []) ≤ 6870
	w10:	237·(x_1 ∈ |0..10|11 []) + 88·(x_2 ∈ |0..10|11 []) + 35·(x_3 ∈ |0..10|11 []) + 107·(x_4 ∈ |0..10|11 []) + 38·(x_5 ∈ |0..10|11 []) + 164·(x_6 ∈ |0..10|11 []) + 213·(x_7 ∈ |0..10|11 []) + 201·(x_8 ∈ |0..10|11 []) + 48·(x_9 ∈ |0..10|11 []) + 235·(x_10 ∈ |0..10|11 []) ≤ 6770
	w11:	123·(x_1 ∈ |0..10|11 []) + 86·(x_2 ∈ |0..10|11 []) + 228·(x_3 ∈ |0..10|11 []) + 231·(x_4 ∈ |0..10|11 []) + 223·(x_5 ∈ |0..10|11 []) + 162·(x_6 ∈ |0..10|11 []) + 236·(x_7 ∈ |0..10|11 []) + 152·(x_8 ∈ |0..10|11 []) + 102·(x_9 ∈ |0..10|11 []) + 49·(x_10 ∈ |0..10|11 []) ≤ 7890
	w12:	7·(x_1 ∈ |0..10|11 []) + 75·(x_2 ∈ |0..10|11 []) + 123·(x_3 ∈ |0..10|11 []) + 42·(x_4 ∈ |0..10|11 []) + 188·(x_5 ∈ |0..10|11 []) + 220·(x_6 ∈ |0..10|11 []) + 240·(x_7 ∈ |0..10|11 []) + 96·(x_8 ∈ |0..10|11 []) + 44·(x_9 ∈ |0..10|11 []) + 217·(x_10 ∈ |0..10|11 []) ≤ 6200
	w13:	225·(x_1 ∈ |0..10|11 []) + 41·(x_2 ∈ |0..10|11 []) + 207·(x_3 ∈ |0..10|11 []) + 130·(x_4 ∈ |0..10|11 []) + 167·(x_5 ∈ |0..10|11 []) + 245·(x_6 ∈ |0..10|11 []) + 191·(x_7 ∈ |0..10|11 []) + 169·(x_8 ∈ |0..10|11 []) + 196·(x_9 ∈ |0..10|11 []) + 229·(x_10 ∈ |0..10|11 []) ≤ 8920
	w14:	23·(x_1 ∈ |0..10|11 []) + 41·(x_2 ∈ |0..10|11 []) + 216·(x_3 ∈ |0..10|11 []) + 158·(x_4 ∈ |0..10|11 []) + 234·(x_5 ∈ |0..10|11 []) + 177·(x_6 ∈ |0..10|11 []) + 51·(x_7 ∈ |0..10|11 []) + 246·(x_8 ∈ |0..10|11 []) + 50·(x_9 ∈ |0..10|11 []) + 67·(x_10 ∈ |0..10|11 []) ≤ 6260
	w15:	186·(x_1 ∈ |0..10|11 []) + 98·(x_2 ∈ |0..10|11 []) + 145·(x_3 ∈ |0..10|11 []) + 149·(x_4 ∈ |0..10|11 []) + 220·(x_5 ∈ |0..10|11 []) + 157·(x_6 ∈ |0..10|11 []) + 30·(x_7 ∈ |0..10|11 []) + 27·(x_8 ∈ |0..10|11 []) + 133·(x_9 ∈ |0..10|11 []) + 103·(x_10 ∈ |0..10|11 []) ≤ 6190
	w16:	223·(x_1 ∈ |0..10|11 []) + 67·(x_2 ∈ |0..10|11 []) + 201·(x_3 ∈ |0..10|11 []) + 240·(x_4 ∈ |0..10|11 []) + 56·(x_5 ∈ |0..10|11 []) + 19·(x_6 ∈ |0..10|11 []) + 142·(x_7 ∈ |0..10|11 []) + 26·(x_8 ∈ |0..10|11 []) + 246·(x_9 ∈ |0..10|11 []) + 86·(x_10 ∈ |0..10|11 []) ≤ 6470
	w17:	170·(x_1 ∈ |0..10|11 []) + 187·(x_2 ∈ |0..10|11 []) + 6·(x_3 ∈ |0..10|11 []) + 193·(x_4 ∈ |0..10|11 []) + 131·(x_5 ∈ |0..10|11 []) + 92·(x_6 ∈ |0..10|11 []) + (x_7 ∈ |0..10|11 []) + 33·(x_8 ∈ |0..10|11 []) + 238·(x_9 ∈ |0..10|11 []) + 37·(x_10 ∈ |0..10|11 []) ≤ 5390
	w18:	186·(x_1 ∈ |0..10|11 []) + 107·(x_2 ∈ |0..10|11 []) + 70·(x_3 ∈ |0..10|11 []) + 53·(x_4 ∈ |0..10|11 []) + 40·(x_5 ∈ |0..10|11 []) + 34·(x_6 ∈ |0..10|11 []) + 222·(x_7 ∈ |0..10|11 []) + 12·(x_8 ∈ |0..10|11 []) + 25·(x_9 ∈ |0..10|11 []) + 183·(x_10 ∈ |0..10|11 []) ≤ 4620
	w19:	67·(x_1 ∈ |0..10|11 []) + 4·(x_2 ∈ |0..10|11 []) + 148·(x_3 ∈ |0..10|11 []) + 48·(x_4 ∈ |0..10|11 []) + 187·(x_5 ∈ |0..10|11 []) + 44·(x_6 ∈ |0..10|11 []) + 68·(x_7 ∈ |0..10|11 []) + 108·(x_8 ∈ |0..10|11 []) + 215·(x_9 ∈ |0..10|11 []) + 237·(x_10 ∈ |0..10|11 []) ≤ 5580
	w20:	94·(x_1 ∈ |0..10|11 []) + 26·(x_2 ∈ |0..10|11 []) + 189·(x_3 ∈ |0..10|11 []) + 234·(x_4 ∈ |0..10|11 []) + 98·(x_5 ∈ |0..10|11 []) + 54·(x_6 ∈ |0..10|11 []) + 71·(x_7 ∈ |0..10|11 []) + 48·(x_8 ∈ |0..10|11 []) + 150·(x_9 ∈ |0..10|11 []) + 73·(x_10 ∈ |0..10|11 []) ≤ 5140
	w21:	4·(x_1 ∈ |0..10|11 []) + 5·(x_2 ∈ |0..10|11 []) + 24·(x_3 ∈ |0..10|11 []) + 89·(x_4 ∈ |0..10|11 []) + 55·(x_5 ∈ |0..10|11 []) + 178·(x_6 ∈ |0..10|11 []) + 226·(x_7 ∈ |0..10|11 []) + 33·(x_8 ∈ |0..10|11 []) + 148·(x_9 ∈ |0..10|11 []) + 19·(x_10 ∈ |0..10|11 []) ≤ 3870
	w22:	32·(x_1 ∈ |0..10|11 []) + 28·(x_2 ∈ |0..10|11 []) + 218·(x_3 ∈ |0..10|11 []) + 26·(x_4 ∈ |0..10|11 []) + 191·(x_5 ∈ |0..10|11 []) + 139·(x_6 ∈ |0..10|11 []) + 17·(x_7 ∈ |0..10|11 []) + 184·(x_8 ∈ |0..10|11 []) + 40·(x_9 ∈ |0..10|11 []) + 176·(x_10 ∈ |0..10|11 []) ≤ 5210
	w23:	39·(x_1 ∈ |0..10|11 []) + 135·(x_2 ∈ |0..10|11 []) + 126·(x_3 ∈ |0..10|11 []) + 182·(x_4 ∈ |0..10|11 []) + 225·(x_5 ∈ |0..10|11 []) + 239·(x_6 ∈ |0..10|11 []) + 212·(x_7 ∈ |0..10|11 []) + 85·(x_8 ∈ |0..10|11 []) + 206·(x_9 ∈ |0..10|11 []) + 68·(x_10 ∈ |0..10|11 []) ≤ 7520
	w24:	153·(x_1 ∈ |0..10|11 []) + 60·(x_2 ∈ |0..10|11 []) + 165·(x_3 ∈ |0..10|11 []) + 220·(x_4 ∈ |0..10|11 []) + 208·(x_5 ∈ |0..10|11 []) + 130·(x_6 ∈ |0..10|11 []) + 135·(x_7 ∈ |0..10|11 []) + 220·(x_8 ∈ |0..10|11 []) + 211·(x_9 ∈ |0..10|11 []) + 37·(x_10 ∈ |0..10|11 []) ≤ 7630
	w25:	43·(x_1 ∈ |0..10|11 []) + 69·(x_2 ∈ |0..10|11 []) + 37·(x_3 ∈ |0..10|11 []) + 11·(x_4 ∈ |0..10|11 []) + 233·(x_5 ∈ |0..10|11 []) + 22·(x_6 ∈ |0..10|11 []) + 171·(x_7 ∈ |0..10|11 []) + 76·(x_8 ∈ |0..10|11 []) + 58·(x_9 ∈ |0..10|11 []) + 156·(x_10 ∈ |0..10|11 []) ≤ 4340
	w26:	245·(x_1 ∈ |0..10|11 []) + 29·(x_2 ∈ |0..10|11 []) + 196·(x_3 ∈ |0..10|11 []) + 221·(x_4 ∈ |0..10|11 []) + 244·(x_5 ∈ |0..10|11 []) + 10·(x_6 ∈ |0..10|11 []) + 13·(x_7 ∈ |0..10|11 []) + 78·(x_8 ∈ |0..10|11 []) + 15·(x_9 ∈ |0..10|11 []) + 164·(x_10 ∈ |0..10|11 []) ≤ 6020
	w27:	229·(x_1 ∈ |0..10|11 []) + 213·(x_2 ∈ |0..10|11 []) + 192·(x_3 ∈ |0..10|11 []) + 214·(x_4 ∈ |0..10|11 []) + 49·(x_5 ∈ |0..10|11 []) + 214·(x_6 ∈ |0..10|11 []) + 40·(x_7 ∈ |0..10|11 []) + 134·(x_8 ∈ |0..10|11 []) + 152·(x_9 ∈ |0..10|11 []) + 228·(x_10 ∈ |0..10|11 []) ≤ 8250
	w28:	158·(x_1 ∈ |0..10|11 []) + 31·(x_2 ∈ |0..10|11 []) + 232·(x_3 ∈ |0..10|11 []) + 224·(x_4 ∈ |0..10|11 []) + 131·(x_5 ∈ |0..10|11 []) + 168·(x_6 ∈ |0..10|11 []) + 62·(x_7 ∈ |0..10|11 []) + 202·(x_8 ∈ |0..10|11 []) + 238·(x_9 ∈ |0..10|11 []) + 125·(x_10 ∈ |0..10|11 []) ≤ 7790
	w29:	206·(x_1 ∈ |0..10|11 []) + 114·(x_2 ∈ |0..10|11 []) + 180·(x_3 ∈ |0..10|11 []) + 86·(x_4 ∈ |0..10|11 []) + 170·(x_5 ∈ |0..10|11 []) + 193·(x_6 ∈ |0..10|11 []) + 107·(x_7 ∈ |0..10|11 []) + 6·(x_8 ∈ |0..10|11 []) + 247·(x_9 ∈ |0..10|11 []) + 96·(x_10 ∈ |0..10|11 []) ≤ 6960
	w30:	141·(x_1 ∈ |0..10|11 []) + 201·(x_2 ∈ |0..10|11 []) + 134·(x_3 ∈ |0..10|11 []) + 28·(x_4 ∈ |0..10|11 []) + 70·(x_5 ∈ |0..10|11 []) + 187·(x_6 ∈ |0..10|11 []) + 8·(x_7 ∈ |0..10|11 []) + 51·(x_8 ∈ |0..10|11 []) + 8·(x_9 ∈ |0..10|11 []) + 220·(x_10 ∈ |0..10|11 []) ≤ 5190
	w31:	195·(x_1 ∈ |0..10|11 []) + 71·(x_2 ∈ |0..10|11 []) + 188·(x_3 ∈ |0..10|11 []) + 84·(x_4 ∈ |0..10|11 []) + 106·(x_5 ∈ |0..10|11 []) + 126·(x_6 ∈ |0..10|11 []) + 112·(x_7 ∈ |0..10|11 []) + 136·(x_8 ∈ |0..10|11 []) + 195·(x_9 ∈ |0..10|11 []) + 8·(x_10 ∈ |0..10|11 []) ≤ 6050
	w32:	66·(x_1 ∈ |0..10|11 []) + 6·(x_2 ∈ |0..10|11 []) + 149·(x_3 ∈ |0..10|11 []) + 17·(x_4 ∈ |0..10|11 []) + 44·(x_5 ∈ |0..10|11 []) + 34·(x_6 ∈ |0..10|11 []) + 181·(x_7 ∈ |0..10|11 []) + 160·(x_8 ∈ |0..10|11 []) + 195·(x_9 ∈ |0..10|11 []) + 9·(x_10 ∈ |0..10|11 []) ≤ 4270
	w33:	206·(x_1 ∈ |0..10|11 []) + 123·(x_2 ∈ |0..10|11 []) + 197·(x_3 ∈ |0..10|11 []) + 16·(x_4 ∈ |0..10|11 []) + 18·(x_5 ∈ |0..10|11 []) + 89·(x_6 ∈ |0..10|11 []) + 129·(x_7 ∈ |0..10|11 []) + 119·(x_8 ∈ |0..10|11 []) + 56·(x_9 ∈ |0..10|11 []) + 60·(x_10 ∈ |0..10|11 []) ≤ 5020
	w34:	216·(x_1 ∈ |0..10|11 []) + 51·(x_2 ∈ |0..10|11 []) + 205·(x_3 ∈ |0..10|11 []) + 169·(x_4 ∈ |0..10|11 []) + 91·(x_5 ∈ |0..10|11 []) + 118·(x_6 ∈ |0..10|11 []) + 153·(x_7 ∈ |0..10|11 []) + 82·(x_8 ∈ |0..10|11 []) + 57·(x_9 ∈ |0..10|11 []) + 109·(x_10 ∈ |0..10|11 []) ≤ 6200
	w35:	113·(x_1 ∈ |0..10|11 []) + 129·(x_2 ∈ |0..10|11 []) + 136·(x_3 ∈ |0..10|11 []) + 55·(x_4 ∈ |0..10|11 []) + 2·(x_5 ∈ |0..10|11 []) + 79·(x_6 ∈ |0..10|11 []) + 92·(x_7 ∈ |0..10|11 []) + 246·(x_8 ∈ |0..10|11 []) + 231·(x_9 ∈ |0..10|11 []) + 233·(x_10 ∈ |0..10|11 []) ≤ 6520
	w36:	28·(x_1 ∈ |0..10|11 []) + 96·(x_2 ∈ |0..10|11 []) + 193·(x_3 ∈ |0..10|11 []) + 134·(x_4 ∈ |0..10|11 []) + 42·(x_5 ∈ |0..10|11 []) + 100·(x_6 ∈ |0..10|11 []) + 118·(x_7 ∈ |0..10|11 []) + 41·(x_8 ∈ |0..10|11 []) + 93·(x_9 ∈ |0..10|11 []) + 88·(x_10 ∈ |0..10|11 []) ≤ 4620
	w37:	70·(x_1 ∈ |0..10|11 []) + 162·(x_2 ∈ |0..10|11 []) + 194·(x_3 ∈ |0..10|11 []) + 71·(x_4 ∈ |0..10|11 []) + 149·(x_5 ∈ |0..10|11 []) + 10·(x_6 ∈ |0..10|11 []) + 120·(x_7 ∈ |0..10|11 []) + 110·(x_8 ∈ |0..10|11 []) + 189·(x_9 ∈ |0..10|11 []) + 175·(x_10 ∈ |0..10|11 []) ≤ 6200
	w38:	64·(x_1 ∈ |0..10|11 []) + 14·(x_2 ∈ |0..10|11 []) + 66·(x_3 ∈ |0..10|11 []) + 185·(x_4 ∈ |0..10|11 []) + 91·(x_5 ∈ |0..10|11 []) + 212·(x_6 ∈ |0..10|11 []) + 215·(x_7 ∈ |0..10|11 []) + 33·(x_8 ∈ |0..10|11 []) + 194·(x_9 ∈ |0..10|11 []) + 73·(x_10 ∈ |0..10|11 []) ≤ 5680
	w39:	79·(x_1 ∈ |0..10|11 []) + 192·(x_2 ∈ |0..10|11 []) + 3·(x_3 ∈ |0..10|11 []) + 146·(x_4 ∈ |0..10|11 []) + 4·(x_5 ∈ |0..10|11 []) + 98·(x_6 ∈ |0..10|11 []) + 81·(x_7 ∈ |0..10|11 []) + 47·(x_8 ∈ |0..10|11 []) + 4·(x_9 ∈ |0..10|11 []) + 84·(x_10 ∈ |0..10|11 []) ≤ 3660
	w40:	102·(x_1 ∈ |0..10|11 []) + 132·(x_2 ∈ |0..10|11 []) + 56·(x_3 ∈ |0..10|11 []) + 91·(x_4 ∈ |0..10|11 []) + 246·(x_5 ∈ |0..10|11 []) + 14·(x_6 ∈ |0..10|11 []) + 20·(x_7 ∈ |0..10|11 []) + 217·(x_8 ∈ |0..10|11 []) + 220·(x_9 ∈ |0..10|11 []) + 115·(x_10 ∈ |0..10|11 []) ≤ 6010
	w41:	82·(x_1 ∈ |0..10|11 []) + 102·(x_2 ∈ |0..10|11 []) + 83·(x_3 ∈ |0..10|11 []) + 48·(x_4 ∈ |0..10|11 []) + 181·(x_5 ∈ |0..10|11 []) + 236·(x_6 ∈ |0..10|11 []) + 80·(x_7 ∈ |0..10|11 []) + 153·(x_8 ∈ |0..10|11 []) + 113·(x_9 ∈ |0..10|11 []) + 232·(x_10 ∈ |0..10|11 []) ≤ 6490
	w42:	135·(x_1 ∈ |0..10|11 []) + 85·(x_2 ∈ |0..10|11 []) + 134·(x_3 ∈ |0..10|11 []) + 191·(x_4 ∈ |0..10|11 []) + 55·(x_5 ∈ |0..10|11 []) + 159·(x_6 ∈ |0..10|11 []) + 139·(x_7 ∈ |0..10|11 []) + 239·(x_8 ∈ |0..10|11 []) + 141·(x_9 ∈ |0..10|11 []) + 182·(x_10 ∈ |0..10|11 []) ≤ 7240
	w43:	94·(x_1 ∈ |0..10|11 []) + 137·(x_2 ∈ |0..10|11 []) + 168·(x_3 ∈ |0..10|11 []) + 89·(x_4 ∈ |0..10|11 []) + 53·(x_5 ∈ |0..10|11 []) + 224·(x_6 ∈ |0..10|11 []) + 134·(x_7 ∈ |0..10|11 []) + 79·(x_8 ∈ |0..10|11 []) + 146·(x_9 ∈ |0..10|11 []) + 137·(x_10 ∈ |0..10|11 []) ≤ 6250
	w44:	217·(x_1 ∈ |0..10|11 []) + 14·(x_2 ∈ |0..10|11 []) + 34·(x_3 ∈ |0..10|11 []) + 231·(x_4 ∈ |0..10|11 []) + 126·(x_5 ∈ |0..10|11 []) + 62·(x_6 ∈ |0..10|11 []) + 223·(x_7 ∈ |0..10|11 []) + 85·(x_8 ∈ |0..10|11 []) + 103·(x_9 ∈ |0..10|11 []) + 182·(x_10 ∈ |0..10|11 []) ≤ 6330
	w45:	37·(x_1 ∈ |0..10|11 []) + 187·(x_2 ∈ |0..10|11 []) + 132·(x_3 ∈ |0..10|11 []) + 164·(x_4 ∈ |0..10|11 []) + 39·(x_5 ∈ |0..10|11 []) + 144·(x_6 ∈ |0..10|11 []) + 113·(x_7 ∈ |0..10|11 []) + 98·(x_8 ∈ |0..10|11 []) + 219·(x_9 ∈ |0..10|11 []) + 50·(x_10 ∈ |0..10|11 []) ≤ 5860
	w46:	147·(x_1 ∈ |0..10|11 []) + 123·(x_2 ∈ |0..10|11 []) + 51·(x_3 ∈ |0..10|11 []) + 7·(x_4 ∈ |0..10|11 []) + 249·(x_5 ∈ |0..10|11 []) + 70·(x_6 ∈ |0..10|11 []) + 18·(x_7 ∈ |0..10|11 []) + 66·(x_8 ∈ |0..10|11 []) + 102·(x_9 ∈ |0..10|11 []) + 8·(x_10 ∈ |0..10|11 []) ≤ 4170
	w47:	106·(x_1 ∈ |0..10|11 []) + 147·(x_2 ∈ |0..10|11 []) + 228·(x_3 ∈ |0..10|11 []) + 50·(x_4 ∈ |0..10|11 []) + 18·(x_5 ∈ |0..10|11 []) + 76·(x_6 ∈ |0..10|11 []) + 74·(x_7 ∈ |0..10|11 []) + 185·(x_8 ∈ |0..10|11 []) + 243·(x_9 ∈ |0..10|11 []) + 191·(x_10 ∈ |0..10|11 []) ≤ 6530
	w48:	241·(x_1 ∈ |0..10|11 []) + 129·(x_2 ∈ |0..10|11 []) + 3·(x_3 ∈ |0..10|11 []) + 118·(x_4 ∈ |0..10|11 []) + 137·(x_5 ∈ |0..10|11 []) + 116·(x_6 ∈ |0..10|11 []) + 43·(x_7 ∈ |0..10|11 []) + 165·(x_8 ∈ |0..10|11 []) + 148·(x_9 ∈ |0..10|11 []) + 169·(x_10 ∈ |0..10|11 []) ≤ 6290
	w49:	205·(x_1 ∈ |0..10|11 []) + 210·(x_2 ∈ |0..10|11 []) + 68·(x_3 ∈ |0..10|11 []) + 145·(x_4 ∈ |0..10|11 []) + 75·(x_5 ∈ |0..10|11 []) + 46·(x_6 ∈ |0..10|11 []) + 88·(x_7 ∈ |0..10|11 []) + 91·(x_8 ∈ |0..10|11 []) + 35·(x_9 ∈ |0..10|11 []) + 168·(x_10 ∈ |0..10|11 []) ≤ 5600
	w50:	199·(x_1 ∈ |0..10|11 []) + 199·(x_2 ∈ |0..10|11 []) + 193·(x_3 ∈ |0..10|11 []) + 219·(x_4 ∈ |0..10|11 []) + 207·(x_5 ∈ |0..10|11 []) + 60·(x_6 ∈ |0..10|11 []) + 3·(x_7 ∈ |0..10|11 []) + 206·(x_8 ∈ |0..10|11 []) + 159·(x_9 ∈ |0..10|11 []) + 221·(x_10 ∈ |0..10|11 []) ≤ 8260
	w51:	122·(x_1 ∈ |0..10|11 []) + 76·(x_2 ∈ |0..10|11 []) + 21·(x_3 ∈ |0..10|11 []) + 149·(x_4 ∈ |0..10|11 []) + 80·(x_5 ∈ |0..10|11 []) + 21·(x_6 ∈ |0..10|11 []) + 206·(x_7 ∈ |0..10|11 []) + 144·(x_8 ∈ |0..10|11 []) + 169·(x_9 ∈ |0..10|11 []) + 41·(x_10 ∈ |0..10|11 []) ≤ 5100
	w52:	195·(x_1 ∈ |0..10|11 []) + 168·(x_2 ∈ |0..10|11 []) + 238·(x_3 ∈ |0..10|11 []) + 190·(x_4 ∈ |0..10|11 []) + 197·(x_5 ∈ |0..10|11 []) + 137·(x_6 ∈ |0..10|11 []) + 123·(x_7 ∈ |0..10|11 []) + 232·(x_8 ∈ |0..10|11 []) + 187·(x_9 ∈ |0..10|11 []) + 53·(x_10 ∈ |0..10|11 []) ≤ 8530
	w53:	58·(x_1 ∈ |0..10|11 []) + 236·(x_2 ∈ |0..10|11 []) + 133·(x_3 ∈ |0..10|11 []) + 135·(x_4 ∈ |0..10|11 []) + 198·(x_5 ∈ |0..10|11 []) + 115·(x_6 ∈ |0..10|11 []) + 237·(x_7 ∈ |0..10|11 []) + 90·(x_8 ∈ |0..10|11 []) + 130·(x_9 ∈ |0..10|11 []) + 160·(x_10 ∈ |0..10|11 []) ≤ 7400
	w54:	124·(x_1 ∈ |0..10|11 []) + 188·(x_2 ∈ |0..10|11 []) + 83·(x_3 ∈ |0..10|11 []) + 189·(x_4 ∈ |0..10|11 []) + 43·(x_5 ∈ |0..10|11 []) + 225·(x_6 ∈ |0..10|11 []) + 133·(x_7 ∈ |0..10|11 []) + 32·(x_8 ∈ |0..10|11 []) + 31·(x_9 ∈ |0..10|11 []) + 112·(x_10 ∈ |0..10|11 []) ≤ 5750
	w55:	20·(x_1 ∈ |0..10|11 []) + 109·(x_2 ∈ |0..10|11 []) + 172·(x_3 ∈ |0..10|11 []) + 205·(x_4 ∈ |0..10|11 []) + 230·(x_5 ∈ |0..10|11 []) + 79·(x_6 ∈ |0..10|11 []) + 242·(x_7 ∈ |0..10|11 []) + 155·(x_8 ∈ |0..10|11 []) + 249·(x_9 ∈ |0..10|11 []) + 138·(x_10 ∈ |0..10|11 []) ≤ 7930
	w56:	24·(x_1 ∈ |0..10|11 []) + 123·(x_2 ∈ |0..10|11 []) + 55·(x_3 ∈ |0..10|11 []) + 141·(x_4 ∈ |0..10|11 []) + 222·(x_5 ∈ |0..10|11 []) + 63·(x_6 ∈ |0..10|11 []) + 26·(x_7 ∈ |0..10|11 []) + 24·(x_8 ∈ |0..10|11 []) + 42·(x_9 ∈ |0..10|11 []) + 131·(x_10 ∈ |0..10|11 []) ≤ 4220
	w57:	80·(x_1 ∈ |0..10|11 []) + 43·(x_2 ∈ |0..10|11 []) + 125·(x_3 ∈ |0..10|11 []) + 20·(x_4 ∈ |0..10|11 []) + 55·(x_5 ∈ |0..10|11 []) + 205·(x_6 ∈ |0..10|11 []) + 154·(x_7 ∈ |0..10|11 []) + 63·(x_8 ∈ |0..10|11 []) + 213·(x_9 ∈ |0..10|11 []) + 167·(x_10 ∈ |0..10|11 []) ≤ 5580
	w58:	9·(x_1 ∈ |0..10|11 []) + 97·(x_2 ∈ |0..10|11 []) + 102·(x_3 ∈ |0..10|11 []) + 168·(x_4 ∈ |0..10|11 []) + 147·(x_5 ∈ |0..10|11 []) + 142·(x_6 ∈ |0..10|11 []) + 47·(x_7 ∈ |0..10|11 []) + 154·(x_8 ∈ |0..10|11 []) + 163·(x_9 ∈ |0..10|11 []) + 210·(x_10 ∈ |0..10|11 []) ≤ 6140
	w59:	62·(x_1 ∈ |0..10|11 []) + 151·(x_2 ∈ |0..10|11 []) + 9·(x_3 ∈ |0..10|11 []) + 213·(x_4 ∈ |0..10|11 []) + 137·(x_5 ∈ |0..10|11 []) + 39·(x_6 ∈ |0..10|11 []) + 228·(x_7 ∈ |0..10|11 []) + 34·(x_8 ∈ |0..10|11 []) + 82·(x_9 ∈ |0..10|11 []) + 127·(x_10 ∈ |0..10|11 []) ≤ 5360
	w60:	101·(x_1 ∈ |0..10|11 []) + 57·(x_2 ∈ |0..10|11 []) + 82·(x_3 ∈ |0..10|11 []) + 208·(x_4 ∈ |0..10|11 []) + 208·(x_5 ∈ |0..10|11 []) + 64·(x_6 ∈ |0..10|11 []) + 71·(x_7 ∈ |0..10|11 []) + 167·(x_8 ∈ |0..10|11 []) + 74·(x_9 ∈ |0..10|11 []) + 196·(x_10 ∈ |0..10|11 []) ≤ 6090
	w61:	98·(x_1 ∈ |0..10|11 []) + 162·(x_2 ∈ |0..10|11 []) + 20·(x_3 ∈ |0..10|11 []) + 39·(x_4 ∈ |0..10|11 []) + 117·(x_5 ∈ |0..10|11 []) + 159·(x_6 ∈ |0..10|11 []) + 118·(x_7 ∈ |0..10|11 []) + 173·(x_8 ∈ |0..10|11 []) + 168·(x_9 ∈ |0..10|11 []) + 203·(x_10 ∈ |0..10|11 []) ≤ 6230
	w62:	159·(x_1 ∈ |0..10|11 []) + 164·(x_2 ∈ |0..10|11 []) + 11·(x_3 ∈ |0..10|11 []) + 10·(x_4 ∈ |0..10|11 []) + 17·(x_5 ∈ |0..10|11 []) + 78·(x_6 ∈ |0..10|11 []) + 238·(x_7 ∈ |0..10|11 []) + 88·(x_8 ∈ |0..10|11 []) + 57·(x_9 ∈ |0..10|11 []) + 7·(x_10 ∈ |0..10|11 []) ≤ 4110
	w63:	78·(x_1 ∈ |0..10|11 []) + 12·(x_2 ∈ |0..10|11 []) + 123·(x_3 ∈ |0..10|11 []) + 198·(x_4 ∈ |0..10|11 []) + 19·(x_5 ∈ |0..10|11 []) + 136·(x_6 ∈ |0..10|11 []) + 137·(x_7 ∈ |0..10|11 []) + 5·(x_8 ∈ |0..10|11 []) + 174·(x_9 ∈ |0..10|11 []) + 226·(x_10 ∈ |0..10|11 []) ≤ 5490
	w64:	216·(x_1 ∈ |0..10|11 []) + 249·(x_2 ∈ |0..10|11 []) + 121·(x_3 ∈ |0..10|11 []) + 55·(x_4 ∈ |0..10|11 []) + 21·(x_5 ∈ |0..10|11 []) + 243·(x_6 ∈ |0..10|11 []) + 68·(x_7 ∈ |0..10|11 []) + 222·(x_8 ∈ |0..10|11 []) + (x_9 ∈ |0..10|11 []) + 115·(x_10 ∈ |0..10|11 []) ≤ 6500
	w65:	39·(x_1 ∈ |0..10|11 []) + 147·(x_2 ∈ |0..10|11 []) + 61·(x_3 ∈ |0..10|11 []) + 31·(x_4 ∈ |0..10|11 []) + 134·(x_5 ∈ |0..10|11 []) + 3·(x_6 ∈ |0..10|11 []) + 206·(x_7 ∈ |0..10|11 []) + 13·(x_8 ∈ |0..10|11 []) + 24·(x_9 ∈ |0..10|11 []) + 208·(x_10 ∈ |0..10|11 []) ≤ 4290
	w66:	129·(x_1 ∈ |0..10|11 []) + 236·(x_2 ∈ |0..10|11 []) + 148·(x_3 ∈ |0..10|11 []) + 83·(x_4 ∈ |0..10|11 []) + 166·(x_5 ∈ |0..10|11 []) + 36·(x_6 ∈ |0..10|11 []) + 243·(x_7 ∈ |0..10|11 []) + 10·(x_8 ∈ |0..10|11 []) + 154·(x_9 ∈ |0..10|11 []) + 227·(x_10 ∈ |0..10|11 []) ≤ 7100
	w67:	121·(x_1 ∈ |0..10|11 []) + 30·(x_2 ∈ |0..10|11 []) + 118·(x_3 ∈ |0..10|11 []) + 81·(x_4 ∈ |0..10|11 []) + 11·(x_5 ∈ |0..10|11 []) + 97·(x_6 ∈ |0..10|11 []) + 204·(x_7 ∈ |0..10|11 []) + (x_8 ∈ |0..10|11 []) + 167·(x_9 ∈ |0..10|11 []) + 145·(x_10 ∈ |0..10|11 []) ≤ 4830
	w68:	129·(x_1 ∈ |0..10|11 []) + 67·(x_2 ∈ |0..10|11 []) + 145·(x_3 ∈ |0..10|11 []) + 93·(x_4 ∈ |0..10|11 []) + 245·(x_5 ∈ |0..10|11 []) + 116·(x_6 ∈ |0..10|11 []) + 63·(x_7 ∈ |0..10|11 []) + 80·(x_8 ∈ |0..10|11 []) + 48·(x_9 ∈ |0..10|11 []) + 38·(x_10 ∈ |0..10|11 []) ≤ 5070
	w69:	92·(x_1 ∈ |0..10|11 []) + 162·(x_2 ∈ |0..10|11 []) + 178·(x_3 ∈ |0..10|11 []) + 21·(x_4 ∈ |0..10|11 []) + 173·(x_5 ∈ |0..10|11 []) + 83·(x_6 ∈ |0..10|11 []) + 204·(x_7 ∈ |0..10|11 []) + 233·(x_8 ∈ |0..10|11 []) + 122·(x_9 ∈ |0..10|11 []) + 3·(x_10 ∈ |0..10|11 []) ≤ 6300
	w70:	83·(x_1 ∈ |0..10|11 []) + 143·(x_2 ∈ |0..10|11 []) + 211·(x_3 ∈ |0..10|11 []) + 111·(x_4 ∈ |0..10|11 []) + 212·(x_5 ∈ |0..10|11 []) + 91·(x_6 ∈ |0..10|11 []) + 58·(x_7 ∈ |0..10|11 []) + 223·(x_8 ∈ |0..10|11 []) + 128·(x_9 ∈ |0..10|11 []) + 199·(x_10 ∈ |0..10|11 []) ≤ 7230
	w71:	55·(x_1 ∈ |0..10|11 []) + 68·(x_2 ∈ |0..10|11 []) + 140·(x_3 ∈ |0..10|11 []) + 15·(x_4 ∈ |0..10|11 []) + 145·(x_5 ∈ |0..10|11 []) + 154·(x_6 ∈ |0..10|11 []) + 91·(x_7 ∈ |0..10|11 []) + 244·(x_8 ∈ |0..10|11 []) + 230·(x_9 ∈ |0..10|11 []) + 194·(x_10 ∈ |0..10|11 []) ≤ 6620
	w72:	20·(x_1 ∈ |0..10|11 []) + 108·(x_2 ∈ |0..10|11 []) + 147·(x_3 ∈ |0..10|11 []) + 38·(x_4 ∈ |0..10|11 []) + 76·(x_5 ∈ |0..10|11 []) + 73·(x_6 ∈ |0..10|11 []) + 218·(x_7 ∈ |0..10|11 []) + 125·(x_8 ∈ |0..10|11 []) + 165·(x_9 ∈ |0..10|11 []) + 86·(x_10 ∈ |0..10|11 []) ≤ 5230
	w73:	127·(x_1 ∈ |0..10|11 []) + 156·(x_2 ∈ |0..10|11 []) + 24·(x_3 ∈ |0..10|11 []) + 204·(x_4 ∈ |0..10|11 []) + 101·(x_5 ∈ |0..10|11 []) + 111·(x_6 ∈ |0..10|11 []) + 246·(x_7 ∈ |0..10|11 []) + 193·(x_8 ∈ |0..10|11 []) + 198·(x_9 ∈ |0..10|11 []) + 203·(x_10 ∈ |0..10|11 []) ≤ 7750
	w74:	192·(x_1 ∈ |0..10|11 []) + 217·(x_2 ∈ |0..10|11 []) + 134·(x_3 ∈ |0..10|11 []) + 57·(x_4 ∈ |0..10|11 []) + 114·(x_5 ∈ |0..10|11 []) + 66·(x_6 ∈ |0..10|11 []) + 152·(x_7 ∈ |0..10|11 []) + 31·(x_8 ∈ |0..10|11 []) + 242·(x_9 ∈ |0..10|11 []) + 145·(x_10 ∈ |0..10|11 []) ≤ 6690
	w75:	5·(x_1 ∈ |0..10|11 []) + 151·(x_2 ∈ |0..10|11 []) + 32·(x_3 ∈ |0..10|11 []) + 215·(x_4 ∈ |0..10|11 []) + 172·(x_5 ∈ |0..10|11 []) + 129·(x_6 ∈ |0..10|11 []) + 142·(x_7 ∈ |0..10|11 []) + 233·(x_8 ∈ |0..10|11 []) + 126·(x_9 ∈ |0..10|11 []) + 27·(x_10 ∈ |0..10|11 []) ≤ 6110
	w76:	134·(x_1 ∈ |0..10|11 []) + 35·(x_2 ∈ |0..10|11 []) + 123·(x_3 ∈ |0..10|11 []) + 14·(x_4 ∈ |0..10|11 []) + 175·(x_5 ∈ |0..10|11 []) + 45·(x_6 ∈ |0..10|11 []) + 60·(x_7 ∈ |0..10|11 []) + 48·(x_8 ∈ |0..10|11 []) + 174·(x_9 ∈ |0..10|11 []) + 54·(x_10 ∈ |0..10|11 []) ≤ 4270
	w77:	246·(x_1 ∈ |0..10|11 []) + 164·(x_2 ∈ |0..10|11 []) + 175·(x_3 ∈ |0..10|11 []) + 33·(x_4 ∈ |0..10|11 []) + 245·(x_5 ∈ |0..10|11 []) + 135·(x_6 ∈ |0..10|11 []) + 99·(x_7 ∈ |0..10|11 []) + 82·(x_8 ∈ |0..10|11 []) + 133·(x_9 ∈ |0..10|11 []) + 151·(x_10 ∈ |0..10|11 []) ≤ 7250
	w78:	104·(x_1 ∈ |0..10|11 []) + 52·(x_2 ∈ |0..10|11 []) + 88·(x_3 ∈ |0..10|11 []) + 32·(x_4 ∈ |0..10|11 []) + 162·(x_5 ∈ |0..10|11 []) + 95·(x_6 ∈ |0..10|11 []) + 93·(x_7 ∈ |0..10|11 []) + 49·(x_8 ∈ |0..10|11 []) + 89·(x_9 ∈ |0..10|11 []) + 37·(x_10 ∈ |0..10|11 []) ≤ 3970
	w79:	90·(x_1 ∈ |0..10|11 []) + 222·(x_2 ∈ |0..10|11 []) + 68·(x_3 ∈ |0..10|11 []) + 176·(x_4 ∈ |0..10|11 []) + 83·(x_5 ∈ |0..10|11 []) + 3·(x_6 ∈ |0..10|11 []) + 148·(x_7 ∈ |0..10|11 []) + 157·(x_8 ∈ |0..10|11 []) + 207·(x_9 ∈ |0..10|11 []) + 88·(x_10 ∈ |0..10|11 []) ≤ 6160
	w80:	98·(x_1 ∈ |0..10|11 []) + 132·(x_2 ∈ |0..10|11 []) + 139·(x_3 ∈ |0..10|11 []) + 99·(x_4 ∈ |0..10|11 []) + 200·(x_5 ∈ |0..10|11 []) + 97·(x_6 ∈ |0..10|11 []) + 99·(x_7 ∈ |0..10|11 []) + 43·(x_8 ∈ |0..10|11 []) + 135·(x_9 ∈ |0..10|11 []) + 154·(x_10 ∈ |0..10|11 []) ≤ 5930
	w81:	176·(x_1 ∈ |0..10|11 []) + 179·(x_2 ∈ |0..10|11 []) + 95·(x_3 ∈ |0..10|11 []) + 118·(x_4 ∈ |0..10|11 []) + 197·(x_5 ∈ |0..10|11 []) + 236·(x_6 ∈ |0..10|11 []) + 147·(x_7 ∈ |0..10|11 []) + 104·(x_8 ∈ |0..10|11 []) + 29·(x_9 ∈ |0..10|11 []) + 187·(x_10 ∈ |0..10|11 []) ≤ 7280
	w82:	70·(x_1 ∈ |0..10|11 []) + 23·(x_2 ∈ |0..10|11 []) + 54·(x_3 ∈ |0..10|11 []) + 150·(x_4 ∈ |0..10|11 []) + 185·(x_5 ∈ |0..10|11 []) + 113·(x_6 ∈ |0..10|11 []) + 139·(x_7 ∈ |0..10|11 []) + 196·(x_8 ∈ |0..10|11 []) + 52·(x_9 ∈ |0..10|11 []) + 16·(x_10 ∈ |0..10|11 []) ≤ 4950
	w83:	227·(x_1 ∈ |0..10|11 []) + 10·(x_2 ∈ |0..10|11 []) + 15·(x_3 ∈ |0..10|11 []) + 203·(x_4 ∈ |0..10|11 []) + 24·(x_5 ∈ |0..10|11 []) + 211·(x_6 ∈ |0..10|11 []) + 12·(x_7 ∈ |0..10|11 []) + 101·(x_8 ∈ |0..10|11 []) + 115·(x_9 ∈ |0..10|11 []) + 39·(x_10 ∈ |0..10|11 []) ≤ 4740
	w84:	165·(x_1 ∈ |0..10|11 []) + 98·(x_2 ∈ |0..10|11 []) + 208·(x_3 ∈ |0..10|11 []) + 227·(x_4 ∈ |0..10|11 []) + 93·(x_5 ∈ |0..10|11 []) + 15·(x_6 ∈ |0..10|11 []) + 91·(x_7 ∈ |0..10|11 []) + 152·(x_8 ∈ |0..10|11 []) + 5·(x_9 ∈ |0..10|11 []) + 42·(x_10 ∈ |0..10|11 []) ≤ 5430
	w85:	120·(x_1 ∈ |0..10|11 []) + 53·(x_2 ∈ |0..10|11 []) + 129·(x_3 ∈ |0..10|11 []) + 207·(x_4 ∈ |0..10|11 []) + 81·(x_5 ∈ |0..10|11 []) + 163·(x_6 ∈ |0..10|11 []) + 73·(x_7 ∈ |0..10|11 []) + 175·(x_8 ∈ |0..10|11 []) + 86·(x_9 ∈ |0..10|11 []) + 42·(x_10 ∈ |0..10|11 []) ≤ 5590
	w86:	126·(x_1 ∈ |0..10|11 []) + 244·(x_2 ∈ |0..10|11 []) + 210·(x_3 ∈ |0..10|11 []) + 194·(x_4 ∈ |0..10|11 []) + 62·(x_5 ∈ |0..10|11 []) + 52·(x_6 ∈ |0..10|11 []) + 42·(x_7 ∈ |0..10|11 []) + 191·(x_8 ∈ |0..10|11 []) + 204·(x_9 ∈ |0..10|11 []) + 93·(x_10 ∈ |0..10|11 []) ≤ 7030
	w87:	234·(x_1 ∈ |0..10|11 []) + 106·(x_2 ∈ |0..10|11 []) + 137·(x_3 ∈ |0..10|11 []) + 155·(x_4 ∈ |0..10|11 []) + 209·(x_5 ∈ |0..10|11 []) + 37·(x_6 ∈ |0..10|11 []) + 140·(x_7 ∈ |0..10|11 []) + 240·(x_8 ∈ |0..10|11 []) + 249·(x_9 ∈ |0..10|11 []) + 145·(x_10 ∈ |0..10|11 []) ≤ 8190
	w88:	211·(x_1 ∈ |0..10|11 []) + 48·(x_2 ∈ |0..10|11 []) + 45·(x_3 ∈ |0..10|11 []) + 119·(x_4 ∈ |0..10|11 []) + 194·(x_5 ∈ |0..10|11 []) + 81·(x_6 ∈ |0..10|11 []) + 208·(x_7 ∈ |0..10|11 []) + 162·(x_8 ∈ |0..10|11 []) + 84·(x_9 ∈ |0..10|11 []) + 229·(x_10 ∈ |0..10|11 []) ≤ 6840
	w89:	62·(x_1 ∈ |0..10|11 []) + 200·(x_2 ∈ |0..10|11 []) + 166·(x_3 ∈ |0..10|11 []) + 68·(x_4 ∈ |0..10|11 []) + 11·(x_5 ∈ |0..10|11 []) + 9·(x_6 ∈ |0..10|11 []) + 9·(x_7 ∈ |0..10|11 []) + 241·(x_8 ∈ |0..10|11 []) + 199·(x_9 ∈ |0..10|11 []) + 35·(x_10 ∈ |0..10|11 []) ≤ 4960
	w90:	163·(x_1 ∈ |0..10|11 []) + 42·(x_2 ∈ |0..10|11 []) + 239·(x_3 ∈ |0..10|11 []) + 143·(x_4 ∈ |0..10|11 []) + 204·(x_5 ∈ |0..10|11 []) + 62·(x_6 ∈ |0..10|11 []) + (x_7 ∈ |0..10|11 []) + 88·(x_8 ∈ |0..10|11 []) + 17·(x_9 ∈ |0..10|11 []) + 180·(x_10 ∈ |0..10|11 []) ≤ 5640
	w91:	158·(x_1 ∈ |0..10|11 []) + 145·(x_2 ∈ |0..10|11 []) + 191·(x_3 ∈ |0..10|11 []) + 147·(x_4 ∈ |0..10|11 []) + 107·(x_5 ∈ |0..10|11 []) + 112·(x_6 ∈ |0..10|11 []) + 94·(x_7 ∈ |0..10|11 []) + 27·(x_8 ∈ |0..10|11 []) + 34·(x_9 ∈ |0..10|11 []) + 47·(x_10 ∈ |0..10|11 []) ≤ 5260
	w92:	28·(x_1 ∈ |0..10|11 []) + 75·(x_2 ∈ |0..10|11 []) + 194·(x_3 ∈ |0..10|11 []) + 249·(x_4 ∈ |0..10|11 []) + 248·(x_5 ∈ |0..10|11 []) + 138·(x_6 ∈ |0..10|11 []) + 212·(x_7 ∈ |0..10|11 []) + 80·(x_8 ∈ |0..10|11 []) + 3·(x_9 ∈ |0..10|11 []) + 176·(x_10 ∈ |0..10|11 []) ≤ 6950
	w93:	156·(x_1 ∈ |0..10|11 []) + 244·(x_2 ∈ |0..10|11 []) + 173·(x_3 ∈ |0..10|11 []) + 143·(x_4 ∈ |0..10|11 []) + 203·(x_5 ∈ |0..10|11 []) + 132·(x_6 ∈ |0..10|11 []) + 78·(x_7 ∈ |0..10|11 []) + 193·(x_8 ∈ |0..10|11 []) + 207·(x_9 ∈ |0..10|11 []) + 221·(x_10 ∈ |0..10|11 []) ≤ 8680
	w94:	235·(x_1 ∈ |0..10|11 []) + 109·(x_2 ∈ |0..10|11 []) + 91·(x_3 ∈ |0..10|11 []) + 187·(x_4 ∈ |0..10|11 []) + 171·(x_5 ∈ |0..10|11 []) + 2·(x_6 ∈ |0..10|11 []) + 141·(x_7 ∈ |0..10|11 []) + 84·(x_8 ∈ |0..10|11 []) + 66·(x_9 ∈ |0..10|11 []) + 72·(x_10 ∈ |0..10|11 []) ≤ 5740
	w95:	240·(x_1 ∈ |0..10|11 []) + 53·(x_2 ∈ |0..10|11 []) + 50·(x_3 ∈ |0..10|11 []) + 47·(x_4 ∈ |0..10|11 []) + 190·(x_5 ∈ |0..10|11 []) + 165·(x_6 ∈ |0..10|11 []) + 6·(x_7 ∈ |0..10|11 []) + 133·(x_8 ∈ |0..10|11 []) + 204·(x_9 ∈ |0..10|11 []) + 111·(x_10 ∈ |0..10|11 []) ≤ 5940
	w96:	136·(x_1 ∈ |0..10|11 []) + 2·(x_2 ∈ |0..10|11 []) + 174·(x_3 ∈ |0..10|11 []) + 112·(x_4 ∈ |0..10|11 []) + 29·(x_5 ∈ |0..10|11 []) + 109·(x_6 ∈ |0..10|11 []) + 80·(x_7 ∈ |0..10|11 []) + 223·(x_8 ∈ |0..10|11 []) + 105·(x_9 ∈ |0..10|11 []) + 78·(x_10 ∈ |0..10|11 []) ≤ 5190
	w97:	61·(x_1 ∈ |0..10|11 []) + 191·(x_2 ∈ |0..10|11 []) + 138·(x_3 ∈ |0..10|11 []) + 102·(x_4 ∈ |0..10|11 []) + 173·(x_5 ∈ |0..10|11 []) + (x_6 ∈ |0..10|11 []) + 190·(x_7 ∈ |0..10|11 []) + 146·(x_8 ∈ |0..10|11 []) + 63·(x_9 ∈ |0..10|11 []) + 67·(x_10 ∈ |0..10|11 []) ≤ 5610
	w98:	168·(x_1 ∈ |0..10|11 []) + 219·(x_2 ∈ |0..10|11 []) + 190·(x_3 ∈ |0..10|11 []) + 239·(x_4 ∈ |0..10|11 []) + 16·(x_5 ∈ |0..10|11 []) + 66·(x_6 ∈ |0..10|11 []) + 166·(x_7 ∈ |0..10|11 []) + 220·(x_8 ∈ |0..10|11 []) + 104·(x_9 ∈ |0..10|11 []) + 207·(x_10 ∈ |0..10|11 []) ≤ 7910
	w99:	167·(x_1 ∈ |0..10|11 []) + 132·(x_2 ∈ |0..10|11 []) + 6·(x_3 ∈ |0..10|11 []) + 178·(x_4 ∈ |0..10|11 []) + 160·(x_5 ∈ |0..10|11 []) + 235·(x_6 ∈ |0..10|11 []) + 33·(x_7 ∈ |0..10|11 []) + 142·(x_8 ∈ |0..10|11 []) + 248·(x_9 ∈ |0..10|11 []) + 119·(x_10 ∈ |0..10|11 []) ≤ 7040
	w100:	128·(x_1 ∈ |0..10|11 []) + 248·(x_2 ∈ |0..10|11 []) + 224·(x_3 ∈ |0..10|11 []) + 158·(x_4 ∈ |0..10|11 []) + 219·(x_5 ∈ |0..10|11 []) + 18·(x_6 ∈ |0..10|11 []) + 102·(x_7 ∈ |0..10|11 []) + 34·(x_8 ∈ |0..10|11 []) + 231·(x_9 ∈ |0..10|11 []) + 160·(x_10 ∈ |0..10|11 []) ≤ 7540
	w101:	157·(x_1 ∈ |0..10|11 []) + 130·(x_2 ∈ |0..10|11 []) + 39·(x_3 ∈ |0..10|11 []) + 2·(x_4 ∈ |0..10|11 []) + 246·(x_5 ∈ |0..10|11 []) + 159·(x_6 ∈ |0..10|11 []) + 4·(x_7 ∈ |0..10|11 []) + 218·(x_8 ∈ |0..10|11 []) + 191·(x_9 ∈ |0..10|11 []) + 201·(x_10 ∈ |0..10|11 []) ≤ 6680
	w102:	86·(x_1 ∈ |0..10|11 []) + 115·(x_2 ∈ |0..10|11 []) + 227·(x_3 ∈ |0..10|11 []) + 66·(x_4 ∈ |0..10|11 []) + 213·(x_5 ∈ |0..10|11 []) + (x_6 ∈ |0..10|11 []) + 67·(x_7 ∈ |0..10|11 []) + 99·(x_8 ∈ |0..10|11 []) + 174·(x_9 ∈ |0..10|11 []) + 199·(x_10 ∈ |0..10|11 []) ≤ 6180
	w103:	241·(x_1 ∈ |0..10|11 []) + 179·(x_2 ∈ |0..10|11 []) + 16·(x_3 ∈ |0..10|11 []) + 177·(x_4 ∈ |0..10|11 []) + 171·(x_5 ∈ |0..10|11 []) + 137·(x_6 ∈ |0..10|11 []) + 178·(x_7 ∈ |0..10|11 []) + 227·(x_8 ∈ |0..10|11 []) + 102·(x_9 ∈ |0..10|11 []) + 181·(x_10 ∈ |0..10|11 []) ≤ 7980
	w104:	74·(x_1 ∈ |0..10|11 []) + 224·(x_2 ∈ |0..10|11 []) + 39·(x_3 ∈ |0..10|11 []) + 149·(x_4 ∈ |0..10|11 []) + 65·(x_5 ∈ |0..10|11 []) + 100·(x_6 ∈ |0..10|11 []) + 68·(x_7 ∈ |0..10|11 []) + 40·(x_8 ∈ |0..10|11 []) + 208·(x_9 ∈ |0..10|11 []) + 75·(x_10 ∈ |0..10|11 []) ≤ 5160
	w105:	116·(x_1 ∈ |0..10|11 []) + 216·(x_2 ∈ |0..10|11 []) + 53·(x_3 ∈ |0..10|11 []) + 248·(x_4 ∈ |0..10|11 []) + 240·(x_5 ∈ |0..10|11 []) + 143·(x_6 ∈ |0..10|11 []) + 137·(x_7 ∈ |0..10|11 []) + 144·(x_8 ∈ |0..10|11 []) + 78·(x_9 ∈ |0..10|11 []) + 162·(x_10 ∈ |0..10|11 []) ≤ 7620
	w106:	186·(x_1 ∈ |0..10|11 []) + 43·(x_2 ∈ |0..10|11 []) + 243·(x_3 ∈ |0..10|11 []) + 74·(x_4 ∈ |0..10|11 []) + 201·(x_5 ∈ |0..10|11 []) + 205·(x_6 ∈ |0..10|11 []) + 206·(x_7 ∈ |0..10|11 []) + 208·(x_8 ∈ |0..10|11 []) + 173·(x_9 ∈ |0..10|11 []) + 241·(x_10 ∈ |0..10|11 []) ≤ 8820
	w107:	158·(x_1 ∈ |0..10|11 []) + 227·(x_2 ∈ |0..10|11 []) + 190·(x_3 ∈ |0..10|11 []) + 109·(x_4 ∈ |0..10|11 []) + 190·(x_5 ∈ |0..10|11 []) + 218·(x_6 ∈ |0..10|11 []) + 166·(x_7 ∈ |0..10|11 []) + 195·(x_8 ∈ |0..10|11 []) + 107·(x_9 ∈ |0..10|11 []) + 135·(x_10 ∈ |0..10|11 []) ≤ 8400
	w108:	226·(x_1 ∈ |0..10|11 []) + 107·(x_2 ∈ |0..10|11 []) + 31·(x_3 ∈ |0..10|11 []) + 171·(x_4 ∈ |0..10|11 []) + 41·(x_5 ∈ |0..10|11 []) + 171·(x_6 ∈ |0..10|11 []) + 148·(x_7 ∈ |0..10|11 []) + 223·(x_8 ∈ |0..10|11 []) + 12·(x_9 ∈ |0..10|11 []) + 45·(x_10 ∈ |0..10|11 []) ≤ 5820
	w109:	132·(x_1 ∈ |0..10|11 []) + 225·(x_2 ∈ |0..10|11 []) + 2·(x_3 ∈ |0..10|11 []) + 187·(x_4 ∈ |0..10|11 []) + 74·(x_5 ∈ |0..10|11 []) + 110·(x_6 ∈ |0..10|11 []) + 207·(x_7 ∈ |0..10|11 []) + 237·(x_8 ∈ |0..10|11 []) + 149·(x_9 ∈ |0..10|11 []) + 246·(x_10 ∈ |0..10|11 []) ≤ 7780
	w110:	137·(x_1 ∈ |0..10|11 []) + 162·(x_2 ∈ |0..10|11 []) + 226·(x_3 ∈ |0..10|11 []) + 79·(x_4 ∈ |0..10|11 []) + 154·(x_5 ∈ |0..10|11 []) + 186·(x_6 ∈ |0..10|11 []) + 14·(x_7 ∈ |0..10|11 []) + 51·(x_8 ∈ |0..10|11 []) + (x_9 ∈ |0..10|11 []) + 127·(x_10 ∈ |0..10|11 []) ≤ 5630
	w111:	13·(x_1 ∈ |0..10|11 []) + 229·(x_2 ∈ |0..10|11 []) + 105·(x_3 ∈ |0..10|11 []) + 140·(x_4 ∈ |0..10|11 []) + 68·(x_5 ∈ |0..10|11 []) + 16·(x_6 ∈ |0..10|11 []) + 177·(x_7 ∈ |0..10|11 []) + 92·(x_8 ∈ |0..10|11 []) + 14·(x_9 ∈ |0..10|11 []) + 52·(x_10 ∈ |0..10|11 []) ≤ 4490
	w112:	219·(x_1 ∈ |0..10|11 []) + 122·(x_2 ∈ |0..10|11 []) + 231·(x_3 ∈ |0..10|11 []) + 22·(x_4 ∈ |0..10|11 []) + 156·(x_5 ∈ |0..10|11 []) + 27·(x_6 ∈ |0..10|11 []) + 7·(x_7 ∈ |0..10|11 []) + 66·(x_8 ∈ |0..10|11 []) + 222·(x_9 ∈ |0..10|11 []) + 19·(x_10 ∈ |0..10|11 []) ≤ 5410
	w113:	187·(x_1 ∈ |0..10|11 []) + 150·(x_2 ∈ |0..10|11 []) + 151·(x_3 ∈ |0..10|11 []) + 65·(x_4 ∈ |0..10|11 []) + 146·(x_5 ∈ |0..10|11 []) + 160·(x_6 ∈ |0..10|11 []) + 198·(x_7 ∈ |0..10|11 []) + 198·(x_8 ∈ |0..10|11 []) + 225·(x_9 ∈ |0..10|11 []) + 191·(x_10 ∈ |0..10|11 []) ≤ 8280
	w114:	56·(x_1 ∈ |0..10|11 []) + 78·(x_2 ∈ |0..10|11 []) + 31·(x_3 ∈ |0..10|11 []) + 9·(x_4 ∈ |0..10|11 []) + 238·(x_5 ∈ |0..10|11 []) + 114·(x_6 ∈ |0..10|11 []) + 109·(x_7 ∈ |0..10|11 []) + 31·(x_8 ∈ |0..10|11 []) + 34·(x_9 ∈ |0..10|11 []) + 183·(x_10 ∈ |0..10|11 []) ≤ 4370
	w115:	188·(x_1 ∈ |0..10|11 []) + 174·(x_2 ∈ |0..10|11 []) + 209·(x_3 ∈ |0..10|11 []) + 226·(x_4 ∈ |0..10|11 []) + 113·(x_5 ∈ |0..10|11 []) + 220·(x_6 ∈ |0..10|11 []) + 105·(x_7 ∈ |0..10|11 []) + 177·(x_8 ∈ |0..10|11 []) + 146·(x_9 ∈ |0..10|11 []) + 100·(x_10 ∈ |0..10|11 []) ≤ 8220
	w116:	59·(x_1 ∈ |0..10|11 []) + 149·(x_2 ∈ |0..10|11 []) + 147·(x_3 ∈ |0..10|11 []) + 205·(x_4 ∈ |0..10|11 []) + 120·(x_5 ∈ |0..10|11 []) + 9·(x_6 ∈ |0..10|11 []) + 225·(x_7 ∈ |0..10|11 []) + 101·(x_8 ∈ |0..10|11 []) + 17·(x_9 ∈ |0..10|11 []) + 118·(x_10 ∈ |0..10|11 []) ≤ 5700
	w117:	62·(x_1 ∈ |0..10|11 []) + 114·(x_2 ∈ |0..10|11 []) + 11·(x_3 ∈ |0..10|11 []) + 80·(x_4 ∈ |0..10|11 []) + 5·(x_5 ∈ |0..10|11 []) + 82·(x_6 ∈ |0..10|11 []) + 52·(x_7 ∈ |0..10|11 []) + 57·(x_8 ∈ |0..10|11 []) + 28·(x_9 ∈ |0..10|11 []) + 78·(x_10 ∈ |0..10|11 []) ≤ 2820
	w118:	211·(x_1 ∈ |0..10|11 []) + 164·(x_2 ∈ |0..10|11 []) + 223·(x_3 ∈ |0..10|11 []) + 177·(x_4 ∈ |0..10|11 []) + 192·(x_5 ∈ |0..10|11 []) + 125·(x_6 ∈ |0..10|11 []) + 237·(x_7 ∈ |0..10|11 []) + 75·(x_8 ∈ |0..10|11 []) + 225·(x_9 ∈ |0..10|11 []) + 54·(x_10 ∈ |0..10|11 []) ≤ 8340
	w119:	217·(x_1 ∈ |0..10|11 []) + 129·(x_2 ∈ |0..10|11 []) + 151·(x_3 ∈ |0..10|11 []) + 31·(x_4 ∈ |0..10|11 []) + 239·(x_5 ∈ |0..10|11 []) + 143·(x_6 ∈ |0..10|11 []) + 44·(x_7 ∈ |0..10|11 []) + 31·(x_8 ∈ |0..10|11 []) + 21·(x_9 ∈ |0..10|11 []) + 24·(x_10 ∈ |0..10|11 []) ≤ 5100
	w120:	63·(x_1 ∈ |0..10|11 []) + 78·(x_2 ∈ |0..10|11 []) + 79·(x_3 ∈ |0..10|11 []) + 129·(x_4 ∈ |0..10|11 []) + 213·(x_5 ∈ |0..10|11 []) + 176·(x_6 ∈ |0..10|11 []) + 135·(x_7 ∈ |0..10|11 []) + 19·(x_8 ∈ |0..10|11 []) + 52·(x_9 ∈ |0..10|11 []) + 181·(x_10 ∈ |0..10|11 []) ≤ 5580
	w121:	187·(x_1 ∈ |0..10|11 []) + 112·(x_2 ∈ |0..10|11 []) + 232·(x_3 ∈ |0..10|11 []) + 65·(x_4 ∈ |0..10|11 []) + 109·(x_5 ∈ |0..10|11 []) + 112·(x_6 ∈ |0..10|11 []) + 145·(x_7 ∈ |0..10|11 []) + 227·(x_8 ∈ |0..10|11 []) + 219·(x_9 ∈ |0..10|11 []) + 195·(x_10 ∈ |0..10|11 []) ≤ 7950
	w122:	15·(x_1 ∈ |0..10|11 []) + 56·(x_2 ∈ |0..10|11 []) + 34·(x_3 ∈ |0..10|11 []) + 182·(x_4 ∈ |0..10|11 []) + 35·(x_5 ∈ |0..10|11 []) + 126·(x_6 ∈ |0..10|11 []) + 111·(x_7 ∈ |0..10|11 []) + 229·(x_8 ∈ |0..10|11 []) + 54·(x_9 ∈ |0..10|11 []) + 228·(x_10 ∈ |0..10|11 []) ≤ 5300
	w123:	163·(x_1 ∈ |0..10|11 []) + 219·(x_2 ∈ |0..10|11 []) + 30·(x_3 ∈ |0..10|11 []) + 119·(x_4 ∈ |0..10|11 []) + 151·(x_5 ∈ |0..10|11 []) + 125·(x_6 ∈ |0..10|11 []) + 148·(x_7 ∈ |0..10|11 []) + 186·(x_8 ∈ |0..10|11 []) + 30·(x_9 ∈ |0..10|11 []) + 110·(x_10 ∈ |0..10|11 []) ≤ 6350
	w124:	52·(x_1 ∈ |0..10|11 []) + 38·(x_2 ∈ |0..10|11 []) + 91·(x_3 ∈ |0..10|11 []) + 196·(x_4 ∈ |0..10|11 []) + 177·(x_5 ∈ |0..10|11 []) + 97·(x_6 ∈ |0..10|11 []) + 12·(x_7 ∈ |0..10|11 []) + 19·(x_8 ∈ |0..10|11 []) + 15·(x_9 ∈ |0..10|11 []) + 108·(x_10 ∈ |0..10|11 []) ≤ 3990
	w125:	195·(x_1 ∈ |0..10|11 []) + 76·(x_2 ∈ |0..10|11 []) + 230·(x_3 ∈ |0..10|11 []) + 200·(x_4 ∈ |0..10|11 []) + 47·(x_5 ∈ |0..10|11 []) + 77·(x_6 ∈ |0..10|11 []) + 128·(x_7 ∈ |0..10|11 []) + 101·(x_8 ∈ |0..10|11 []) + 175·(x_9 ∈ |0..10|11 []) + 38·(x_10 ∈ |0..10|11 []) ≤ 6280
	w126:	197·(x_1 ∈ |0..10|11 []) + 98·(x_2 ∈ |0..10|11 []) + 104·(x_3 ∈ |0..10|11 []) + 198·(x_4 ∈ |0..10|11 []) + 87·(x_5 ∈ |0..10|11 []) + 6·(x_6 ∈ |0..10|11 []) + 206·(x_7 ∈ |0..10|11 []) + 202·(x_8 ∈ |0..10|11 []) + 72·(x_9 ∈ |0..10|11 []) + 213·(x_10 ∈ |0..10|11 []) ≤ 6850
	w127:	43·(x_1 ∈ |0..10|11 []) + 106·(x_2 ∈ |0..10|11 []) + (x_3 ∈ |0..10|11 []) + 165·(x_4 ∈ |0..10|11 []) + 175·(x_5 ∈ |0..10|11 []) + 33·(x_6 ∈ |0..10|11 []) + 12·(x_7 ∈ |0..10|11 []) + 39·(x_8 ∈ |0..10|11 []) + 154·(x_9 ∈ |0..10|11 []) + 101·(x_10 ∈ |0..10|11 []) ≤ 4110
	w128:	67·(x_1 ∈ |0..10|11 []) + 235·(x_2 ∈ |0..10|11 []) + 160·(x_3 ∈ |0..10|11 []) + 136·(x_4 ∈ |0..10|11 []) + (x_5 ∈ |0..10|11 []) + 197·(x_6 ∈ |0..10|11 []) + 200·(x_7 ∈ |0..10|11 []) + 244·(x_8 ∈ |0..10|11 []) + 81·(x_9 ∈ |0..10|11 []) + 67·(x_10 ∈ |0..10|11 []) ≤ 6880
	w129:	60·(x_1 ∈ |0..10|11 []) + 249·(x_2 ∈ |0..10|11 []) + 14·(x_3 ∈ |0..10|11 []) + 92·(x_4 ∈ |0..10|11 []) + 29·(x_5 ∈ |0..10|11 []) + 223·(x_6 ∈ |0..10|11 []) + 100·(x_7 ∈ |0..10|11 []) + 40·(x_8 ∈ |0..10|11 []) + 25·(x_9 ∈ |0..10|11 []) + 207·(x_10 ∈ |0..10|11 []) ≤ 5150
	w130:	50·(x_1 ∈ |0..10|11 []) + 138·(x_2 ∈ |0..10|11 []) + 16·(x_3 ∈ |0..10|11 []) + 172·(x_4 ∈ |0..10|11 []) + 174·(x_5 ∈ |0..10|11 []) + 203·(x_6 ∈ |0..10|11 []) + 120·(x_7 ∈ |0..10|11 []) + 31·(x_8 ∈ |0..10|11 []) + 238·(x_9 ∈ |0..10|11 []) + 107·(x_10 ∈ |0..10|11 []) ≤ 6190
	w131:	46·(x_1 ∈ |0..10|11 []) + 10·(x_2 ∈ |0..10|11 []) + 185·(x_3 ∈ |0..10|11 []) + 145·(x_4 ∈ |0..10|11 []) + 4·(x_5 ∈ |0..10|11 []) + 166·(x_6 ∈ |0..10|11 []) + 192·(x_7 ∈ |0..10|11 []) + 154·(x_8 ∈ |0..10|11 []) + (x_9 ∈ |0..10|11 []) + 174·(x_10 ∈ |0..10|11 []) ≤ 5340
	w132:	245·(x_1 ∈ |0..10|11 []) + 82·(x_2 ∈ |0..10|11 []) + 134·(x_3 ∈ |0..10|11 []) + 218·(x_4 ∈ |0..10|11 []) + 124·(x_5 ∈ |0..10|11 []) + 127·(x_6 ∈ |0..10|11 []) + 108·(x_7 ∈ |0..10|11 []) + 209·(x_8 ∈ |0..10|11 []) + 13·(x_9 ∈ |0..10|11 []) + 187·(x_10 ∈ |0..10|11 []) ≤ 7170
	w133:	123·(x_1 ∈ |0..10|11 []) + 63·(x_2 ∈ |0..10|11 []) + 33·(x_3 ∈ |0..10|11 []) + 104·(x_4 ∈ |0..10|11 []) + 80·(x_5 ∈ |0..10|11 []) + 68·(x_6 ∈ |0..10|11 []) + 70·(x_7 ∈ |0..10|11 []) + 5·(x_8 ∈ |0..10|11 []) + 192·(x_9 ∈ |0..10|11 []) + 27·(x_10 ∈ |0..10|11 []) ≤ 3790
	w134:	174·(x_1 ∈ |0..10|11 []) + 195·(x_2 ∈ |0..10|11 []) + 169·(x_3 ∈ |0..10|11 []) + 174·(x_4 ∈ |0..10|11 []) + 192·(x_5 ∈ |0..10|11 []) + 142·(x_6 ∈ |0..10|11 []) + 4·(x_7 ∈ |0..10|11 []) + 135·(x_8 ∈ |0..10|11 []) + 6·(x_9 ∈ |0..10|11 []) + 49·(x_10 ∈ |0..10|11 []) ≤ 6150
	w135:	129·(x_1 ∈ |0..10|11 []) + 165·(x_2 ∈ |0..10|11 []) + 200·(x_3 ∈ |0..10|11 []) + 57·(x_4 ∈ |0..10|11 []) + 85·(x_5 ∈ |0..10|11 []) + 9·(x_6 ∈ |0..10|11 []) + 224·(x_7 ∈ |0..10|11 []) + 26·(x_8 ∈ |0..10|11 []) + 77·(x_9 ∈ |0..10|11 []) + 227·(x_10 ∈ |0..10|11 []) ≤ 5940
	w136:	12·(x_1 ∈ |0..10|11 []) + 160·(x_2 ∈ |0..10|11 []) + 105·(x_3 ∈ |0..10|11 []) + 183·(x_4 ∈ |0..10|11 []) + 146·(x_5 ∈ |0..10|11 []) + 240·(x_6 ∈ |0..10|11 []) + 70·(x_7 ∈ |0..10|11 []) + 233·(x_8 ∈ |0..10|11 []) + 210·(x_9 ∈ |0..10|11 []) + 124·(x_10 ∈ |0..10|11 []) ≤ 7350
	w137:	156·(x_1 ∈ |0..10|11 []) + 120·(x_2 ∈ |0..10|11 []) + 47·(x_3 ∈ |0..10|11 []) + 57·(x_4 ∈ |0..10|11 []) + 141·(x_5 ∈ |0..10|11 []) + 162·(x_6 ∈ |0..10|11 []) + 121·(x_7 ∈ |0..10|11 []) + 213·(x_8 ∈ |0..10|11 []) + 19·(x_9 ∈ |0..10|11 []) + 104·(x_10 ∈ |0..10|11 []) ≤ 5650
	w138:	222·(x_1 ∈ |0..10|11 []) + 68·(x_2 ∈ |0..10|11 []) + 110·(x_3 ∈ |0..10|11 []) + 156·(x_4 ∈ |0..10|11 []) + 221·(x_5 ∈ |0..10|11 []) + 146·(x_6 ∈ |0..10|11 []) + 31·(x_7 ∈ |0..10|11 []) + 28·(x_8 ∈ |0..10|11 []) + 58·(x_9 ∈ |0..10|11 []) + 27·(x_10 ∈ |0..10|11 []) ≤ 5290
	w139:	227·(x_1 ∈ |0..10|11 []) + 11·(x_2 ∈ |0..10|11 []) + 180·(x_3 ∈ |0..10|11 []) + 122·(x_4 ∈ |0..10|11 []) + 225·(x_5 ∈ |0..10|11 []) + 147·(x_6 ∈ |0..10|11 []) + 99·(x_7 ∈ |0..10|11 []) + 211·(x_8 ∈ |0..10|11 []) + 154·(x_9 ∈ |0..10|11 []) + 22·(x_10 ∈ |0..10|11 []) ≤ 6930
	w140:	114·(x_1 ∈ |0..10|11 []) + 117·(x_2 ∈ |0..10|11 []) + 201·(x_3 ∈ |0..10|11 []) + 232·(x_4 ∈ |0..10|11 []) + 207·(x_5 ∈ |0..10|11 []) + 28·(x_6 ∈ |0..10|11 []) + 86·(x_7 ∈ |0..10|11 []) + 9·(x_8 ∈ |0..10|11 []) + 120·(x_9 ∈ |0..10|11 []) + 31·(x_10 ∈ |0..10|11 []) ≤ 5670
	w141:	222·(x_1 ∈ |0..10|11 []) + 15·(x_2 ∈ |0..10|11 []) + 83·(x_3 ∈ |0..10|11 []) + 178·(x_4 ∈ |0..10|11 []) + 170·(x_5 ∈ |0..10|11 []) + 65·(x_6 ∈ |0..10|11 []) + 201·(x_7 ∈ |0..10|11 []) + 87·(x_8 ∈ |0..10|11 []) + 143·(x_9 ∈ |0..10|11 []) + 78·(x_10 ∈ |0..10|11 []) ≤ 6160
	w142:	38·(x_1 ∈ |0..10|11 []) + 212·(x_2 ∈ |0..10|11 []) + 36·(x_3 ∈ |0..10|11 []) + 36·(x_4 ∈ |0..10|11 []) + 135·(x_5 ∈ |0..10|11 []) + 178·(x_6 ∈ |0..10|11 []) + 31·(x_7 ∈ |0..10|11 []) + 106·(x_8 ∈ |0..10|11 []) + 14·(x_9 ∈ |0..10|11 []) + 55·(x_10 ∈ |0..10|11 []) ≤ 4170
	w143:	206·(x_1 ∈ |0..10|11 []) + 127·(x_2 ∈ |0..10|11 []) + 110·(x_3 ∈ |0..10|11 []) + 19·(x_4 ∈ |0..10|11 []) + 6·(x_5 ∈ |0..10|11 []) + 60·(x_6 ∈ |0..10|11 []) + 75·(x_7 ∈ |0..10|11 []) + 77·(x_8 ∈ |0..10|11 []) + 40·(x_9 ∈ |0..10|11 []) + 70·(x_10 ∈ |0..10|11 []) ≤ 3910
	w144:	30·(x_1 ∈ |0..10|11 []) + 201·(x_2 ∈ |0..10|11 []) + 133·(x_3 ∈ |0..10|11 []) + 103·(x_4 ∈ |0..10|11 []) + 197·(x_5 ∈ |0..10|11 []) + 59·(x_6 ∈ |0..10|11 []) + 200·(x_7 ∈ |0..10|11 []) + 16·(x_8 ∈ |0..10|11 []) + 174·(x_9 ∈ |0..10|11 []) + 146·(x_10 ∈ |0..10|11 []) ≤ 6240
	w145:	228·(x_1 ∈ |0..10|11 []) + 136·(x_2 ∈ |0..10|11 []) + 99·(x_3 ∈ |0..10|11 []) + 111·(x_4 ∈ |0..10|11 []) + 204·(x_5 ∈ |0..10|11 []) + 193·(x_6 ∈ |0..10|11 []) + 147·(x_7 ∈ |0..10|11 []) + 123·(x_8 ∈ |0..10|11 []) + 99·(x_9 ∈ |0..10|11 []) + 185·(x_10 ∈ |0..10|11 []) ≤ 7560
	w146:	161·(x_1 ∈ |0..10|11 []) + 226·(x_2 ∈ |0..10|11 []) + 60·(x_3 ∈ |0..10|11 []) + 151·(x_4 ∈ |0..10|11 []) + 152·(x_5 ∈ |0..10|11 []) + 2·(x_6 ∈ |0..10|11 []) + 197·(x_7 ∈ |0..10|11 []) + 92·(x_8 ∈ |0..10|11 []) + 233·(x_9 ∈ |0..10|11 []) + 149·(x_10 ∈ |0..10|11 []) ≤ 7050
	w147:	64·(x_1 ∈ |0..10|11 []) + 202·(x_2 ∈ |0..10|11 []) + 117·(x_3 ∈ |0..10|11 []) + 126·(x_4 ∈ |0..10|11 []) + 3·(x_5 ∈ |0..10|11 []) + 240·(x_6 ∈ |0..10|11 []) + 95·(x_7 ∈ |0..10|11 []) + 105·(x_8 ∈ |0..10|11 []) + 51·(x_9 ∈ |0..10|11 []) + 229·(x_10 ∈ |0..10|11 []) ≤ 6110
	w148:	117·(x_1 ∈ |0..10|11 []) + 145·(x_2 ∈ |0..10|11 []) + 117·(x_3 ∈ |0..10|11 []) + 66·(x_4 ∈ |0..10|11 []) + 172·(x_5 ∈ |0..10|11 []) + 135·(x_6 ∈ |0..10|11 []) + 56·(x_7 ∈ |0..10|11 []) + 149·(x_8 ∈ |0..10|11 []) + 180·(x_9 ∈ |0..10|11 []) + 199·(x_10 ∈ |0..10|11 []) ≤ 6620
	w149:	73·(x_1 ∈ |0..10|11 []) + 88·(x_2 ∈ |0..10|11 []) + 244·(x_3 ∈ |0..10|11 []) + 248·(x_4 ∈ |0..10|11 []) + 48·(x_5 ∈ |0..10|11 []) + 153·(x_6 ∈ |0..10|11 []) + 57·(x_7 ∈ |0..10|11 []) + 184·(x_8 ∈ |0..10|11 []) + 16·(x_9 ∈ |0..10|11 []) + 187·(x_10 ∈ |0..10|11 []) ≤ 6430
	w150:	225·(x_1 ∈ |0..10|11 []) + 196·(x_2 ∈ |0..10|11 []) + 154·(x_3 ∈ |0..10|11 []) + 66·(x_4 ∈ |0..10|11 []) + 240·(x_5 ∈ |0..10|11 []) + 216·(x_6 ∈ |0..10|11 []) + 31·(x_7 ∈ |0..10|11 []) + 33·(x_8 ∈ |0..10|11 []) + 77·(x_9 ∈ |0..10|11 []) + 85·(x_10 ∈ |0..10|11 []) ≤ 6560
	w151:	92·(x_1 ∈ |0..10|11 []) + 48·(x_2 ∈ |0..10|11 []) + 31·(x_3 ∈ |0..10|11 []) + 10·(x_4 ∈ |0..10|11 []) + 222·(x_5 ∈ |0..10|11 []) + 133·(x_6 ∈ |0..10|11 []) + 97·(x_7 ∈ |0..10|11 []) + 150·(x_8 ∈ |0..10|11 []) + 236·(x_9 ∈ |0..10|11 []) + 183·(x_10 ∈ |0..10|11 []) ≤ 5960
	w152:	164·(x_1 ∈ |0..10|11 []) + 86·(x_2 ∈ |0..10|11 []) + 114·(x_3 ∈ |0..10|11 []) + 235·(x_4 ∈ |0..10|11 []) + 212·(x_5 ∈ |0..10|11 []) + 39·(x_6 ∈ |0..10|11 []) + 139·(x_7 ∈ |0..10|11 []) + 7·(x_8 ∈ |0..10|11 []) + 10·(x_9 ∈ |0..10|11 []) + 190·(x_10 ∈ |0..10|11 []) ≤ 5930
	w153:	140·(x_1 ∈ |0..10|11 []) + 194·(x_2 ∈ |0..10|11 []) + 233·(x_3 ∈ |0..10|11 []) + 233·(x_4 ∈ |0..10|11 []) + 12·(x_5 ∈ |0..10|11 []) + 3·(x_6 ∈ |0..10|11 []) + 239·(x_7 ∈ |0..10|11 []) + 71·(x_8 ∈ |0..10|11 []) + 36·(x_9 ∈ |0..10|11 []) + 204·(x_10 ∈ |0..10|11 []) ≤ 6770
	w154:	159·(x_1 ∈ |0..10|11 []) + 108·(x_2 ∈ |0..10|11 []) + 115·(x_3 ∈ |0..10|11 []) + 152·(x_4 ∈ |0..10|11 []) + 96·(x_5 ∈ |0..10|11 []) + 63·(x_6 ∈ |0..10|11 []) + 213·(x_7 ∈ |0..10|11 []) + 213·(x_8 ∈ |0..10|11 []) + 14·(x_9 ∈ |0..10|11 []) + 145·(x_10 ∈ |0..10|11 []) ≤ 6330
	w155:	116·(x_1 ∈ |0..10|11 []) + 173·(x_2 ∈ |0..10|11 []) + 34·(x_3 ∈ |0..10|11 []) + 31·(x_4 ∈ |0..10|11 []) + (x_5 ∈ |0..10|11 []) + 174·(x_6 ∈ |0..10|11 []) + 35·(x_7 ∈ |0..10|11 []) + 31·(x_8 ∈ |0..10|11 []) + 237·(x_9 ∈ |0..10|11 []) + 88·(x_10 ∈ |0..10|11 []) ≤ 4560
	w156:	69·(x_1 ∈ |0..10|11 []) + 42·(x_2 ∈ |0..10|11 []) + 199·(x_3 ∈ |0..10|11 []) + 245·(x_4 ∈ |0..10|11 []) + 151·(x_5 ∈ |0..10|11 []) + 64·(x_6 ∈ |0..10|11 []) + 106·(x_7 ∈ |0..10|11 []) + 215·(x_8 ∈ |0..10|11 []) + 16·(x_9 ∈ |0..10|11 []) + 200·(x_10 ∈ |0..10|11 []) ≤ 6480
	w157:	85·(x_1 ∈ |0..10|11 []) + 221·(x_2 ∈ |0..10|11 []) + 62·(x_3 ∈ |0..10|11 []) + 206·(x_4 ∈ |0..10|11 []) + 23·(x_5 ∈ |0..10|11 []) + 96·(x_6 ∈ |0..10|11 []) + 220·(x_7 ∈ |0..10|11 []) + 183·(x_8 ∈ |0..10|11 []) + 86·(x_9 ∈ |0..10|11 []) + 9·(x_10 ∈ |0..10|11 []) ≤ 5900
	w158:	234·(x_1 ∈ |0..10|11 []) + 179·(x_2 ∈ |0..10|11 []) + 199·(x_3 ∈ |0..10|11 []) + 123·(x_4 ∈ |0..10|11 []) + 192·(x_5 ∈ |0..10|11 []) + 147·(x_6 ∈ |0..10|11 []) + 5·(x_7 ∈ |0..10|11 []) + 121·(x_8 ∈ |0..10|11 []) + 87·(x_9 ∈ |0..10|11 []) + 25·(x_10 ∈ |0..10|11 []) ≤ 6500
	w159:	228·(x_1 ∈ |0..10|11 []) + 212·(x_2 ∈ |0..10|11 []) + 128·(x_3 ∈ |0..10|11 []) + 34·(x_4 ∈ |0..10|11 []) + 112·(x_5 ∈ |0..10|11 []) + 10·(x_6 ∈ |0..10|11 []) + 148·(x_7 ∈ |0..10|11 []) + 234·(x_8 ∈ |0..10|11 []) + 114·(x_9 ∈ |0..10|11 []) + 136·(x_10 ∈ |0..10|11 []) ≤ 6720
	w160:	27·(x_1 ∈ |0..10|11 []) + 100·(x_2 ∈ |0..10|11 []) + 91·(x_3 ∈ |0..10|11 []) + 220·(x_4 ∈ |0..10|11 []) + 17·(x_5 ∈ |0..10|11 []) + 50·(x_6 ∈ |0..10|11 []) + 125·(x_7 ∈ |0..10|11 []) + 55·(x_8 ∈ |0..10|11 []) + 208·(x_9 ∈ |0..10|11 []) + 236·(x_10 ∈ |0..10|11 []) ≤ 5590
	w161:	51·(x_1 ∈ |0..10|11 []) + 41·(x_2 ∈ |0..10|11 []) + 200·(x_3 ∈ |0..10|11 []) + 202·(x_4 ∈ |0..10|11 []) + 182·(x_5 ∈ |0..10|11 []) + 203·(x_6 ∈ |0..10|11 []) + 246·(x_7 ∈ |0..10|11 []) + 145·(x_8 ∈ |0..10|11 []) + 61·(x_9 ∈ |0..10|11 []) + 216·(x_10 ∈ |0..10|11 []) ≤ 7670
	w162:	198·(x_1 ∈ |0..10|11 []) + 226·(x_2 ∈ |0..10|11 []) + 167·(x_3 ∈ |0..10|11 []) + 180·(x_4 ∈ |0..10|11 []) + 44·(x_5 ∈ |0..10|11 []) + 11·(x_6 ∈ |0..10|11 []) + 150·(x_7 ∈ |0..10|11 []) + 39·(x_8 ∈ |0..10|11 []) + 163·(x_9 ∈ |0..10|11 []) + 227·(x_10 ∈ |0..10|11 []) ≤ 6960
	w163:	132·(x_1 ∈ |0..10|11 []) + 169·(x_2 ∈ |0..10|11 []) + 134·(x_3 ∈ |0..10|11 []) + 56·(x_4 ∈ |0..10|11 []) + 53·(x_5 ∈ |0..10|11 []) + 78·(x_6 ∈ |0..10|11 []) + 185·(x_7 ∈ |0..10|11 []) + 53·(x_8 ∈ |0..10|11 []) + 17·(x_9 ∈ |0..10|11 []) + 117·(x_10 ∈ |0..10|11 []) ≤ 4930
	w164:	128·(x_1 ∈ |0..10|11 []) + 118·(x_2 ∈ |0..10|11 []) + 236·(x_3 ∈ |0..10|11 []) + 133·(x_4 ∈ |0..10|11 []) + 220·(x_5 ∈ |0..10|11 []) + 59·(x_6 ∈ |0..10|11 []) + 220·(x_7 ∈ |0..10|11 []) + 79·(x_8 ∈ |0..10|11 []) + 72·(x_9 ∈ |0..10|11 []) + 40·(x_10 ∈ |0..10|11 []) ≤ 6470
	w165:	224·(x_1 ∈ |0..10|11 []) + 112·(x_2 ∈ |0..10|11 []) + 214·(x_3 ∈ |0..10|11 []) + 156·(x_4 ∈ |0..10|11 []) + 184·(x_5 ∈ |0..10|11 []) + 148·(x_6 ∈ |0..10|11 []) + 211·(x_7 ∈ |0..10|11 []) + 124·(x_8 ∈ |0..10|11 []) + 52·(x_9 ∈ |0..10|11 []) + 201·(x_10 ∈ |0..10|11 []) ≤ 8060
	w166:	227·(x_1 ∈ |0..10|11 []) + 199·(x_2 ∈ |0..10|11 []) + 110·(x_3 ∈ |0..10|11 []) + 159·(x_4 ∈ |0..10|11 []) + 180·(x_5 ∈ |0..10|11 []) + 226·(x_6 ∈ |0..10|11 []) + 95·(x_7 ∈ |0..10|11 []) + 145·(x_8 ∈ |0..10|11 []) + 22·(x_9 ∈ |0..10|11 []) + 240·(x_10 ∈ |0..10|11 []) ≤ 7950
	w167:	94·(x_1 ∈ |0..10|11 []) + 178·(x_2 ∈ |0..10|11 []) + 73·(x_3 ∈ |0..10|11 []) + 191·(x_4 ∈ |0..10|11 []) + 239·(x_5 ∈ |0..10|11 []) + 80·(x_6 ∈ |0..10|11 []) + 106·(x_7 ∈ |0..10|11 []) + 84·(x_8 ∈ |0..10|11 []) + 118·(x_9 ∈ |0..10|11 []) + 36·(x_10 ∈ |0..10|11 []) ≤ 5940
	w168:	111·(x_1 ∈ |0..10|11 []) + 129·(x_2 ∈ |0..10|11 []) + 141·(x_3 ∈ |0..10|11 []) + 225·(x_4 ∈ |0..10|11 []) + 143·(x_5 ∈ |0..10|11 []) + 48·(x_6 ∈ |0..10|11 []) + 161·(x_7 ∈ |0..10|11 []) + 37·(x_8 ∈ |0..10|11 []) + 75·(x_9 ∈ |0..10|11 []) + 125·(x_10 ∈ |0..10|11 []) ≤ 5920
	w169:	92·(x_1 ∈ |0..10|11 []) + 154·(x_2 ∈ |0..10|11 []) + 195·(x_3 ∈ |0..10|11 []) + 47·(x_4 ∈ |0..10|11 []) + 234·(x_5 ∈ |0..10|11 []) + 233·(x_6 ∈ |0..10|11 []) + 249·(x_7 ∈ |0..10|11 []) + 217·(x_8 ∈ |0..10|11 []) + 88·(x_9 ∈ |0..10|11 []) + 230·(x_10 ∈ |0..10|11 []) ≤ 8620
	w170:	10·(x_1 ∈ |0..10|11 []) + 37·(x_2 ∈ |0..10|11 []) + 248·(x_3 ∈ |0..10|11 []) + 189·(x_4 ∈ |0..10|11 []) + 23·(x_5 ∈ |0..10|11 []) + 11·(x_6 ∈ |0..10|11 []) + 66·(x_7 ∈ |0..10|11 []) + 187·(x_8 ∈ |0..10|11 []) + 244·(x_9 ∈ |0..10|11 []) + 60·(x_10 ∈ |0..10|11 []) ≤ 5330
	w171:	35·(x_1 ∈ |0..10|11 []) + 57·(x_2 ∈ |0..10|11 []) + 29·(x_3 ∈ |0..10|11 []) + 21·(x_4 ∈ |0..10|11 []) + 87·(x_5 ∈ |0..10|11 []) + 134·(x_6 ∈ |0..10|11 []) + 118·(x_7 ∈ |0..10|11 []) + 139·(x_8 ∈ |0..10|11 []) + 70·(x_9 ∈ |0..10|11 []) + 175·(x_10 ∈ |0..10|11 []) ≤ 4290
	w172:	12·(x_1 ∈ |0..10|11 []) + 147·(x_2 ∈ |0..10|11 []) + 191·(x_3 ∈ |0..10|11 []) + 193·(x_4 ∈ |0..10|11 []) + 18·(x_5 ∈ |0..10|11 []) + 73·(x_6 ∈ |0..10|11 []) + 31·(x_7 ∈ |0..10|11 []) + 113·(x_8 ∈ |0..10|11 []) + 123·(x_9 ∈ |0..10|11 []) + 108·(x_10 ∈ |0..10|11 []) ≤ 5000
	w173:	30·(x_1 ∈ |0..10|11 []) + 59·(x_2 ∈ |0..10|11 []) + 137·(x_3 ∈ |0..10|11 []) + 125·(x_4 ∈ |0..10|11 []) + 212·(x_5 ∈ |0..10|11 []) + 45·(x_6 ∈ |0..10|11 []) + 173·(x_7 ∈ |0..10|11 []) + 213·(x_8 ∈ |0..10|11 []) + 210·(x_9 ∈ |0..10|11 []) + 24·(x_10 ∈ |0..10|11 []) ≤ 6090
	w174:	17·(x_1 ∈ |0..10|11 []) + 216·(x_2 ∈ |0..10|11 []) + 14·(x_3 ∈ |0..10|11 []) + 202·(x_4 ∈ |0..10|11 []) + 174·(x_5 ∈ |0..10|11 []) + 38·(x_6 ∈ |0..10|11 []) + 30·(x_7 ∈ |0..10|11 []) + 19·(x_8 ∈ |0..10|11 []) + 146·(x_9 ∈ |0..10|11 []) + 249·(x_10 ∈ |0..10|11 []) ≤ 5480
	w175:	138·(x_1 ∈ |0..10|11 []) + 75·(x_2 ∈ |0..10|11 []) + 237·(x_3 ∈ |0..10|11 []) + 54·(x_4 ∈ |0..10|11 []) + 86·(x_5 ∈ |0..10|11 []) + 205·(x_6 ∈ |0..10|11 []) + 9·(x_7 ∈ |0..10|11 []) + 102·(x_8 ∈ |0..10|11 []) + 91·(x_9 ∈ |0..10|11 []) + 51·(x_10 ∈ |0..10|11 []) ≤ 5190
	w176:	173·(x_1 ∈ |0..10|11 []) + 51·(x_2 ∈ |0..10|11 []) + 43·(x_3 ∈ |0..10|11 []) + 148·(x_4 ∈ |0..10|11 []) + 223·(x_5 ∈ |0..10|11 []) + 234·(x_6 ∈ |0..10|11 []) + 113·(x_7 ∈ |0..10|11 []) + 39·(x_8 ∈ |0..10|11 []) + 14·(x_9 ∈ |0..10|11 []) + 57·(x_10 ∈ |0..10|11 []) ≤ 5430
	w177:	143·(x_1 ∈ |0..10|11 []) + 11·(x_2 ∈ |0..10|11 []) + 168·(x_3 ∈ |0..10|11 []) + 90·(x_4 ∈ |0..10|11 []) + 88·(x_5 ∈ |0..10|11 []) + 132·(x_6 ∈ |0..10|11 []) + 183·(x_7 ∈ |0..10|11 []) + 205·(x_8 ∈ |0..10|11 []) + 59·(x_9 ∈ |0..10|11 []) + 14·(x_10 ∈ |0..10|11 []) ≤ 5420
	w178:	133·(x_1 ∈ |0..10|11 []) + 220·(x_2 ∈ |0..10|11 []) + 116·(x_3 ∈ |0..10|11 []) + 11·(x_4 ∈ |0..10|11 []) + 70·(x_5 ∈ |0..10|11 []) + 178·(x_6 ∈ |0..10|11 []) + 113·(x_7 ∈ |0..10|11 []) + 109·(x_8 ∈ |0..10|11 []) + 239·(x_9 ∈ |0..10|11 []) + 245·(x_10 ∈ |0..10|11 []) ≤ 7110
	w179:	99·(x_1 ∈ |0..10|11 []) + 172·(x_2 ∈ |0..10|11 []) + 153·(x_3 ∈ |0..10|11 []) + 102·(x_4 ∈ |0..10|11 []) + 14·(x_5 ∈ |0..10|11 []) + 32·(x_6 ∈ |0..10|11 []) + 175·(x_7 ∈ |0..10|11 []) + 59·(x_8 ∈ |0..10|11 []) + 43·(x_9 ∈ |0..10|11 []) + 195·(x_10 ∈ |0..10|11 []) ≤ 5170
	w180:	47·(x_1 ∈ |0..10|11 []) + 85·(x_2 ∈ |0..10|11 []) + 191·(x_3 ∈ |0..10|11 []) + 80·(x_4 ∈ |0..10|11 []) + 27·(x_5 ∈ |0..10|11 []) + 192·(x_6 ∈ |0..10|11 []) + 195·(x_7 ∈ |0..10|11 []) + 77·(x_8 ∈ |0..10|11 []) + 231·(x_9 ∈ |0..10|11 []) + 58·(x_10 ∈ |0..10|11 []) ≤ 5860
	w181:	168·(x_1 ∈ |0..10|11 []) + 238·(x_2 ∈ |0..10|11 []) + 16·(x_3 ∈ |0..10|11 []) + 125·(x_4 ∈ |0..10|11 []) + 206·(x_5 ∈ |0..10|11 []) + 156·(x_6 ∈ |0..10|11 []) + 208·(x_7 ∈ |0..10|11 []) + 96·(x_8 ∈ |0..10|11 []) + 14·(x_9 ∈ |0..10|11 []) + 92·(x_10 ∈ |0..10|11 []) ≤ 6540
	w182:	27·(x_1 ∈ |0..10|11 []) + 25·(x_2 ∈ |0..10|11 []) + 70·(x_3 ∈ |0..10|11 []) + 42·(x_4 ∈ |0..10|11 []) + 162·(x_5 ∈ |0..10|11 []) + 114·(x_6 ∈ |0..10|11 []) + 166·(x_7 ∈ |0..10|11 []) + 104·(x_8 ∈ |0..10|11 []) + 67·(x_9 ∈ |0..10|11 []) + 13·(x_10 ∈ |0..10|11 []) ≤ 3910
	w183:	249·(x_1 ∈ |0..10|11 []) + 15·(x_2 ∈ |0..10|11 []) + 175·(x_3 ∈ |0..10|11 []) + 61·(x_4 ∈ |0..10|11 []) + 73·(x_5 ∈ |0..10|11 []) + 231·(x_6 ∈ |0..10|11 []) + 148·(x_7 ∈ |0..10|11 []) + 61·(x_8 ∈ |0..10|11 []) + 34·(x_9 ∈ |0..10|11 []) + 171·(x_10 ∈ |0..10|11 []) ≤ 6040
	w184:	227·(x_1 ∈ |0..10|11 []) + 185·(x_2 ∈ |0..10|11 []) + 133·(x_3 ∈ |0..10|11 []) + 240·(x_4 ∈ |0..10|11 []) + 9·(x_5 ∈ |0..10|11 []) + 177·(x_6 ∈ |0..10|11 []) + 181·(x_7 ∈ |0..10|11 []) + 103·(x_8 ∈ |0..10|11 []) + 16·(x_9 ∈ |0..10|11 []) + 225·(x_10 ∈ |0..10|11 []) ≤ 7420
	w185:	19·(x_1 ∈ |0..10|11 []) + 84·(x_2 ∈ |0..10|11 []) + 93·(x_3 ∈ |0..10|11 []) + 48·(x_4 ∈ |0..10|11 []) + 69·(x_5 ∈ |0..10|11 []) + 201·(x_6 ∈ |0..10|11 []) + 231·(x_7 ∈ |0..10|11 []) + 227·(x_8 ∈ |0..10|11 []) + 180·(x_9 ∈ |0..10|11 []) + 222·(x_10 ∈ |0..10|11 []) ≤ 6810
	w186:	46·(x_1 ∈ |0..10|11 []) + 30·(x_2 ∈ |0..10|11 []) + 233·(x_3 ∈ |0..10|11 []) + 115·(x_4 ∈ |0..10|11 []) + 4·(x_5 ∈ |0..10|11 []) + 218·(x_6 ∈ |0..10|11 []) + 151·(x_7 ∈ |0..10|11 []) + 121·(x_8 ∈ |0..10|11 []) + 222·(x_9 ∈ |0..10|11 []) + 157·(x_10 ∈ |0..10|11 []) ≤ 6430
	w187:	84·(x_1 ∈ |0..10|11 []) + 214·(x_2 ∈ |0..10|11 []) + 228·(x_3 ∈ |0..10|11 []) + 173·(x_4 ∈ |0..10|11 []) + 146·(x_5 ∈ |0..10|11 []) + 233·(x_6 ∈ |0..10|11 []) + 113·(x_7 ∈ |0..10|11 []) + 76·(x_8 ∈ |0..10|11 []) + 64·(x_9 ∈ |0..10|11 []) + 86·(x_10 ∈ |0..10|11 []) ≤ 7020
	w188:	147·(x_1 ∈ |0..10|11 []) + 198·(x_2 ∈ |0..10|11 []) + 180·(x_3 ∈ |0..10|11 []) + 17·(x_4 ∈ |0..10|11 []) + 108·(x_5 ∈ |0..10|11 []) + 135·(x_6 ∈ |0..10|11 []) + 165·(x_7 ∈ |0..10|11 []) + 221·(x_8 ∈ |0..10|11 []) + 7·(x_9 ∈ |0..10|11 []) + 58·(x_10 ∈ |0..10|11 []) ≤ 6130
	w189:	91·(x_1 ∈ |0..10|11 []) + 129·(x_2 ∈ |0..10|11 []) + 206·(x_3 ∈ |0..10|11 []) + 52·(x_4 ∈ |0..10|11 []) + 138·(x_5 ∈ |0..10|11 []) + 230·(x_6 ∈ |0..10|11 []) + 63·(x_7 ∈ |0..10|11 []) + 162·(x_8 ∈ |0..10|11 []) + 186·(x_9 ∈ |0..10|11 []) + 244·(x_10 ∈ |0..10|11 []) ≤ 7440
	w190:	196·(x_1 ∈ |0..10|11 []) + 72·(x_2 ∈ |0..10|11 []) + 243·(x_3 ∈ |0..10|11 []) + 133·(x_4 ∈ |0..10|11 []) + 2·(x_5 ∈ |0..10|11 []) + 14·(x_6 ∈ |0..10|11 []) + 136·(x_7 ∈ |0..10|11 []) + 16·(x_8 ∈ |0..10|11 []) + 176·(x_9 ∈ |0..10|11 []) + 80·(x_10 ∈ |0..10|11 []) ≤ 5290
	w191:	217·(x_1 ∈ |0..10|11 []) + 23·(x_2 ∈ |0..10|11 []) + 55·(x_3 ∈ |0..10|11 []) + 235·(x_4 ∈ |0..10|11 []) + 160·(x_5 ∈ |0..10|11 []) + 38·(x_6 ∈ |0..10|11 []) + 24·(x_7 ∈ |0..10|11 []) + 4·(x_8 ∈ |0..10|11 []) + 194·(x_9 ∈ |0..10|11 []) + 210·(x_10 ∈ |0..10|11 []) ≤ 5750
	w192:	110·(x_1 ∈ |0..10|11 []) + 176·(x_2 ∈ |0..10|11 []) + 184·(x_3 ∈ |0..10|11 []) + 143·(x_4 ∈ |0..10|11 []) + 145·(x_5 ∈ |0..10|11 []) + 131·(x_6 ∈ |0..10|11 []) + 76·(x_7 ∈ |0..10|11 []) + 145·(x_8 ∈ |0..10|11 []) + 154·(x_9 ∈ |0..10|11 []) + 183·(x_10 ∈ |0..10|11 []) ≤ 7170
	w193:	32·(x_1 ∈ |0..10|11 []) + 28·(x_2 ∈ |0..10|11 []) + 61·(x_3 ∈ |0..10|11 []) + 175·(x_4 ∈ |0..10|11 []) + 145·(x_5 ∈ |0..10|11 []) + 216·(x_6 ∈ |0..10|11 []) + 131·(x_7 ∈ |0..10|11 []) + 217·(x_8 ∈ |0..10|11 []) + 25·(x_9 ∈ |0..10|11 []) + 124·(x_10 ∈ |0..10|11 []) ≤ 5720
	w194:	205·(x_1 ∈ |0..10|11 []) + 198·(x_2 ∈ |0..10|11 []) + 229·(x_3 ∈ |0..10|11 []) + 12·(x_4 ∈ |0..10|11 []) + 215·(x_5 ∈ |0..10|11 []) + 229·(x_6 ∈ |0..10|11 []) + 215·(x_7 ∈ |0..10|11 []) + 228·(x_8 ∈ |0..10|11 []) + 159·(x_9 ∈ |0..10|11 []) + 92·(x_10 ∈ |0..10|11 []) ≤ 8830
	w195:	180·(x_1 ∈ |0..10|11 []) + 197·(x_2 ∈ |0..10|11 []) + 237·(x_3 ∈ |0..10|11 []) + 219·(x_4 ∈ |0..10|11 []) + 16·(x_5 ∈ |0..10|11 []) + 242·(x_6 ∈ |0..10|11 []) + 239·(x_7 ∈ |0..10|11 []) + 15·(x_8 ∈ |0..10|11 []) + 42·(x_9 ∈ |0..10|11 []) + 63·(x_10 ∈ |0..10|11 []) ≤ 7190
	w196:	40·(x_1 ∈ |0..10|11 []) + 234·(x_2 ∈ |0..10|11 []) + 28·(x_3 ∈ |0..10|11 []) + 185·(x_4 ∈ |0..10|11 []) + 62·(x_5 ∈ |0..10|11 []) + 232·(x_6 ∈ |0..10|11 []) + 204·(x_7 ∈ |0..10|11 []) + 179·(x_8 ∈ |0..10|11 []) + 211·(x_9 ∈ |0..10|11 []) + 123·(x_10 ∈ |0..10|11 []) ≤ 7430
	w197:	59·(x_1 ∈ |0..10|11 []) + 209·(x_2 ∈ |0..10|11 []) + 104·(x_3 ∈ |0..10|11 []) + 231·(x_4 ∈ |0..10|11 []) + 26·(x_5 ∈ |0..10|11 []) + 145·(x_6 ∈ |0..10|11 []) + 228·(x_7 ∈ |0..10|11 []) + 59·(x_8 ∈ |0..10|11 []) + 36·(x_9 ∈ |0..10|11 []) + (x_10 ∈ |0..10|11 []) ≤ 5440
	w198:	224·(x_1 ∈ |0..10|11 []) + 215·(x_2 ∈ |0..10|11 []) + 81·(x_3 ∈ |0..10|11 []) + 71·(x_4 ∈ |0..10|11 []) + 154·(x_5 ∈ |0..10|11 []) + 13·(x_6 ∈ |0..10|11 []) + 239·(x_7 ∈ |0..10|11 []) + 189·(x_8 ∈ |0..10|11 []) + 219·(x_9 ∈ |0..10|11 []) + 198·(x_10 ∈ |0..10|11 []) ≤ 7950
	w199:	35·(x_1 ∈ |0..10|11 []) + 184·(x_2 ∈ |0..10|11 []) + 101·(x_3 ∈ |0..10|11 []) + 6·(x_4 ∈ |0..10|11 []) + 59·(x_5 ∈ |0..10|11 []) + 11·(x_6 ∈ |0..10|11 []) + 162·(x_7 ∈ |0..10|11 []) + 8·(x_8 ∈ |0..10|11 []) + 55·(x_9 ∈ |0..10|11 []) + 140·(x_10 ∈ |0..10|11 []) ≤ 3770
	w200:	108·(x_1 ∈ |0..10|11 []) + 116·(x_2 ∈ |0..10|11 []) + 43·(x_3 ∈ |0..10|11 []) + 107·(x_4 ∈ |0..10|11 []) + 36·(x_5 ∈ |0..10|11 []) + 141·(x_6 ∈ |0..10|11 []) + 2·(x_7 ∈ |0..10|11 []) + 143·(x_8 ∈ |0..10|11 []) + 246·(x_9 ∈ |0..10|11 []) + 60·(x_10 ∈ |0..10|11 []) ≤ 4960
	profits:	75·(x_1 ∈ |0..10|11 []) + 5·(x_2 ∈ |0..10|11 []) + 115·(x_3 ∈ |0..10|11 []) + 124·(x_4 ∈ |0..10|11 []) + 48·(x_5 ∈ |0..10|11 []) + 68·(x_6 ∈ |0..10|11 []) + 246·(x_7 ∈ |0..10|11 []) + 198·(x_8 ∈ |0..10|11 []) + 60·(x_9 ∈ |0..10|11 []) + 71·(x_10 ∈ |0..10|11 []) ≥ 5090
	CSE: ""

slurmstepd-extra002: error: *** JOB 1878454 ON extra002 CANCELLED AT 2024-12-14T15:13:10 DUE TO TIME LIMIT ***
