BATCH.SH START ./experiments/mbkp/runs:3065 (ulimit --clean)
Start EncodeRecord { instance: Some(Instance { problem: Mbkp { bound: 10, n_: 10, m_: 200, q_: 250, family: 1, s_: 25, seed: 4, fl: "0.4", fu: None, skip_obj: true }, i: 56, lp: "./experiments/mbkp/lps/3/4_13.lp" }), experiment: Some(Experiment { system: Pbc, pb_encoding: Gt, int_encoding: Ord, con_encoding: Include, split_eq: false, model_config: ModelConfig { scm: Dnf, cutoff: Order, decomposer: Gt, equalize_ternaries: true, add_consistency: false, propagate: None, equalize_uniform_bin_ineqs: false } }), statics: None, pb_statics: None, principal: None, time: None, dimacs: None }
model = 
	w1:	109·(x_1 ∈ |0..10|11 []) + 220·(x_2 ∈ |0..10|11 []) + 18·(x_3 ∈ |0..10|11 []) + 150·(x_4 ∈ |0..10|11 []) + 225·(x_5 ∈ |0..10|11 []) + 84·(x_6 ∈ |0..10|11 []) + 246·(x_7 ∈ |0..10|11 []) + 5·(x_8 ∈ |0..10|11 []) + 36·(x_9 ∈ |0..10|11 []) + 192·(x_10 ∈ |0..10|11 []) ≤ 6470
	w2:	153·(x_1 ∈ |0..10|11 []) + 156·(x_2 ∈ |0..10|11 []) + 163·(x_3 ∈ |0..10|11 []) + 180·(x_4 ∈ |0..10|11 []) + 157·(x_5 ∈ |0..10|11 []) + 236·(x_6 ∈ |0..10|11 []) + 77·(x_7 ∈ |0..10|11 []) + 6·(x_8 ∈ |0..10|11 []) + 99·(x_9 ∈ |0..10|11 []) + 54·(x_10 ∈ |0..10|11 []) ≤ 6450
	w3:	219·(x_1 ∈ |0..10|11 []) + 88·(x_2 ∈ |0..10|11 []) + 220·(x_3 ∈ |0..10|11 []) + 84·(x_4 ∈ |0..10|11 []) + 84·(x_5 ∈ |0..10|11 []) + 64·(x_6 ∈ |0..10|11 []) + 51·(x_7 ∈ |0..10|11 []) + 236·(x_8 ∈ |0..10|11 []) + 129·(x_9 ∈ |0..10|11 []) + 21·(x_10 ∈ |0..10|11 []) ≤ 6020
	w4:	23·(x_1 ∈ |0..10|11 []) + 192·(x_2 ∈ |0..10|11 []) + 13·(x_3 ∈ |0..10|11 []) + 104·(x_4 ∈ |0..10|11 []) + 143·(x_5 ∈ |0..10|11 []) + 248·(x_6 ∈ |0..10|11 []) + 232·(x_7 ∈ |0..10|11 []) + 112·(x_8 ∈ |0..10|11 []) + 54·(x_9 ∈ |0..10|11 []) + 206·(x_10 ∈ |0..10|11 []) ≤ 6680
	w5:	236·(x_1 ∈ |0..10|11 []) + 244·(x_2 ∈ |0..10|11 []) + 237·(x_3 ∈ |0..10|11 []) + 24·(x_4 ∈ |0..10|11 []) + 249·(x_5 ∈ |0..10|11 []) + 28·(x_6 ∈ |0..10|11 []) + 198·(x_7 ∈ |0..10|11 []) + 30·(x_8 ∈ |0..10|11 []) + 144·(x_9 ∈ |0..10|11 []) + 182·(x_10 ∈ |0..10|11 []) ≤ 7920
	w6:	217·(x_1 ∈ |0..10|11 []) + 202·(x_2 ∈ |0..10|11 []) + 53·(x_3 ∈ |0..10|11 []) + 241·(x_4 ∈ |0..10|11 []) + 105·(x_5 ∈ |0..10|11 []) + 64·(x_6 ∈ |0..10|11 []) + 217·(x_7 ∈ |0..10|11 []) + 29·(x_8 ∈ |0..10|11 []) + 95·(x_9 ∈ |0..10|11 []) + 236·(x_10 ∈ |0..10|11 []) ≤ 7350
	w7:	52·(x_1 ∈ |0..10|11 []) + 166·(x_2 ∈ |0..10|11 []) + 22·(x_3 ∈ |0..10|11 []) + 163·(x_4 ∈ |0..10|11 []) + 225·(x_5 ∈ |0..10|11 []) + 227·(x_6 ∈ |0..10|11 []) + 209·(x_7 ∈ |0..10|11 []) + 67·(x_8 ∈ |0..10|11 []) + 153·(x_9 ∈ |0..10|11 []) + 135·(x_10 ∈ |0..10|11 []) ≤ 7150
	w8:	38·(x_1 ∈ |0..10|11 []) + 220·(x_2 ∈ |0..10|11 []) + 79·(x_3 ∈ |0..10|11 []) + 41·(x_4 ∈ |0..10|11 []) + 218·(x_5 ∈ |0..10|11 []) + 163·(x_6 ∈ |0..10|11 []) + 154·(x_7 ∈ |0..10|11 []) + 49·(x_8 ∈ |0..10|11 []) + 5·(x_9 ∈ |0..10|11 []) + 121·(x_10 ∈ |0..10|11 []) ≤ 5480
	w9:	243·(x_1 ∈ |0..10|11 []) + 139·(x_2 ∈ |0..10|11 []) + 135·(x_3 ∈ |0..10|11 []) + 116·(x_4 ∈ |0..10|11 []) + 49·(x_5 ∈ |0..10|11 []) + 62·(x_6 ∈ |0..10|11 []) + 120·(x_7 ∈ |0..10|11 []) + 236·(x_8 ∈ |0..10|11 []) + 17·(x_9 ∈ |0..10|11 []) + 29·(x_10 ∈ |0..10|11 []) ≤ 5770
	w10:	233·(x_1 ∈ |0..10|11 []) + 214·(x_2 ∈ |0..10|11 []) + 10·(x_3 ∈ |0..10|11 []) + 170·(x_4 ∈ |0..10|11 []) + 80·(x_5 ∈ |0..10|11 []) + 187·(x_6 ∈ |0..10|11 []) + 53·(x_7 ∈ |0..10|11 []) + 41·(x_8 ∈ |0..10|11 []) + 177·(x_9 ∈ |0..10|11 []) + 2·(x_10 ∈ |0..10|11 []) ≤ 5880
	w11:	55·(x_1 ∈ |0..10|11 []) + 246·(x_2 ∈ |0..10|11 []) + 103·(x_3 ∈ |0..10|11 []) + 102·(x_4 ∈ |0..10|11 []) + 58·(x_5 ∈ |0..10|11 []) + 141·(x_6 ∈ |0..10|11 []) + 112·(x_7 ∈ |0..10|11 []) + 224·(x_8 ∈ |0..10|11 []) + 107·(x_9 ∈ |0..10|11 []) + 66·(x_10 ∈ |0..10|11 []) ≤ 6110
	w12:	35·(x_1 ∈ |0..10|11 []) + 234·(x_2 ∈ |0..10|11 []) + 136·(x_3 ∈ |0..10|11 []) + 25·(x_4 ∈ |0..10|11 []) + 22·(x_5 ∈ |0..10|11 []) + 147·(x_6 ∈ |0..10|11 []) + 21·(x_7 ∈ |0..10|11 []) + 224·(x_8 ∈ |0..10|11 []) + 39·(x_9 ∈ |0..10|11 []) + 5·(x_10 ∈ |0..10|11 []) ≤ 4470
	w13:	2·(x_1 ∈ |0..10|11 []) + 89·(x_2 ∈ |0..10|11 []) + 230·(x_3 ∈ |0..10|11 []) + 183·(x_4 ∈ |0..10|11 []) + 103·(x_5 ∈ |0..10|11 []) + 61·(x_6 ∈ |0..10|11 []) + 217·(x_7 ∈ |0..10|11 []) + 7·(x_8 ∈ |0..10|11 []) + 200·(x_9 ∈ |0..10|11 []) + 235·(x_10 ∈ |0..10|11 []) ≤ 6680
	w14:	128·(x_1 ∈ |0..10|11 []) + 141·(x_2 ∈ |0..10|11 []) + 99·(x_3 ∈ |0..10|11 []) + (x_4 ∈ |0..10|11 []) + 103·(x_5 ∈ |0..10|11 []) + 135·(x_6 ∈ |0..10|11 []) + 34·(x_7 ∈ |0..10|11 []) + 113·(x_8 ∈ |0..10|11 []) + 128·(x_9 ∈ |0..10|11 []) + 150·(x_10 ∈ |0..10|11 []) ≤ 5200
	w15:	171·(x_1 ∈ |0..10|11 []) + 4·(x_2 ∈ |0..10|11 []) + 82·(x_3 ∈ |0..10|11 []) + 66·(x_4 ∈ |0..10|11 []) + 7·(x_5 ∈ |0..10|11 []) + 18·(x_6 ∈ |0..10|11 []) + 42·(x_7 ∈ |0..10|11 []) + 151·(x_8 ∈ |0..10|11 []) + 80·(x_9 ∈ |0..10|11 []) + 78·(x_10 ∈ |0..10|11 []) ≤ 3520
	w16:	104·(x_1 ∈ |0..10|11 []) + 126·(x_2 ∈ |0..10|11 []) + 87·(x_3 ∈ |0..10|11 []) + 157·(x_4 ∈ |0..10|11 []) + 135·(x_5 ∈ |0..10|11 []) + 101·(x_6 ∈ |0..10|11 []) + 219·(x_7 ∈ |0..10|11 []) + 132·(x_8 ∈ |0..10|11 []) + 43·(x_9 ∈ |0..10|11 []) + 159·(x_10 ∈ |0..10|11 []) ≤ 6360
	w17:	(x_1 ∈ |0..10|11 []) + 112·(x_2 ∈ |0..10|11 []) + 216·(x_3 ∈ |0..10|11 []) + 131·(x_4 ∈ |0..10|11 []) + 248·(x_5 ∈ |0..10|11 []) + 84·(x_6 ∈ |0..10|11 []) + 122·(x_7 ∈ |0..10|11 []) + 51·(x_8 ∈ |0..10|11 []) + 80·(x_9 ∈ |0..10|11 []) + 34·(x_10 ∈ |0..10|11 []) ≤ 5430
	w18:	2·(x_1 ∈ |0..10|11 []) + 187·(x_2 ∈ |0..10|11 []) + 249·(x_3 ∈ |0..10|11 []) + 196·(x_4 ∈ |0..10|11 []) + 231·(x_5 ∈ |0..10|11 []) + 153·(x_6 ∈ |0..10|11 []) + 232·(x_7 ∈ |0..10|11 []) + 77·(x_8 ∈ |0..10|11 []) + 87·(x_9 ∈ |0..10|11 []) + 72·(x_10 ∈ |0..10|11 []) ≤ 7480
	w19:	101·(x_1 ∈ |0..10|11 []) + 94·(x_2 ∈ |0..10|11 []) + 3·(x_3 ∈ |0..10|11 []) + 135·(x_4 ∈ |0..10|11 []) + 172·(x_5 ∈ |0..10|11 []) + 170·(x_6 ∈ |0..10|11 []) + 210·(x_7 ∈ |0..10|11 []) + 216·(x_8 ∈ |0..10|11 []) + 134·(x_9 ∈ |0..10|11 []) + 108·(x_10 ∈ |0..10|11 []) ≤ 6760
	w20:	125·(x_1 ∈ |0..10|11 []) + 83·(x_2 ∈ |0..10|11 []) + 83·(x_3 ∈ |0..10|11 []) + 44·(x_4 ∈ |0..10|11 []) + 52·(x_5 ∈ |0..10|11 []) + 97·(x_6 ∈ |0..10|11 []) + 78·(x_7 ∈ |0..10|11 []) + (x_8 ∈ |0..10|11 []) + 249·(x_9 ∈ |0..10|11 []) + 139·(x_10 ∈ |0..10|11 []) ≤ 4790
	w21:	119·(x_1 ∈ |0..10|11 []) + 117·(x_2 ∈ |0..10|11 []) + 41·(x_3 ∈ |0..10|11 []) + 83·(x_4 ∈ |0..10|11 []) + 218·(x_5 ∈ |0..10|11 []) + 31·(x_6 ∈ |0..10|11 []) + 140·(x_7 ∈ |0..10|11 []) + 133·(x_8 ∈ |0..10|11 []) + 128·(x_9 ∈ |0..10|11 []) + 212·(x_10 ∈ |0..10|11 []) ≤ 6150
	w22:	123·(x_1 ∈ |0..10|11 []) + 20·(x_2 ∈ |0..10|11 []) + 121·(x_3 ∈ |0..10|11 []) + 191·(x_4 ∈ |0..10|11 []) + 215·(x_5 ∈ |0..10|11 []) + 56·(x_6 ∈ |0..10|11 []) + 112·(x_7 ∈ |0..10|11 []) + 244·(x_8 ∈ |0..10|11 []) + 52·(x_9 ∈ |0..10|11 []) + 134·(x_10 ∈ |0..10|11 []) ≤ 6390
	w23:	141·(x_1 ∈ |0..10|11 []) + 117·(x_2 ∈ |0..10|11 []) + 103·(x_3 ∈ |0..10|11 []) + 51·(x_4 ∈ |0..10|11 []) + 64·(x_5 ∈ |0..10|11 []) + 230·(x_6 ∈ |0..10|11 []) + 16·(x_7 ∈ |0..10|11 []) + 69·(x_8 ∈ |0..10|11 []) + 233·(x_9 ∈ |0..10|11 []) + 159·(x_10 ∈ |0..10|11 []) ≤ 5960
	w24:	29·(x_1 ∈ |0..10|11 []) + 33·(x_2 ∈ |0..10|11 []) + 127·(x_3 ∈ |0..10|11 []) + 28·(x_4 ∈ |0..10|11 []) + 71·(x_5 ∈ |0..10|11 []) + 171·(x_6 ∈ |0..10|11 []) + 97·(x_7 ∈ |0..10|11 []) + 43·(x_8 ∈ |0..10|11 []) + 243·(x_9 ∈ |0..10|11 []) + 188·(x_10 ∈ |0..10|11 []) ≤ 5190
	w25:	13·(x_1 ∈ |0..10|11 []) + 168·(x_2 ∈ |0..10|11 []) + 62·(x_3 ∈ |0..10|11 []) + 9·(x_4 ∈ |0..10|11 []) + 120·(x_5 ∈ |0..10|11 []) + 79·(x_6 ∈ |0..10|11 []) + 137·(x_7 ∈ |0..10|11 []) + 239·(x_8 ∈ |0..10|11 []) + 109·(x_9 ∈ |0..10|11 []) + 76·(x_10 ∈ |0..10|11 []) ≤ 5100
	w26:	240·(x_1 ∈ |0..10|11 []) + 192·(x_2 ∈ |0..10|11 []) + 172·(x_3 ∈ |0..10|11 []) + 80·(x_4 ∈ |0..10|11 []) + 171·(x_5 ∈ |0..10|11 []) + 218·(x_6 ∈ |0..10|11 []) + 236·(x_7 ∈ |0..10|11 []) + 206·(x_8 ∈ |0..10|11 []) + 133·(x_9 ∈ |0..10|11 []) + 191·(x_10 ∈ |0..10|11 []) ≤ 9260
	w27:	244·(x_1 ∈ |0..10|11 []) + 178·(x_2 ∈ |0..10|11 []) + 64·(x_3 ∈ |0..10|11 []) + 145·(x_4 ∈ |0..10|11 []) + 24·(x_5 ∈ |0..10|11 []) + 117·(x_6 ∈ |0..10|11 []) + 80·(x_7 ∈ |0..10|11 []) + 146·(x_8 ∈ |0..10|11 []) + 160·(x_9 ∈ |0..10|11 []) + 43·(x_10 ∈ |0..10|11 []) ≤ 6050
	w28:	192·(x_1 ∈ |0..10|11 []) + 89·(x_2 ∈ |0..10|11 []) + 71·(x_3 ∈ |0..10|11 []) + 158·(x_4 ∈ |0..10|11 []) + 3·(x_5 ∈ |0..10|11 []) + 208·(x_6 ∈ |0..10|11 []) + 47·(x_7 ∈ |0..10|11 []) + 25·(x_8 ∈ |0..10|11 []) + 201·(x_9 ∈ |0..10|11 []) + 93·(x_10 ∈ |0..10|11 []) ≤ 5470
	w29:	231·(x_1 ∈ |0..10|11 []) + 58·(x_2 ∈ |0..10|11 []) + 116·(x_3 ∈ |0..10|11 []) + 14·(x_4 ∈ |0..10|11 []) + 195·(x_5 ∈ |0..10|11 []) + 44·(x_6 ∈ |0..10|11 []) + 197·(x_7 ∈ |0..10|11 []) + 67·(x_8 ∈ |0..10|11 []) + 187·(x_9 ∈ |0..10|11 []) + 77·(x_10 ∈ |0..10|11 []) ≤ 5970
	w30:	29·(x_1 ∈ |0..10|11 []) + 167·(x_2 ∈ |0..10|11 []) + 138·(x_3 ∈ |0..10|11 []) + 233·(x_4 ∈ |0..10|11 []) + 29·(x_5 ∈ |0..10|11 []) + (x_6 ∈ |0..10|11 []) + 101·(x_7 ∈ |0..10|11 []) + 153·(x_8 ∈ |0..10|11 []) + 219·(x_9 ∈ |0..10|11 []) + 165·(x_10 ∈ |0..10|11 []) ≤ 6220
	w31:	44·(x_1 ∈ |0..10|11 []) + 32·(x_2 ∈ |0..10|11 []) + 77·(x_3 ∈ |0..10|11 []) + 63·(x_4 ∈ |0..10|11 []) + 208·(x_5 ∈ |0..10|11 []) + 75·(x_6 ∈ |0..10|11 []) + 159·(x_7 ∈ |0..10|11 []) + 100·(x_8 ∈ |0..10|11 []) + 201·(x_9 ∈ |0..10|11 []) + 203·(x_10 ∈ |0..10|11 []) ≤ 5850
	w32:	200·(x_1 ∈ |0..10|11 []) + 175·(x_2 ∈ |0..10|11 []) + 66·(x_3 ∈ |0..10|11 []) + 117·(x_4 ∈ |0..10|11 []) + 126·(x_5 ∈ |0..10|11 []) + 129·(x_6 ∈ |0..10|11 []) + 119·(x_7 ∈ |0..10|11 []) + 118·(x_8 ∈ |0..10|11 []) + 185·(x_9 ∈ |0..10|11 []) + 44·(x_10 ∈ |0..10|11 []) ≤ 6440
	w33:	9·(x_1 ∈ |0..10|11 []) + 35·(x_2 ∈ |0..10|11 []) + 201·(x_3 ∈ |0..10|11 []) + 113·(x_4 ∈ |0..10|11 []) + 92·(x_5 ∈ |0..10|11 []) + 157·(x_6 ∈ |0..10|11 []) + 84·(x_7 ∈ |0..10|11 []) + 16·(x_8 ∈ |0..10|11 []) + 142·(x_9 ∈ |0..10|11 []) + 92·(x_10 ∈ |0..10|11 []) ≤ 4740
	w34:	65·(x_1 ∈ |0..10|11 []) + 176·(x_2 ∈ |0..10|11 []) + 182·(x_3 ∈ |0..10|11 []) + 180·(x_4 ∈ |0..10|11 []) + 72·(x_5 ∈ |0..10|11 []) + 133·(x_6 ∈ |0..10|11 []) + 123·(x_7 ∈ |0..10|11 []) + 160·(x_8 ∈ |0..10|11 []) + 154·(x_9 ∈ |0..10|11 []) + 50·(x_10 ∈ |0..10|11 []) ≤ 6520
	w35:	127·(x_1 ∈ |0..10|11 []) + 159·(x_2 ∈ |0..10|11 []) + 45·(x_3 ∈ |0..10|11 []) + 25·(x_4 ∈ |0..10|11 []) + 183·(x_5 ∈ |0..10|11 []) + 108·(x_6 ∈ |0..10|11 []) + 192·(x_7 ∈ |0..10|11 []) + 180·(x_8 ∈ |0..10|11 []) + 10·(x_9 ∈ |0..10|11 []) + 219·(x_10 ∈ |0..10|11 []) ≤ 6280
	w36:	219·(x_1 ∈ |0..10|11 []) + 200·(x_2 ∈ |0..10|11 []) + 191·(x_3 ∈ |0..10|11 []) + 27·(x_4 ∈ |0..10|11 []) + 110·(x_5 ∈ |0..10|11 []) + 49·(x_6 ∈ |0..10|11 []) + 95·(x_7 ∈ |0..10|11 []) + 242·(x_8 ∈ |0..10|11 []) + 119·(x_9 ∈ |0..10|11 []) + 179·(x_10 ∈ |0..10|11 []) ≤ 7210
	w37:	85·(x_1 ∈ |0..10|11 []) + 124·(x_2 ∈ |0..10|11 []) + 19·(x_3 ∈ |0..10|11 []) + 224·(x_4 ∈ |0..10|11 []) + 76·(x_5 ∈ |0..10|11 []) + 58·(x_6 ∈ |0..10|11 []) + 203·(x_7 ∈ |0..10|11 []) + 160·(x_8 ∈ |0..10|11 []) + 233·(x_9 ∈ |0..10|11 []) + 59·(x_10 ∈ |0..10|11 []) ≤ 6250
	w38:	190·(x_1 ∈ |0..10|11 []) + 140·(x_2 ∈ |0..10|11 []) + 180·(x_3 ∈ |0..10|11 []) + 80·(x_4 ∈ |0..10|11 []) + 228·(x_5 ∈ |0..10|11 []) + 205·(x_6 ∈ |0..10|11 []) + 208·(x_7 ∈ |0..10|11 []) + 162·(x_8 ∈ |0..10|11 []) + 170·(x_9 ∈ |0..10|11 []) + 2·(x_10 ∈ |0..10|11 []) ≤ 7880
	w39:	55·(x_1 ∈ |0..10|11 []) + 156·(x_2 ∈ |0..10|11 []) + 2·(x_3 ∈ |0..10|11 []) + 180·(x_4 ∈ |0..10|11 []) + 198·(x_5 ∈ |0..10|11 []) + 125·(x_6 ∈ |0..10|11 []) + 108·(x_7 ∈ |0..10|11 []) + 143·(x_8 ∈ |0..10|11 []) + 234·(x_9 ∈ |0..10|11 []) + 149·(x_10 ∈ |0..10|11 []) ≤ 6800
	w40:	174·(x_1 ∈ |0..10|11 []) + 130·(x_2 ∈ |0..10|11 []) + 42·(x_3 ∈ |0..10|11 []) + 96·(x_4 ∈ |0..10|11 []) + 185·(x_5 ∈ |0..10|11 []) + 68·(x_6 ∈ |0..10|11 []) + 158·(x_7 ∈ |0..10|11 []) + 44·(x_8 ∈ |0..10|11 []) + 88·(x_9 ∈ |0..10|11 []) + 66·(x_10 ∈ |0..10|11 []) ≤ 5290
	w41:	42·(x_1 ∈ |0..10|11 []) + 111·(x_2 ∈ |0..10|11 []) + 158·(x_3 ∈ |0..10|11 []) + 40·(x_4 ∈ |0..10|11 []) + 45·(x_5 ∈ |0..10|11 []) + 139·(x_6 ∈ |0..10|11 []) + 248·(x_7 ∈ |0..10|11 []) + 220·(x_8 ∈ |0..10|11 []) + 154·(x_9 ∈ |0..10|11 []) + 52·(x_10 ∈ |0..10|11 []) ≤ 6090
	w42:	93·(x_1 ∈ |0..10|11 []) + 137·(x_2 ∈ |0..10|11 []) + 61·(x_3 ∈ |0..10|11 []) + 111·(x_4 ∈ |0..10|11 []) + 162·(x_5 ∈ |0..10|11 []) + 218·(x_6 ∈ |0..10|11 []) + 198·(x_7 ∈ |0..10|11 []) + 65·(x_8 ∈ |0..10|11 []) + 173·(x_9 ∈ |0..10|11 []) + 244·(x_10 ∈ |0..10|11 []) ≤ 7360
	w43:	60·(x_1 ∈ |0..10|11 []) + 94·(x_2 ∈ |0..10|11 []) + 177·(x_3 ∈ |0..10|11 []) + 39·(x_4 ∈ |0..10|11 []) + 81·(x_5 ∈ |0..10|11 []) + 157·(x_6 ∈ |0..10|11 []) + 152·(x_7 ∈ |0..10|11 []) + 30·(x_8 ∈ |0..10|11 []) + 210·(x_9 ∈ |0..10|11 []) + 3·(x_10 ∈ |0..10|11 []) ≤ 5050
	w44:	56·(x_1 ∈ |0..10|11 []) + 92·(x_2 ∈ |0..10|11 []) + 6·(x_3 ∈ |0..10|11 []) + 154·(x_4 ∈ |0..10|11 []) + 25·(x_5 ∈ |0..10|11 []) + 202·(x_6 ∈ |0..10|11 []) + 126·(x_7 ∈ |0..10|11 []) + 174·(x_8 ∈ |0..10|11 []) + 155·(x_9 ∈ |0..10|11 []) + 14·(x_10 ∈ |0..10|11 []) ≤ 5060
	w45:	16·(x_1 ∈ |0..10|11 []) + 112·(x_2 ∈ |0..10|11 []) + 196·(x_3 ∈ |0..10|11 []) + 129·(x_4 ∈ |0..10|11 []) + 239·(x_5 ∈ |0..10|11 []) + 70·(x_6 ∈ |0..10|11 []) + 13·(x_7 ∈ |0..10|11 []) + 198·(x_8 ∈ |0..10|11 []) + 146·(x_9 ∈ |0..10|11 []) + 148·(x_10 ∈ |0..10|11 []) ≤ 6380
	w46:	227·(x_1 ∈ |0..10|11 []) + 29·(x_2 ∈ |0..10|11 []) + 36·(x_3 ∈ |0..10|11 []) + 189·(x_4 ∈ |0..10|11 []) + 114·(x_5 ∈ |0..10|11 []) + 217·(x_6 ∈ |0..10|11 []) + 240·(x_7 ∈ |0..10|11 []) + 166·(x_8 ∈ |0..10|11 []) + 236·(x_9 ∈ |0..10|11 []) + 220·(x_10 ∈ |0..10|11 []) ≤ 8430
	w47:	126·(x_1 ∈ |0..10|11 []) + 232·(x_2 ∈ |0..10|11 []) + 126·(x_3 ∈ |0..10|11 []) + 24·(x_4 ∈ |0..10|11 []) + 90·(x_5 ∈ |0..10|11 []) + 104·(x_6 ∈ |0..10|11 []) + 37·(x_7 ∈ |0..10|11 []) + 56·(x_8 ∈ |0..10|11 []) + 214·(x_9 ∈ |0..10|11 []) + 78·(x_10 ∈ |0..10|11 []) ≤ 5470
	w48:	76·(x_1 ∈ |0..10|11 []) + 191·(x_2 ∈ |0..10|11 []) + 90·(x_3 ∈ |0..10|11 []) + 131·(x_4 ∈ |0..10|11 []) + 142·(x_5 ∈ |0..10|11 []) + 187·(x_6 ∈ |0..10|11 []) + 16·(x_7 ∈ |0..10|11 []) + 139·(x_8 ∈ |0..10|11 []) + 199·(x_9 ∈ |0..10|11 []) + 98·(x_10 ∈ |0..10|11 []) ≤ 6390
	w49:	205·(x_1 ∈ |0..10|11 []) + 178·(x_2 ∈ |0..10|11 []) + 211·(x_3 ∈ |0..10|11 []) + 235·(x_4 ∈ |0..10|11 []) + 155·(x_5 ∈ |0..10|11 []) + 72·(x_6 ∈ |0..10|11 []) + 58·(x_7 ∈ |0..10|11 []) + 91·(x_8 ∈ |0..10|11 []) + 124·(x_9 ∈ |0..10|11 []) + 158·(x_10 ∈ |0..10|11 []) ≤ 7490
	w50:	202·(x_1 ∈ |0..10|11 []) + 232·(x_2 ∈ |0..10|11 []) + 194·(x_3 ∈ |0..10|11 []) + 228·(x_4 ∈ |0..10|11 []) + 192·(x_5 ∈ |0..10|11 []) + 31·(x_6 ∈ |0..10|11 []) + 118·(x_7 ∈ |0..10|11 []) + 212·(x_8 ∈ |0..10|11 []) + 94·(x_9 ∈ |0..10|11 []) + 158·(x_10 ∈ |0..10|11 []) ≤ 8370
	w51:	39·(x_1 ∈ |0..10|11 []) + 244·(x_2 ∈ |0..10|11 []) + 27·(x_3 ∈ |0..10|11 []) + 175·(x_4 ∈ |0..10|11 []) + 39·(x_5 ∈ |0..10|11 []) + 90·(x_6 ∈ |0..10|11 []) + 178·(x_7 ∈ |0..10|11 []) + 159·(x_8 ∈ |0..10|11 []) + 121·(x_9 ∈ |0..10|11 []) + 57·(x_10 ∈ |0..10|11 []) ≤ 5690
	w52:	124·(x_1 ∈ |0..10|11 []) + 212·(x_2 ∈ |0..10|11 []) + 231·(x_3 ∈ |0..10|11 []) + 233·(x_4 ∈ |0..10|11 []) + 126·(x_5 ∈ |0..10|11 []) + 230·(x_6 ∈ |0..10|11 []) + 149·(x_7 ∈ |0..10|11 []) + 34·(x_8 ∈ |0..10|11 []) + 125·(x_9 ∈ |0..10|11 []) + 62·(x_10 ∈ |0..10|11 []) ≤ 7690
	w53:	60·(x_1 ∈ |0..10|11 []) + 105·(x_2 ∈ |0..10|11 []) + 52·(x_3 ∈ |0..10|11 []) + 31·(x_4 ∈ |0..10|11 []) + 117·(x_5 ∈ |0..10|11 []) + 86·(x_6 ∈ |0..10|11 []) + 110·(x_7 ∈ |0..10|11 []) + 222·(x_8 ∈ |0..10|11 []) + 30·(x_9 ∈ |0..10|11 []) + 5·(x_10 ∈ |0..10|11 []) ≤ 4120
	w54:	23·(x_1 ∈ |0..10|11 []) + 75·(x_2 ∈ |0..10|11 []) + 15·(x_3 ∈ |0..10|11 []) + 18·(x_4 ∈ |0..10|11 []) + 190·(x_5 ∈ |0..10|11 []) + 145·(x_6 ∈ |0..10|11 []) + 54·(x_7 ∈ |0..10|11 []) + 124·(x_8 ∈ |0..10|11 []) + 140·(x_9 ∈ |0..10|11 []) + 93·(x_10 ∈ |0..10|11 []) ≤ 4420
	w55:	133·(x_1 ∈ |0..10|11 []) + 61·(x_2 ∈ |0..10|11 []) + 84·(x_3 ∈ |0..10|11 []) + 140·(x_4 ∈ |0..10|11 []) + 5·(x_5 ∈ |0..10|11 []) + 164·(x_6 ∈ |0..10|11 []) + 83·(x_7 ∈ |0..10|11 []) + 100·(x_8 ∈ |0..10|11 []) + 40·(x_9 ∈ |0..10|11 []) + 41·(x_10 ∈ |0..10|11 []) ≤ 4280
	w56:	121·(x_1 ∈ |0..10|11 []) + 38·(x_2 ∈ |0..10|11 []) + 148·(x_3 ∈ |0..10|11 []) + 146·(x_4 ∈ |0..10|11 []) + 72·(x_5 ∈ |0..10|11 []) + 207·(x_6 ∈ |0..10|11 []) + 64·(x_7 ∈ |0..10|11 []) + 99·(x_8 ∈ |0..10|11 []) + 149·(x_9 ∈ |0..10|11 []) + 131·(x_10 ∈ |0..10|11 []) ≤ 5920
	w57:	51·(x_1 ∈ |0..10|11 []) + 202·(x_2 ∈ |0..10|11 []) + 209·(x_3 ∈ |0..10|11 []) + 221·(x_4 ∈ |0..10|11 []) + 203·(x_5 ∈ |0..10|11 []) + 58·(x_6 ∈ |0..10|11 []) + 139·(x_7 ∈ |0..10|11 []) + 48·(x_8 ∈ |0..10|11 []) + 26·(x_9 ∈ |0..10|11 []) + 100·(x_10 ∈ |0..10|11 []) ≤ 6330
	w58:	186·(x_1 ∈ |0..10|11 []) + 200·(x_2 ∈ |0..10|11 []) + 113·(x_3 ∈ |0..10|11 []) + 243·(x_4 ∈ |0..10|11 []) + 227·(x_5 ∈ |0..10|11 []) + 12·(x_6 ∈ |0..10|11 []) + 244·(x_7 ∈ |0..10|11 []) + 167·(x_8 ∈ |0..10|11 []) + 91·(x_9 ∈ |0..10|11 []) + 127·(x_10 ∈ |0..10|11 []) ≤ 8110
	w59:	64·(x_1 ∈ |0..10|11 []) + 57·(x_2 ∈ |0..10|11 []) + 194·(x_3 ∈ |0..10|11 []) + 248·(x_4 ∈ |0..10|11 []) + 246·(x_5 ∈ |0..10|11 []) + 126·(x_6 ∈ |0..10|11 []) + 35·(x_7 ∈ |0..10|11 []) + 18·(x_8 ∈ |0..10|11 []) + 161·(x_9 ∈ |0..10|11 []) + 143·(x_10 ∈ |0..10|11 []) ≤ 6510
	w60:	240·(x_1 ∈ |0..10|11 []) + 118·(x_2 ∈ |0..10|11 []) + 29·(x_3 ∈ |0..10|11 []) + 83·(x_4 ∈ |0..10|11 []) + 112·(x_5 ∈ |0..10|11 []) + 111·(x_6 ∈ |0..10|11 []) + 235·(x_7 ∈ |0..10|11 []) + 109·(x_8 ∈ |0..10|11 []) + 194·(x_9 ∈ |0..10|11 []) + 36·(x_10 ∈ |0..10|11 []) ≤ 6380
	w61:	76·(x_1 ∈ |0..10|11 []) + 113·(x_2 ∈ |0..10|11 []) + 49·(x_3 ∈ |0..10|11 []) + 148·(x_4 ∈ |0..10|11 []) + 14·(x_5 ∈ |0..10|11 []) + 6·(x_6 ∈ |0..10|11 []) + 36·(x_7 ∈ |0..10|11 []) + 139·(x_8 ∈ |0..10|11 []) + 71·(x_9 ∈ |0..10|11 []) + 129·(x_10 ∈ |0..10|11 []) ≤ 3930
	w62:	2·(x_1 ∈ |0..10|11 []) + 32·(x_2 ∈ |0..10|11 []) + 142·(x_3 ∈ |0..10|11 []) + 114·(x_4 ∈ |0..10|11 []) + 150·(x_5 ∈ |0..10|11 []) + 176·(x_6 ∈ |0..10|11 []) + 199·(x_7 ∈ |0..10|11 []) + 13·(x_8 ∈ |0..10|11 []) + 237·(x_9 ∈ |0..10|11 []) + 222·(x_10 ∈ |0..10|11 []) ≤ 6480
	w63:	148·(x_1 ∈ |0..10|11 []) + 183·(x_2 ∈ |0..10|11 []) + 218·(x_3 ∈ |0..10|11 []) + 92·(x_4 ∈ |0..10|11 []) + 20·(x_5 ∈ |0..10|11 []) + 240·(x_6 ∈ |0..10|11 []) + 171·(x_7 ∈ |0..10|11 []) + 179·(x_8 ∈ |0..10|11 []) + 211·(x_9 ∈ |0..10|11 []) + 216·(x_10 ∈ |0..10|11 []) ≤ 8450
	w64:	226·(x_1 ∈ |0..10|11 []) + 128·(x_2 ∈ |0..10|11 []) + 34·(x_3 ∈ |0..10|11 []) + 120·(x_4 ∈ |0..10|11 []) + 81·(x_5 ∈ |0..10|11 []) + 229·(x_6 ∈ |0..10|11 []) + 130·(x_7 ∈ |0..10|11 []) + 167·(x_8 ∈ |0..10|11 []) + 159·(x_9 ∈ |0..10|11 []) + 214·(x_10 ∈ |0..10|11 []) ≤ 7490
	w65:	228·(x_1 ∈ |0..10|11 []) + 92·(x_2 ∈ |0..10|11 []) + 242·(x_3 ∈ |0..10|11 []) + 2·(x_4 ∈ |0..10|11 []) + 64·(x_5 ∈ |0..10|11 []) + 66·(x_6 ∈ |0..10|11 []) + 95·(x_7 ∈ |0..10|11 []) + 68·(x_8 ∈ |0..10|11 []) + 235·(x_9 ∈ |0..10|11 []) + 170·(x_10 ∈ |0..10|11 []) ≤ 6360
	w66:	201·(x_1 ∈ |0..10|11 []) + 91·(x_2 ∈ |0..10|11 []) + 83·(x_3 ∈ |0..10|11 []) + 230·(x_4 ∈ |0..10|11 []) + 102·(x_5 ∈ |0..10|11 []) + 8·(x_6 ∈ |0..10|11 []) + 189·(x_7 ∈ |0..10|11 []) + 98·(x_8 ∈ |0..10|11 []) + 17·(x_9 ∈ |0..10|11 []) + 42·(x_10 ∈ |0..10|11 []) ≤ 5340
	w67:	212·(x_1 ∈ |0..10|11 []) + 216·(x_2 ∈ |0..10|11 []) + 249·(x_3 ∈ |0..10|11 []) + 176·(x_4 ∈ |0..10|11 []) + 102·(x_5 ∈ |0..10|11 []) + 173·(x_6 ∈ |0..10|11 []) + 84·(x_7 ∈ |0..10|11 []) + 248·(x_8 ∈ |0..10|11 []) + 149·(x_9 ∈ |0..10|11 []) + 235·(x_10 ∈ |0..10|11 []) ≤ 9290
	w68:	127·(x_1 ∈ |0..10|11 []) + 100·(x_2 ∈ |0..10|11 []) + 142·(x_3 ∈ |0..10|11 []) + 138·(x_4 ∈ |0..10|11 []) + 12·(x_5 ∈ |0..10|11 []) + 29·(x_6 ∈ |0..10|11 []) + 112·(x_7 ∈ |0..10|11 []) + 115·(x_8 ∈ |0..10|11 []) + 217·(x_9 ∈ |0..10|11 []) + 43·(x_10 ∈ |0..10|11 []) ≤ 5210
	w69:	81·(x_1 ∈ |0..10|11 []) + 108·(x_2 ∈ |0..10|11 []) + 73·(x_3 ∈ |0..10|11 []) + 199·(x_4 ∈ |0..10|11 []) + 87·(x_5 ∈ |0..10|11 []) + 151·(x_6 ∈ |0..10|11 []) + 53·(x_7 ∈ |0..10|11 []) + 3·(x_8 ∈ |0..10|11 []) + 224·(x_9 ∈ |0..10|11 []) + 210·(x_10 ∈ |0..10|11 []) ≤ 5990
	w70:	234·(x_1 ∈ |0..10|11 []) + 155·(x_2 ∈ |0..10|11 []) + 149·(x_3 ∈ |0..10|11 []) + 9·(x_4 ∈ |0..10|11 []) + 84·(x_5 ∈ |0..10|11 []) + 98·(x_6 ∈ |0..10|11 []) + 33·(x_7 ∈ |0..10|11 []) + 231·(x_8 ∈ |0..10|11 []) + 64·(x_9 ∈ |0..10|11 []) + 43·(x_10 ∈ |0..10|11 []) ≤ 5540
	w71:	228·(x_1 ∈ |0..10|11 []) + 121·(x_2 ∈ |0..10|11 []) + 132·(x_3 ∈ |0..10|11 []) + 163·(x_4 ∈ |0..10|11 []) + 131·(x_5 ∈ |0..10|11 []) + 36·(x_6 ∈ |0..10|11 []) + 8·(x_7 ∈ |0..10|11 []) + 101·(x_8 ∈ |0..10|11 []) + 169·(x_9 ∈ |0..10|11 []) + 41·(x_10 ∈ |0..10|11 []) ≤ 5690
	w72:	67·(x_1 ∈ |0..10|11 []) + 168·(x_2 ∈ |0..10|11 []) + 212·(x_3 ∈ |0..10|11 []) + 80·(x_4 ∈ |0..10|11 []) + 213·(x_5 ∈ |0..10|11 []) + 75·(x_6 ∈ |0..10|11 []) + 116·(x_7 ∈ |0..10|11 []) + 199·(x_8 ∈ |0..10|11 []) + 149·(x_9 ∈ |0..10|11 []) + 16·(x_10 ∈ |0..10|11 []) ≤ 6520
	w73:	76·(x_1 ∈ |0..10|11 []) + 206·(x_2 ∈ |0..10|11 []) + 38·(x_3 ∈ |0..10|11 []) + 41·(x_4 ∈ |0..10|11 []) + 77·(x_5 ∈ |0..10|11 []) + 112·(x_6 ∈ |0..10|11 []) + 205·(x_7 ∈ |0..10|11 []) + 44·(x_8 ∈ |0..10|11 []) + 51·(x_9 ∈ |0..10|11 []) + 116·(x_10 ∈ |0..10|11 []) ≤ 4860
	w74:	195·(x_1 ∈ |0..10|11 []) + 84·(x_2 ∈ |0..10|11 []) + 143·(x_3 ∈ |0..10|11 []) + 64·(x_4 ∈ |0..10|11 []) + 244·(x_5 ∈ |0..10|11 []) + 133·(x_6 ∈ |0..10|11 []) + 161·(x_7 ∈ |0..10|11 []) + 164·(x_8 ∈ |0..10|11 []) + 197·(x_9 ∈ |0..10|11 []) + 169·(x_10 ∈ |0..10|11 []) ≤ 7830
	w75:	43·(x_1 ∈ |0..10|11 []) + 144·(x_2 ∈ |0..10|11 []) + 163·(x_3 ∈ |0..10|11 []) + 43·(x_4 ∈ |0..10|11 []) + 164·(x_5 ∈ |0..10|11 []) + 172·(x_6 ∈ |0..10|11 []) + 9·(x_7 ∈ |0..10|11 []) + 199·(x_8 ∈ |0..10|11 []) + 212·(x_9 ∈ |0..10|11 []) + 149·(x_10 ∈ |0..10|11 []) ≤ 6540
	w76:	211·(x_1 ∈ |0..10|11 []) + 91·(x_2 ∈ |0..10|11 []) + 162·(x_3 ∈ |0..10|11 []) + 68·(x_4 ∈ |0..10|11 []) + 218·(x_5 ∈ |0..10|11 []) + 66·(x_6 ∈ |0..10|11 []) + 206·(x_7 ∈ |0..10|11 []) + 240·(x_8 ∈ |0..10|11 []) + 146·(x_9 ∈ |0..10|11 []) + 197·(x_10 ∈ |0..10|11 []) ≤ 8080
	w77:	56·(x_1 ∈ |0..10|11 []) + 246·(x_2 ∈ |0..10|11 []) + 196·(x_3 ∈ |0..10|11 []) + 95·(x_4 ∈ |0..10|11 []) + 84·(x_5 ∈ |0..10|11 []) + 33·(x_6 ∈ |0..10|11 []) + 72·(x_7 ∈ |0..10|11 []) + 36·(x_8 ∈ |0..10|11 []) + 107·(x_9 ∈ |0..10|11 []) + 81·(x_10 ∈ |0..10|11 []) ≤ 5070
	w78:	88·(x_1 ∈ |0..10|11 []) + 108·(x_2 ∈ |0..10|11 []) + 68·(x_3 ∈ |0..10|11 []) + 210·(x_4 ∈ |0..10|11 []) + 187·(x_5 ∈ |0..10|11 []) + 137·(x_6 ∈ |0..10|11 []) + 53·(x_7 ∈ |0..10|11 []) + 119·(x_8 ∈ |0..10|11 []) + 232·(x_9 ∈ |0..10|11 []) + 42·(x_10 ∈ |0..10|11 []) ≤ 6260
	w79:	157·(x_1 ∈ |0..10|11 []) + 222·(x_2 ∈ |0..10|11 []) + 3·(x_3 ∈ |0..10|11 []) + 7·(x_4 ∈ |0..10|11 []) + 205·(x_5 ∈ |0..10|11 []) + 67·(x_6 ∈ |0..10|11 []) + 14·(x_7 ∈ |0..10|11 []) + 20·(x_8 ∈ |0..10|11 []) + 59·(x_9 ∈ |0..10|11 []) + 60·(x_10 ∈ |0..10|11 []) ≤ 4100
	w80:	55·(x_1 ∈ |0..10|11 []) + 98·(x_2 ∈ |0..10|11 []) + 140·(x_3 ∈ |0..10|11 []) + 137·(x_4 ∈ |0..10|11 []) + 106·(x_5 ∈ |0..10|11 []) + 62·(x_6 ∈ |0..10|11 []) + 167·(x_7 ∈ |0..10|11 []) + 81·(x_8 ∈ |0..10|11 []) + 210·(x_9 ∈ |0..10|11 []) + 83·(x_10 ∈ |0..10|11 []) ≤ 5740
	w81:	148·(x_1 ∈ |0..10|11 []) + 113·(x_2 ∈ |0..10|11 []) + 170·(x_3 ∈ |0..10|11 []) + 123·(x_4 ∈ |0..10|11 []) + 105·(x_5 ∈ |0..10|11 []) + 174·(x_6 ∈ |0..10|11 []) + 53·(x_7 ∈ |0..10|11 []) + 195·(x_8 ∈ |0..10|11 []) + 232·(x_9 ∈ |0..10|11 []) + 110·(x_10 ∈ |0..10|11 []) ≤ 7170
	w82:	155·(x_1 ∈ |0..10|11 []) + 210·(x_2 ∈ |0..10|11 []) + 182·(x_3 ∈ |0..10|11 []) + 237·(x_4 ∈ |0..10|11 []) + 33·(x_5 ∈ |0..10|11 []) + 105·(x_6 ∈ |0..10|11 []) + 186·(x_7 ∈ |0..10|11 []) + 196·(x_8 ∈ |0..10|11 []) + 14·(x_9 ∈ |0..10|11 []) + 241·(x_10 ∈ |0..10|11 []) ≤ 7850
	w83:	116·(x_1 ∈ |0..10|11 []) + 236·(x_2 ∈ |0..10|11 []) + 112·(x_3 ∈ |0..10|11 []) + 117·(x_4 ∈ |0..10|11 []) + 21·(x_5 ∈ |0..10|11 []) + 213·(x_6 ∈ |0..10|11 []) + 187·(x_7 ∈ |0..10|11 []) + 77·(x_8 ∈ |0..10|11 []) + 120·(x_9 ∈ |0..10|11 []) + 62·(x_10 ∈ |0..10|11 []) ≤ 6350
	w84:	85·(x_1 ∈ |0..10|11 []) + 219·(x_2 ∈ |0..10|11 []) + 138·(x_3 ∈ |0..10|11 []) + 224·(x_4 ∈ |0..10|11 []) + 122·(x_5 ∈ |0..10|11 []) + 215·(x_6 ∈ |0..10|11 []) + 115·(x_7 ∈ |0..10|11 []) + 125·(x_8 ∈ |0..10|11 []) + 15·(x_9 ∈ |0..10|11 []) + 150·(x_10 ∈ |0..10|11 []) ≤ 7090
	w85:	73·(x_1 ∈ |0..10|11 []) + 169·(x_2 ∈ |0..10|11 []) + 83·(x_3 ∈ |0..10|11 []) + 245·(x_4 ∈ |0..10|11 []) + 153·(x_5 ∈ |0..10|11 []) + 69·(x_6 ∈ |0..10|11 []) + 3·(x_7 ∈ |0..10|11 []) + 114·(x_8 ∈ |0..10|11 []) + 179·(x_9 ∈ |0..10|11 []) + 203·(x_10 ∈ |0..10|11 []) ≤ 6500
	w86:	26·(x_1 ∈ |0..10|11 []) + 238·(x_2 ∈ |0..10|11 []) + 210·(x_3 ∈ |0..10|11 []) + 233·(x_4 ∈ |0..10|11 []) + 113·(x_5 ∈ |0..10|11 []) + 45·(x_6 ∈ |0..10|11 []) + 244·(x_7 ∈ |0..10|11 []) + 3·(x_8 ∈ |0..10|11 []) + 12·(x_9 ∈ |0..10|11 []) + 93·(x_10 ∈ |0..10|11 []) ≤ 6130
	w87:	141·(x_1 ∈ |0..10|11 []) + 78·(x_2 ∈ |0..10|11 []) + 100·(x_3 ∈ |0..10|11 []) + 41·(x_4 ∈ |0..10|11 []) + 111·(x_5 ∈ |0..10|11 []) + 138·(x_6 ∈ |0..10|11 []) + 24·(x_7 ∈ |0..10|11 []) + 110·(x_8 ∈ |0..10|11 []) + 166·(x_9 ∈ |0..10|11 []) + 28·(x_10 ∈ |0..10|11 []) ≤ 4720
	w88:	97·(x_1 ∈ |0..10|11 []) + 23·(x_2 ∈ |0..10|11 []) + 111·(x_3 ∈ |0..10|11 []) + 199·(x_4 ∈ |0..10|11 []) + 31·(x_5 ∈ |0..10|11 []) + 227·(x_6 ∈ |0..10|11 []) + 126·(x_7 ∈ |0..10|11 []) + 191·(x_8 ∈ |0..10|11 []) + 59·(x_9 ∈ |0..10|11 []) + 36·(x_10 ∈ |0..10|11 []) ≤ 5540
	w89:	206·(x_1 ∈ |0..10|11 []) + 71·(x_2 ∈ |0..10|11 []) + 40·(x_3 ∈ |0..10|11 []) + 2·(x_4 ∈ |0..10|11 []) + 160·(x_5 ∈ |0..10|11 []) + 179·(x_6 ∈ |0..10|11 []) + 133·(x_7 ∈ |0..10|11 []) + 19·(x_8 ∈ |0..10|11 []) + 165·(x_9 ∈ |0..10|11 []) + 215·(x_10 ∈ |0..10|11 []) ≤ 5990
	w90:	198·(x_1 ∈ |0..10|11 []) + 122·(x_2 ∈ |0..10|11 []) + 175·(x_3 ∈ |0..10|11 []) + 14·(x_4 ∈ |0..10|11 []) + 142·(x_5 ∈ |0..10|11 []) + 215·(x_6 ∈ |0..10|11 []) + 95·(x_7 ∈ |0..10|11 []) + 65·(x_8 ∈ |0..10|11 []) + 218·(x_9 ∈ |0..10|11 []) + 243·(x_10 ∈ |0..10|11 []) ≤ 7490
	w91:	79·(x_1 ∈ |0..10|11 []) + 65·(x_2 ∈ |0..10|11 []) + 177·(x_3 ∈ |0..10|11 []) + 53·(x_4 ∈ |0..10|11 []) + 131·(x_5 ∈ |0..10|11 []) + 239·(x_6 ∈ |0..10|11 []) + 236·(x_7 ∈ |0..10|11 []) + 94·(x_8 ∈ |0..10|11 []) + 55·(x_9 ∈ |0..10|11 []) + 73·(x_10 ∈ |0..10|11 []) ≤ 6050
	w92:	112·(x_1 ∈ |0..10|11 []) + 63·(x_2 ∈ |0..10|11 []) + 186·(x_3 ∈ |0..10|11 []) + 152·(x_4 ∈ |0..10|11 []) + 64·(x_5 ∈ |0..10|11 []) + 221·(x_6 ∈ |0..10|11 []) + 37·(x_7 ∈ |0..10|11 []) + 134·(x_8 ∈ |0..10|11 []) + 7·(x_9 ∈ |0..10|11 []) + 151·(x_10 ∈ |0..10|11 []) ≤ 5680
	w93:	20·(x_1 ∈ |0..10|11 []) + 32·(x_2 ∈ |0..10|11 []) + 44·(x_3 ∈ |0..10|11 []) + 167·(x_4 ∈ |0..10|11 []) + 158·(x_5 ∈ |0..10|11 []) + 245·(x_6 ∈ |0..10|11 []) + 65·(x_7 ∈ |0..10|11 []) + 77·(x_8 ∈ |0..10|11 []) + 152·(x_9 ∈ |0..10|11 []) + 19·(x_10 ∈ |0..10|11 []) ≤ 4930
	w94:	50·(x_1 ∈ |0..10|11 []) + 230·(x_2 ∈ |0..10|11 []) + 121·(x_3 ∈ |0..10|11 []) + 64·(x_4 ∈ |0..10|11 []) + 75·(x_5 ∈ |0..10|11 []) + 231·(x_6 ∈ |0..10|11 []) + 119·(x_7 ∈ |0..10|11 []) + 169·(x_8 ∈ |0..10|11 []) + 19·(x_9 ∈ |0..10|11 []) + 69·(x_10 ∈ |0..10|11 []) ≤ 5780
	w95:	122·(x_1 ∈ |0..10|11 []) + 223·(x_2 ∈ |0..10|11 []) + 108·(x_3 ∈ |0..10|11 []) + 65·(x_4 ∈ |0..10|11 []) + 131·(x_5 ∈ |0..10|11 []) + 15·(x_6 ∈ |0..10|11 []) + 244·(x_7 ∈ |0..10|11 []) + 89·(x_8 ∈ |0..10|11 []) + 182·(x_9 ∈ |0..10|11 []) + 232·(x_10 ∈ |0..10|11 []) ≤ 7110
	w96:	247·(x_1 ∈ |0..10|11 []) + 59·(x_2 ∈ |0..10|11 []) + 52·(x_3 ∈ |0..10|11 []) + 136·(x_4 ∈ |0..10|11 []) + 114·(x_5 ∈ |0..10|11 []) + 67·(x_6 ∈ |0..10|11 []) + 249·(x_7 ∈ |0..10|11 []) + 113·(x_8 ∈ |0..10|11 []) + 61·(x_9 ∈ |0..10|11 []) + 217·(x_10 ∈ |0..10|11 []) ≤ 6620
	w97:	87·(x_1 ∈ |0..10|11 []) + 156·(x_2 ∈ |0..10|11 []) + 247·(x_3 ∈ |0..10|11 []) + 167·(x_4 ∈ |0..10|11 []) + 32·(x_5 ∈ |0..10|11 []) + 120·(x_6 ∈ |0..10|11 []) + 205·(x_7 ∈ |0..10|11 []) + 153·(x_8 ∈ |0..10|11 []) + 18·(x_9 ∈ |0..10|11 []) + 109·(x_10 ∈ |0..10|11 []) ≤ 6520
	w98:	213·(x_1 ∈ |0..10|11 []) + 212·(x_2 ∈ |0..10|11 []) + 174·(x_3 ∈ |0..10|11 []) + 145·(x_4 ∈ |0..10|11 []) + 82·(x_5 ∈ |0..10|11 []) + 42·(x_6 ∈ |0..10|11 []) + 173·(x_7 ∈ |0..10|11 []) + 45·(x_8 ∈ |0..10|11 []) + 163·(x_9 ∈ |0..10|11 []) + 235·(x_10 ∈ |0..10|11 []) ≤ 7470
	w99:	123·(x_1 ∈ |0..10|11 []) + 98·(x_2 ∈ |0..10|11 []) + 237·(x_3 ∈ |0..10|11 []) + 114·(x_4 ∈ |0..10|11 []) + 13·(x_5 ∈ |0..10|11 []) + 79·(x_6 ∈ |0..10|11 []) + 59·(x_7 ∈ |0..10|11 []) + 210·(x_8 ∈ |0..10|11 []) + 219·(x_9 ∈ |0..10|11 []) + 175·(x_10 ∈ |0..10|11 []) ≤ 6680
	w100:	128·(x_1 ∈ |0..10|11 []) + 95·(x_2 ∈ |0..10|11 []) + 125·(x_3 ∈ |0..10|11 []) + 19·(x_4 ∈ |0..10|11 []) + 182·(x_5 ∈ |0..10|11 []) + 22·(x_6 ∈ |0..10|11 []) + 179·(x_7 ∈ |0..10|11 []) + 108·(x_8 ∈ |0..10|11 []) + 122·(x_9 ∈ |0..10|11 []) + 100·(x_10 ∈ |0..10|11 []) ≤ 5440
	w101:	207·(x_1 ∈ |0..10|11 []) + 135·(x_2 ∈ |0..10|11 []) + 159·(x_3 ∈ |0..10|11 []) + 76·(x_4 ∈ |0..10|11 []) + 161·(x_5 ∈ |0..10|11 []) + 201·(x_6 ∈ |0..10|11 []) + (x_7 ∈ |0..10|11 []) + 96·(x_8 ∈ |0..10|11 []) + 241·(x_9 ∈ |0..10|11 []) + 239·(x_10 ∈ |0..10|11 []) ≤ 7640
	w102:	88·(x_1 ∈ |0..10|11 []) + 124·(x_2 ∈ |0..10|11 []) + 147·(x_3 ∈ |0..10|11 []) + 240·(x_4 ∈ |0..10|11 []) + 141·(x_5 ∈ |0..10|11 []) + 166·(x_6 ∈ |0..10|11 []) + 7·(x_7 ∈ |0..10|11 []) + 173·(x_8 ∈ |0..10|11 []) + 235·(x_9 ∈ |0..10|11 []) + 126·(x_10 ∈ |0..10|11 []) ≤ 7290
	w103:	239·(x_1 ∈ |0..10|11 []) + 246·(x_2 ∈ |0..10|11 []) + 154·(x_3 ∈ |0..10|11 []) + 16·(x_4 ∈ |0..10|11 []) + 43·(x_5 ∈ |0..10|11 []) + 206·(x_6 ∈ |0..10|11 []) + 176·(x_7 ∈ |0..10|11 []) + 28·(x_8 ∈ |0..10|11 []) + 99·(x_9 ∈ |0..10|11 []) + 207·(x_10 ∈ |0..10|11 []) ≤ 7120
	w104:	229·(x_1 ∈ |0..10|11 []) + 123·(x_2 ∈ |0..10|11 []) + 42·(x_3 ∈ |0..10|11 []) + 192·(x_4 ∈ |0..10|11 []) + 7·(x_5 ∈ |0..10|11 []) + 235·(x_6 ∈ |0..10|11 []) + 131·(x_7 ∈ |0..10|11 []) + 101·(x_8 ∈ |0..10|11 []) + 148·(x_9 ∈ |0..10|11 []) + 87·(x_10 ∈ |0..10|11 []) ≤ 6520
	w105:	148·(x_1 ∈ |0..10|11 []) + 48·(x_2 ∈ |0..10|11 []) + 129·(x_3 ∈ |0..10|11 []) + 149·(x_4 ∈ |0..10|11 []) + 209·(x_5 ∈ |0..10|11 []) + 131·(x_6 ∈ |0..10|11 []) + 241·(x_7 ∈ |0..10|11 []) + 74·(x_8 ∈ |0..10|11 []) + 229·(x_9 ∈ |0..10|11 []) + 244·(x_10 ∈ |0..10|11 []) ≤ 8070
	w106:	186·(x_1 ∈ |0..10|11 []) + 160·(x_2 ∈ |0..10|11 []) + 95·(x_3 ∈ |0..10|11 []) + 39·(x_4 ∈ |0..10|11 []) + 187·(x_5 ∈ |0..10|11 []) + 160·(x_6 ∈ |0..10|11 []) + 238·(x_7 ∈ |0..10|11 []) + 236·(x_8 ∈ |0..10|11 []) + 211·(x_9 ∈ |0..10|11 []) + 226·(x_10 ∈ |0..10|11 []) ≤ 8750
	w107:	10·(x_1 ∈ |0..10|11 []) + 197·(x_2 ∈ |0..10|11 []) + 226·(x_3 ∈ |0..10|11 []) + 149·(x_4 ∈ |0..10|11 []) + 97·(x_5 ∈ |0..10|11 []) + 75·(x_6 ∈ |0..10|11 []) + 32·(x_7 ∈ |0..10|11 []) + 246·(x_8 ∈ |0..10|11 []) + 128·(x_9 ∈ |0..10|11 []) + 161·(x_10 ∈ |0..10|11 []) ≤ 6650
	w108:	64·(x_1 ∈ |0..10|11 []) + 38·(x_2 ∈ |0..10|11 []) + 224·(x_3 ∈ |0..10|11 []) + 105·(x_4 ∈ |0..10|11 []) + 225·(x_5 ∈ |0..10|11 []) + 213·(x_6 ∈ |0..10|11 []) + 83·(x_7 ∈ |0..10|11 []) + 98·(x_8 ∈ |0..10|11 []) + 50·(x_9 ∈ |0..10|11 []) + 116·(x_10 ∈ |0..10|11 []) ≤ 6120
	w109:	213·(x_1 ∈ |0..10|11 []) + 197·(x_2 ∈ |0..10|11 []) + 106·(x_3 ∈ |0..10|11 []) + 199·(x_4 ∈ |0..10|11 []) + 44·(x_5 ∈ |0..10|11 []) + 173·(x_6 ∈ |0..10|11 []) + 45·(x_7 ∈ |0..10|11 []) + 160·(x_8 ∈ |0..10|11 []) + 202·(x_9 ∈ |0..10|11 []) + 175·(x_10 ∈ |0..10|11 []) ≤ 7630
	w110:	227·(x_1 ∈ |0..10|11 []) + 204·(x_2 ∈ |0..10|11 []) + 202·(x_3 ∈ |0..10|11 []) + 95·(x_4 ∈ |0..10|11 []) + 33·(x_5 ∈ |0..10|11 []) + 132·(x_6 ∈ |0..10|11 []) + 221·(x_7 ∈ |0..10|11 []) + 57·(x_8 ∈ |0..10|11 []) + 42·(x_9 ∈ |0..10|11 []) + 230·(x_10 ∈ |0..10|11 []) ≤ 7270
	w111:	32·(x_1 ∈ |0..10|11 []) + 175·(x_2 ∈ |0..10|11 []) + 131·(x_3 ∈ |0..10|11 []) + 213·(x_4 ∈ |0..10|11 []) + 27·(x_5 ∈ |0..10|11 []) + 122·(x_6 ∈ |0..10|11 []) + 246·(x_7 ∈ |0..10|11 []) + 66·(x_8 ∈ |0..10|11 []) + 89·(x_9 ∈ |0..10|11 []) + 159·(x_10 ∈ |0..10|11 []) ≤ 6350
	w112:	224·(x_1 ∈ |0..10|11 []) + 180·(x_2 ∈ |0..10|11 []) + 229·(x_3 ∈ |0..10|11 []) + 223·(x_4 ∈ |0..10|11 []) + 221·(x_5 ∈ |0..10|11 []) + 109·(x_6 ∈ |0..10|11 []) + 157·(x_7 ∈ |0..10|11 []) + 124·(x_8 ∈ |0..10|11 []) + 207·(x_9 ∈ |0..10|11 []) + 104·(x_10 ∈ |0..10|11 []) ≤ 8960
	w113:	34·(x_1 ∈ |0..10|11 []) + 63·(x_2 ∈ |0..10|11 []) + 171·(x_3 ∈ |0..10|11 []) + 162·(x_4 ∈ |0..10|11 []) + 20·(x_5 ∈ |0..10|11 []) + 97·(x_6 ∈ |0..10|11 []) + 145·(x_7 ∈ |0..10|11 []) + 156·(x_8 ∈ |0..10|11 []) + 235·(x_9 ∈ |0..10|11 []) + 38·(x_10 ∈ |0..10|11 []) ≤ 5640
	w114:	212·(x_1 ∈ |0..10|11 []) + 78·(x_2 ∈ |0..10|11 []) + 172·(x_3 ∈ |0..10|11 []) + 12·(x_4 ∈ |0..10|11 []) + 7·(x_5 ∈ |0..10|11 []) + 122·(x_6 ∈ |0..10|11 []) + 38·(x_7 ∈ |0..10|11 []) + 232·(x_8 ∈ |0..10|11 []) + 60·(x_9 ∈ |0..10|11 []) + 148·(x_10 ∈ |0..10|11 []) ≤ 5440
	w115:	194·(x_1 ∈ |0..10|11 []) + 205·(x_2 ∈ |0..10|11 []) + 234·(x_3 ∈ |0..10|11 []) + 230·(x_4 ∈ |0..10|11 []) + 60·(x_5 ∈ |0..10|11 []) + 66·(x_6 ∈ |0..10|11 []) + 29·(x_7 ∈ |0..10|11 []) + 194·(x_8 ∈ |0..10|11 []) + 125·(x_9 ∈ |0..10|11 []) + 227·(x_10 ∈ |0..10|11 []) ≤ 7880
	w116:	59·(x_1 ∈ |0..10|11 []) + 127·(x_2 ∈ |0..10|11 []) + 55·(x_3 ∈ |0..10|11 []) + 129·(x_4 ∈ |0..10|11 []) + 122·(x_5 ∈ |0..10|11 []) + 36·(x_6 ∈ |0..10|11 []) + 212·(x_7 ∈ |0..10|11 []) + 147·(x_8 ∈ |0..10|11 []) + 80·(x_9 ∈ |0..10|11 []) + 11·(x_10 ∈ |0..10|11 []) ≤ 4920
	w117:	179·(x_1 ∈ |0..10|11 []) + 129·(x_2 ∈ |0..10|11 []) + 70·(x_3 ∈ |0..10|11 []) + 183·(x_4 ∈ |0..10|11 []) + 120·(x_5 ∈ |0..10|11 []) + 38·(x_6 ∈ |0..10|11 []) + 102·(x_7 ∈ |0..10|11 []) + 228·(x_8 ∈ |0..10|11 []) + 87·(x_9 ∈ |0..10|11 []) + 176·(x_10 ∈ |0..10|11 []) ≤ 6610
	w118:	138·(x_1 ∈ |0..10|11 []) + 248·(x_2 ∈ |0..10|11 []) + 9·(x_3 ∈ |0..10|11 []) + 37·(x_4 ∈ |0..10|11 []) + 241·(x_5 ∈ |0..10|11 []) + 193·(x_6 ∈ |0..10|11 []) + 183·(x_7 ∈ |0..10|11 []) + 83·(x_8 ∈ |0..10|11 []) + 221·(x_9 ∈ |0..10|11 []) + 142·(x_10 ∈ |0..10|11 []) ≤ 7530
	w119:	192·(x_1 ∈ |0..10|11 []) + 92·(x_2 ∈ |0..10|11 []) + 192·(x_3 ∈ |0..10|11 []) + 233·(x_4 ∈ |0..10|11 []) + 29·(x_5 ∈ |0..10|11 []) + 80·(x_6 ∈ |0..10|11 []) + 171·(x_7 ∈ |0..10|11 []) + 105·(x_8 ∈ |0..10|11 []) + 9·(x_9 ∈ |0..10|11 []) + 141·(x_10 ∈ |0..10|11 []) ≤ 6260
	w120:	72·(x_1 ∈ |0..10|11 []) + 181·(x_2 ∈ |0..10|11 []) + 132·(x_3 ∈ |0..10|11 []) + 186·(x_4 ∈ |0..10|11 []) + 182·(x_5 ∈ |0..10|11 []) + 106·(x_6 ∈ |0..10|11 []) + 104·(x_7 ∈ |0..10|11 []) + 200·(x_8 ∈ |0..10|11 []) + 66·(x_9 ∈ |0..10|11 []) + 114·(x_10 ∈ |0..10|11 []) ≤ 6760
	w121:	125·(x_1 ∈ |0..10|11 []) + 151·(x_2 ∈ |0..10|11 []) + 152·(x_3 ∈ |0..10|11 []) + 134·(x_4 ∈ |0..10|11 []) + 101·(x_5 ∈ |0..10|11 []) + 166·(x_6 ∈ |0..10|11 []) + 226·(x_7 ∈ |0..10|11 []) + 199·(x_8 ∈ |0..10|11 []) + 92·(x_9 ∈ |0..10|11 []) + 169·(x_10 ∈ |0..10|11 []) ≤ 7630
	w122:	116·(x_1 ∈ |0..10|11 []) + 191·(x_2 ∈ |0..10|11 []) + 111·(x_3 ∈ |0..10|11 []) + 191·(x_4 ∈ |0..10|11 []) + 118·(x_5 ∈ |0..10|11 []) + 119·(x_6 ∈ |0..10|11 []) + 127·(x_7 ∈ |0..10|11 []) + 120·(x_8 ∈ |0..10|11 []) + 139·(x_9 ∈ |0..10|11 []) + 199·(x_10 ∈ |0..10|11 []) ≤ 7210
	w123:	235·(x_1 ∈ |0..10|11 []) + 169·(x_2 ∈ |0..10|11 []) + 84·(x_3 ∈ |0..10|11 []) + 242·(x_4 ∈ |0..10|11 []) + 161·(x_5 ∈ |0..10|11 []) + 233·(x_6 ∈ |0..10|11 []) + 190·(x_7 ∈ |0..10|11 []) + 231·(x_8 ∈ |0..10|11 []) + 25·(x_9 ∈ |0..10|11 []) + 163·(x_10 ∈ |0..10|11 []) ≤ 8730
	w124:	245·(x_1 ∈ |0..10|11 []) + 51·(x_2 ∈ |0..10|11 []) + 202·(x_3 ∈ |0..10|11 []) + 23·(x_4 ∈ |0..10|11 []) + 132·(x_5 ∈ |0..10|11 []) + 218·(x_6 ∈ |0..10|11 []) + 70·(x_7 ∈ |0..10|11 []) + 243·(x_8 ∈ |0..10|11 []) + 166·(x_9 ∈ |0..10|11 []) + 144·(x_10 ∈ |0..10|11 []) ≤ 7520
	w125:	195·(x_1 ∈ |0..10|11 []) + 137·(x_2 ∈ |0..10|11 []) + 145·(x_3 ∈ |0..10|11 []) + 100·(x_4 ∈ |0..10|11 []) + 210·(x_5 ∈ |0..10|11 []) + 125·(x_6 ∈ |0..10|11 []) + 134·(x_7 ∈ |0..10|11 []) + 33·(x_8 ∈ |0..10|11 []) + 222·(x_9 ∈ |0..10|11 []) + 181·(x_10 ∈ |0..10|11 []) ≤ 7460
	w126:	238·(x_1 ∈ |0..10|11 []) + 172·(x_2 ∈ |0..10|11 []) + 117·(x_3 ∈ |0..10|11 []) + 32·(x_4 ∈ |0..10|11 []) + 40·(x_5 ∈ |0..10|11 []) + 171·(x_6 ∈ |0..10|11 []) + 114·(x_7 ∈ |0..10|11 []) + 118·(x_8 ∈ |0..10|11 []) + 70·(x_9 ∈ |0..10|11 []) + 145·(x_10 ∈ |0..10|11 []) ≤ 6130
	w127:	247·(x_1 ∈ |0..10|11 []) + 79·(x_2 ∈ |0..10|11 []) + 95·(x_3 ∈ |0..10|11 []) + 235·(x_4 ∈ |0..10|11 []) + 48·(x_5 ∈ |0..10|11 []) + 29·(x_6 ∈ |0..10|11 []) + 11·(x_7 ∈ |0..10|11 []) + 131·(x_8 ∈ |0..10|11 []) + 181·(x_9 ∈ |0..10|11 []) + 135·(x_10 ∈ |0..10|11 []) ≤ 6000
	w128:	146·(x_1 ∈ |0..10|11 []) + 79·(x_2 ∈ |0..10|11 []) + 130·(x_3 ∈ |0..10|11 []) + 84·(x_4 ∈ |0..10|11 []) + 183·(x_5 ∈ |0..10|11 []) + 31·(x_6 ∈ |0..10|11 []) + 43·(x_7 ∈ |0..10|11 []) + 133·(x_8 ∈ |0..10|11 []) + 63·(x_9 ∈ |0..10|11 []) + 11·(x_10 ∈ |0..10|11 []) ≤ 4550
	w129:	4·(x_1 ∈ |0..10|11 []) + 117·(x_2 ∈ |0..10|11 []) + 231·(x_3 ∈ |0..10|11 []) + 38·(x_4 ∈ |0..10|11 []) + 156·(x_5 ∈ |0..10|11 []) + 166·(x_6 ∈ |0..10|11 []) + 232·(x_7 ∈ |0..10|11 []) + 76·(x_8 ∈ |0..10|11 []) + 15·(x_9 ∈ |0..10|11 []) + 129·(x_10 ∈ |0..10|11 []) ≤ 5860
	w130:	23·(x_1 ∈ |0..10|11 []) + 103·(x_2 ∈ |0..10|11 []) + 74·(x_3 ∈ |0..10|11 []) + 232·(x_4 ∈ |0..10|11 []) + 238·(x_5 ∈ |0..10|11 []) + 79·(x_6 ∈ |0..10|11 []) + 238·(x_7 ∈ |0..10|11 []) + 212·(x_8 ∈ |0..10|11 []) + 89·(x_9 ∈ |0..10|11 []) + 77·(x_10 ∈ |0..10|11 []) ≤ 6870
	w131:	243·(x_1 ∈ |0..10|11 []) + 43·(x_2 ∈ |0..10|11 []) + 9·(x_3 ∈ |0..10|11 []) + 61·(x_4 ∈ |0..10|11 []) + 137·(x_5 ∈ |0..10|11 []) + 42·(x_6 ∈ |0..10|11 []) + 100·(x_7 ∈ |0..10|11 []) + 236·(x_8 ∈ |0..10|11 []) + 44·(x_9 ∈ |0..10|11 []) + 225·(x_10 ∈ |0..10|11 []) ≤ 5740
	w132:	168·(x_1 ∈ |0..10|11 []) + 216·(x_2 ∈ |0..10|11 []) + 42·(x_3 ∈ |0..10|11 []) + 69·(x_4 ∈ |0..10|11 []) + 75·(x_5 ∈ |0..10|11 []) + 97·(x_6 ∈ |0..10|11 []) + 162·(x_7 ∈ |0..10|11 []) + 80·(x_8 ∈ |0..10|11 []) + 47·(x_9 ∈ |0..10|11 []) + 141·(x_10 ∈ |0..10|11 []) ≤ 5520
	w133:	14·(x_1 ∈ |0..10|11 []) + 101·(x_2 ∈ |0..10|11 []) + 118·(x_3 ∈ |0..10|11 []) + 8·(x_4 ∈ |0..10|11 []) + 241·(x_5 ∈ |0..10|11 []) + 221·(x_6 ∈ |0..10|11 []) + 94·(x_7 ∈ |0..10|11 []) + 45·(x_8 ∈ |0..10|11 []) + 145·(x_9 ∈ |0..10|11 []) + 112·(x_10 ∈ |0..10|11 []) ≤ 5530
	w134:	55·(x_1 ∈ |0..10|11 []) + 80·(x_2 ∈ |0..10|11 []) + 239·(x_3 ∈ |0..10|11 []) + 176·(x_4 ∈ |0..10|11 []) + 235·(x_5 ∈ |0..10|11 []) + 108·(x_6 ∈ |0..10|11 []) + 64·(x_7 ∈ |0..10|11 []) + 70·(x_8 ∈ |0..10|11 []) + 65·(x_9 ∈ |0..10|11 []) + 228·(x_10 ∈ |0..10|11 []) ≤ 6650
	w135:	203·(x_1 ∈ |0..10|11 []) + 77·(x_2 ∈ |0..10|11 []) + 180·(x_3 ∈ |0..10|11 []) + 167·(x_4 ∈ |0..10|11 []) + 141·(x_5 ∈ |0..10|11 []) + 188·(x_6 ∈ |0..10|11 []) + 208·(x_7 ∈ |0..10|11 []) + 202·(x_8 ∈ |0..10|11 []) + 242·(x_9 ∈ |0..10|11 []) + 119·(x_10 ∈ |0..10|11 []) ≤ 8700
	w136:	(x_1 ∈ |0..10|11 []) + 68·(x_2 ∈ |0..10|11 []) + 131·(x_3 ∈ |0..10|11 []) + 207·(x_4 ∈ |0..10|11 []) + 15·(x_5 ∈ |0..10|11 []) + 35·(x_6 ∈ |0..10|11 []) + 23·(x_7 ∈ |0..10|11 []) + 64·(x_8 ∈ |0..10|11 []) + 69·(x_9 ∈ |0..10|11 []) + 32·(x_10 ∈ |0..10|11 []) ≤ 3250
	w137:	122·(x_1 ∈ |0..10|11 []) + 58·(x_2 ∈ |0..10|11 []) + 119·(x_3 ∈ |0..10|11 []) + 244·(x_4 ∈ |0..10|11 []) + 223·(x_5 ∈ |0..10|11 []) + 143·(x_6 ∈ |0..10|11 []) + 40·(x_7 ∈ |0..10|11 []) + 199·(x_8 ∈ |0..10|11 []) + 25·(x_9 ∈ |0..10|11 []) + 208·(x_10 ∈ |0..10|11 []) ≤ 6960
	w138:	108·(x_1 ∈ |0..10|11 []) + 241·(x_2 ∈ |0..10|11 []) + 68·(x_3 ∈ |0..10|11 []) + 178·(x_4 ∈ |0..10|11 []) + 92·(x_5 ∈ |0..10|11 []) + 140·(x_6 ∈ |0..10|11 []) + 211·(x_7 ∈ |0..10|11 []) + 74·(x_8 ∈ |0..10|11 []) + 238·(x_9 ∈ |0..10|11 []) + 246·(x_10 ∈ |0..10|11 []) ≤ 8040
	w139:	147·(x_1 ∈ |0..10|11 []) + 92·(x_2 ∈ |0..10|11 []) + 175·(x_3 ∈ |0..10|11 []) + 162·(x_4 ∈ |0..10|11 []) + 73·(x_5 ∈ |0..10|11 []) + 222·(x_6 ∈ |0..10|11 []) + 121·(x_7 ∈ |0..10|11 []) + 85·(x_8 ∈ |0..10|11 []) + 125·(x_9 ∈ |0..10|11 []) + 27·(x_10 ∈ |0..10|11 []) ≤ 6190
	w140:	136·(x_1 ∈ |0..10|11 []) + 111·(x_2 ∈ |0..10|11 []) + 218·(x_3 ∈ |0..10|11 []) + 96·(x_4 ∈ |0..10|11 []) + 3·(x_5 ∈ |0..10|11 []) + 202·(x_6 ∈ |0..10|11 []) + 234·(x_7 ∈ |0..10|11 []) + 81·(x_8 ∈ |0..10|11 []) + 224·(x_9 ∈ |0..10|11 []) + 245·(x_10 ∈ |0..10|11 []) ≤ 7810
	w141:	(x_1 ∈ |0..10|11 []) + 141·(x_2 ∈ |0..10|11 []) + 223·(x_3 ∈ |0..10|11 []) + 57·(x_4 ∈ |0..10|11 []) + 66·(x_5 ∈ |0..10|11 []) + 146·(x_6 ∈ |0..10|11 []) + 40·(x_7 ∈ |0..10|11 []) + 164·(x_8 ∈ |0..10|11 []) + 216·(x_9 ∈ |0..10|11 []) + 209·(x_10 ∈ |0..10|11 []) ≤ 6360
	w142:	110·(x_1 ∈ |0..10|11 []) + 218·(x_2 ∈ |0..10|11 []) + 116·(x_3 ∈ |0..10|11 []) + 142·(x_4 ∈ |0..10|11 []) + 42·(x_5 ∈ |0..10|11 []) + 17·(x_6 ∈ |0..10|11 []) + 136·(x_7 ∈ |0..10|11 []) + 213·(x_8 ∈ |0..10|11 []) + 130·(x_9 ∈ |0..10|11 []) + 130·(x_10 ∈ |0..10|11 []) ≤ 6320
	w143:	25·(x_1 ∈ |0..10|11 []) + 122·(x_2 ∈ |0..10|11 []) + 24·(x_3 ∈ |0..10|11 []) + 10·(x_4 ∈ |0..10|11 []) + 152·(x_5 ∈ |0..10|11 []) + 121·(x_6 ∈ |0..10|11 []) + 72·(x_7 ∈ |0..10|11 []) + 218·(x_8 ∈ |0..10|11 []) + 130·(x_9 ∈ |0..10|11 []) + 13·(x_10 ∈ |0..10|11 []) ≤ 4470
	w144:	75·(x_1 ∈ |0..10|11 []) + 81·(x_2 ∈ |0..10|11 []) + 67·(x_3 ∈ |0..10|11 []) + 21·(x_4 ∈ |0..10|11 []) + 216·(x_5 ∈ |0..10|11 []) + 48·(x_6 ∈ |0..10|11 []) + 245·(x_7 ∈ |0..10|11 []) + 149·(x_8 ∈ |0..10|11 []) + 68·(x_9 ∈ |0..10|11 []) + 58·(x_10 ∈ |0..10|11 []) ≤ 5180
	w145:	5·(x_1 ∈ |0..10|11 []) + 63·(x_2 ∈ |0..10|11 []) + 72·(x_3 ∈ |0..10|11 []) + 126·(x_4 ∈ |0..10|11 []) + 128·(x_5 ∈ |0..10|11 []) + 70·(x_6 ∈ |0..10|11 []) + 116·(x_7 ∈ |0..10|11 []) + 241·(x_8 ∈ |0..10|11 []) + 134·(x_9 ∈ |0..10|11 []) + 176·(x_10 ∈ |0..10|11 []) ≤ 5700
	w146:	100·(x_1 ∈ |0..10|11 []) + 163·(x_2 ∈ |0..10|11 []) + 179·(x_3 ∈ |0..10|11 []) + 18·(x_4 ∈ |0..10|11 []) + 233·(x_5 ∈ |0..10|11 []) + 20·(x_6 ∈ |0..10|11 []) + 208·(x_7 ∈ |0..10|11 []) + 114·(x_8 ∈ |0..10|11 []) + 97·(x_9 ∈ |0..10|11 []) + 59·(x_10 ∈ |0..10|11 []) ≤ 6000
	w147:	191·(x_1 ∈ |0..10|11 []) + 81·(x_2 ∈ |0..10|11 []) + 5·(x_3 ∈ |0..10|11 []) + 185·(x_4 ∈ |0..10|11 []) + 4·(x_5 ∈ |0..10|11 []) + 93·(x_6 ∈ |0..10|11 []) + 68·(x_7 ∈ |0..10|11 []) + 15·(x_8 ∈ |0..10|11 []) + 72·(x_9 ∈ |0..10|11 []) + 239·(x_10 ∈ |0..10|11 []) ≤ 4800
	w148:	84·(x_1 ∈ |0..10|11 []) + 161·(x_2 ∈ |0..10|11 []) + 229·(x_3 ∈ |0..10|11 []) + 178·(x_4 ∈ |0..10|11 []) + 142·(x_5 ∈ |0..10|11 []) + 244·(x_6 ∈ |0..10|11 []) + 177·(x_7 ∈ |0..10|11 []) + 28·(x_8 ∈ |0..10|11 []) + 58·(x_9 ∈ |0..10|11 []) + 90·(x_10 ∈ |0..10|11 []) ≤ 7010
	w149:	174·(x_1 ∈ |0..10|11 []) + 184·(x_2 ∈ |0..10|11 []) + 214·(x_3 ∈ |0..10|11 []) + 174·(x_4 ∈ |0..10|11 []) + 127·(x_5 ∈ |0..10|11 []) + 153·(x_6 ∈ |0..10|11 []) + 200·(x_7 ∈ |0..10|11 []) + 50·(x_8 ∈ |0..10|11 []) + 107·(x_9 ∈ |0..10|11 []) + 151·(x_10 ∈ |0..10|11 []) ≤ 7730
	w150:	135·(x_1 ∈ |0..10|11 []) + 6·(x_2 ∈ |0..10|11 []) + 144·(x_3 ∈ |0..10|11 []) + 210·(x_4 ∈ |0..10|11 []) + 122·(x_5 ∈ |0..10|11 []) + 136·(x_6 ∈ |0..10|11 []) + 225·(x_7 ∈ |0..10|11 []) + 95·(x_8 ∈ |0..10|11 []) + 117·(x_9 ∈ |0..10|11 []) + 204·(x_10 ∈ |0..10|11 []) ≤ 7020
	w151:	125·(x_1 ∈ |0..10|11 []) + 177·(x_2 ∈ |0..10|11 []) + 121·(x_3 ∈ |0..10|11 []) + 146·(x_4 ∈ |0..10|11 []) + 33·(x_5 ∈ |0..10|11 []) + (x_6 ∈ |0..10|11 []) + 242·(x_7 ∈ |0..10|11 []) + 34·(x_8 ∈ |0..10|11 []) + 187·(x_9 ∈ |0..10|11 []) + 227·(x_10 ∈ |0..10|11 []) ≤ 6510
	w152:	73·(x_1 ∈ |0..10|11 []) + 23·(x_2 ∈ |0..10|11 []) + 208·(x_3 ∈ |0..10|11 []) + 210·(x_4 ∈ |0..10|11 []) + 193·(x_5 ∈ |0..10|11 []) + 198·(x_6 ∈ |0..10|11 []) + 18·(x_7 ∈ |0..10|11 []) + 37·(x_8 ∈ |0..10|11 []) + 114·(x_9 ∈ |0..10|11 []) + 29·(x_10 ∈ |0..10|11 []) ≤ 5550
	w153:	222·(x_1 ∈ |0..10|11 []) + 25·(x_2 ∈ |0..10|11 []) + 121·(x_3 ∈ |0..10|11 []) + 178·(x_4 ∈ |0..10|11 []) + 148·(x_5 ∈ |0..10|11 []) + 48·(x_6 ∈ |0..10|11 []) + 111·(x_7 ∈ |0..10|11 []) + 142·(x_8 ∈ |0..10|11 []) + 168·(x_9 ∈ |0..10|11 []) + 99·(x_10 ∈ |0..10|11 []) ≤ 6360
	w154:	130·(x_1 ∈ |0..10|11 []) + 4·(x_2 ∈ |0..10|11 []) + 238·(x_3 ∈ |0..10|11 []) + 96·(x_4 ∈ |0..10|11 []) + 102·(x_5 ∈ |0..10|11 []) + 193·(x_6 ∈ |0..10|11 []) + 36·(x_7 ∈ |0..10|11 []) + 82·(x_8 ∈ |0..10|11 []) + 154·(x_9 ∈ |0..10|11 []) + 175·(x_10 ∈ |0..10|11 []) ≤ 6090
	w155:	129·(x_1 ∈ |0..10|11 []) + 57·(x_2 ∈ |0..10|11 []) + 154·(x_3 ∈ |0..10|11 []) + 242·(x_4 ∈ |0..10|11 []) + 191·(x_5 ∈ |0..10|11 []) + 3·(x_6 ∈ |0..10|11 []) + 72·(x_7 ∈ |0..10|11 []) + 80·(x_8 ∈ |0..10|11 []) + 100·(x_9 ∈ |0..10|11 []) + 49·(x_10 ∈ |0..10|11 []) ≤ 5420
	w156:	94·(x_1 ∈ |0..10|11 []) + 83·(x_2 ∈ |0..10|11 []) + 112·(x_3 ∈ |0..10|11 []) + 92·(x_4 ∈ |0..10|11 []) + 62·(x_5 ∈ |0..10|11 []) + 24·(x_6 ∈ |0..10|11 []) + 194·(x_7 ∈ |0..10|11 []) + 175·(x_8 ∈ |0..10|11 []) + 192·(x_9 ∈ |0..10|11 []) + 237·(x_10 ∈ |0..10|11 []) ≤ 6370
	w157:	61·(x_1 ∈ |0..10|11 []) + 154·(x_2 ∈ |0..10|11 []) + 92·(x_3 ∈ |0..10|11 []) + 137·(x_4 ∈ |0..10|11 []) + 179·(x_5 ∈ |0..10|11 []) + 153·(x_6 ∈ |0..10|11 []) + 33·(x_7 ∈ |0..10|11 []) + 180·(x_8 ∈ |0..10|11 []) + 121·(x_9 ∈ |0..10|11 []) + 78·(x_10 ∈ |0..10|11 []) ≤ 5980
	w158:	245·(x_1 ∈ |0..10|11 []) + 168·(x_2 ∈ |0..10|11 []) + 86·(x_3 ∈ |0..10|11 []) + 188·(x_4 ∈ |0..10|11 []) + 113·(x_5 ∈ |0..10|11 []) + 39·(x_6 ∈ |0..10|11 []) + 90·(x_7 ∈ |0..10|11 []) + 23·(x_8 ∈ |0..10|11 []) + 190·(x_9 ∈ |0..10|11 []) + 168·(x_10 ∈ |0..10|11 []) ≤ 6600
	w159:	189·(x_1 ∈ |0..10|11 []) + 8·(x_2 ∈ |0..10|11 []) + 227·(x_3 ∈ |0..10|11 []) + 19·(x_4 ∈ |0..10|11 []) + 110·(x_5 ∈ |0..10|11 []) + 129·(x_6 ∈ |0..10|11 []) + 129·(x_7 ∈ |0..10|11 []) + 23·(x_8 ∈ |0..10|11 []) + 227·(x_9 ∈ |0..10|11 []) + 35·(x_10 ∈ |0..10|11 []) ≤ 5520
	w160:	243·(x_1 ∈ |0..10|11 []) + 83·(x_2 ∈ |0..10|11 []) + 244·(x_3 ∈ |0..10|11 []) + 129·(x_4 ∈ |0..10|11 []) + 137·(x_5 ∈ |0..10|11 []) + 240·(x_6 ∈ |0..10|11 []) + 9·(x_7 ∈ |0..10|11 []) + 184·(x_8 ∈ |0..10|11 []) + 28·(x_9 ∈ |0..10|11 []) + 18·(x_10 ∈ |0..10|11 []) ≤ 6620
	w161:	96·(x_1 ∈ |0..10|11 []) + 104·(x_2 ∈ |0..10|11 []) + 4·(x_3 ∈ |0..10|11 []) + 179·(x_4 ∈ |0..10|11 []) + 154·(x_5 ∈ |0..10|11 []) + 110·(x_6 ∈ |0..10|11 []) + 115·(x_7 ∈ |0..10|11 []) + 56·(x_8 ∈ |0..10|11 []) + 40·(x_9 ∈ |0..10|11 []) + 61·(x_10 ∈ |0..10|11 []) ≤ 4630
	w162:	61·(x_1 ∈ |0..10|11 []) + 221·(x_2 ∈ |0..10|11 []) + 106·(x_3 ∈ |0..10|11 []) + 151·(x_4 ∈ |0..10|11 []) + 36·(x_5 ∈ |0..10|11 []) + 16·(x_6 ∈ |0..10|11 []) + 193·(x_7 ∈ |0..10|11 []) + 57·(x_8 ∈ |0..10|11 []) + 135·(x_9 ∈ |0..10|11 []) + 103·(x_10 ∈ |0..10|11 []) ≤ 5430
	w163:	129·(x_1 ∈ |0..10|11 []) + 221·(x_2 ∈ |0..10|11 []) + 134·(x_3 ∈ |0..10|11 []) + 72·(x_4 ∈ |0..10|11 []) + 184·(x_5 ∈ |0..10|11 []) + 102·(x_6 ∈ |0..10|11 []) + 6·(x_7 ∈ |0..10|11 []) + 45·(x_8 ∈ |0..10|11 []) + 193·(x_9 ∈ |0..10|11 []) + 45·(x_10 ∈ |0..10|11 []) ≤ 5700
	w164:	83·(x_1 ∈ |0..10|11 []) + 205·(x_2 ∈ |0..10|11 []) + 111·(x_3 ∈ |0..10|11 []) + 208·(x_4 ∈ |0..10|11 []) + 161·(x_5 ∈ |0..10|11 []) + 119·(x_6 ∈ |0..10|11 []) + 94·(x_7 ∈ |0..10|11 []) + 193·(x_8 ∈ |0..10|11 []) + 205·(x_9 ∈ |0..10|11 []) + 147·(x_10 ∈ |0..10|11 []) ≤ 7690
	w165:	240·(x_1 ∈ |0..10|11 []) + 170·(x_2 ∈ |0..10|11 []) + 220·(x_3 ∈ |0..10|11 []) + 85·(x_4 ∈ |0..10|11 []) + 228·(x_5 ∈ |0..10|11 []) + 209·(x_6 ∈ |0..10|11 []) + 28·(x_7 ∈ |0..10|11 []) + 144·(x_8 ∈ |0..10|11 []) + 119·(x_9 ∈ |0..10|11 []) + 169·(x_10 ∈ |0..10|11 []) ≤ 8120
	w166:	85·(x_1 ∈ |0..10|11 []) + 53·(x_2 ∈ |0..10|11 []) + 197·(x_3 ∈ |0..10|11 []) + 29·(x_4 ∈ |0..10|11 []) + 158·(x_5 ∈ |0..10|11 []) + 30·(x_6 ∈ |0..10|11 []) + 63·(x_7 ∈ |0..10|11 []) + 244·(x_8 ∈ |0..10|11 []) + 233·(x_9 ∈ |0..10|11 []) + 220·(x_10 ∈ |0..10|11 []) ≤ 6610
	w167:	147·(x_1 ∈ |0..10|11 []) + 141·(x_2 ∈ |0..10|11 []) + 20·(x_3 ∈ |0..10|11 []) + 84·(x_4 ∈ |0..10|11 []) + 49·(x_5 ∈ |0..10|11 []) + 156·(x_6 ∈ |0..10|11 []) + 134·(x_7 ∈ |0..10|11 []) + 193·(x_8 ∈ |0..10|11 []) + 125·(x_9 ∈ |0..10|11 []) + 15·(x_10 ∈ |0..10|11 []) ≤ 5360
	w168:	171·(x_1 ∈ |0..10|11 []) + 105·(x_2 ∈ |0..10|11 []) + 113·(x_3 ∈ |0..10|11 []) + 231·(x_4 ∈ |0..10|11 []) + 24·(x_5 ∈ |0..10|11 []) + 241·(x_6 ∈ |0..10|11 []) + 34·(x_7 ∈ |0..10|11 []) + 185·(x_8 ∈ |0..10|11 []) + 45·(x_9 ∈ |0..10|11 []) + 112·(x_10 ∈ |0..10|11 []) ≤ 6350
	w169:	39·(x_1 ∈ |0..10|11 []) + 111·(x_2 ∈ |0..10|11 []) + 7·(x_3 ∈ |0..10|11 []) + 206·(x_4 ∈ |0..10|11 []) + 173·(x_5 ∈ |0..10|11 []) + 110·(x_6 ∈ |0..10|11 []) + 249·(x_7 ∈ |0..10|11 []) + 225·(x_8 ∈ |0..10|11 []) + 26·(x_9 ∈ |0..10|11 []) + 3·(x_10 ∈ |0..10|11 []) ≤ 5790
	w170:	97·(x_1 ∈ |0..10|11 []) + 217·(x_2 ∈ |0..10|11 []) + 158·(x_3 ∈ |0..10|11 []) + 166·(x_4 ∈ |0..10|11 []) + 44·(x_5 ∈ |0..10|11 []) + 21·(x_6 ∈ |0..10|11 []) + 244·(x_7 ∈ |0..10|11 []) + 216·(x_8 ∈ |0..10|11 []) + 57·(x_9 ∈ |0..10|11 []) + 92·(x_10 ∈ |0..10|11 []) ≤ 6610
	w171:	194·(x_1 ∈ |0..10|11 []) + 148·(x_2 ∈ |0..10|11 []) + 137·(x_3 ∈ |0..10|11 []) + 33·(x_4 ∈ |0..10|11 []) + 191·(x_5 ∈ |0..10|11 []) + 15·(x_6 ∈ |0..10|11 []) + 170·(x_7 ∈ |0..10|11 []) + 158·(x_8 ∈ |0..10|11 []) + 23·(x_9 ∈ |0..10|11 []) + 45·(x_10 ∈ |0..10|11 []) ≤ 5610
	w172:	67·(x_1 ∈ |0..10|11 []) + 225·(x_2 ∈ |0..10|11 []) + 26·(x_3 ∈ |0..10|11 []) + 198·(x_4 ∈ |0..10|11 []) + 119·(x_5 ∈ |0..10|11 []) + 135·(x_6 ∈ |0..10|11 []) + 115·(x_7 ∈ |0..10|11 []) + 197·(x_8 ∈ |0..10|11 []) + 136·(x_9 ∈ |0..10|11 []) + 188·(x_10 ∈ |0..10|11 []) ≤ 7080
	w173:	48·(x_1 ∈ |0..10|11 []) + 106·(x_2 ∈ |0..10|11 []) + 54·(x_3 ∈ |0..10|11 []) + 166·(x_4 ∈ |0..10|11 []) + 155·(x_5 ∈ |0..10|11 []) + 227·(x_6 ∈ |0..10|11 []) + 213·(x_7 ∈ |0..10|11 []) + 40·(x_8 ∈ |0..10|11 []) + 175·(x_9 ∈ |0..10|11 []) + 48·(x_10 ∈ |0..10|11 []) ≤ 6200
	w174:	117·(x_1 ∈ |0..10|11 []) + 91·(x_2 ∈ |0..10|11 []) + 134·(x_3 ∈ |0..10|11 []) + 100·(x_4 ∈ |0..10|11 []) + 89·(x_5 ∈ |0..10|11 []) + 46·(x_6 ∈ |0..10|11 []) + 51·(x_7 ∈ |0..10|11 []) + 31·(x_8 ∈ |0..10|11 []) + 98·(x_9 ∈ |0..10|11 []) + 7·(x_10 ∈ |0..10|11 []) ≤ 3850
	w175:	135·(x_1 ∈ |0..10|11 []) + 136·(x_2 ∈ |0..10|11 []) + 148·(x_3 ∈ |0..10|11 []) + 144·(x_4 ∈ |0..10|11 []) + 213·(x_5 ∈ |0..10|11 []) + 82·(x_6 ∈ |0..10|11 []) + 29·(x_7 ∈ |0..10|11 []) + 37·(x_8 ∈ |0..10|11 []) + 150·(x_9 ∈ |0..10|11 []) + 126·(x_10 ∈ |0..10|11 []) ≤ 6040
	w176:	210·(x_1 ∈ |0..10|11 []) + 222·(x_2 ∈ |0..10|11 []) + 111·(x_3 ∈ |0..10|11 []) + 143·(x_4 ∈ |0..10|11 []) + 2·(x_5 ∈ |0..10|11 []) + 125·(x_6 ∈ |0..10|11 []) + 219·(x_7 ∈ |0..10|11 []) + 31·(x_8 ∈ |0..10|11 []) + 190·(x_9 ∈ |0..10|11 []) + 15·(x_10 ∈ |0..10|11 []) ≤ 6390
	w177:	81·(x_1 ∈ |0..10|11 []) + 22·(x_2 ∈ |0..10|11 []) + 225·(x_3 ∈ |0..10|11 []) + 159·(x_4 ∈ |0..10|11 []) + 70·(x_5 ∈ |0..10|11 []) + 238·(x_6 ∈ |0..10|11 []) + 161·(x_7 ∈ |0..10|11 []) + 206·(x_8 ∈ |0..10|11 []) + 91·(x_9 ∈ |0..10|11 []) + 125·(x_10 ∈ |0..10|11 []) ≤ 6940
	w178:	47·(x_1 ∈ |0..10|11 []) + 223·(x_2 ∈ |0..10|11 []) + 187·(x_3 ∈ |0..10|11 []) + 120·(x_4 ∈ |0..10|11 []) + 205·(x_5 ∈ |0..10|11 []) + 40·(x_6 ∈ |0..10|11 []) + 45·(x_7 ∈ |0..10|11 []) + 180·(x_8 ∈ |0..10|11 []) + 102·(x_9 ∈ |0..10|11 []) + 169·(x_10 ∈ |0..10|11 []) ≤ 6640
	w179:	11·(x_1 ∈ |0..10|11 []) + 205·(x_2 ∈ |0..10|11 []) + 2·(x_3 ∈ |0..10|11 []) + 74·(x_4 ∈ |0..10|11 []) + 245·(x_5 ∈ |0..10|11 []) + 248·(x_6 ∈ |0..10|11 []) + 89·(x_7 ∈ |0..10|11 []) + 48·(x_8 ∈ |0..10|11 []) + 59·(x_9 ∈ |0..10|11 []) + 70·(x_10 ∈ |0..10|11 []) ≤ 5290
	w180:	90·(x_1 ∈ |0..10|11 []) + 61·(x_2 ∈ |0..10|11 []) + 171·(x_3 ∈ |0..10|11 []) + 155·(x_4 ∈ |0..10|11 []) + 80·(x_5 ∈ |0..10|11 []) + 75·(x_6 ∈ |0..10|11 []) + 203·(x_7 ∈ |0..10|11 []) + 215·(x_8 ∈ |0..10|11 []) + 245·(x_9 ∈ |0..10|11 []) + 192·(x_10 ∈ |0..10|11 []) ≤ 7490
	w181:	130·(x_1 ∈ |0..10|11 []) + 149·(x_2 ∈ |0..10|11 []) + 114·(x_3 ∈ |0..10|11 []) + 212·(x_4 ∈ |0..10|11 []) + 14·(x_5 ∈ |0..10|11 []) + 16·(x_6 ∈ |0..10|11 []) + 89·(x_7 ∈ |0..10|11 []) + 200·(x_8 ∈ |0..10|11 []) + 3·(x_9 ∈ |0..10|11 []) + 173·(x_10 ∈ |0..10|11 []) ≤ 5540
	w182:	97·(x_1 ∈ |0..10|11 []) + 121·(x_2 ∈ |0..10|11 []) + 51·(x_3 ∈ |0..10|11 []) + 84·(x_4 ∈ |0..10|11 []) + 135·(x_5 ∈ |0..10|11 []) + 232·(x_6 ∈ |0..10|11 []) + 106·(x_7 ∈ |0..10|11 []) + 46·(x_8 ∈ |0..10|11 []) + 49·(x_9 ∈ |0..10|11 []) + 172·(x_10 ∈ |0..10|11 []) ≤ 5500
	w183:	171·(x_1 ∈ |0..10|11 []) + 241·(x_2 ∈ |0..10|11 []) + 203·(x_3 ∈ |0..10|11 []) + 145·(x_4 ∈ |0..10|11 []) + 139·(x_5 ∈ |0..10|11 []) + 46·(x_6 ∈ |0..10|11 []) + 157·(x_7 ∈ |0..10|11 []) + 13·(x_8 ∈ |0..10|11 []) + 142·(x_9 ∈ |0..10|11 []) + 105·(x_10 ∈ |0..10|11 []) ≤ 6860
	w184:	106·(x_1 ∈ |0..10|11 []) + 105·(x_2 ∈ |0..10|11 []) + 22·(x_3 ∈ |0..10|11 []) + 161·(x_4 ∈ |0..10|11 []) + 46·(x_5 ∈ |0..10|11 []) + 80·(x_6 ∈ |0..10|11 []) + 91·(x_7 ∈ |0..10|11 []) + 190·(x_8 ∈ |0..10|11 []) + 203·(x_9 ∈ |0..10|11 []) + 216·(x_10 ∈ |0..10|11 []) ≤ 6140
	w185:	92·(x_1 ∈ |0..10|11 []) + 194·(x_2 ∈ |0..10|11 []) + 208·(x_3 ∈ |0..10|11 []) + 192·(x_4 ∈ |0..10|11 []) + 33·(x_5 ∈ |0..10|11 []) + 17·(x_6 ∈ |0..10|11 []) + 95·(x_7 ∈ |0..10|11 []) + 132·(x_8 ∈ |0..10|11 []) + 140·(x_9 ∈ |0..10|11 []) + 159·(x_10 ∈ |0..10|11 []) ≤ 6360
	w186:	169·(x_1 ∈ |0..10|11 []) + 18·(x_2 ∈ |0..10|11 []) + 225·(x_3 ∈ |0..10|11 []) + 193·(x_4 ∈ |0..10|11 []) + 90·(x_5 ∈ |0..10|11 []) + 86·(x_6 ∈ |0..10|11 []) + 128·(x_7 ∈ |0..10|11 []) + 92·(x_8 ∈ |0..10|11 []) + 111·(x_9 ∈ |0..10|11 []) + 190·(x_10 ∈ |0..10|11 []) ≤ 6560
	w187:	110·(x_1 ∈ |0..10|11 []) + 154·(x_2 ∈ |0..10|11 []) + 217·(x_3 ∈ |0..10|11 []) + 168·(x_4 ∈ |0..10|11 []) + 188·(x_5 ∈ |0..10|11 []) + 181·(x_6 ∈ |0..10|11 []) + 184·(x_7 ∈ |0..10|11 []) + 51·(x_8 ∈ |0..10|11 []) + 41·(x_9 ∈ |0..10|11 []) + 181·(x_10 ∈ |0..10|11 []) ≤ 7430
	w188:	219·(x_1 ∈ |0..10|11 []) + 148·(x_2 ∈ |0..10|11 []) + 223·(x_3 ∈ |0..10|11 []) + 204·(x_4 ∈ |0..10|11 []) + 244·(x_5 ∈ |0..10|11 []) + 208·(x_6 ∈ |0..10|11 []) + 209·(x_7 ∈ |0..10|11 []) + 171·(x_8 ∈ |0..10|11 []) + 78·(x_9 ∈ |0..10|11 []) + 22·(x_10 ∈ |0..10|11 []) ≤ 8690
	w189:	88·(x_1 ∈ |0..10|11 []) + 13·(x_2 ∈ |0..10|11 []) + 167·(x_3 ∈ |0..10|11 []) + 179·(x_4 ∈ |0..10|11 []) + 212·(x_5 ∈ |0..10|11 []) + 124·(x_6 ∈ |0..10|11 []) + 164·(x_7 ∈ |0..10|11 []) + 49·(x_8 ∈ |0..10|11 []) + 245·(x_9 ∈ |0..10|11 []) + 205·(x_10 ∈ |0..10|11 []) ≤ 7280
	w190:	224·(x_1 ∈ |0..10|11 []) + 96·(x_2 ∈ |0..10|11 []) + 148·(x_3 ∈ |0..10|11 []) + 165·(x_4 ∈ |0..10|11 []) + 133·(x_5 ∈ |0..10|11 []) + 153·(x_6 ∈ |0..10|11 []) + 232·(x_7 ∈ |0..10|11 []) + 118·(x_8 ∈ |0..10|11 []) + 232·(x_9 ∈ |0..10|11 []) + 200·(x_10 ∈ |0..10|11 []) ≤ 8570
	w191:	142·(x_1 ∈ |0..10|11 []) + 221·(x_2 ∈ |0..10|11 []) + 180·(x_3 ∈ |0..10|11 []) + 125·(x_4 ∈ |0..10|11 []) + 35·(x_5 ∈ |0..10|11 []) + 119·(x_6 ∈ |0..10|11 []) + 60·(x_7 ∈ |0..10|11 []) + 187·(x_8 ∈ |0..10|11 []) + 133·(x_9 ∈ |0..10|11 []) + 113·(x_10 ∈ |0..10|11 []) ≤ 6620
	w192:	2·(x_1 ∈ |0..10|11 []) + 174·(x_2 ∈ |0..10|11 []) + 215·(x_3 ∈ |0..10|11 []) + 24·(x_4 ∈ |0..10|11 []) + 129·(x_5 ∈ |0..10|11 []) + 207·(x_6 ∈ |0..10|11 []) + 17·(x_7 ∈ |0..10|11 []) + 187·(x_8 ∈ |0..10|11 []) + 48·(x_9 ∈ |0..10|11 []) + 118·(x_10 ∈ |0..10|11 []) ≤ 5640
	w193:	212·(x_1 ∈ |0..10|11 []) + 134·(x_2 ∈ |0..10|11 []) + 148·(x_3 ∈ |0..10|11 []) + 43·(x_4 ∈ |0..10|11 []) + 30·(x_5 ∈ |0..10|11 []) + 211·(x_6 ∈ |0..10|11 []) + 46·(x_7 ∈ |0..10|11 []) + 128·(x_8 ∈ |0..10|11 []) + 14·(x_9 ∈ |0..10|11 []) + 2·(x_10 ∈ |0..10|11 []) ≤ 4870
	w194:	90·(x_1 ∈ |0..10|11 []) + 82·(x_2 ∈ |0..10|11 []) + 146·(x_3 ∈ |0..10|11 []) + 155·(x_4 ∈ |0..10|11 []) + 118·(x_5 ∈ |0..10|11 []) + 75·(x_6 ∈ |0..10|11 []) + 137·(x_7 ∈ |0..10|11 []) + 239·(x_8 ∈ |0..10|11 []) + 93·(x_9 ∈ |0..10|11 []) + 111·(x_10 ∈ |0..10|11 []) ≤ 6270
	w195:	164·(x_1 ∈ |0..10|11 []) + 156·(x_2 ∈ |0..10|11 []) + 188·(x_3 ∈ |0..10|11 []) + 145·(x_4 ∈ |0..10|11 []) + 56·(x_5 ∈ |0..10|11 []) + 113·(x_6 ∈ |0..10|11 []) + 78·(x_7 ∈ |0..10|11 []) + 3·(x_8 ∈ |0..10|11 []) + 16·(x_9 ∈ |0..10|11 []) + 108·(x_10 ∈ |0..10|11 []) ≤ 5170
	w196:	16·(x_1 ∈ |0..10|11 []) + 137·(x_2 ∈ |0..10|11 []) + 76·(x_3 ∈ |0..10|11 []) + 178·(x_4 ∈ |0..10|11 []) + 4·(x_5 ∈ |0..10|11 []) + 68·(x_6 ∈ |0..10|11 []) + 231·(x_7 ∈ |0..10|11 []) + 153·(x_8 ∈ |0..10|11 []) + 149·(x_9 ∈ |0..10|11 []) + 117·(x_10 ∈ |0..10|11 []) ≤ 5690
	w197:	195·(x_1 ∈ |0..10|11 []) + 175·(x_2 ∈ |0..10|11 []) + 117·(x_3 ∈ |0..10|11 []) + 188·(x_4 ∈ |0..10|11 []) + 215·(x_5 ∈ |0..10|11 []) + 53·(x_6 ∈ |0..10|11 []) + 146·(x_7 ∈ |0..10|11 []) + 119·(x_8 ∈ |0..10|11 []) + 114·(x_9 ∈ |0..10|11 []) + 80·(x_10 ∈ |0..10|11 []) ≤ 7060
	w198:	158·(x_1 ∈ |0..10|11 []) + 185·(x_2 ∈ |0..10|11 []) + 141·(x_3 ∈ |0..10|11 []) + 64·(x_4 ∈ |0..10|11 []) + 67·(x_5 ∈ |0..10|11 []) + 25·(x_6 ∈ |0..10|11 []) + 14·(x_7 ∈ |0..10|11 []) + 25·(x_8 ∈ |0..10|11 []) + 55·(x_9 ∈ |0..10|11 []) + 186·(x_10 ∈ |0..10|11 []) ≤ 4630
	w199:	234·(x_1 ∈ |0..10|11 []) + 129·(x_2 ∈ |0..10|11 []) + 166·(x_3 ∈ |0..10|11 []) + 155·(x_4 ∈ |0..10|11 []) + 113·(x_5 ∈ |0..10|11 []) + 153·(x_6 ∈ |0..10|11 []) + 212·(x_7 ∈ |0..10|11 []) + 86·(x_8 ∈ |0..10|11 []) + 87·(x_9 ∈ |0..10|11 []) + 52·(x_10 ∈ |0..10|11 []) ≤ 6990
	w200:	192·(x_1 ∈ |0..10|11 []) + 110·(x_2 ∈ |0..10|11 []) + 110·(x_3 ∈ |0..10|11 []) + 226·(x_4 ∈ |0..10|11 []) + 163·(x_5 ∈ |0..10|11 []) + 137·(x_6 ∈ |0..10|11 []) + 109·(x_7 ∈ |0..10|11 []) + 156·(x_8 ∈ |0..10|11 []) + 21·(x_9 ∈ |0..10|11 []) + 204·(x_10 ∈ |0..10|11 []) ≤ 7190
	profits:	133·(x_1 ∈ |0..10|11 []) + 164·(x_2 ∈ |0..10|11 []) + 143·(x_3 ∈ |0..10|11 []) + 146·(x_4 ∈ |0..10|11 []) + 156·(x_5 ∈ |0..10|11 []) + 244·(x_6 ∈ |0..10|11 []) + 166·(x_7 ∈ |0..10|11 []) + 79·(x_8 ∈ |0..10|11 []) + 96·(x_9 ∈ |0..10|11 []) + 91·(x_10 ∈ |0..10|11 []) ≥ 7030
	CSE: ""

slurmstepd-extra002: error: *** JOB 1878534 ON extra002 CANCELLED AT 2024-12-14T15:27:10 DUE TO TIME LIMIT ***
