BATCH.SH START ./experiments/mbkp/runs:3073 (ulimit --clean)
Start EncodeRecord { instance: Some(Instance { problem: Mbkp { bound: 10, n_: 10, m_: 200, q_: 250, family: 1, s_: 25, seed: 4, fl: "0.4", fu: None, skip_obj: true }, i: 57, lp: "./experiments/mbkp/lps/3/1_14.lp" }), experiment: Some(Experiment { system: Pbc, pb_encoding: Gt, int_encoding: Ord, con_encoding: Include, split_eq: false, model_config: ModelConfig { scm: Dnf, cutoff: Binary, decomposer: Gt, equalize_ternaries: true, add_consistency: false, propagate: None, equalize_uniform_bin_ineqs: false } }), statics: None, pb_statics: None, principal: None, time: None, dimacs: None }
model = 
	w1:	51·(x_1 ∈ |0..10|11 []) + 16·(x_2 ∈ |0..10|11 []) + 233·(x_3 ∈ |0..10|11 []) + 108·(x_4 ∈ |0..10|11 []) + 49·(x_5 ∈ |0..10|11 []) + 36·(x_6 ∈ |0..10|11 []) + 223·(x_7 ∈ |0..10|11 []) + 98·(x_8 ∈ |0..10|11 []) + 220·(x_9 ∈ |0..10|11 []) + 11·(x_10 ∈ |0..10|11 []) ≤ 5350
	w2:	152·(x_1 ∈ |0..10|11 []) + 66·(x_2 ∈ |0..10|11 []) + 236·(x_3 ∈ |0..10|11 []) + 147·(x_4 ∈ |0..10|11 []) + 158·(x_5 ∈ |0..10|11 []) + 31·(x_6 ∈ |0..10|11 []) + 66·(x_7 ∈ |0..10|11 []) + 48·(x_8 ∈ |0..10|11 []) + 154·(x_9 ∈ |0..10|11 []) + 88·(x_10 ∈ |0..10|11 []) ≤ 5860
	w3:	119·(x_1 ∈ |0..10|11 []) + 59·(x_2 ∈ |0..10|11 []) + 239·(x_3 ∈ |0..10|11 []) + 66·(x_4 ∈ |0..10|11 []) + 13·(x_5 ∈ |0..10|11 []) + 159·(x_6 ∈ |0..10|11 []) + 48·(x_7 ∈ |0..10|11 []) + 112·(x_8 ∈ |0..10|11 []) + 41·(x_9 ∈ |0..10|11 []) + 198·(x_10 ∈ |0..10|11 []) ≤ 5390
	w4:	68·(x_1 ∈ |0..10|11 []) + 172·(x_2 ∈ |0..10|11 []) + 48·(x_3 ∈ |0..10|11 []) + 209·(x_4 ∈ |0..10|11 []) + 31·(x_5 ∈ |0..10|11 []) + 213·(x_6 ∈ |0..10|11 []) + 222·(x_7 ∈ |0..10|11 []) + 149·(x_8 ∈ |0..10|11 []) + 14·(x_9 ∈ |0..10|11 []) + 172·(x_10 ∈ |0..10|11 []) ≤ 6640
	w5:	(x_1 ∈ |0..10|11 []) + 178·(x_2 ∈ |0..10|11 []) + 66·(x_3 ∈ |0..10|11 []) + 160·(x_4 ∈ |0..10|11 []) + 238·(x_5 ∈ |0..10|11 []) + 2·(x_6 ∈ |0..10|11 []) + 161·(x_7 ∈ |0..10|11 []) + 245·(x_8 ∈ |0..10|11 []) + 166·(x_9 ∈ |0..10|11 []) + 14·(x_10 ∈ |0..10|11 []) ≤ 6300
	w6:	42·(x_1 ∈ |0..10|11 []) + 133·(x_2 ∈ |0..10|11 []) + 195·(x_3 ∈ |0..10|11 []) + 84·(x_4 ∈ |0..10|11 []) + 11·(x_5 ∈ |0..10|11 []) + 80·(x_6 ∈ |0..10|11 []) + 112·(x_7 ∈ |0..10|11 []) + 80·(x_8 ∈ |0..10|11 []) + 158·(x_9 ∈ |0..10|11 []) + 43·(x_10 ∈ |0..10|11 []) ≤ 4800
	w7:	202·(x_1 ∈ |0..10|11 []) + 190·(x_2 ∈ |0..10|11 []) + 238·(x_3 ∈ |0..10|11 []) + 75·(x_4 ∈ |0..10|11 []) + 64·(x_5 ∈ |0..10|11 []) + 107·(x_6 ∈ |0..10|11 []) + 20·(x_7 ∈ |0..10|11 []) + 55·(x_8 ∈ |0..10|11 []) + 169·(x_9 ∈ |0..10|11 []) + 149·(x_10 ∈ |0..10|11 []) ≤ 6490
	w8:	204·(x_1 ∈ |0..10|11 []) + 66·(x_2 ∈ |0..10|11 []) + 125·(x_3 ∈ |0..10|11 []) + 182·(x_4 ∈ |0..10|11 []) + 166·(x_5 ∈ |0..10|11 []) + 144·(x_6 ∈ |0..10|11 []) + 203·(x_7 ∈ |0..10|11 []) + 245·(x_8 ∈ |0..10|11 []) + 29·(x_9 ∈ |0..10|11 []) + 125·(x_10 ∈ |0..10|11 []) ≤ 7620
	w9:	207·(x_1 ∈ |0..10|11 []) + 178·(x_2 ∈ |0..10|11 []) + 31·(x_3 ∈ |0..10|11 []) + 12·(x_4 ∈ |0..10|11 []) + 113·(x_5 ∈ |0..10|11 []) + 196·(x_6 ∈ |0..10|11 []) + 36·(x_7 ∈ |0..10|11 []) + 60·(x_8 ∈ |0..10|11 []) + 218·(x_9 ∈ |0..10|11 []) + 233·(x_10 ∈ |0..10|11 []) ≤ 6570
	w10:	248·(x_1 ∈ |0..10|11 []) + 167·(x_2 ∈ |0..10|11 []) + 98·(x_3 ∈ |0..10|11 []) + 41·(x_4 ∈ |0..10|11 []) + 172·(x_5 ∈ |0..10|11 []) + 44·(x_6 ∈ |0..10|11 []) + 203·(x_7 ∈ |0..10|11 []) + 212·(x_8 ∈ |0..10|11 []) + 228·(x_9 ∈ |0..10|11 []) + 108·(x_10 ∈ |0..10|11 []) ≤ 7780
	w11:	167·(x_1 ∈ |0..10|11 []) + 52·(x_2 ∈ |0..10|11 []) + 2·(x_3 ∈ |0..10|11 []) + 110·(x_4 ∈ |0..10|11 []) + 141·(x_5 ∈ |0..10|11 []) + 247·(x_6 ∈ |0..10|11 []) + 204·(x_7 ∈ |0..10|11 []) + 76·(x_8 ∈ |0..10|11 []) + 8·(x_9 ∈ |0..10|11 []) + 65·(x_10 ∈ |0..10|11 []) ≤ 5480
	w12:	242·(x_1 ∈ |0..10|11 []) + 71·(x_2 ∈ |0..10|11 []) + 39·(x_3 ∈ |0..10|11 []) + 68·(x_4 ∈ |0..10|11 []) + 80·(x_5 ∈ |0..10|11 []) + 188·(x_6 ∈ |0..10|11 []) + 51·(x_7 ∈ |0..10|11 []) + 176·(x_8 ∈ |0..10|11 []) + 201·(x_9 ∈ |0..10|11 []) + 84·(x_10 ∈ |0..10|11 []) ≤ 6140
	w13:	54·(x_1 ∈ |0..10|11 []) + 174·(x_2 ∈ |0..10|11 []) + 145·(x_3 ∈ |0..10|11 []) + 49·(x_4 ∈ |0..10|11 []) + 156·(x_5 ∈ |0..10|11 []) + 188·(x_6 ∈ |0..10|11 []) + 217·(x_7 ∈ |0..10|11 []) + 151·(x_8 ∈ |0..10|11 []) + 102·(x_9 ∈ |0..10|11 []) + 218·(x_10 ∈ |0..10|11 []) ≤ 7440
	w14:	188·(x_1 ∈ |0..10|11 []) + 52·(x_2 ∈ |0..10|11 []) + 38·(x_3 ∈ |0..10|11 []) + 211·(x_4 ∈ |0..10|11 []) + 130·(x_5 ∈ |0..10|11 []) + 50·(x_6 ∈ |0..10|11 []) + 226·(x_7 ∈ |0..10|11 []) + 134·(x_8 ∈ |0..10|11 []) + 164·(x_9 ∈ |0..10|11 []) + 164·(x_10 ∈ |0..10|11 []) ≤ 6940
	w15:	245·(x_1 ∈ |0..10|11 []) + 164·(x_2 ∈ |0..10|11 []) + 177·(x_3 ∈ |0..10|11 []) + 123·(x_4 ∈ |0..10|11 []) + 108·(x_5 ∈ |0..10|11 []) + 21·(x_6 ∈ |0..10|11 []) + 45·(x_7 ∈ |0..10|11 []) + 246·(x_8 ∈ |0..10|11 []) + 207·(x_9 ∈ |0..10|11 []) + 103·(x_10 ∈ |0..10|11 []) ≤ 7360
	w16:	16·(x_1 ∈ |0..10|11 []) + 155·(x_2 ∈ |0..10|11 []) + 228·(x_3 ∈ |0..10|11 []) + 205·(x_4 ∈ |0..10|11 []) + 55·(x_5 ∈ |0..10|11 []) + 183·(x_6 ∈ |0..10|11 []) + 106·(x_7 ∈ |0..10|11 []) + 109·(x_8 ∈ |0..10|11 []) + 31·(x_9 ∈ |0..10|11 []) + 176·(x_10 ∈ |0..10|11 []) ≤ 6470
	w17:	102·(x_1 ∈ |0..10|11 []) + 4·(x_2 ∈ |0..10|11 []) + 200·(x_3 ∈ |0..10|11 []) + 210·(x_4 ∈ |0..10|11 []) + 30·(x_5 ∈ |0..10|11 []) + 98·(x_6 ∈ |0..10|11 []) + 63·(x_7 ∈ |0..10|11 []) + 20·(x_8 ∈ |0..10|11 []) + 224·(x_9 ∈ |0..10|11 []) + 43·(x_10 ∈ |0..10|11 []) ≤ 5080
	w18:	64·(x_1 ∈ |0..10|11 []) + 24·(x_2 ∈ |0..10|11 []) + 162·(x_3 ∈ |0..10|11 []) + 187·(x_4 ∈ |0..10|11 []) + 28·(x_5 ∈ |0..10|11 []) + 92·(x_6 ∈ |0..10|11 []) + 208·(x_7 ∈ |0..10|11 []) + 175·(x_8 ∈ |0..10|11 []) + 136·(x_9 ∈ |0..10|11 []) + 84·(x_10 ∈ |0..10|11 []) ≤ 5930
	w19:	85·(x_1 ∈ |0..10|11 []) + 20·(x_2 ∈ |0..10|11 []) + 235·(x_3 ∈ |0..10|11 []) + 40·(x_4 ∈ |0..10|11 []) + 94·(x_5 ∈ |0..10|11 []) + 69·(x_6 ∈ |0..10|11 []) + 121·(x_7 ∈ |0..10|11 []) + 243·(x_8 ∈ |0..10|11 []) + 24·(x_9 ∈ |0..10|11 []) + 51·(x_10 ∈ |0..10|11 []) ≤ 5020
	w20:	137·(x_1 ∈ |0..10|11 []) + 93·(x_2 ∈ |0..10|11 []) + 167·(x_3 ∈ |0..10|11 []) + 36·(x_4 ∈ |0..10|11 []) + 11·(x_5 ∈ |0..10|11 []) + 231·(x_6 ∈ |0..10|11 []) + 51·(x_7 ∈ |0..10|11 []) + 129·(x_8 ∈ |0..10|11 []) + 193·(x_9 ∈ |0..10|11 []) + 76·(x_10 ∈ |0..10|11 []) ≤ 5750
	w21:	31·(x_1 ∈ |0..10|11 []) + 26·(x_2 ∈ |0..10|11 []) + 220·(x_3 ∈ |0..10|11 []) + 40·(x_4 ∈ |0..10|11 []) + 132·(x_5 ∈ |0..10|11 []) + 181·(x_6 ∈ |0..10|11 []) + 56·(x_7 ∈ |0..10|11 []) + 140·(x_8 ∈ |0..10|11 []) + 62·(x_9 ∈ |0..10|11 []) + 235·(x_10 ∈ |0..10|11 []) ≤ 5740
	w22:	58·(x_1 ∈ |0..10|11 []) + 19·(x_2 ∈ |0..10|11 []) + 39·(x_3 ∈ |0..10|11 []) + 85·(x_4 ∈ |0..10|11 []) + 231·(x_5 ∈ |0..10|11 []) + 132·(x_6 ∈ |0..10|11 []) + 145·(x_7 ∈ |0..10|11 []) + 165·(x_8 ∈ |0..10|11 []) + 86·(x_9 ∈ |0..10|11 []) + 92·(x_10 ∈ |0..10|11 []) ≤ 5380
	w23:	16·(x_1 ∈ |0..10|11 []) + 7·(x_2 ∈ |0..10|11 []) + 209·(x_3 ∈ |0..10|11 []) + 148·(x_4 ∈ |0..10|11 []) + 135·(x_5 ∈ |0..10|11 []) + 44·(x_6 ∈ |0..10|11 []) + 31·(x_7 ∈ |0..10|11 []) + 92·(x_8 ∈ |0..10|11 []) + 33·(x_9 ∈ |0..10|11 []) + 83·(x_10 ∈ |0..10|11 []) ≤ 4080
	w24:	162·(x_1 ∈ |0..10|11 []) + 193·(x_2 ∈ |0..10|11 []) + 20·(x_3 ∈ |0..10|11 []) + 161·(x_4 ∈ |0..10|11 []) + 17·(x_5 ∈ |0..10|11 []) + 239·(x_6 ∈ |0..10|11 []) + 46·(x_7 ∈ |0..10|11 []) + 105·(x_8 ∈ |0..10|11 []) + 197·(x_9 ∈ |0..10|11 []) + 39·(x_10 ∈ |0..10|11 []) ≤ 6030
	w25:	140·(x_1 ∈ |0..10|11 []) + 197·(x_2 ∈ |0..10|11 []) + 119·(x_3 ∈ |0..10|11 []) + 103·(x_4 ∈ |0..10|11 []) + 33·(x_5 ∈ |0..10|11 []) + 141·(x_6 ∈ |0..10|11 []) + 209·(x_7 ∈ |0..10|11 []) + 24·(x_8 ∈ |0..10|11 []) + 75·(x_9 ∈ |0..10|11 []) + 209·(x_10 ∈ |0..10|11 []) ≤ 6400
	w26:	41·(x_1 ∈ |0..10|11 []) + 227·(x_2 ∈ |0..10|11 []) + 161·(x_3 ∈ |0..10|11 []) + 127·(x_4 ∈ |0..10|11 []) + 36·(x_5 ∈ |0..10|11 []) + 138·(x_6 ∈ |0..10|11 []) + 212·(x_7 ∈ |0..10|11 []) + 73·(x_8 ∈ |0..10|11 []) + 222·(x_9 ∈ |0..10|11 []) + 13·(x_10 ∈ |0..10|11 []) ≤ 6400
	w27:	58·(x_1 ∈ |0..10|11 []) + 80·(x_2 ∈ |0..10|11 []) + 80·(x_3 ∈ |0..10|11 []) + 40·(x_4 ∈ |0..10|11 []) + 24·(x_5 ∈ |0..10|11 []) + 27·(x_6 ∈ |0..10|11 []) + 104·(x_7 ∈ |0..10|11 []) + 199·(x_8 ∈ |0..10|11 []) + 89·(x_9 ∈ |0..10|11 []) + 31·(x_10 ∈ |0..10|11 []) ≤ 3740
	w28:	136·(x_1 ∈ |0..10|11 []) + 92·(x_2 ∈ |0..10|11 []) + 176·(x_3 ∈ |0..10|11 []) + 204·(x_4 ∈ |0..10|11 []) + 27·(x_5 ∈ |0..10|11 []) + 231·(x_6 ∈ |0..10|11 []) + 13·(x_7 ∈ |0..10|11 []) + 93·(x_8 ∈ |0..10|11 []) + 110·(x_9 ∈ |0..10|11 []) + 166·(x_10 ∈ |0..10|11 []) ≤ 6380
	w29:	13·(x_1 ∈ |0..10|11 []) + 42·(x_2 ∈ |0..10|11 []) + 70·(x_3 ∈ |0..10|11 []) + 160·(x_4 ∈ |0..10|11 []) + 205·(x_5 ∈ |0..10|11 []) + 228·(x_6 ∈ |0..10|11 []) + 71·(x_7 ∈ |0..10|11 []) + 222·(x_8 ∈ |0..10|11 []) + 230·(x_9 ∈ |0..10|11 []) + 156·(x_10 ∈ |0..10|11 []) ≤ 7150
	w30:	39·(x_1 ∈ |0..10|11 []) + 174·(x_2 ∈ |0..10|11 []) + 4·(x_3 ∈ |0..10|11 []) + 79·(x_4 ∈ |0..10|11 []) + 243·(x_5 ∈ |0..10|11 []) + 161·(x_6 ∈ |0..10|11 []) + 131·(x_7 ∈ |0..10|11 []) + 70·(x_8 ∈ |0..10|11 []) + 108·(x_9 ∈ |0..10|11 []) + 84·(x_10 ∈ |0..10|11 []) ≤ 5590
	w31:	197·(x_1 ∈ |0..10|11 []) + 168·(x_2 ∈ |0..10|11 []) + 16·(x_3 ∈ |0..10|11 []) + 117·(x_4 ∈ |0..10|11 []) + 218·(x_5 ∈ |0..10|11 []) + 18·(x_6 ∈ |0..10|11 []) + 32·(x_7 ∈ |0..10|11 []) + 105·(x_8 ∈ |0..10|11 []) + 142·(x_9 ∈ |0..10|11 []) + 8·(x_10 ∈ |0..10|11 []) ≤ 5220
	w32:	197·(x_1 ∈ |0..10|11 []) + 51·(x_2 ∈ |0..10|11 []) + 121·(x_3 ∈ |0..10|11 []) + 49·(x_4 ∈ |0..10|11 []) + 5·(x_5 ∈ |0..10|11 []) + 40·(x_6 ∈ |0..10|11 []) + 142·(x_7 ∈ |0..10|11 []) + 76·(x_8 ∈ |0..10|11 []) + 2·(x_9 ∈ |0..10|11 []) + 243·(x_10 ∈ |0..10|11 []) ≤ 4740
	w33:	154·(x_1 ∈ |0..10|11 []) + 237·(x_2 ∈ |0..10|11 []) + 196·(x_3 ∈ |0..10|11 []) + 191·(x_4 ∈ |0..10|11 []) + 151·(x_5 ∈ |0..10|11 []) + 183·(x_6 ∈ |0..10|11 []) + 196·(x_7 ∈ |0..10|11 []) + 97·(x_8 ∈ |0..10|11 []) + 14·(x_9 ∈ |0..10|11 []) + 134·(x_10 ∈ |0..10|11 []) ≤ 7950
	w34:	189·(x_1 ∈ |0..10|11 []) + 194·(x_2 ∈ |0..10|11 []) + 116·(x_3 ∈ |0..10|11 []) + 116·(x_4 ∈ |0..10|11 []) + 99·(x_5 ∈ |0..10|11 []) + 178·(x_6 ∈ |0..10|11 []) + 171·(x_7 ∈ |0..10|11 []) + 107·(x_8 ∈ |0..10|11 []) + 15·(x_9 ∈ |0..10|11 []) + 176·(x_10 ∈ |0..10|11 []) ≤ 6960
	w35:	194·(x_1 ∈ |0..10|11 []) + 156·(x_2 ∈ |0..10|11 []) + 161·(x_3 ∈ |0..10|11 []) + 13·(x_4 ∈ |0..10|11 []) + 231·(x_5 ∈ |0..10|11 []) + 10·(x_6 ∈ |0..10|11 []) + 107·(x_7 ∈ |0..10|11 []) + 148·(x_8 ∈ |0..10|11 []) + 51·(x_9 ∈ |0..10|11 []) + 47·(x_10 ∈ |0..10|11 []) ≤ 5720
	w36:	126·(x_1 ∈ |0..10|11 []) + 145·(x_2 ∈ |0..10|11 []) + 89·(x_3 ∈ |0..10|11 []) + 142·(x_4 ∈ |0..10|11 []) + 125·(x_5 ∈ |0..10|11 []) + 133·(x_6 ∈ |0..10|11 []) + 185·(x_7 ∈ |0..10|11 []) + 194·(x_8 ∈ |0..10|11 []) + 18·(x_9 ∈ |0..10|11 []) + 104·(x_10 ∈ |0..10|11 []) ≤ 6450
	w37:	83·(x_1 ∈ |0..10|11 []) + 21·(x_2 ∈ |0..10|11 []) + 9·(x_3 ∈ |0..10|11 []) + 30·(x_4 ∈ |0..10|11 []) + 79·(x_5 ∈ |0..10|11 []) + 192·(x_6 ∈ |0..10|11 []) + 9·(x_7 ∈ |0..10|11 []) + 19·(x_8 ∈ |0..10|11 []) + 99·(x_9 ∈ |0..10|11 []) + 104·(x_10 ∈ |0..10|11 []) ≤ 3300
	w38:	65·(x_1 ∈ |0..10|11 []) + 217·(x_2 ∈ |0..10|11 []) + 28·(x_3 ∈ |0..10|11 []) + 108·(x_4 ∈ |0..10|11 []) + 113·(x_5 ∈ |0..10|11 []) + 33·(x_6 ∈ |0..10|11 []) + 67·(x_7 ∈ |0..10|11 []) + 136·(x_8 ∈ |0..10|11 []) + 18·(x_9 ∈ |0..10|11 []) + 99·(x_10 ∈ |0..10|11 []) ≤ 4520
	w39:	112·(x_1 ∈ |0..10|11 []) + 158·(x_2 ∈ |0..10|11 []) + 105·(x_3 ∈ |0..10|11 []) + 72·(x_4 ∈ |0..10|11 []) + 109·(x_5 ∈ |0..10|11 []) + 205·(x_6 ∈ |0..10|11 []) + 201·(x_7 ∈ |0..10|11 []) + 225·(x_8 ∈ |0..10|11 []) + 226·(x_9 ∈ |0..10|11 []) + 124·(x_10 ∈ |0..10|11 []) ≤ 7860
	w40:	172·(x_1 ∈ |0..10|11 []) + 229·(x_2 ∈ |0..10|11 []) + 161·(x_3 ∈ |0..10|11 []) + 14·(x_4 ∈ |0..10|11 []) + 176·(x_5 ∈ |0..10|11 []) + 81·(x_6 ∈ |0..10|11 []) + 218·(x_7 ∈ |0..10|11 []) + 206·(x_8 ∈ |0..10|11 []) + 64·(x_9 ∈ |0..10|11 []) + 89·(x_10 ∈ |0..10|11 []) ≤ 7210
	w41:	206·(x_1 ∈ |0..10|11 []) + 19·(x_2 ∈ |0..10|11 []) + 9·(x_3 ∈ |0..10|11 []) + 154·(x_4 ∈ |0..10|11 []) + 111·(x_5 ∈ |0..10|11 []) + 35·(x_6 ∈ |0..10|11 []) + 88·(x_7 ∈ |0..10|11 []) + 19·(x_8 ∈ |0..10|11 []) + 57·(x_9 ∈ |0..10|11 []) + 245·(x_10 ∈ |0..10|11 []) ≤ 4820
	w42:	249·(x_1 ∈ |0..10|11 []) + 214·(x_2 ∈ |0..10|11 []) + 123·(x_3 ∈ |0..10|11 []) + 100·(x_4 ∈ |0..10|11 []) + 209·(x_5 ∈ |0..10|11 []) + 92·(x_6 ∈ |0..10|11 []) + 227·(x_7 ∈ |0..10|11 []) + 71·(x_8 ∈ |0..10|11 []) + 81·(x_9 ∈ |0..10|11 []) + 181·(x_10 ∈ |0..10|11 []) ≤ 7920
	w43:	75·(x_1 ∈ |0..10|11 []) + 217·(x_2 ∈ |0..10|11 []) + 82·(x_3 ∈ |0..10|11 []) + 28·(x_4 ∈ |0..10|11 []) + 229·(x_5 ∈ |0..10|11 []) + 142·(x_6 ∈ |0..10|11 []) + (x_7 ∈ |0..10|11 []) + 242·(x_8 ∈ |0..10|11 []) + 153·(x_9 ∈ |0..10|11 []) + 80·(x_10 ∈ |0..10|11 []) ≤ 6390
	w44:	241·(x_1 ∈ |0..10|11 []) + 176·(x_2 ∈ |0..10|11 []) + 160·(x_3 ∈ |0..10|11 []) + 247·(x_4 ∈ |0..10|11 []) + 177·(x_5 ∈ |0..10|11 []) + 72·(x_6 ∈ |0..10|11 []) + 152·(x_7 ∈ |0..10|11 []) + 105·(x_8 ∈ |0..10|11 []) + 117·(x_9 ∈ |0..10|11 []) + 123·(x_10 ∈ |0..10|11 []) ≤ 8030
	w45:	138·(x_1 ∈ |0..10|11 []) + 90·(x_2 ∈ |0..10|11 []) + 125·(x_3 ∈ |0..10|11 []) + 136·(x_4 ∈ |0..10|11 []) + 147·(x_5 ∈ |0..10|11 []) + 232·(x_6 ∈ |0..10|11 []) + 171·(x_7 ∈ |0..10|11 []) + 54·(x_8 ∈ |0..10|11 []) + 158·(x_9 ∈ |0..10|11 []) + 247·(x_10 ∈ |0..10|11 []) ≤ 7660
	w46:	185·(x_1 ∈ |0..10|11 []) + 166·(x_2 ∈ |0..10|11 []) + 135·(x_3 ∈ |0..10|11 []) + 56·(x_4 ∈ |0..10|11 []) + 66·(x_5 ∈ |0..10|11 []) + 61·(x_6 ∈ |0..10|11 []) + 94·(x_7 ∈ |0..10|11 []) + 100·(x_8 ∈ |0..10|11 []) + 151·(x_9 ∈ |0..10|11 []) + 134·(x_10 ∈ |0..10|11 []) ≤ 5870
	w47:	53·(x_1 ∈ |0..10|11 []) + 188·(x_2 ∈ |0..10|11 []) + 89·(x_3 ∈ |0..10|11 []) + 106·(x_4 ∈ |0..10|11 []) + 240·(x_5 ∈ |0..10|11 []) + 85·(x_6 ∈ |0..10|11 []) + 132·(x_7 ∈ |0..10|11 []) + 95·(x_8 ∈ |0..10|11 []) + 130·(x_9 ∈ |0..10|11 []) + 103·(x_10 ∈ |0..10|11 []) ≤ 6250
	w48:	75·(x_1 ∈ |0..10|11 []) + 174·(x_2 ∈ |0..10|11 []) + 28·(x_3 ∈ |0..10|11 []) + 136·(x_4 ∈ |0..10|11 []) + 95·(x_5 ∈ |0..10|11 []) + 46·(x_6 ∈ |0..10|11 []) + 149·(x_7 ∈ |0..10|11 []) + 119·(x_8 ∈ |0..10|11 []) + 173·(x_9 ∈ |0..10|11 []) + 36·(x_10 ∈ |0..10|11 []) ≤ 5270
	w49:	219·(x_1 ∈ |0..10|11 []) + 245·(x_2 ∈ |0..10|11 []) + 41·(x_3 ∈ |0..10|11 []) + 131·(x_4 ∈ |0..10|11 []) + 31·(x_5 ∈ |0..10|11 []) + 192·(x_6 ∈ |0..10|11 []) + 164·(x_7 ∈ |0..10|11 []) + 44·(x_8 ∈ |0..10|11 []) + 174·(x_9 ∈ |0..10|11 []) + 197·(x_10 ∈ |0..10|11 []) ≤ 7360
	w50:	64·(x_1 ∈ |0..10|11 []) + 29·(x_2 ∈ |0..10|11 []) + 237·(x_3 ∈ |0..10|11 []) + 134·(x_4 ∈ |0..10|11 []) + 2·(x_5 ∈ |0..10|11 []) + 135·(x_6 ∈ |0..10|11 []) + 165·(x_7 ∈ |0..10|11 []) + 24·(x_8 ∈ |0..10|11 []) + 219·(x_9 ∈ |0..10|11 []) + 199·(x_10 ∈ |0..10|11 []) ≤ 6180
	w51:	154·(x_1 ∈ |0..10|11 []) + 38·(x_2 ∈ |0..10|11 []) + 211·(x_3 ∈ |0..10|11 []) + 147·(x_4 ∈ |0..10|11 []) + 117·(x_5 ∈ |0..10|11 []) + 6·(x_6 ∈ |0..10|11 []) + 173·(x_7 ∈ |0..10|11 []) + 23·(x_8 ∈ |0..10|11 []) + 101·(x_9 ∈ |0..10|11 []) + 67·(x_10 ∈ |0..10|11 []) ≤ 5300
	w52:	98·(x_1 ∈ |0..10|11 []) + 209·(x_2 ∈ |0..10|11 []) + 7·(x_3 ∈ |0..10|11 []) + 183·(x_4 ∈ |0..10|11 []) + 104·(x_5 ∈ |0..10|11 []) + 176·(x_6 ∈ |0..10|11 []) + 219·(x_7 ∈ |0..10|11 []) + 96·(x_8 ∈ |0..10|11 []) + 99·(x_9 ∈ |0..10|11 []) + 242·(x_10 ∈ |0..10|11 []) ≤ 7330
	w53:	235·(x_1 ∈ |0..10|11 []) + 203·(x_2 ∈ |0..10|11 []) + 30·(x_3 ∈ |0..10|11 []) + 205·(x_4 ∈ |0..10|11 []) + 48·(x_5 ∈ |0..10|11 []) + 24·(x_6 ∈ |0..10|11 []) + 213·(x_7 ∈ |0..10|11 []) + 237·(x_8 ∈ |0..10|11 []) + 56·(x_9 ∈ |0..10|11 []) + 238·(x_10 ∈ |0..10|11 []) ≤ 7620
	w54:	219·(x_1 ∈ |0..10|11 []) + 119·(x_2 ∈ |0..10|11 []) + 120·(x_3 ∈ |0..10|11 []) + 102·(x_4 ∈ |0..10|11 []) + 51·(x_5 ∈ |0..10|11 []) + 39·(x_6 ∈ |0..10|11 []) + 146·(x_7 ∈ |0..10|11 []) + 29·(x_8 ∈ |0..10|11 []) + 65·(x_9 ∈ |0..10|11 []) + 138·(x_10 ∈ |0..10|11 []) ≤ 5260
	w55:	76·(x_1 ∈ |0..10|11 []) + 110·(x_2 ∈ |0..10|11 []) + 22·(x_3 ∈ |0..10|11 []) + 93·(x_4 ∈ |0..10|11 []) + 85·(x_5 ∈ |0..10|11 []) + 59·(x_6 ∈ |0..10|11 []) + 86·(x_7 ∈ |0..10|11 []) + 40·(x_8 ∈ |0..10|11 []) + 199·(x_9 ∈ |0..10|11 []) + 249·(x_10 ∈ |0..10|11 []) ≤ 5210
	w56:	63·(x_1 ∈ |0..10|11 []) + 147·(x_2 ∈ |0..10|11 []) + 180·(x_3 ∈ |0..10|11 []) + 47·(x_4 ∈ |0..10|11 []) + 113·(x_5 ∈ |0..10|11 []) + 53·(x_6 ∈ |0..10|11 []) + 67·(x_7 ∈ |0..10|11 []) + 169·(x_8 ∈ |0..10|11 []) + 132·(x_9 ∈ |0..10|11 []) + 14·(x_10 ∈ |0..10|11 []) ≤ 5040
	w57:	2·(x_1 ∈ |0..10|11 []) + 118·(x_2 ∈ |0..10|11 []) + 237·(x_3 ∈ |0..10|11 []) + 232·(x_4 ∈ |0..10|11 []) + 107·(x_5 ∈ |0..10|11 []) + 86·(x_6 ∈ |0..10|11 []) + 225·(x_7 ∈ |0..10|11 []) + 26·(x_8 ∈ |0..10|11 []) + 19·(x_9 ∈ |0..10|11 []) + 32·(x_10 ∈ |0..10|11 []) ≤ 5550
	w58:	29·(x_1 ∈ |0..10|11 []) + 194·(x_2 ∈ |0..10|11 []) + 169·(x_3 ∈ |0..10|11 []) + 172·(x_4 ∈ |0..10|11 []) + 242·(x_5 ∈ |0..10|11 []) + 51·(x_6 ∈ |0..10|11 []) + 222·(x_7 ∈ |0..10|11 []) + 85·(x_8 ∈ |0..10|11 []) + 67·(x_9 ∈ |0..10|11 []) + 128·(x_10 ∈ |0..10|11 []) ≤ 6950
	w59:	174·(x_1 ∈ |0..10|11 []) + 229·(x_2 ∈ |0..10|11 []) + 209·(x_3 ∈ |0..10|11 []) + 238·(x_4 ∈ |0..10|11 []) + 59·(x_5 ∈ |0..10|11 []) + 146·(x_6 ∈ |0..10|11 []) + 169·(x_7 ∈ |0..10|11 []) + 94·(x_8 ∈ |0..10|11 []) + 121·(x_9 ∈ |0..10|11 []) + 18·(x_10 ∈ |0..10|11 []) ≤ 7450
	w60:	99·(x_1 ∈ |0..10|11 []) + 224·(x_2 ∈ |0..10|11 []) + 161·(x_3 ∈ |0..10|11 []) + 162·(x_4 ∈ |0..10|11 []) + 100·(x_5 ∈ |0..10|11 []) + 124·(x_6 ∈ |0..10|11 []) + 134·(x_7 ∈ |0..10|11 []) + 244·(x_8 ∈ |0..10|11 []) + 45·(x_9 ∈ |0..10|11 []) + 29·(x_10 ∈ |0..10|11 []) ≤ 6760
	w61:	29·(x_1 ∈ |0..10|11 []) + 29·(x_2 ∈ |0..10|11 []) + 164·(x_3 ∈ |0..10|11 []) + 99·(x_4 ∈ |0..10|11 []) + 79·(x_5 ∈ |0..10|11 []) + 215·(x_6 ∈ |0..10|11 []) + 118·(x_7 ∈ |0..10|11 []) + 68·(x_8 ∈ |0..10|11 []) + 238·(x_9 ∈ |0..10|11 []) + 227·(x_10 ∈ |0..10|11 []) ≤ 6480
	w62:	240·(x_1 ∈ |0..10|11 []) + 147·(x_2 ∈ |0..10|11 []) + 142·(x_3 ∈ |0..10|11 []) + 33·(x_4 ∈ |0..10|11 []) + 65·(x_5 ∈ |0..10|11 []) + 241·(x_6 ∈ |0..10|11 []) + 81·(x_7 ∈ |0..10|11 []) + 86·(x_8 ∈ |0..10|11 []) + 66·(x_9 ∈ |0..10|11 []) + 130·(x_10 ∈ |0..10|11 []) ≤ 6300
	w63:	175·(x_1 ∈ |0..10|11 []) + 150·(x_2 ∈ |0..10|11 []) + 100·(x_3 ∈ |0..10|11 []) + 147·(x_4 ∈ |0..10|11 []) + 241·(x_5 ∈ |0..10|11 []) + 68·(x_6 ∈ |0..10|11 []) + 229·(x_7 ∈ |0..10|11 []) + 114·(x_8 ∈ |0..10|11 []) + 152·(x_9 ∈ |0..10|11 []) + 80·(x_10 ∈ |0..10|11 []) ≤ 7450
	w64:	226·(x_1 ∈ |0..10|11 []) + 249·(x_2 ∈ |0..10|11 []) + 3·(x_3 ∈ |0..10|11 []) + 121·(x_4 ∈ |0..10|11 []) + 124·(x_5 ∈ |0..10|11 []) + 127·(x_6 ∈ |0..10|11 []) + 237·(x_7 ∈ |0..10|11 []) + 118·(x_8 ∈ |0..10|11 []) + 158·(x_9 ∈ |0..10|11 []) + 119·(x_10 ∈ |0..10|11 []) ≤ 7580
	w65:	50·(x_1 ∈ |0..10|11 []) + 227·(x_2 ∈ |0..10|11 []) + 200·(x_3 ∈ |0..10|11 []) + 237·(x_4 ∈ |0..10|11 []) + 231·(x_5 ∈ |0..10|11 []) + 244·(x_6 ∈ |0..10|11 []) + 136·(x_7 ∈ |0..10|11 []) + 113·(x_8 ∈ |0..10|11 []) + 92·(x_9 ∈ |0..10|11 []) + 175·(x_10 ∈ |0..10|11 []) ≤ 8720
	w66:	125·(x_1 ∈ |0..10|11 []) + 59·(x_2 ∈ |0..10|11 []) + 146·(x_3 ∈ |0..10|11 []) + 188·(x_4 ∈ |0..10|11 []) + 174·(x_5 ∈ |0..10|11 []) + 32·(x_6 ∈ |0..10|11 []) + 58·(x_7 ∈ |0..10|11 []) + 178·(x_8 ∈ |0..10|11 []) + 242·(x_9 ∈ |0..10|11 []) + 25·(x_10 ∈ |0..10|11 []) ≤ 6280
	w67:	121·(x_1 ∈ |0..10|11 []) + 202·(x_2 ∈ |0..10|11 []) + 27·(x_3 ∈ |0..10|11 []) + 65·(x_4 ∈ |0..10|11 []) + 118·(x_5 ∈ |0..10|11 []) + 16·(x_6 ∈ |0..10|11 []) + 143·(x_7 ∈ |0..10|11 []) + 247·(x_8 ∈ |0..10|11 []) + 138·(x_9 ∈ |0..10|11 []) + 124·(x_10 ∈ |0..10|11 []) ≤ 6140
	w68:	203·(x_1 ∈ |0..10|11 []) + 108·(x_2 ∈ |0..10|11 []) + 20·(x_3 ∈ |0..10|11 []) + 53·(x_4 ∈ |0..10|11 []) + 142·(x_5 ∈ |0..10|11 []) + 191·(x_6 ∈ |0..10|11 []) + 183·(x_7 ∈ |0..10|11 []) + 196·(x_8 ∈ |0..10|11 []) + 174·(x_9 ∈ |0..10|11 []) + 116·(x_10 ∈ |0..10|11 []) ≤ 7090
	w69:	27·(x_1 ∈ |0..10|11 []) + 240·(x_2 ∈ |0..10|11 []) + 203·(x_3 ∈ |0..10|11 []) + 212·(x_4 ∈ |0..10|11 []) + 47·(x_5 ∈ |0..10|11 []) + 142·(x_6 ∈ |0..10|11 []) + 77·(x_7 ∈ |0..10|11 []) + 143·(x_8 ∈ |0..10|11 []) + 174·(x_9 ∈ |0..10|11 []) + 81·(x_10 ∈ |0..10|11 []) ≤ 6890
	w70:	123·(x_1 ∈ |0..10|11 []) + 94·(x_2 ∈ |0..10|11 []) + 224·(x_3 ∈ |0..10|11 []) + 214·(x_4 ∈ |0..10|11 []) + 134·(x_5 ∈ |0..10|11 []) + 220·(x_6 ∈ |0..10|11 []) + 150·(x_7 ∈ |0..10|11 []) + 76·(x_8 ∈ |0..10|11 []) + 95·(x_9 ∈ |0..10|11 []) + 95·(x_10 ∈ |0..10|11 []) ≤ 7290
	w71:	79·(x_1 ∈ |0..10|11 []) + 89·(x_2 ∈ |0..10|11 []) + 91·(x_3 ∈ |0..10|11 []) + 212·(x_4 ∈ |0..10|11 []) + 143·(x_5 ∈ |0..10|11 []) + 83·(x_6 ∈ |0..10|11 []) + 218·(x_7 ∈ |0..10|11 []) + 148·(x_8 ∈ |0..10|11 []) + 226·(x_9 ∈ |0..10|11 []) + 174·(x_10 ∈ |0..10|11 []) ≤ 7490
	w72:	212·(x_1 ∈ |0..10|11 []) + 183·(x_2 ∈ |0..10|11 []) + 237·(x_3 ∈ |0..10|11 []) + 99·(x_4 ∈ |0..10|11 []) + 132·(x_5 ∈ |0..10|11 []) + 249·(x_6 ∈ |0..10|11 []) + 194·(x_7 ∈ |0..10|11 []) + 95·(x_8 ∈ |0..10|11 []) + 51·(x_9 ∈ |0..10|11 []) + 190·(x_10 ∈ |0..10|11 []) ≤ 8400
	w73:	42·(x_1 ∈ |0..10|11 []) + 22·(x_2 ∈ |0..10|11 []) + 23·(x_3 ∈ |0..10|11 []) + 152·(x_4 ∈ |0..10|11 []) + 85·(x_5 ∈ |0..10|11 []) + 247·(x_6 ∈ |0..10|11 []) + 146·(x_7 ∈ |0..10|11 []) + 48·(x_8 ∈ |0..10|11 []) + 31·(x_9 ∈ |0..10|11 []) + 235·(x_10 ∈ |0..10|11 []) ≤ 5270
	w74:	235·(x_1 ∈ |0..10|11 []) + 113·(x_2 ∈ |0..10|11 []) + 83·(x_3 ∈ |0..10|11 []) + 38·(x_4 ∈ |0..10|11 []) + 27·(x_5 ∈ |0..10|11 []) + 225·(x_6 ∈ |0..10|11 []) + 56·(x_7 ∈ |0..10|11 []) + 126·(x_8 ∈ |0..10|11 []) + 171·(x_9 ∈ |0..10|11 []) + 14·(x_10 ∈ |0..10|11 []) ≤ 5570
	w75:	110·(x_1 ∈ |0..10|11 []) + 4·(x_2 ∈ |0..10|11 []) + 105·(x_3 ∈ |0..10|11 []) + 50·(x_4 ∈ |0..10|11 []) + 3·(x_5 ∈ |0..10|11 []) + 230·(x_6 ∈ |0..10|11 []) + 155·(x_7 ∈ |0..10|11 []) + 48·(x_8 ∈ |0..10|11 []) + 80·(x_9 ∈ |0..10|11 []) + 238·(x_10 ∈ |0..10|11 []) ≤ 5230
	w76:	58·(x_1 ∈ |0..10|11 []) + 6·(x_2 ∈ |0..10|11 []) + 181·(x_3 ∈ |0..10|11 []) + 141·(x_4 ∈ |0..10|11 []) + 24·(x_5 ∈ |0..10|11 []) + 172·(x_6 ∈ |0..10|11 []) + 16·(x_7 ∈ |0..10|11 []) + 106·(x_8 ∈ |0..10|11 []) + 163·(x_9 ∈ |0..10|11 []) + 64·(x_10 ∈ |0..10|11 []) ≤ 4760
	w77:	129·(x_1 ∈ |0..10|11 []) + 134·(x_2 ∈ |0..10|11 []) + 41·(x_3 ∈ |0..10|11 []) + 210·(x_4 ∈ |0..10|11 []) + 127·(x_5 ∈ |0..10|11 []) + 69·(x_6 ∈ |0..10|11 []) + 234·(x_7 ∈ |0..10|11 []) + 207·(x_8 ∈ |0..10|11 []) + 76·(x_9 ∈ |0..10|11 []) + 189·(x_10 ∈ |0..10|11 []) ≤ 7240
	w78:	59·(x_1 ∈ |0..10|11 []) + 82·(x_2 ∈ |0..10|11 []) + 223·(x_3 ∈ |0..10|11 []) + 202·(x_4 ∈ |0..10|11 []) + 113·(x_5 ∈ |0..10|11 []) + 138·(x_6 ∈ |0..10|11 []) + 69·(x_7 ∈ |0..10|11 []) + 236·(x_8 ∈ |0..10|11 []) + 45·(x_9 ∈ |0..10|11 []) + 104·(x_10 ∈ |0..10|11 []) ≤ 6500
	w79:	238·(x_1 ∈ |0..10|11 []) + 167·(x_2 ∈ |0..10|11 []) + 205·(x_3 ∈ |0..10|11 []) + 158·(x_4 ∈ |0..10|11 []) + 45·(x_5 ∈ |0..10|11 []) + 18·(x_6 ∈ |0..10|11 []) + 131·(x_7 ∈ |0..10|11 []) + 239·(x_8 ∈ |0..10|11 []) + 204·(x_9 ∈ |0..10|11 []) + 201·(x_10 ∈ |0..10|11 []) ≤ 8220
	w80:	158·(x_1 ∈ |0..10|11 []) + 235·(x_2 ∈ |0..10|11 []) + 227·(x_3 ∈ |0..10|11 []) + 171·(x_4 ∈ |0..10|11 []) + 224·(x_5 ∈ |0..10|11 []) + 161·(x_6 ∈ |0..10|11 []) + 162·(x_7 ∈ |0..10|11 []) + 238·(x_8 ∈ |0..10|11 []) + 230·(x_9 ∈ |0..10|11 []) + 72·(x_10 ∈ |0..10|11 []) ≤ 9610
	w81:	193·(x_1 ∈ |0..10|11 []) + 220·(x_2 ∈ |0..10|11 []) + 150·(x_3 ∈ |0..10|11 []) + 168·(x_4 ∈ |0..10|11 []) + 159·(x_5 ∈ |0..10|11 []) + 66·(x_6 ∈ |0..10|11 []) + 47·(x_7 ∈ |0..10|11 []) + 67·(x_8 ∈ |0..10|11 []) + 236·(x_9 ∈ |0..10|11 []) + 84·(x_10 ∈ |0..10|11 []) ≤ 7110
	w82:	13·(x_1 ∈ |0..10|11 []) + 145·(x_2 ∈ |0..10|11 []) + 17·(x_3 ∈ |0..10|11 []) + 99·(x_4 ∈ |0..10|11 []) + 36·(x_5 ∈ |0..10|11 []) + 25·(x_6 ∈ |0..10|11 []) + 69·(x_7 ∈ |0..10|11 []) + 246·(x_8 ∈ |0..10|11 []) + 16·(x_9 ∈ |0..10|11 []) + 232·(x_10 ∈ |0..10|11 []) ≤ 4590
	w83:	163·(x_1 ∈ |0..10|11 []) + 151·(x_2 ∈ |0..10|11 []) + 125·(x_3 ∈ |0..10|11 []) + 49·(x_4 ∈ |0..10|11 []) + 81·(x_5 ∈ |0..10|11 []) + 225·(x_6 ∈ |0..10|11 []) + 26·(x_7 ∈ |0..10|11 []) + 22·(x_8 ∈ |0..10|11 []) + 110·(x_9 ∈ |0..10|11 []) + 24·(x_10 ∈ |0..10|11 []) ≤ 4990
	w84:	218·(x_1 ∈ |0..10|11 []) + 221·(x_2 ∈ |0..10|11 []) + 185·(x_3 ∈ |0..10|11 []) + 124·(x_4 ∈ |0..10|11 []) + 192·(x_5 ∈ |0..10|11 []) + 128·(x_6 ∈ |0..10|11 []) + 62·(x_7 ∈ |0..10|11 []) + 43·(x_8 ∈ |0..10|11 []) + 50·(x_9 ∈ |0..10|11 []) + 183·(x_10 ∈ |0..10|11 []) ≤ 7190
	w85:	162·(x_1 ∈ |0..10|11 []) + 27·(x_2 ∈ |0..10|11 []) + 187·(x_3 ∈ |0..10|11 []) + 84·(x_4 ∈ |0..10|11 []) + 123·(x_5 ∈ |0..10|11 []) + 91·(x_6 ∈ |0..10|11 []) + 210·(x_7 ∈ |0..10|11 []) + 172·(x_8 ∈ |0..10|11 []) + 126·(x_9 ∈ |0..10|11 []) + 98·(x_10 ∈ |0..10|11 []) ≤ 6550
	w86:	212·(x_1 ∈ |0..10|11 []) + 110·(x_2 ∈ |0..10|11 []) + 211·(x_3 ∈ |0..10|11 []) + 120·(x_4 ∈ |0..10|11 []) + 34·(x_5 ∈ |0..10|11 []) + 87·(x_6 ∈ |0..10|11 []) + 71·(x_7 ∈ |0..10|11 []) + 44·(x_8 ∈ |0..10|11 []) + 198·(x_9 ∈ |0..10|11 []) + 217·(x_10 ∈ |0..10|11 []) ≤ 6670
	w87:	85·(x_1 ∈ |0..10|11 []) + 17·(x_2 ∈ |0..10|11 []) + 192·(x_3 ∈ |0..10|11 []) + 52·(x_4 ∈ |0..10|11 []) + 140·(x_5 ∈ |0..10|11 []) + 54·(x_6 ∈ |0..10|11 []) + 74·(x_7 ∈ |0..10|11 []) + 139·(x_8 ∈ |0..10|11 []) + 86·(x_9 ∈ |0..10|11 []) + 18·(x_10 ∈ |0..10|11 []) ≤ 4380
	w88:	234·(x_1 ∈ |0..10|11 []) + 179·(x_2 ∈ |0..10|11 []) + 31·(x_3 ∈ |0..10|11 []) + 216·(x_4 ∈ |0..10|11 []) + 104·(x_5 ∈ |0..10|11 []) + 183·(x_6 ∈ |0..10|11 []) + 167·(x_7 ∈ |0..10|11 []) + 195·(x_8 ∈ |0..10|11 []) + 198·(x_9 ∈ |0..10|11 []) + 119·(x_10 ∈ |0..10|11 []) ≤ 8320
	w89:	220·(x_1 ∈ |0..10|11 []) + 77·(x_2 ∈ |0..10|11 []) + 18·(x_3 ∈ |0..10|11 []) + 5·(x_4 ∈ |0..10|11 []) + 119·(x_5 ∈ |0..10|11 []) + 5·(x_6 ∈ |0..10|11 []) + 53·(x_7 ∈ |0..10|11 []) + 246·(x_8 ∈ |0..10|11 []) + 78·(x_9 ∈ |0..10|11 []) + 33·(x_10 ∈ |0..10|11 []) ≤ 4370
	w90:	33·(x_1 ∈ |0..10|11 []) + 19·(x_2 ∈ |0..10|11 []) + 189·(x_3 ∈ |0..10|11 []) + 191·(x_4 ∈ |0..10|11 []) + 225·(x_5 ∈ |0..10|11 []) + 12·(x_6 ∈ |0..10|11 []) + 238·(x_7 ∈ |0..10|11 []) + 163·(x_8 ∈ |0..10|11 []) + 38·(x_9 ∈ |0..10|11 []) + 67·(x_10 ∈ |0..10|11 []) ≤ 6010
	w91:	150·(x_1 ∈ |0..10|11 []) + 57·(x_2 ∈ |0..10|11 []) + 136·(x_3 ∈ |0..10|11 []) + 5·(x_4 ∈ |0..10|11 []) + 159·(x_5 ∈ |0..10|11 []) + 198·(x_6 ∈ |0..10|11 []) + 26·(x_7 ∈ |0..10|11 []) + 9·(x_8 ∈ |0..10|11 []) + 219·(x_9 ∈ |0..10|11 []) + 134·(x_10 ∈ |0..10|11 []) ≤ 5590
	w92:	153·(x_1 ∈ |0..10|11 []) + 37·(x_2 ∈ |0..10|11 []) + 175·(x_3 ∈ |0..10|11 []) + 239·(x_4 ∈ |0..10|11 []) + 162·(x_5 ∈ |0..10|11 []) + 29·(x_6 ∈ |0..10|11 []) + 104·(x_7 ∈ |0..10|11 []) + 149·(x_8 ∈ |0..10|11 []) + 129·(x_9 ∈ |0..10|11 []) + 5·(x_10 ∈ |0..10|11 []) ≤ 6050
	w93:	185·(x_1 ∈ |0..10|11 []) + 117·(x_2 ∈ |0..10|11 []) + 227·(x_3 ∈ |0..10|11 []) + 75·(x_4 ∈ |0..10|11 []) + 58·(x_5 ∈ |0..10|11 []) + 198·(x_6 ∈ |0..10|11 []) + 93·(x_7 ∈ |0..10|11 []) + 212·(x_8 ∈ |0..10|11 []) + 125·(x_9 ∈ |0..10|11 []) + 241·(x_10 ∈ |0..10|11 []) ≤ 7830
	w94:	143·(x_1 ∈ |0..10|11 []) + 225·(x_2 ∈ |0..10|11 []) + 172·(x_3 ∈ |0..10|11 []) + 26·(x_4 ∈ |0..10|11 []) + 153·(x_5 ∈ |0..10|11 []) + 5·(x_6 ∈ |0..10|11 []) + 146·(x_7 ∈ |0..10|11 []) + 189·(x_8 ∈ |0..10|11 []) + 8·(x_9 ∈ |0..10|11 []) + 50·(x_10 ∈ |0..10|11 []) ≤ 5710
	w95:	224·(x_1 ∈ |0..10|11 []) + 217·(x_2 ∈ |0..10|11 []) + 74·(x_3 ∈ |0..10|11 []) + 249·(x_4 ∈ |0..10|11 []) + 84·(x_5 ∈ |0..10|11 []) + 116·(x_6 ∈ |0..10|11 []) + 8·(x_7 ∈ |0..10|11 []) + 211·(x_8 ∈ |0..10|11 []) + 118·(x_9 ∈ |0..10|11 []) + 116·(x_10 ∈ |0..10|11 []) ≤ 7250
	w96:	206·(x_1 ∈ |0..10|11 []) + 164·(x_2 ∈ |0..10|11 []) + 88·(x_3 ∈ |0..10|11 []) + 152·(x_4 ∈ |0..10|11 []) + 18·(x_5 ∈ |0..10|11 []) + 206·(x_6 ∈ |0..10|11 []) + 25·(x_7 ∈ |0..10|11 []) + 150·(x_8 ∈ |0..10|11 []) + 217·(x_9 ∈ |0..10|11 []) + 137·(x_10 ∈ |0..10|11 []) ≤ 6970
	w97:	125·(x_1 ∈ |0..10|11 []) + 84·(x_2 ∈ |0..10|11 []) + 43·(x_3 ∈ |0..10|11 []) + 125·(x_4 ∈ |0..10|11 []) + 234·(x_5 ∈ |0..10|11 []) + 193·(x_6 ∈ |0..10|11 []) + 45·(x_7 ∈ |0..10|11 []) + 46·(x_8 ∈ |0..10|11 []) + 32·(x_9 ∈ |0..10|11 []) + 53·(x_10 ∈ |0..10|11 []) ≤ 5010
	w98:	174·(x_1 ∈ |0..10|11 []) + 38·(x_2 ∈ |0..10|11 []) + 248·(x_3 ∈ |0..10|11 []) + 187·(x_4 ∈ |0..10|11 []) + 140·(x_5 ∈ |0..10|11 []) + 110·(x_6 ∈ |0..10|11 []) + 150·(x_7 ∈ |0..10|11 []) + 55·(x_8 ∈ |0..10|11 []) + 161·(x_9 ∈ |0..10|11 []) + 122·(x_10 ∈ |0..10|11 []) ≤ 7090
	w99:	56·(x_1 ∈ |0..10|11 []) + 208·(x_2 ∈ |0..10|11 []) + 188·(x_3 ∈ |0..10|11 []) + 64·(x_4 ∈ |0..10|11 []) + 240·(x_5 ∈ |0..10|11 []) + 186·(x_6 ∈ |0..10|11 []) + 71·(x_7 ∈ |0..10|11 []) + 38·(x_8 ∈ |0..10|11 []) + 65·(x_9 ∈ |0..10|11 []) + 204·(x_10 ∈ |0..10|11 []) ≤ 6750
	w100:	204·(x_1 ∈ |0..10|11 []) + 135·(x_2 ∈ |0..10|11 []) + 133·(x_3 ∈ |0..10|11 []) + 58·(x_4 ∈ |0..10|11 []) + 179·(x_5 ∈ |0..10|11 []) + 21·(x_6 ∈ |0..10|11 []) + 12·(x_7 ∈ |0..10|11 []) + 236·(x_8 ∈ |0..10|11 []) + 132·(x_9 ∈ |0..10|11 []) + 50·(x_10 ∈ |0..10|11 []) ≤ 5930
	w101:	64·(x_1 ∈ |0..10|11 []) + 202·(x_2 ∈ |0..10|11 []) + 136·(x_3 ∈ |0..10|11 []) + 241·(x_4 ∈ |0..10|11 []) + 128·(x_5 ∈ |0..10|11 []) + 94·(x_6 ∈ |0..10|11 []) + 198·(x_7 ∈ |0..10|11 []) + 232·(x_8 ∈ |0..10|11 []) + 174·(x_9 ∈ |0..10|11 []) + 116·(x_10 ∈ |0..10|11 []) ≤ 8110
	w102:	192·(x_1 ∈ |0..10|11 []) + 85·(x_2 ∈ |0..10|11 []) + 121·(x_3 ∈ |0..10|11 []) + 158·(x_4 ∈ |0..10|11 []) + 195·(x_5 ∈ |0..10|11 []) + 64·(x_6 ∈ |0..10|11 []) + 106·(x_7 ∈ |0..10|11 []) + 180·(x_8 ∈ |0..10|11 []) + 46·(x_9 ∈ |0..10|11 []) + 65·(x_10 ∈ |0..10|11 []) ≤ 6200
	w103:	54·(x_1 ∈ |0..10|11 []) + 39·(x_2 ∈ |0..10|11 []) + 117·(x_3 ∈ |0..10|11 []) + 201·(x_4 ∈ |0..10|11 []) + 47·(x_5 ∈ |0..10|11 []) + 232·(x_6 ∈ |0..10|11 []) + 231·(x_7 ∈ |0..10|11 []) + 148·(x_8 ∈ |0..10|11 []) + 191·(x_9 ∈ |0..10|11 []) + 85·(x_10 ∈ |0..10|11 []) ≤ 6880
	w104:	174·(x_1 ∈ |0..10|11 []) + 231·(x_2 ∈ |0..10|11 []) + 189·(x_3 ∈ |0..10|11 []) + 181·(x_4 ∈ |0..10|11 []) + 135·(x_5 ∈ |0..10|11 []) + 154·(x_6 ∈ |0..10|11 []) + 31·(x_7 ∈ |0..10|11 []) + 48·(x_8 ∈ |0..10|11 []) + 222·(x_9 ∈ |0..10|11 []) + 215·(x_10 ∈ |0..10|11 []) ≤ 8080
	w105:	182·(x_1 ∈ |0..10|11 []) + 124·(x_2 ∈ |0..10|11 []) + 128·(x_3 ∈ |0..10|11 []) + 45·(x_4 ∈ |0..10|11 []) + 190·(x_5 ∈ |0..10|11 []) + 118·(x_6 ∈ |0..10|11 []) + 72·(x_7 ∈ |0..10|11 []) + 161·(x_8 ∈ |0..10|11 []) + 166·(x_9 ∈ |0..10|11 []) + 231·(x_10 ∈ |0..10|11 []) ≤ 7250
	w106:	132·(x_1 ∈ |0..10|11 []) + 28·(x_2 ∈ |0..10|11 []) + 102·(x_3 ∈ |0..10|11 []) + 195·(x_4 ∈ |0..10|11 []) + 217·(x_5 ∈ |0..10|11 []) + 245·(x_6 ∈ |0..10|11 []) + 198·(x_7 ∈ |0..10|11 []) + 56·(x_8 ∈ |0..10|11 []) + 112·(x_9 ∈ |0..10|11 []) + 148·(x_10 ∈ |0..10|11 []) ≤ 7330
	w107:	226·(x_1 ∈ |0..10|11 []) + 184·(x_2 ∈ |0..10|11 []) + 32·(x_3 ∈ |0..10|11 []) + 163·(x_4 ∈ |0..10|11 []) + 112·(x_5 ∈ |0..10|11 []) + 135·(x_6 ∈ |0..10|11 []) + 249·(x_7 ∈ |0..10|11 []) + 26·(x_8 ∈ |0..10|11 []) + 201·(x_9 ∈ |0..10|11 []) + 202·(x_10 ∈ |0..10|11 []) ≤ 7830
	w108:	93·(x_1 ∈ |0..10|11 []) + 40·(x_2 ∈ |0..10|11 []) + 173·(x_3 ∈ |0..10|11 []) + 27·(x_4 ∈ |0..10|11 []) + 140·(x_5 ∈ |0..10|11 []) + 235·(x_6 ∈ |0..10|11 []) + 184·(x_7 ∈ |0..10|11 []) + 32·(x_8 ∈ |0..10|11 []) + 82·(x_9 ∈ |0..10|11 []) + 31·(x_10 ∈ |0..10|11 []) ≤ 5300
	w109:	221·(x_1 ∈ |0..10|11 []) + 151·(x_2 ∈ |0..10|11 []) + 56·(x_3 ∈ |0..10|11 []) + 95·(x_4 ∈ |0..10|11 []) + 183·(x_5 ∈ |0..10|11 []) + 187·(x_6 ∈ |0..10|11 []) + 4·(x_7 ∈ |0..10|11 []) + 138·(x_8 ∈ |0..10|11 []) + 144·(x_9 ∈ |0..10|11 []) + 93·(x_10 ∈ |0..10|11 []) ≤ 6510
	w110:	49·(x_1 ∈ |0..10|11 []) + 126·(x_2 ∈ |0..10|11 []) + 236·(x_3 ∈ |0..10|11 []) + 152·(x_4 ∈ |0..10|11 []) + 242·(x_5 ∈ |0..10|11 []) + 175·(x_6 ∈ |0..10|11 []) + 113·(x_7 ∈ |0..10|11 []) + 235·(x_8 ∈ |0..10|11 []) + 96·(x_9 ∈ |0..10|11 []) + 106·(x_10 ∈ |0..10|11 []) ≤ 7830
	w111:	113·(x_1 ∈ |0..10|11 []) + 112·(x_2 ∈ |0..10|11 []) + 37·(x_3 ∈ |0..10|11 []) + 76·(x_4 ∈ |0..10|11 []) + 54·(x_5 ∈ |0..10|11 []) + 181·(x_6 ∈ |0..10|11 []) + 211·(x_7 ∈ |0..10|11 []) + 209·(x_8 ∈ |0..10|11 []) + 131·(x_9 ∈ |0..10|11 []) + 187·(x_10 ∈ |0..10|11 []) ≤ 6710
	w112:	93·(x_1 ∈ |0..10|11 []) + 169·(x_2 ∈ |0..10|11 []) + 119·(x_3 ∈ |0..10|11 []) + 139·(x_4 ∈ |0..10|11 []) + 169·(x_5 ∈ |0..10|11 []) + 217·(x_6 ∈ |0..10|11 []) + 6·(x_7 ∈ |0..10|11 []) + 144·(x_8 ∈ |0..10|11 []) + 88·(x_9 ∈ |0..10|11 []) + 90·(x_10 ∈ |0..10|11 []) ≤ 6310
	w113:	146·(x_1 ∈ |0..10|11 []) + 243·(x_2 ∈ |0..10|11 []) + 166·(x_3 ∈ |0..10|11 []) + 131·(x_4 ∈ |0..10|11 []) + 23·(x_5 ∈ |0..10|11 []) + 94·(x_6 ∈ |0..10|11 []) + 208·(x_7 ∈ |0..10|11 []) + 32·(x_8 ∈ |0..10|11 []) + 114·(x_9 ∈ |0..10|11 []) + 25·(x_10 ∈ |0..10|11 []) ≤ 6050
	w114:	144·(x_1 ∈ |0..10|11 []) + 32·(x_2 ∈ |0..10|11 []) + 220·(x_3 ∈ |0..10|11 []) + 61·(x_4 ∈ |0..10|11 []) + 189·(x_5 ∈ |0..10|11 []) + 240·(x_6 ∈ |0..10|11 []) + 82·(x_7 ∈ |0..10|11 []) + 85·(x_8 ∈ |0..10|11 []) + 52·(x_9 ∈ |0..10|11 []) + 242·(x_10 ∈ |0..10|11 []) ≤ 6890
	w115:	189·(x_1 ∈ |0..10|11 []) + 146·(x_2 ∈ |0..10|11 []) + 44·(x_3 ∈ |0..10|11 []) + 232·(x_4 ∈ |0..10|11 []) + 211·(x_5 ∈ |0..10|11 []) + 175·(x_6 ∈ |0..10|11 []) + 90·(x_7 ∈ |0..10|11 []) + 245·(x_8 ∈ |0..10|11 []) + 158·(x_9 ∈ |0..10|11 []) + 235·(x_10 ∈ |0..10|11 []) ≤ 8830
	w116:	21·(x_1 ∈ |0..10|11 []) + 141·(x_2 ∈ |0..10|11 []) + 177·(x_3 ∈ |0..10|11 []) + 142·(x_4 ∈ |0..10|11 []) + 24·(x_5 ∈ |0..10|11 []) + 48·(x_6 ∈ |0..10|11 []) + 41·(x_7 ∈ |0..10|11 []) + 132·(x_8 ∈ |0..10|11 []) + 205·(x_9 ∈ |0..10|11 []) + 148·(x_10 ∈ |0..10|11 []) ≤ 5520
	w117:	138·(x_1 ∈ |0..10|11 []) + 155·(x_2 ∈ |0..10|11 []) + 163·(x_3 ∈ |0..10|11 []) + 132·(x_4 ∈ |0..10|11 []) + 221·(x_5 ∈ |0..10|11 []) + 22·(x_6 ∈ |0..10|11 []) + 71·(x_7 ∈ |0..10|11 []) + 77·(x_8 ∈ |0..10|11 []) + 156·(x_9 ∈ |0..10|11 []) + 19·(x_10 ∈ |0..10|11 []) ≤ 5900
	w118:	24·(x_1 ∈ |0..10|11 []) + 126·(x_2 ∈ |0..10|11 []) + 240·(x_3 ∈ |0..10|11 []) + 29·(x_4 ∈ |0..10|11 []) + 118·(x_5 ∈ |0..10|11 []) + 76·(x_6 ∈ |0..10|11 []) + 74·(x_7 ∈ |0..10|11 []) + 215·(x_8 ∈ |0..10|11 []) + 76·(x_9 ∈ |0..10|11 []) + 6·(x_10 ∈ |0..10|11 []) ≤ 5030
	w119:	42·(x_1 ∈ |0..10|11 []) + 63·(x_2 ∈ |0..10|11 []) + 48·(x_3 ∈ |0..10|11 []) + 235·(x_4 ∈ |0..10|11 []) + 117·(x_5 ∈ |0..10|11 []) + 108·(x_6 ∈ |0..10|11 []) + 190·(x_7 ∈ |0..10|11 []) + 205·(x_8 ∈ |0..10|11 []) + 203·(x_9 ∈ |0..10|11 []) + 18·(x_10 ∈ |0..10|11 []) ≤ 6290
	w120:	201·(x_1 ∈ |0..10|11 []) + 127·(x_2 ∈ |0..10|11 []) + 34·(x_3 ∈ |0..10|11 []) + 123·(x_4 ∈ |0..10|11 []) + 214·(x_5 ∈ |0..10|11 []) + 247·(x_6 ∈ |0..10|11 []) + 170·(x_7 ∈ |0..10|11 []) + 194·(x_8 ∈ |0..10|11 []) + 208·(x_9 ∈ |0..10|11 []) + 51·(x_10 ∈ |0..10|11 []) ≤ 8030
	w121:	98·(x_1 ∈ |0..10|11 []) + 33·(x_2 ∈ |0..10|11 []) + 88·(x_3 ∈ |0..10|11 []) + 85·(x_4 ∈ |0..10|11 []) + 198·(x_5 ∈ |0..10|11 []) + 51·(x_6 ∈ |0..10|11 []) + 128·(x_7 ∈ |0..10|11 []) + 142·(x_8 ∈ |0..10|11 []) + 138·(x_9 ∈ |0..10|11 []) + 221·(x_10 ∈ |0..10|11 []) ≤ 6050
	w122:	46·(x_1 ∈ |0..10|11 []) + 87·(x_2 ∈ |0..10|11 []) + 205·(x_3 ∈ |0..10|11 []) + 168·(x_4 ∈ |0..10|11 []) + 209·(x_5 ∈ |0..10|11 []) + 9·(x_6 ∈ |0..10|11 []) + 223·(x_7 ∈ |0..10|11 []) + 124·(x_8 ∈ |0..10|11 []) + 114·(x_9 ∈ |0..10|11 []) + 121·(x_10 ∈ |0..10|11 []) ≤ 6680
	w123:	170·(x_1 ∈ |0..10|11 []) + 85·(x_2 ∈ |0..10|11 []) + 141·(x_3 ∈ |0..10|11 []) + 137·(x_4 ∈ |0..10|11 []) + 170·(x_5 ∈ |0..10|11 []) + 207·(x_6 ∈ |0..10|11 []) + 228·(x_7 ∈ |0..10|11 []) + 32·(x_8 ∈ |0..10|11 []) + 42·(x_9 ∈ |0..10|11 []) + 29·(x_10 ∈ |0..10|11 []) ≤ 6350
	w124:	114·(x_1 ∈ |0..10|11 []) + 233·(x_2 ∈ |0..10|11 []) + 12·(x_3 ∈ |0..10|11 []) + 205·(x_4 ∈ |0..10|11 []) + 23·(x_5 ∈ |0..10|11 []) + 220·(x_6 ∈ |0..10|11 []) + 241·(x_7 ∈ |0..10|11 []) + 168·(x_8 ∈ |0..10|11 []) + 219·(x_9 ∈ |0..10|11 []) + 120·(x_10 ∈ |0..10|11 []) ≤ 7960
	w125:	90·(x_1 ∈ |0..10|11 []) + 168·(x_2 ∈ |0..10|11 []) + 20·(x_3 ∈ |0..10|11 []) + 103·(x_4 ∈ |0..10|11 []) + 60·(x_5 ∈ |0..10|11 []) + 137·(x_6 ∈ |0..10|11 []) + 87·(x_7 ∈ |0..10|11 []) + 198·(x_8 ∈ |0..10|11 []) + 5·(x_9 ∈ |0..10|11 []) + 215·(x_10 ∈ |0..10|11 []) ≤ 5540
	w126:	229·(x_1 ∈ |0..10|11 []) + 182·(x_2 ∈ |0..10|11 []) + 25·(x_3 ∈ |0..10|11 []) + 177·(x_4 ∈ |0..10|11 []) + 162·(x_5 ∈ |0..10|11 []) + 236·(x_6 ∈ |0..10|11 []) + 89·(x_7 ∈ |0..10|11 []) + 224·(x_8 ∈ |0..10|11 []) + 243·(x_9 ∈ |0..10|11 []) + 212·(x_10 ∈ |0..10|11 []) ≤ 9100
	w127:	82·(x_1 ∈ |0..10|11 []) + 198·(x_2 ∈ |0..10|11 []) + 88·(x_3 ∈ |0..10|11 []) + 8·(x_4 ∈ |0..10|11 []) + 16·(x_5 ∈ |0..10|11 []) + 48·(x_6 ∈ |0..10|11 []) + 75·(x_7 ∈ |0..10|11 []) + 121·(x_8 ∈ |0..10|11 []) + 73·(x_9 ∈ |0..10|11 []) + 6·(x_10 ∈ |0..10|11 []) ≤ 3660
	w128:	28·(x_1 ∈ |0..10|11 []) + 101·(x_2 ∈ |0..10|11 []) + 174·(x_3 ∈ |0..10|11 []) + 228·(x_4 ∈ |0..10|11 []) + 35·(x_5 ∈ |0..10|11 []) + 79·(x_6 ∈ |0..10|11 []) + 95·(x_7 ∈ |0..10|11 []) + 44·(x_8 ∈ |0..10|11 []) + 52·(x_9 ∈ |0..10|11 []) + 238·(x_10 ∈ |0..10|11 []) ≤ 5490
	w129:	211·(x_1 ∈ |0..10|11 []) + 246·(x_2 ∈ |0..10|11 []) + 41·(x_3 ∈ |0..10|11 []) + 7·(x_4 ∈ |0..10|11 []) + 14·(x_5 ∈ |0..10|11 []) + 143·(x_6 ∈ |0..10|11 []) + 240·(x_7 ∈ |0..10|11 []) + 237·(x_8 ∈ |0..10|11 []) + 241·(x_9 ∈ |0..10|11 []) + 36·(x_10 ∈ |0..10|11 []) ≤ 7240
	w130:	213·(x_1 ∈ |0..10|11 []) + 41·(x_2 ∈ |0..10|11 []) + 121·(x_3 ∈ |0..10|11 []) + 158·(x_4 ∈ |0..10|11 []) + 116·(x_5 ∈ |0..10|11 []) + 24·(x_6 ∈ |0..10|11 []) + 212·(x_7 ∈ |0..10|11 []) + 15·(x_8 ∈ |0..10|11 []) + 122·(x_9 ∈ |0..10|11 []) + 113·(x_10 ∈ |0..10|11 []) ≤ 5810
	w131:	65·(x_1 ∈ |0..10|11 []) + 190·(x_2 ∈ |0..10|11 []) + 241·(x_3 ∈ |0..10|11 []) + 36·(x_4 ∈ |0..10|11 []) + 216·(x_5 ∈ |0..10|11 []) + 167·(x_6 ∈ |0..10|11 []) + 81·(x_7 ∈ |0..10|11 []) + 233·(x_8 ∈ |0..10|11 []) + 105·(x_9 ∈ |0..10|11 []) + 94·(x_10 ∈ |0..10|11 []) ≤ 7310
	w132:	80·(x_1 ∈ |0..10|11 []) + 3·(x_2 ∈ |0..10|11 []) + 243·(x_3 ∈ |0..10|11 []) + 141·(x_4 ∈ |0..10|11 []) + 5·(x_5 ∈ |0..10|11 []) + 79·(x_6 ∈ |0..10|11 []) + 145·(x_7 ∈ |0..10|11 []) + 130·(x_8 ∈ |0..10|11 []) + 239·(x_9 ∈ |0..10|11 []) + 144·(x_10 ∈ |0..10|11 []) ≤ 6190
	w133:	19·(x_1 ∈ |0..10|11 []) + 16·(x_2 ∈ |0..10|11 []) + 172·(x_3 ∈ |0..10|11 []) + 117·(x_4 ∈ |0..10|11 []) + 100·(x_5 ∈ |0..10|11 []) + 237·(x_6 ∈ |0..10|11 []) + 62·(x_7 ∈ |0..10|11 []) + 151·(x_8 ∈ |0..10|11 []) + 186·(x_9 ∈ |0..10|11 []) + 7·(x_10 ∈ |0..10|11 []) ≤ 5460
	w134:	150·(x_1 ∈ |0..10|11 []) + 4·(x_2 ∈ |0..10|11 []) + 153·(x_3 ∈ |0..10|11 []) + 238·(x_4 ∈ |0..10|11 []) + 238·(x_5 ∈ |0..10|11 []) + 104·(x_6 ∈ |0..10|11 []) + 95·(x_7 ∈ |0..10|11 []) + 154·(x_8 ∈ |0..10|11 []) + 142·(x_9 ∈ |0..10|11 []) + 74·(x_10 ∈ |0..10|11 []) ≤ 6920
	w135:	5·(x_1 ∈ |0..10|11 []) + 8·(x_2 ∈ |0..10|11 []) + 69·(x_3 ∈ |0..10|11 []) + 70·(x_4 ∈ |0..10|11 []) + 142·(x_5 ∈ |0..10|11 []) + 210·(x_6 ∈ |0..10|11 []) + 206·(x_7 ∈ |0..10|11 []) + 153·(x_8 ∈ |0..10|11 []) + 201·(x_9 ∈ |0..10|11 []) + 181·(x_10 ∈ |0..10|11 []) ≤ 6370
	w136:	238·(x_1 ∈ |0..10|11 []) + 122·(x_2 ∈ |0..10|11 []) + 18·(x_3 ∈ |0..10|11 []) + 64·(x_4 ∈ |0..10|11 []) + 26·(x_5 ∈ |0..10|11 []) + 111·(x_6 ∈ |0..10|11 []) + 138·(x_7 ∈ |0..10|11 []) + 143·(x_8 ∈ |0..10|11 []) + 209·(x_9 ∈ |0..10|11 []) + 46·(x_10 ∈ |0..10|11 []) ≤ 5700
	w137:	57·(x_1 ∈ |0..10|11 []) + 201·(x_2 ∈ |0..10|11 []) + 109·(x_3 ∈ |0..10|11 []) + 216·(x_4 ∈ |0..10|11 []) + 156·(x_5 ∈ |0..10|11 []) + 56·(x_6 ∈ |0..10|11 []) + 113·(x_7 ∈ |0..10|11 []) + 169·(x_8 ∈ |0..10|11 []) + 219·(x_9 ∈ |0..10|11 []) + 77·(x_10 ∈ |0..10|11 []) ≤ 7020
	w138:	181·(x_1 ∈ |0..10|11 []) + 120·(x_2 ∈ |0..10|11 []) + 7·(x_3 ∈ |0..10|11 []) + 213·(x_4 ∈ |0..10|11 []) + 79·(x_5 ∈ |0..10|11 []) + 32·(x_6 ∈ |0..10|11 []) + 202·(x_7 ∈ |0..10|11 []) + 80·(x_8 ∈ |0..10|11 []) + 111·(x_9 ∈ |0..10|11 []) + 25·(x_10 ∈ |0..10|11 []) ≤ 5370
	w139:	194·(x_1 ∈ |0..10|11 []) + 2·(x_2 ∈ |0..10|11 []) + 196·(x_3 ∈ |0..10|11 []) + 154·(x_4 ∈ |0..10|11 []) + 139·(x_5 ∈ |0..10|11 []) + 114·(x_6 ∈ |0..10|11 []) + 145·(x_7 ∈ |0..10|11 []) + 161·(x_8 ∈ |0..10|11 []) + 193·(x_9 ∈ |0..10|11 []) + 20·(x_10 ∈ |0..10|11 []) ≤ 6740
	w140:	185·(x_1 ∈ |0..10|11 []) + 166·(x_2 ∈ |0..10|11 []) + 151·(x_3 ∈ |0..10|11 []) + 73·(x_4 ∈ |0..10|11 []) + 123·(x_5 ∈ |0..10|11 []) + 231·(x_6 ∈ |0..10|11 []) + 195·(x_7 ∈ |0..10|11 []) + 225·(x_8 ∈ |0..10|11 []) + 236·(x_9 ∈ |0..10|11 []) + 156·(x_10 ∈ |0..10|11 []) ≤ 8910
	w141:	65·(x_1 ∈ |0..10|11 []) + 121·(x_2 ∈ |0..10|11 []) + 120·(x_3 ∈ |0..10|11 []) + 91·(x_4 ∈ |0..10|11 []) + 167·(x_5 ∈ |0..10|11 []) + 198·(x_6 ∈ |0..10|11 []) + 221·(x_7 ∈ |0..10|11 []) + 96·(x_8 ∈ |0..10|11 []) + 150·(x_9 ∈ |0..10|11 []) + 204·(x_10 ∈ |0..10|11 []) ≤ 7330
	w142:	6·(x_1 ∈ |0..10|11 []) + 148·(x_2 ∈ |0..10|11 []) + 183·(x_3 ∈ |0..10|11 []) + 84·(x_4 ∈ |0..10|11 []) + 203·(x_5 ∈ |0..10|11 []) + 241·(x_6 ∈ |0..10|11 []) + 109·(x_7 ∈ |0..10|11 []) + 192·(x_8 ∈ |0..10|11 []) + 57·(x_9 ∈ |0..10|11 []) + 19·(x_10 ∈ |0..10|11 []) ≤ 6350
	w143:	145·(x_1 ∈ |0..10|11 []) + 194·(x_2 ∈ |0..10|11 []) + 78·(x_3 ∈ |0..10|11 []) + 223·(x_4 ∈ |0..10|11 []) + 80·(x_5 ∈ |0..10|11 []) + 178·(x_6 ∈ |0..10|11 []) + 142·(x_7 ∈ |0..10|11 []) + 108·(x_8 ∈ |0..10|11 []) + 194·(x_9 ∈ |0..10|11 []) + 37·(x_10 ∈ |0..10|11 []) ≤ 7060
	w144:	202·(x_1 ∈ |0..10|11 []) + 114·(x_2 ∈ |0..10|11 []) + 100·(x_3 ∈ |0..10|11 []) + 109·(x_4 ∈ |0..10|11 []) + 96·(x_5 ∈ |0..10|11 []) + 10·(x_6 ∈ |0..10|11 []) + 54·(x_7 ∈ |0..10|11 []) + 70·(x_8 ∈ |0..10|11 []) + 241·(x_9 ∈ |0..10|11 []) + 47·(x_10 ∈ |0..10|11 []) ≤ 5340
	w145:	105·(x_1 ∈ |0..10|11 []) + 173·(x_2 ∈ |0..10|11 []) + 4·(x_3 ∈ |0..10|11 []) + 186·(x_4 ∈ |0..10|11 []) + 125·(x_5 ∈ |0..10|11 []) + 72·(x_6 ∈ |0..10|11 []) + 78·(x_7 ∈ |0..10|11 []) + 190·(x_8 ∈ |0..10|11 []) + 51·(x_9 ∈ |0..10|11 []) + 30·(x_10 ∈ |0..10|11 []) ≤ 5190
	w146:	174·(x_1 ∈ |0..10|11 []) + 70·(x_2 ∈ |0..10|11 []) + 198·(x_3 ∈ |0..10|11 []) + 186·(x_4 ∈ |0..10|11 []) + 126·(x_5 ∈ |0..10|11 []) + 154·(x_6 ∈ |0..10|11 []) + 135·(x_7 ∈ |0..10|11 []) + 238·(x_8 ∈ |0..10|11 []) + 90·(x_9 ∈ |0..10|11 []) + 188·(x_10 ∈ |0..10|11 []) ≤ 7980
	w147:	129·(x_1 ∈ |0..10|11 []) + 61·(x_2 ∈ |0..10|11 []) + 105·(x_3 ∈ |0..10|11 []) + 92·(x_4 ∈ |0..10|11 []) + 227·(x_5 ∈ |0..10|11 []) + 186·(x_6 ∈ |0..10|11 []) + 170·(x_7 ∈ |0..10|11 []) + 93·(x_8 ∈ |0..10|11 []) + 27·(x_9 ∈ |0..10|11 []) + 144·(x_10 ∈ |0..10|11 []) ≤ 6310
	w148:	29·(x_1 ∈ |0..10|11 []) + 13·(x_2 ∈ |0..10|11 []) + 174·(x_3 ∈ |0..10|11 []) + 117·(x_4 ∈ |0..10|11 []) + 94·(x_5 ∈ |0..10|11 []) + 201·(x_6 ∈ |0..10|11 []) + 9·(x_7 ∈ |0..10|11 []) + 163·(x_8 ∈ |0..10|11 []) + 227·(x_9 ∈ |0..10|11 []) + 96·(x_10 ∈ |0..10|11 []) ≤ 5740
	w149:	233·(x_1 ∈ |0..10|11 []) + 60·(x_2 ∈ |0..10|11 []) + 189·(x_3 ∈ |0..10|11 []) + 43·(x_4 ∈ |0..10|11 []) + 15·(x_5 ∈ |0..10|11 []) + 170·(x_6 ∈ |0..10|11 []) + 112·(x_7 ∈ |0..10|11 []) + 177·(x_8 ∈ |0..10|11 []) + 136·(x_9 ∈ |0..10|11 []) + 151·(x_10 ∈ |0..10|11 []) ≤ 6580
	w150:	158·(x_1 ∈ |0..10|11 []) + 30·(x_2 ∈ |0..10|11 []) + 207·(x_3 ∈ |0..10|11 []) + 7·(x_4 ∈ |0..10|11 []) + 22·(x_5 ∈ |0..10|11 []) + 149·(x_6 ∈ |0..10|11 []) + 62·(x_7 ∈ |0..10|11 []) + 56·(x_8 ∈ |0..10|11 []) + 128·(x_9 ∈ |0..10|11 []) + 52·(x_10 ∈ |0..10|11 []) ≤ 4450
	w151:	15·(x_1 ∈ |0..10|11 []) + 171·(x_2 ∈ |0..10|11 []) + 68·(x_3 ∈ |0..10|11 []) + 80·(x_4 ∈ |0..10|11 []) + 154·(x_5 ∈ |0..10|11 []) + 165·(x_6 ∈ |0..10|11 []) + 131·(x_7 ∈ |0..10|11 []) + 90·(x_8 ∈ |0..10|11 []) + 160·(x_9 ∈ |0..10|11 []) + 178·(x_10 ∈ |0..10|11 []) ≤ 6200
	w152:	228·(x_1 ∈ |0..10|11 []) + 95·(x_2 ∈ |0..10|11 []) + 26·(x_3 ∈ |0..10|11 []) + 230·(x_4 ∈ |0..10|11 []) + 96·(x_5 ∈ |0..10|11 []) + 248·(x_6 ∈ |0..10|11 []) + 169·(x_7 ∈ |0..10|11 []) + 204·(x_8 ∈ |0..10|11 []) + 23·(x_9 ∈ |0..10|11 []) + 206·(x_10 ∈ |0..10|11 []) ≤ 7800
	w153:	137·(x_1 ∈ |0..10|11 []) + 169·(x_2 ∈ |0..10|11 []) + 222·(x_3 ∈ |0..10|11 []) + 71·(x_4 ∈ |0..10|11 []) + 72·(x_5 ∈ |0..10|11 []) + 123·(x_6 ∈ |0..10|11 []) + 163·(x_7 ∈ |0..10|11 []) + 210·(x_8 ∈ |0..10|11 []) + 44·(x_9 ∈ |0..10|11 []) + 55·(x_10 ∈ |0..10|11 []) ≤ 6480
	w154:	79·(x_1 ∈ |0..10|11 []) + 9·(x_2 ∈ |0..10|11 []) + 24·(x_3 ∈ |0..10|11 []) + 23·(x_4 ∈ |0..10|11 []) + 151·(x_5 ∈ |0..10|11 []) + 74·(x_6 ∈ |0..10|11 []) + 77·(x_7 ∈ |0..10|11 []) + 123·(x_8 ∈ |0..10|11 []) + 52·(x_9 ∈ |0..10|11 []) + 196·(x_10 ∈ |0..10|11 []) ≤ 4130
	w155:	122·(x_1 ∈ |0..10|11 []) + 27·(x_2 ∈ |0..10|11 []) + 200·(x_3 ∈ |0..10|11 []) + 11·(x_4 ∈ |0..10|11 []) + 165·(x_5 ∈ |0..10|11 []) + 87·(x_6 ∈ |0..10|11 []) + 204·(x_7 ∈ |0..10|11 []) + 126·(x_8 ∈ |0..10|11 []) + 168·(x_9 ∈ |0..10|11 []) + 11·(x_10 ∈ |0..10|11 []) ≤ 5730
	w156:	172·(x_1 ∈ |0..10|11 []) + 113·(x_2 ∈ |0..10|11 []) + 239·(x_3 ∈ |0..10|11 []) + 73·(x_4 ∈ |0..10|11 []) + 51·(x_5 ∈ |0..10|11 []) + 227·(x_6 ∈ |0..10|11 []) + 98·(x_7 ∈ |0..10|11 []) + 128·(x_8 ∈ |0..10|11 []) + 61·(x_9 ∈ |0..10|11 []) + 38·(x_10 ∈ |0..10|11 []) ≤ 6140
	w157:	233·(x_1 ∈ |0..10|11 []) + 124·(x_2 ∈ |0..10|11 []) + 223·(x_3 ∈ |0..10|11 []) + 59·(x_4 ∈ |0..10|11 []) + 57·(x_5 ∈ |0..10|11 []) + 50·(x_6 ∈ |0..10|11 []) + 206·(x_7 ∈ |0..10|11 []) + 206·(x_8 ∈ |0..10|11 []) + 63·(x_9 ∈ |0..10|11 []) + 59·(x_10 ∈ |0..10|11 []) ≤ 6550
	w158:	52·(x_1 ∈ |0..10|11 []) + 243·(x_2 ∈ |0..10|11 []) + 84·(x_3 ∈ |0..10|11 []) + 176·(x_4 ∈ |0..10|11 []) + 107·(x_5 ∈ |0..10|11 []) + 97·(x_6 ∈ |0..10|11 []) + 184·(x_7 ∈ |0..10|11 []) + 139·(x_8 ∈ |0..10|11 []) + 218·(x_9 ∈ |0..10|11 []) + 150·(x_10 ∈ |0..10|11 []) ≤ 7420
	w159:	246·(x_1 ∈ |0..10|11 []) + 190·(x_2 ∈ |0..10|11 []) + 94·(x_3 ∈ |0..10|11 []) + 233·(x_4 ∈ |0..10|11 []) + 236·(x_5 ∈ |0..10|11 []) + 177·(x_6 ∈ |0..10|11 []) + 114·(x_7 ∈ |0..10|11 []) + 62·(x_8 ∈ |0..10|11 []) + 36·(x_9 ∈ |0..10|11 []) + 119·(x_10 ∈ |0..10|11 []) ≤ 7710
	w160:	117·(x_1 ∈ |0..10|11 []) + 96·(x_2 ∈ |0..10|11 []) + 87·(x_3 ∈ |0..10|11 []) + 206·(x_4 ∈ |0..10|11 []) + 147·(x_5 ∈ |0..10|11 []) + 156·(x_6 ∈ |0..10|11 []) + 97·(x_7 ∈ |0..10|11 []) + 143·(x_8 ∈ |0..10|11 []) + 158·(x_9 ∈ |0..10|11 []) + 153·(x_10 ∈ |0..10|11 []) ≤ 6960
	w161:	192·(x_1 ∈ |0..10|11 []) + 171·(x_2 ∈ |0..10|11 []) + 112·(x_3 ∈ |0..10|11 []) + 243·(x_4 ∈ |0..10|11 []) + 199·(x_5 ∈ |0..10|11 []) + 150·(x_6 ∈ |0..10|11 []) + 90·(x_7 ∈ |0..10|11 []) + 41·(x_8 ∈ |0..10|11 []) + 110·(x_9 ∈ |0..10|11 []) + 136·(x_10 ∈ |0..10|11 []) ≤ 7390
	w162:	110·(x_1 ∈ |0..10|11 []) + 127·(x_2 ∈ |0..10|11 []) + 30·(x_3 ∈ |0..10|11 []) + 12·(x_4 ∈ |0..10|11 []) + 76·(x_5 ∈ |0..10|11 []) + 214·(x_6 ∈ |0..10|11 []) + 120·(x_7 ∈ |0..10|11 []) + 144·(x_8 ∈ |0..10|11 []) + 116·(x_9 ∈ |0..10|11 []) + 152·(x_10 ∈ |0..10|11 []) ≤ 5630
	w163:	105·(x_1 ∈ |0..10|11 []) + 109·(x_2 ∈ |0..10|11 []) + 152·(x_3 ∈ |0..10|11 []) + 243·(x_4 ∈ |0..10|11 []) + 233·(x_5 ∈ |0..10|11 []) + 134·(x_6 ∈ |0..10|11 []) + 91·(x_7 ∈ |0..10|11 []) + 78·(x_8 ∈ |0..10|11 []) + 109·(x_9 ∈ |0..10|11 []) + 141·(x_10 ∈ |0..10|11 []) ≤ 7140
	w164:	120·(x_1 ∈ |0..10|11 []) + 90·(x_2 ∈ |0..10|11 []) + 134·(x_3 ∈ |0..10|11 []) + 82·(x_4 ∈ |0..10|11 []) + 2·(x_5 ∈ |0..10|11 []) + 126·(x_6 ∈ |0..10|11 []) + 107·(x_7 ∈ |0..10|11 []) + 41·(x_8 ∈ |0..10|11 []) + 42·(x_9 ∈ |0..10|11 []) + 152·(x_10 ∈ |0..10|11 []) ≤ 4580
	w165:	162·(x_1 ∈ |0..10|11 []) + 71·(x_2 ∈ |0..10|11 []) + 97·(x_3 ∈ |0..10|11 []) + 213·(x_4 ∈ |0..10|11 []) + 144·(x_5 ∈ |0..10|11 []) + 17·(x_6 ∈ |0..10|11 []) + 102·(x_7 ∈ |0..10|11 []) + 221·(x_8 ∈ |0..10|11 []) + 87·(x_9 ∈ |0..10|11 []) + 89·(x_10 ∈ |0..10|11 []) ≤ 6150
	w166:	152·(x_1 ∈ |0..10|11 []) + 231·(x_2 ∈ |0..10|11 []) + 185·(x_3 ∈ |0..10|11 []) + 78·(x_4 ∈ |0..10|11 []) + 185·(x_5 ∈ |0..10|11 []) + 79·(x_6 ∈ |0..10|11 []) + 109·(x_7 ∈ |0..10|11 []) + 129·(x_8 ∈ |0..10|11 []) + 215·(x_9 ∈ |0..10|11 []) + 150·(x_10 ∈ |0..10|11 []) ≤ 7740
	w167:	10·(x_1 ∈ |0..10|11 []) + 217·(x_2 ∈ |0..10|11 []) + 98·(x_3 ∈ |0..10|11 []) + 69·(x_4 ∈ |0..10|11 []) + 242·(x_5 ∈ |0..10|11 []) + 123·(x_6 ∈ |0..10|11 []) + 33·(x_7 ∈ |0..10|11 []) + 90·(x_8 ∈ |0..10|11 []) + 60·(x_9 ∈ |0..10|11 []) + 58·(x_10 ∈ |0..10|11 []) ≤ 5120
	w168:	215·(x_1 ∈ |0..10|11 []) + 62·(x_2 ∈ |0..10|11 []) + 142·(x_3 ∈ |0..10|11 []) + 221·(x_4 ∈ |0..10|11 []) + 128·(x_5 ∈ |0..10|11 []) + 84·(x_6 ∈ |0..10|11 []) + 212·(x_7 ∈ |0..10|11 []) + 19·(x_8 ∈ |0..10|11 []) + 29·(x_9 ∈ |0..10|11 []) + 57·(x_10 ∈ |0..10|11 []) ≤ 5980
	w169:	159·(x_1 ∈ |0..10|11 []) + 229·(x_2 ∈ |0..10|11 []) + 89·(x_3 ∈ |0..10|11 []) + 236·(x_4 ∈ |0..10|11 []) + 216·(x_5 ∈ |0..10|11 []) + 128·(x_6 ∈ |0..10|11 []) + 155·(x_7 ∈ |0..10|11 []) + 246·(x_8 ∈ |0..10|11 []) + 123·(x_9 ∈ |0..10|11 []) + 151·(x_10 ∈ |0..10|11 []) ≤ 8860
	w170:	205·(x_1 ∈ |0..10|11 []) + 144·(x_2 ∈ |0..10|11 []) + 152·(x_3 ∈ |0..10|11 []) + 110·(x_4 ∈ |0..10|11 []) + 105·(x_5 ∈ |0..10|11 []) + 73·(x_6 ∈ |0..10|11 []) + 17·(x_7 ∈ |0..10|11 []) + 88·(x_8 ∈ |0..10|11 []) + 57·(x_9 ∈ |0..10|11 []) + 126·(x_10 ∈ |0..10|11 []) ≤ 5510
	w171:	98·(x_1 ∈ |0..10|11 []) + 111·(x_2 ∈ |0..10|11 []) + 76·(x_3 ∈ |0..10|11 []) + 43·(x_4 ∈ |0..10|11 []) + 193·(x_5 ∈ |0..10|11 []) + 13·(x_6 ∈ |0..10|11 []) + 139·(x_7 ∈ |0..10|11 []) + 234·(x_8 ∈ |0..10|11 []) + 55·(x_9 ∈ |0..10|11 []) + 32·(x_10 ∈ |0..10|11 []) ≤ 5080
	w172:	28·(x_1 ∈ |0..10|11 []) + 238·(x_2 ∈ |0..10|11 []) + 141·(x_3 ∈ |0..10|11 []) + 213·(x_4 ∈ |0..10|11 []) + 107·(x_5 ∈ |0..10|11 []) + 57·(x_6 ∈ |0..10|11 []) + 231·(x_7 ∈ |0..10|11 []) + 133·(x_8 ∈ |0..10|11 []) + 214·(x_9 ∈ |0..10|11 []) + 124·(x_10 ∈ |0..10|11 []) ≤ 7600
	w173:	240·(x_1 ∈ |0..10|11 []) + 146·(x_2 ∈ |0..10|11 []) + 236·(x_3 ∈ |0..10|11 []) + 232·(x_4 ∈ |0..10|11 []) + 80·(x_5 ∈ |0..10|11 []) + 118·(x_6 ∈ |0..10|11 []) + 63·(x_7 ∈ |0..10|11 []) + 104·(x_8 ∈ |0..10|11 []) + 103·(x_9 ∈ |0..10|11 []) + 111·(x_10 ∈ |0..10|11 []) ≤ 7330
	w174:	25·(x_1 ∈ |0..10|11 []) + 129·(x_2 ∈ |0..10|11 []) + 63·(x_3 ∈ |0..10|11 []) + 174·(x_4 ∈ |0..10|11 []) + 79·(x_5 ∈ |0..10|11 []) + 108·(x_6 ∈ |0..10|11 []) + 164·(x_7 ∈ |0..10|11 []) + 139·(x_8 ∈ |0..10|11 []) + 109·(x_9 ∈ |0..10|11 []) + 102·(x_10 ∈ |0..10|11 []) ≤ 5590
	w175:	105·(x_1 ∈ |0..10|11 []) + 138·(x_2 ∈ |0..10|11 []) + 166·(x_3 ∈ |0..10|11 []) + 247·(x_4 ∈ |0..10|11 []) + 87·(x_5 ∈ |0..10|11 []) + 227·(x_6 ∈ |0..10|11 []) + 181·(x_7 ∈ |0..10|11 []) + 239·(x_8 ∈ |0..10|11 []) + 62·(x_9 ∈ |0..10|11 []) + 81·(x_10 ∈ |0..10|11 []) ≤ 7840
	w176:	101·(x_1 ∈ |0..10|11 []) + 13·(x_2 ∈ |0..10|11 []) + 198·(x_3 ∈ |0..10|11 []) + 161·(x_4 ∈ |0..10|11 []) + 220·(x_5 ∈ |0..10|11 []) + 168·(x_6 ∈ |0..10|11 []) + 163·(x_7 ∈ |0..10|11 []) + 30·(x_8 ∈ |0..10|11 []) + 183·(x_9 ∈ |0..10|11 []) + 38·(x_10 ∈ |0..10|11 []) ≤ 6520
	w177:	137·(x_1 ∈ |0..10|11 []) + 193·(x_2 ∈ |0..10|11 []) + 105·(x_3 ∈ |0..10|11 []) + 213·(x_4 ∈ |0..10|11 []) + 54·(x_5 ∈ |0..10|11 []) + 58·(x_6 ∈ |0..10|11 []) + 36·(x_7 ∈ |0..10|11 []) + 147·(x_8 ∈ |0..10|11 []) + 109·(x_9 ∈ |0..10|11 []) + 88·(x_10 ∈ |0..10|11 []) ≤ 5830
	w178:	117·(x_1 ∈ |0..10|11 []) + 9·(x_2 ∈ |0..10|11 []) + 163·(x_3 ∈ |0..10|11 []) + 157·(x_4 ∈ |0..10|11 []) + 179·(x_5 ∈ |0..10|11 []) + 22·(x_6 ∈ |0..10|11 []) + 226·(x_7 ∈ |0..10|11 []) + 117·(x_8 ∈ |0..10|11 []) + 51·(x_9 ∈ |0..10|11 []) + 87·(x_10 ∈ |0..10|11 []) ≤ 5770
	w179:	114·(x_1 ∈ |0..10|11 []) + 72·(x_2 ∈ |0..10|11 []) + 186·(x_3 ∈ |0..10|11 []) + 179·(x_4 ∈ |0..10|11 []) + 161·(x_5 ∈ |0..10|11 []) + 120·(x_6 ∈ |0..10|11 []) + 86·(x_7 ∈ |0..10|11 []) + 153·(x_8 ∈ |0..10|11 []) + 43·(x_9 ∈ |0..10|11 []) + 39·(x_10 ∈ |0..10|11 []) ≤ 5900
	w180:	107·(x_1 ∈ |0..10|11 []) + 83·(x_2 ∈ |0..10|11 []) + 176·(x_3 ∈ |0..10|11 []) + 146·(x_4 ∈ |0..10|11 []) + 245·(x_5 ∈ |0..10|11 []) + 150·(x_6 ∈ |0..10|11 []) + 40·(x_7 ∈ |0..10|11 []) + 97·(x_8 ∈ |0..10|11 []) + 7·(x_9 ∈ |0..10|11 []) + 165·(x_10 ∈ |0..10|11 []) ≤ 6220
	w181:	154·(x_1 ∈ |0..10|11 []) + 176·(x_2 ∈ |0..10|11 []) + 76·(x_3 ∈ |0..10|11 []) + 21·(x_4 ∈ |0..10|11 []) + 77·(x_5 ∈ |0..10|11 []) + 204·(x_6 ∈ |0..10|11 []) + 198·(x_7 ∈ |0..10|11 []) + 228·(x_8 ∈ |0..10|11 []) + 177·(x_9 ∈ |0..10|11 []) + 82·(x_10 ∈ |0..10|11 []) ≤ 7130
	w182:	140·(x_1 ∈ |0..10|11 []) + 186·(x_2 ∈ |0..10|11 []) + 104·(x_3 ∈ |0..10|11 []) + 236·(x_4 ∈ |0..10|11 []) + 240·(x_5 ∈ |0..10|11 []) + 155·(x_6 ∈ |0..10|11 []) + 44·(x_7 ∈ |0..10|11 []) + 32·(x_8 ∈ |0..10|11 []) + 150·(x_9 ∈ |0..10|11 []) + 178·(x_10 ∈ |0..10|11 []) ≤ 7500
	w183:	207·(x_1 ∈ |0..10|11 []) + 208·(x_2 ∈ |0..10|11 []) + 154·(x_3 ∈ |0..10|11 []) + 160·(x_4 ∈ |0..10|11 []) + 59·(x_5 ∈ |0..10|11 []) + 71·(x_6 ∈ |0..10|11 []) + 151·(x_7 ∈ |0..10|11 []) + 233·(x_8 ∈ |0..10|11 []) + 112·(x_9 ∈ |0..10|11 []) + 101·(x_10 ∈ |0..10|11 []) ≤ 7450
	w184:	2·(x_1 ∈ |0..10|11 []) + 157·(x_2 ∈ |0..10|11 []) + 117·(x_3 ∈ |0..10|11 []) + 244·(x_4 ∈ |0..10|11 []) + 170·(x_5 ∈ |0..10|11 []) + 14·(x_6 ∈ |0..10|11 []) + 108·(x_7 ∈ |0..10|11 []) + 198·(x_8 ∈ |0..10|11 []) + 223·(x_9 ∈ |0..10|11 []) + 45·(x_10 ∈ |0..10|11 []) ≤ 6540
	w185:	50·(x_1 ∈ |0..10|11 []) + 208·(x_2 ∈ |0..10|11 []) + 85·(x_3 ∈ |0..10|11 []) + 28·(x_4 ∈ |0..10|11 []) + 190·(x_5 ∈ |0..10|11 []) + 11·(x_6 ∈ |0..10|11 []) + 212·(x_7 ∈ |0..10|11 []) + 130·(x_8 ∈ |0..10|11 []) + 172·(x_9 ∈ |0..10|11 []) + 138·(x_10 ∈ |0..10|11 []) ≤ 6260
	w186:	201·(x_1 ∈ |0..10|11 []) + 190·(x_2 ∈ |0..10|11 []) + 21·(x_3 ∈ |0..10|11 []) + 96·(x_4 ∈ |0..10|11 []) + 177·(x_5 ∈ |0..10|11 []) + 237·(x_6 ∈ |0..10|11 []) + 221·(x_7 ∈ |0..10|11 []) + 13·(x_8 ∈ |0..10|11 []) + 76·(x_9 ∈ |0..10|11 []) + 173·(x_10 ∈ |0..10|11 []) ≤ 7190
	w187:	2·(x_1 ∈ |0..10|11 []) + 195·(x_2 ∈ |0..10|11 []) + 7·(x_3 ∈ |0..10|11 []) + 129·(x_4 ∈ |0..10|11 []) + 230·(x_5 ∈ |0..10|11 []) + 116·(x_6 ∈ |0..10|11 []) + 56·(x_7 ∈ |0..10|11 []) + 222·(x_8 ∈ |0..10|11 []) + 8·(x_9 ∈ |0..10|11 []) + 160·(x_10 ∈ |0..10|11 []) ≤ 5760
	w188:	183·(x_1 ∈ |0..10|11 []) + 121·(x_2 ∈ |0..10|11 []) + 136·(x_3 ∈ |0..10|11 []) + 204·(x_4 ∈ |0..10|11 []) + 22·(x_5 ∈ |0..10|11 []) + 75·(x_6 ∈ |0..10|11 []) + 229·(x_7 ∈ |0..10|11 []) + 60·(x_8 ∈ |0..10|11 []) + 64·(x_9 ∈ |0..10|11 []) + 164·(x_10 ∈ |0..10|11 []) ≤ 6440
	w189:	71·(x_1 ∈ |0..10|11 []) + 22·(x_2 ∈ |0..10|11 []) + 25·(x_3 ∈ |0..10|11 []) + 69·(x_4 ∈ |0..10|11 []) + 141·(x_5 ∈ |0..10|11 []) + 96·(x_6 ∈ |0..10|11 []) + 141·(x_7 ∈ |0..10|11 []) + 232·(x_8 ∈ |0..10|11 []) + 104·(x_9 ∈ |0..10|11 []) + 214·(x_10 ∈ |0..10|11 []) ≤ 5700
	w190:	173·(x_1 ∈ |0..10|11 []) + 209·(x_2 ∈ |0..10|11 []) + 229·(x_3 ∈ |0..10|11 []) + 38·(x_4 ∈ |0..10|11 []) + 11·(x_5 ∈ |0..10|11 []) + 181·(x_6 ∈ |0..10|11 []) + 201·(x_7 ∈ |0..10|11 []) + 205·(x_8 ∈ |0..10|11 []) + 194·(x_9 ∈ |0..10|11 []) + 77·(x_10 ∈ |0..10|11 []) ≤ 7770
	w191:	101·(x_1 ∈ |0..10|11 []) + 100·(x_2 ∈ |0..10|11 []) + 165·(x_3 ∈ |0..10|11 []) + 79·(x_4 ∈ |0..10|11 []) + 81·(x_5 ∈ |0..10|11 []) + 128·(x_6 ∈ |0..10|11 []) + 22·(x_7 ∈ |0..10|11 []) + 68·(x_8 ∈ |0..10|11 []) + 61·(x_9 ∈ |0..10|11 []) + 187·(x_10 ∈ |0..10|11 []) ≤ 5070
	w192:	40·(x_1 ∈ |0..10|11 []) + 33·(x_2 ∈ |0..10|11 []) + 192·(x_3 ∈ |0..10|11 []) + 90·(x_4 ∈ |0..10|11 []) + 196·(x_5 ∈ |0..10|11 []) + 161·(x_6 ∈ |0..10|11 []) + 156·(x_7 ∈ |0..10|11 []) + 8·(x_8 ∈ |0..10|11 []) + 11·(x_9 ∈ |0..10|11 []) + 113·(x_10 ∈ |0..10|11 []) ≤ 5120
	w193:	214·(x_1 ∈ |0..10|11 []) + 174·(x_2 ∈ |0..10|11 []) + 196·(x_3 ∈ |0..10|11 []) + 87·(x_4 ∈ |0..10|11 []) + 86·(x_5 ∈ |0..10|11 []) + 101·(x_6 ∈ |0..10|11 []) + 239·(x_7 ∈ |0..10|11 []) + 154·(x_8 ∈ |0..10|11 []) + 176·(x_9 ∈ |0..10|11 []) + 146·(x_10 ∈ |0..10|11 []) ≤ 8050
	w194:	47·(x_1 ∈ |0..10|11 []) + 92·(x_2 ∈ |0..10|11 []) + 175·(x_3 ∈ |0..10|11 []) + 212·(x_4 ∈ |0..10|11 []) + 78·(x_5 ∈ |0..10|11 []) + 133·(x_6 ∈ |0..10|11 []) + 60·(x_7 ∈ |0..10|11 []) + 15·(x_8 ∈ |0..10|11 []) + 58·(x_9 ∈ |0..10|11 []) + 240·(x_10 ∈ |0..10|11 []) ≤ 5680
	w195:	32·(x_1 ∈ |0..10|11 []) + 167·(x_2 ∈ |0..10|11 []) + 247·(x_3 ∈ |0..10|11 []) + 163·(x_4 ∈ |0..10|11 []) + 133·(x_5 ∈ |0..10|11 []) + 108·(x_6 ∈ |0..10|11 []) + 86·(x_7 ∈ |0..10|11 []) + 7·(x_8 ∈ |0..10|11 []) + 68·(x_9 ∈ |0..10|11 []) + 173·(x_10 ∈ |0..10|11 []) ≤ 6060
	w196:	130·(x_1 ∈ |0..10|11 []) + 247·(x_2 ∈ |0..10|11 []) + 248·(x_3 ∈ |0..10|11 []) + 74·(x_4 ∈ |0..10|11 []) + 51·(x_5 ∈ |0..10|11 []) + 183·(x_6 ∈ |0..10|11 []) + 35·(x_7 ∈ |0..10|11 []) + 51·(x_8 ∈ |0..10|11 []) + 56·(x_9 ∈ |0..10|11 []) + 192·(x_10 ∈ |0..10|11 []) ≤ 6480
	w197:	210·(x_1 ∈ |0..10|11 []) + 79·(x_2 ∈ |0..10|11 []) + 112·(x_3 ∈ |0..10|11 []) + 110·(x_4 ∈ |0..10|11 []) + 15·(x_5 ∈ |0..10|11 []) + 170·(x_6 ∈ |0..10|11 []) + 174·(x_7 ∈ |0..10|11 []) + 217·(x_8 ∈ |0..10|11 []) + 110·(x_9 ∈ |0..10|11 []) + 34·(x_10 ∈ |0..10|11 []) ≤ 6300
	w198:	10·(x_1 ∈ |0..10|11 []) + 99·(x_2 ∈ |0..10|11 []) + 81·(x_3 ∈ |0..10|11 []) + 135·(x_4 ∈ |0..10|11 []) + 154·(x_5 ∈ |0..10|11 []) + 67·(x_6 ∈ |0..10|11 []) + 133·(x_7 ∈ |0..10|11 []) + 220·(x_8 ∈ |0..10|11 []) + 170·(x_9 ∈ |0..10|11 []) + 182·(x_10 ∈ |0..10|11 []) ≤ 6400
	w199:	174·(x_1 ∈ |0..10|11 []) + 28·(x_2 ∈ |0..10|11 []) + 209·(x_3 ∈ |0..10|11 []) + (x_4 ∈ |0..10|11 []) + 151·(x_5 ∈ |0..10|11 []) + 64·(x_6 ∈ |0..10|11 []) + 71·(x_7 ∈ |0..10|11 []) + 210·(x_8 ∈ |0..10|11 []) + 53·(x_9 ∈ |0..10|11 []) + 231·(x_10 ∈ |0..10|11 []) ≤ 6100
	w200:	31·(x_1 ∈ |0..10|11 []) + 72·(x_2 ∈ |0..10|11 []) + 240·(x_3 ∈ |0..10|11 []) + 18·(x_4 ∈ |0..10|11 []) + 82·(x_5 ∈ |0..10|11 []) + 177·(x_6 ∈ |0..10|11 []) + 118·(x_7 ∈ |0..10|11 []) + 123·(x_8 ∈ |0..10|11 []) + 171·(x_9 ∈ |0..10|11 []) + 33·(x_10 ∈ |0..10|11 []) ≤ 5450
	profits:	243·(x_1 ∈ |0..10|11 []) + 173·(x_2 ∈ |0..10|11 []) + 107·(x_3 ∈ |0..10|11 []) + 44·(x_4 ∈ |0..10|11 []) + 64·(x_5 ∈ |0..10|11 []) + 240·(x_6 ∈ |0..10|11 []) + 97·(x_7 ∈ |0..10|11 []) + 177·(x_8 ∈ |0..10|11 []) + 130·(x_9 ∈ |0..10|11 []) + 96·(x_10 ∈ |0..10|11 []) ≥ 6690
	CSE: ""

Encoded GT + Bin in 201.98364 seconds as 51397/331314/1166786

SOLVE T/O Some(60.0)
SOLVE DONE @55.69614
SOLVE CALL RESULT: Got SAT in 55.69614s with check Some(Ok(())): x_1=5 [], x_10=5 [], x_2=6 [], x_3=5 [], x_4=0 [], x_5=2 [], x_6=8 [], x_7=0 [], x_8=5 [], x_9=4 []
BATCH.SH END 0
