BATCH.SH START ./experiments/mbkp-control/runs:0687 (ulimit --clean)
Start EncodeRecord { instance: Some(Instance { problem: Mbkp { bound: 10, n_: 10, m_: 200, q_: 50, family: 1, s_: 25, seed: 4, fl: "0.4", fu: None, skip_obj: true }, i: 69, lp: "./experiments/mbkp-control/lps/1/1_17.lp" }), experiment: Some(Experiment { system: Scop, pb_encoding: Bdd, int_encoding: Dir, con_encoding: Include, split_eq: false, model_config: ModelConfig { scm: Add, cutoff: Mix(1), decomposer: Bdd, equalize_ternaries: true, add_consistency: false, propagate: None, equalize_uniform_bin_ineqs: false } }), statics: None, pb_statics: None, principal: None, time: None, dimacs: None }
model = 
	w1:	10·(x_1 ∈ |0..10|11 []) + 4·(x_2 ∈ |0..10|11 []) + 46·(x_3 ∈ |0..10|11 []) + 22·(x_4 ∈ |0..10|11 []) + 10·(x_5 ∈ |0..10|11 []) + 7·(x_6 ∈ |0..10|11 []) + 44·(x_7 ∈ |0..10|11 []) + 20·(x_8 ∈ |0..10|11 []) + 44·(x_9 ∈ |0..10|11 []) + 3·(x_10 ∈ |0..10|11 []) ≤ 1120
	w2:	30·(x_1 ∈ |0..10|11 []) + 13·(x_2 ∈ |0..10|11 []) + 47·(x_3 ∈ |0..10|11 []) + 29·(x_4 ∈ |0..10|11 []) + 31·(x_5 ∈ |0..10|11 []) + 7·(x_6 ∈ |0..10|11 []) + 13·(x_7 ∈ |0..10|11 []) + 10·(x_8 ∈ |0..10|11 []) + 31·(x_9 ∈ |0..10|11 []) + 18·(x_10 ∈ |0..10|11 []) ≤ 1220
	w3:	24·(x_1 ∈ |0..10|11 []) + 12·(x_2 ∈ |0..10|11 []) + 47·(x_3 ∈ |0..10|11 []) + 13·(x_4 ∈ |0..10|11 []) + 3·(x_5 ∈ |0..10|11 []) + 32·(x_6 ∈ |0..10|11 []) + 10·(x_7 ∈ |0..10|11 []) + 22·(x_8 ∈ |0..10|11 []) + 8·(x_9 ∈ |0..10|11 []) + 39·(x_10 ∈ |0..10|11 []) ≤ 1120
	w4:	14·(x_1 ∈ |0..10|11 []) + 34·(x_2 ∈ |0..10|11 []) + 10·(x_3 ∈ |0..10|11 []) + 41·(x_4 ∈ |0..10|11 []) + 7·(x_5 ∈ |0..10|11 []) + 42·(x_6 ∈ |0..10|11 []) + 44·(x_7 ∈ |0..10|11 []) + 30·(x_8 ∈ |0..10|11 []) + 3·(x_9 ∈ |0..10|11 []) + 34·(x_10 ∈ |0..10|11 []) ≤ 1380
	w5:	(x_1 ∈ |0..10|11 []) + 35·(x_2 ∈ |0..10|11 []) + 13·(x_3 ∈ |0..10|11 []) + 32·(x_4 ∈ |0..10|11 []) + 47·(x_5 ∈ |0..10|11 []) + (x_6 ∈ |0..10|11 []) + 32·(x_7 ∈ |0..10|11 []) + 49·(x_8 ∈ |0..10|11 []) + 33·(x_9 ∈ |0..10|11 []) + 3·(x_10 ∈ |0..10|11 []) ≤ 1310
	w6:	9·(x_1 ∈ |0..10|11 []) + 27·(x_2 ∈ |0..10|11 []) + 39·(x_3 ∈ |0..10|11 []) + 17·(x_4 ∈ |0..10|11 []) + 3·(x_5 ∈ |0..10|11 []) + 16·(x_6 ∈ |0..10|11 []) + 22·(x_7 ∈ |0..10|11 []) + 16·(x_8 ∈ |0..10|11 []) + 31·(x_9 ∈ |0..10|11 []) + 9·(x_10 ∈ |0..10|11 []) ≤ 1010
	w7:	40·(x_1 ∈ |0..10|11 []) + 38·(x_2 ∈ |0..10|11 []) + 47·(x_3 ∈ |0..10|11 []) + 15·(x_4 ∈ |0..10|11 []) + 13·(x_5 ∈ |0..10|11 []) + 21·(x_6 ∈ |0..10|11 []) + 4·(x_7 ∈ |0..10|11 []) + 11·(x_8 ∈ |0..10|11 []) + 34·(x_9 ∈ |0..10|11 []) + 30·(x_10 ∈ |0..10|11 []) ≤ 1350
	w8:	40·(x_1 ∈ |0..10|11 []) + 13·(x_2 ∈ |0..10|11 []) + 25·(x_3 ∈ |0..10|11 []) + 36·(x_4 ∈ |0..10|11 []) + 33·(x_5 ∈ |0..10|11 []) + 29·(x_6 ∈ |0..10|11 []) + 40·(x_7 ∈ |0..10|11 []) + 49·(x_8 ∈ |0..10|11 []) + 6·(x_9 ∈ |0..10|11 []) + 25·(x_10 ∈ |0..10|11 []) ≤ 1580
	w9:	41·(x_1 ∈ |0..10|11 []) + 35·(x_2 ∈ |0..10|11 []) + 6·(x_3 ∈ |0..10|11 []) + 3·(x_4 ∈ |0..10|11 []) + 23·(x_5 ∈ |0..10|11 []) + 39·(x_6 ∈ |0..10|11 []) + 7·(x_7 ∈ |0..10|11 []) + 12·(x_8 ∈ |0..10|11 []) + 43·(x_9 ∈ |0..10|11 []) + 46·(x_10 ∈ |0..10|11 []) ≤ 1360
	w10:	49·(x_1 ∈ |0..10|11 []) + 33·(x_2 ∈ |0..10|11 []) + 20·(x_3 ∈ |0..10|11 []) + 8·(x_4 ∈ |0..10|11 []) + 34·(x_5 ∈ |0..10|11 []) + 9·(x_6 ∈ |0..10|11 []) + 40·(x_7 ∈ |0..10|11 []) + 42·(x_8 ∈ |0..10|11 []) + 45·(x_9 ∈ |0..10|11 []) + 22·(x_10 ∈ |0..10|11 []) ≤ 1610
	w11:	33·(x_1 ∈ |0..10|11 []) + 11·(x_2 ∈ |0..10|11 []) + (x_3 ∈ |0..10|11 []) + 22·(x_4 ∈ |0..10|11 []) + 28·(x_5 ∈ |0..10|11 []) + 49·(x_6 ∈ |0..10|11 []) + 41·(x_7 ∈ |0..10|11 []) + 15·(x_8 ∈ |0..10|11 []) + 2·(x_9 ∈ |0..10|11 []) + 13·(x_10 ∈ |0..10|11 []) ≤ 1150
	w12:	48·(x_1 ∈ |0..10|11 []) + 14·(x_2 ∈ |0..10|11 []) + 8·(x_3 ∈ |0..10|11 []) + 14·(x_4 ∈ |0..10|11 []) + 16·(x_5 ∈ |0..10|11 []) + 37·(x_6 ∈ |0..10|11 []) + 10·(x_7 ∈ |0..10|11 []) + 35·(x_8 ∈ |0..10|11 []) + 40·(x_9 ∈ |0..10|11 []) + 17·(x_10 ∈ |0..10|11 []) ≤ 1280
	w13:	11·(x_1 ∈ |0..10|11 []) + 35·(x_2 ∈ |0..10|11 []) + 29·(x_3 ∈ |0..10|11 []) + 10·(x_4 ∈ |0..10|11 []) + 31·(x_5 ∈ |0..10|11 []) + 37·(x_6 ∈ |0..10|11 []) + 43·(x_7 ∈ |0..10|11 []) + 30·(x_8 ∈ |0..10|11 []) + 20·(x_9 ∈ |0..10|11 []) + 43·(x_10 ∈ |0..10|11 []) ≤ 1540
	w14:	37·(x_1 ∈ |0..10|11 []) + 11·(x_2 ∈ |0..10|11 []) + 8·(x_3 ∈ |0..10|11 []) + 42·(x_4 ∈ |0..10|11 []) + 26·(x_5 ∈ |0..10|11 []) + 10·(x_6 ∈ |0..10|11 []) + 45·(x_7 ∈ |0..10|11 []) + 27·(x_8 ∈ |0..10|11 []) + 33·(x_9 ∈ |0..10|11 []) + 33·(x_10 ∈ |0..10|11 []) ≤ 1450
	w15:	49·(x_1 ∈ |0..10|11 []) + 33·(x_2 ∈ |0..10|11 []) + 35·(x_3 ∈ |0..10|11 []) + 25·(x_4 ∈ |0..10|11 []) + 22·(x_5 ∈ |0..10|11 []) + 5·(x_6 ∈ |0..10|11 []) + 9·(x_7 ∈ |0..10|11 []) + 49·(x_8 ∈ |0..10|11 []) + 41·(x_9 ∈ |0..10|11 []) + 21·(x_10 ∈ |0..10|11 []) ≤ 1540
	w16:	4·(x_1 ∈ |0..10|11 []) + 31·(x_2 ∈ |0..10|11 []) + 45·(x_3 ∈ |0..10|11 []) + 41·(x_4 ∈ |0..10|11 []) + 11·(x_5 ∈ |0..10|11 []) + 37·(x_6 ∈ |0..10|11 []) + 21·(x_7 ∈ |0..10|11 []) + 22·(x_8 ∈ |0..10|11 []) + 7·(x_9 ∈ |0..10|11 []) + 35·(x_10 ∈ |0..10|11 []) ≤ 1360
	w17:	21·(x_1 ∈ |0..10|11 []) + (x_2 ∈ |0..10|11 []) + 40·(x_3 ∈ |0..10|11 []) + 42·(x_4 ∈ |0..10|11 []) + 6·(x_5 ∈ |0..10|11 []) + 20·(x_6 ∈ |0..10|11 []) + 13·(x_7 ∈ |0..10|11 []) + 4·(x_8 ∈ |0..10|11 []) + 44·(x_9 ∈ |0..10|11 []) + 9·(x_10 ∈ |0..10|11 []) ≤ 1070
	w18:	13·(x_1 ∈ |0..10|11 []) + 5·(x_2 ∈ |0..10|11 []) + 32·(x_3 ∈ |0..10|11 []) + 37·(x_4 ∈ |0..10|11 []) + 6·(x_5 ∈ |0..10|11 []) + 18·(x_6 ∈ |0..10|11 []) + 41·(x_7 ∈ |0..10|11 []) + 35·(x_8 ∈ |0..10|11 []) + 27·(x_9 ∈ |0..10|11 []) + 17·(x_10 ∈ |0..10|11 []) ≤ 1230
	w19:	17·(x_1 ∈ |0..10|11 []) + 4·(x_2 ∈ |0..10|11 []) + 47·(x_3 ∈ |0..10|11 []) + 8·(x_4 ∈ |0..10|11 []) + 19·(x_5 ∈ |0..10|11 []) + 14·(x_6 ∈ |0..10|11 []) + 24·(x_7 ∈ |0..10|11 []) + 48·(x_8 ∈ |0..10|11 []) + 5·(x_9 ∈ |0..10|11 []) + 10·(x_10 ∈ |0..10|11 []) ≤ 1050
	w20:	27·(x_1 ∈ |0..10|11 []) + 19·(x_2 ∈ |0..10|11 []) + 33·(x_3 ∈ |0..10|11 []) + 8·(x_4 ∈ |0..10|11 []) + 3·(x_5 ∈ |0..10|11 []) + 46·(x_6 ∈ |0..10|11 []) + 10·(x_7 ∈ |0..10|11 []) + 26·(x_8 ∈ |0..10|11 []) + 38·(x_9 ∈ |0..10|11 []) + 15·(x_10 ∈ |0..10|11 []) ≤ 1200
	w21:	7·(x_1 ∈ |0..10|11 []) + 5·(x_2 ∈ |0..10|11 []) + 44·(x_3 ∈ |0..10|11 []) + 8·(x_4 ∈ |0..10|11 []) + 26·(x_5 ∈ |0..10|11 []) + 36·(x_6 ∈ |0..10|11 []) + 11·(x_7 ∈ |0..10|11 []) + 28·(x_8 ∈ |0..10|11 []) + 13·(x_9 ∈ |0..10|11 []) + 47·(x_10 ∈ |0..10|11 []) ≤ 1200
	w22:	12·(x_1 ∈ |0..10|11 []) + 4·(x_2 ∈ |0..10|11 []) + 8·(x_3 ∈ |0..10|11 []) + 17·(x_4 ∈ |0..10|11 []) + 46·(x_5 ∈ |0..10|11 []) + 26·(x_6 ∈ |0..10|11 []) + 29·(x_7 ∈ |0..10|11 []) + 33·(x_8 ∈ |0..10|11 []) + 17·(x_9 ∈ |0..10|11 []) + 18·(x_10 ∈ |0..10|11 []) ≤ 1120
	w23:	4·(x_1 ∈ |0..10|11 []) + 2·(x_2 ∈ |0..10|11 []) + 42·(x_3 ∈ |0..10|11 []) + 30·(x_4 ∈ |0..10|11 []) + 27·(x_5 ∈ |0..10|11 []) + 9·(x_6 ∈ |0..10|11 []) + 6·(x_7 ∈ |0..10|11 []) + 19·(x_8 ∈ |0..10|11 []) + 7·(x_9 ∈ |0..10|11 []) + 17·(x_10 ∈ |0..10|11 []) ≤ 870
	w24:	32·(x_1 ∈ |0..10|11 []) + 38·(x_2 ∈ |0..10|11 []) + 4·(x_3 ∈ |0..10|11 []) + 32·(x_4 ∈ |0..10|11 []) + 4·(x_5 ∈ |0..10|11 []) + 47·(x_6 ∈ |0..10|11 []) + 9·(x_7 ∈ |0..10|11 []) + 21·(x_8 ∈ |0..10|11 []) + 39·(x_9 ∈ |0..10|11 []) + 8·(x_10 ∈ |0..10|11 []) ≤ 1250
	w25:	28·(x_1 ∈ |0..10|11 []) + 39·(x_2 ∈ |0..10|11 []) + 24·(x_3 ∈ |0..10|11 []) + 21·(x_4 ∈ |0..10|11 []) + 7·(x_5 ∈ |0..10|11 []) + 28·(x_6 ∈ |0..10|11 []) + 41·(x_7 ∈ |0..10|11 []) + 5·(x_8 ∈ |0..10|11 []) + 15·(x_9 ∈ |0..10|11 []) + 41·(x_10 ∈ |0..10|11 []) ≤ 1330
	w26:	8·(x_1 ∈ |0..10|11 []) + 45·(x_2 ∈ |0..10|11 []) + 32·(x_3 ∈ |0..10|11 []) + 25·(x_4 ∈ |0..10|11 []) + 8·(x_5 ∈ |0..10|11 []) + 27·(x_6 ∈ |0..10|11 []) + 42·(x_7 ∈ |0..10|11 []) + 15·(x_8 ∈ |0..10|11 []) + 44·(x_9 ∈ |0..10|11 []) + 3·(x_10 ∈ |0..10|11 []) ≤ 1330
	w27:	12·(x_1 ∈ |0..10|11 []) + 16·(x_2 ∈ |0..10|11 []) + 16·(x_3 ∈ |0..10|11 []) + 8·(x_4 ∈ |0..10|11 []) + 5·(x_5 ∈ |0..10|11 []) + 6·(x_6 ∈ |0..10|11 []) + 21·(x_7 ∈ |0..10|11 []) + 40·(x_8 ∈ |0..10|11 []) + 18·(x_9 ∈ |0..10|11 []) + 7·(x_10 ∈ |0..10|11 []) ≤ 790
	w28:	27·(x_1 ∈ |0..10|11 []) + 19·(x_2 ∈ |0..10|11 []) + 35·(x_3 ∈ |0..10|11 []) + 40·(x_4 ∈ |0..10|11 []) + 6·(x_5 ∈ |0..10|11 []) + 46·(x_6 ∈ |0..10|11 []) + 3·(x_7 ∈ |0..10|11 []) + 19·(x_8 ∈ |0..10|11 []) + 22·(x_9 ∈ |0..10|11 []) + 33·(x_10 ∈ |0..10|11 []) ≤ 1340
	w29:	3·(x_1 ∈ |0..10|11 []) + 9·(x_2 ∈ |0..10|11 []) + 14·(x_3 ∈ |0..10|11 []) + 32·(x_4 ∈ |0..10|11 []) + 41·(x_5 ∈ |0..10|11 []) + 45·(x_6 ∈ |0..10|11 []) + 14·(x_7 ∈ |0..10|11 []) + 44·(x_8 ∈ |0..10|11 []) + 46·(x_9 ∈ |0..10|11 []) + 31·(x_10 ∈ |0..10|11 []) ≤ 1490
	w30:	8·(x_1 ∈ |0..10|11 []) + 35·(x_2 ∈ |0..10|11 []) + (x_3 ∈ |0..10|11 []) + 16·(x_4 ∈ |0..10|11 []) + 48·(x_5 ∈ |0..10|11 []) + 32·(x_6 ∈ |0..10|11 []) + 26·(x_7 ∈ |0..10|11 []) + 14·(x_8 ∈ |0..10|11 []) + 22·(x_9 ∈ |0..10|11 []) + 17·(x_10 ∈ |0..10|11 []) ≤ 1170
	w31:	39·(x_1 ∈ |0..10|11 []) + 33·(x_2 ∈ |0..10|11 []) + 4·(x_3 ∈ |0..10|11 []) + 23·(x_4 ∈ |0..10|11 []) + 43·(x_5 ∈ |0..10|11 []) + 4·(x_6 ∈ |0..10|11 []) + 7·(x_7 ∈ |0..10|11 []) + 21·(x_8 ∈ |0..10|11 []) + 28·(x_9 ∈ |0..10|11 []) + 2·(x_10 ∈ |0..10|11 []) ≤ 1090
	w32:	39·(x_1 ∈ |0..10|11 []) + 11·(x_2 ∈ |0..10|11 []) + 24·(x_3 ∈ |0..10|11 []) + 10·(x_4 ∈ |0..10|11 []) + (x_5 ∈ |0..10|11 []) + 8·(x_6 ∈ |0..10|11 []) + 28·(x_7 ∈ |0..10|11 []) + 15·(x_8 ∈ |0..10|11 []) + (x_9 ∈ |0..10|11 []) + 48·(x_10 ∈ |0..10|11 []) ≤ 990
	w33:	31·(x_1 ∈ |0..10|11 []) + 47·(x_2 ∈ |0..10|11 []) + 39·(x_3 ∈ |0..10|11 []) + 38·(x_4 ∈ |0..10|11 []) + 30·(x_5 ∈ |0..10|11 []) + 36·(x_6 ∈ |0..10|11 []) + 39·(x_7 ∈ |0..10|11 []) + 19·(x_8 ∈ |0..10|11 []) + 3·(x_9 ∈ |0..10|11 []) + 27·(x_10 ∈ |0..10|11 []) ≤ 1650
	w34:	38·(x_1 ∈ |0..10|11 []) + 39·(x_2 ∈ |0..10|11 []) + 23·(x_3 ∈ |0..10|11 []) + 23·(x_4 ∈ |0..10|11 []) + 20·(x_5 ∈ |0..10|11 []) + 35·(x_6 ∈ |0..10|11 []) + 34·(x_7 ∈ |0..10|11 []) + 21·(x_8 ∈ |0..10|11 []) + 3·(x_9 ∈ |0..10|11 []) + 35·(x_10 ∈ |0..10|11 []) ≤ 1450
	w35:	39·(x_1 ∈ |0..10|11 []) + 31·(x_2 ∈ |0..10|11 []) + 32·(x_3 ∈ |0..10|11 []) + 3·(x_4 ∈ |0..10|11 []) + 46·(x_5 ∈ |0..10|11 []) + 2·(x_6 ∈ |0..10|11 []) + 22·(x_7 ∈ |0..10|11 []) + 29·(x_8 ∈ |0..10|11 []) + 10·(x_9 ∈ |0..10|11 []) + 10·(x_10 ∈ |0..10|11 []) ≤ 1200
	w36:	25·(x_1 ∈ |0..10|11 []) + 29·(x_2 ∈ |0..10|11 []) + 18·(x_3 ∈ |0..10|11 []) + 28·(x_4 ∈ |0..10|11 []) + 25·(x_5 ∈ |0..10|11 []) + 27·(x_6 ∈ |0..10|11 []) + 37·(x_7 ∈ |0..10|11 []) + 39·(x_8 ∈ |0..10|11 []) + 4·(x_9 ∈ |0..10|11 []) + 21·(x_10 ∈ |0..10|11 []) ≤ 1350
	w37:	17·(x_1 ∈ |0..10|11 []) + 4·(x_2 ∈ |0..10|11 []) + 2·(x_3 ∈ |0..10|11 []) + 6·(x_4 ∈ |0..10|11 []) + 16·(x_5 ∈ |0..10|11 []) + 38·(x_6 ∈ |0..10|11 []) + 2·(x_7 ∈ |0..10|11 []) + 4·(x_8 ∈ |0..10|11 []) + 20·(x_9 ∈ |0..10|11 []) + 21·(x_10 ∈ |0..10|11 []) ≤ 690
	w38:	13·(x_1 ∈ |0..10|11 []) + 43·(x_2 ∈ |0..10|11 []) + 6·(x_3 ∈ |0..10|11 []) + 22·(x_4 ∈ |0..10|11 []) + 23·(x_5 ∈ |0..10|11 []) + 7·(x_6 ∈ |0..10|11 []) + 14·(x_7 ∈ |0..10|11 []) + 27·(x_8 ∈ |0..10|11 []) + 4·(x_9 ∈ |0..10|11 []) + 20·(x_10 ∈ |0..10|11 []) ≤ 950
	w39:	22·(x_1 ∈ |0..10|11 []) + 31·(x_2 ∈ |0..10|11 []) + 21·(x_3 ∈ |0..10|11 []) + 15·(x_4 ∈ |0..10|11 []) + 22·(x_5 ∈ |0..10|11 []) + 41·(x_6 ∈ |0..10|11 []) + 40·(x_7 ∈ |0..10|11 []) + 45·(x_8 ∈ |0..10|11 []) + 45·(x_9 ∈ |0..10|11 []) + 25·(x_10 ∈ |0..10|11 []) ≤ 1640
	w40:	34·(x_1 ∈ |0..10|11 []) + 46·(x_2 ∈ |0..10|11 []) + 32·(x_3 ∈ |0..10|11 []) + 3·(x_4 ∈ |0..10|11 []) + 35·(x_5 ∈ |0..10|11 []) + 16·(x_6 ∈ |0..10|11 []) + 43·(x_7 ∈ |0..10|11 []) + 41·(x_8 ∈ |0..10|11 []) + 13·(x_9 ∈ |0..10|11 []) + 18·(x_10 ∈ |0..10|11 []) ≤ 1500
	w41:	41·(x_1 ∈ |0..10|11 []) + 4·(x_2 ∈ |0..10|11 []) + 2·(x_3 ∈ |0..10|11 []) + 31·(x_4 ∈ |0..10|11 []) + 22·(x_5 ∈ |0..10|11 []) + 7·(x_6 ∈ |0..10|11 []) + 18·(x_7 ∈ |0..10|11 []) + 4·(x_8 ∈ |0..10|11 []) + 12·(x_9 ∈ |0..10|11 []) + 49·(x_10 ∈ |0..10|11 []) ≤ 1010
	w42:	49·(x_1 ∈ |0..10|11 []) + 42·(x_2 ∈ |0..10|11 []) + 25·(x_3 ∈ |0..10|11 []) + 20·(x_4 ∈ |0..10|11 []) + 41·(x_5 ∈ |0..10|11 []) + 19·(x_6 ∈ |0..10|11 []) + 45·(x_7 ∈ |0..10|11 []) + 14·(x_8 ∈ |0..10|11 []) + 16·(x_9 ∈ |0..10|11 []) + 36·(x_10 ∈ |0..10|11 []) ≤ 1640
	w43:	15·(x_1 ∈ |0..10|11 []) + 43·(x_2 ∈ |0..10|11 []) + 17·(x_3 ∈ |0..10|11 []) + 6·(x_4 ∈ |0..10|11 []) + 46·(x_5 ∈ |0..10|11 []) + 28·(x_6 ∈ |0..10|11 []) + (x_7 ∈ |0..10|11 []) + 48·(x_8 ∈ |0..10|11 []) + 30·(x_9 ∈ |0..10|11 []) + 16·(x_10 ∈ |0..10|11 []) ≤ 1340
	w44:	48·(x_1 ∈ |0..10|11 []) + 35·(x_2 ∈ |0..10|11 []) + 32·(x_3 ∈ |0..10|11 []) + 49·(x_4 ∈ |0..10|11 []) + 35·(x_5 ∈ |0..10|11 []) + 15·(x_6 ∈ |0..10|11 []) + 30·(x_7 ∈ |0..10|11 []) + 21·(x_8 ∈ |0..10|11 []) + 23·(x_9 ∈ |0..10|11 []) + 25·(x_10 ∈ |0..10|11 []) ≤ 1670
	w45:	28·(x_1 ∈ |0..10|11 []) + 18·(x_2 ∈ |0..10|11 []) + 25·(x_3 ∈ |0..10|11 []) + 27·(x_4 ∈ |0..10|11 []) + 29·(x_5 ∈ |0..10|11 []) + 46·(x_6 ∈ |0..10|11 []) + 34·(x_7 ∈ |0..10|11 []) + 11·(x_8 ∈ |0..10|11 []) + 31·(x_9 ∈ |0..10|11 []) + 49·(x_10 ∈ |0..10|11 []) ≤ 1590
	w46:	37·(x_1 ∈ |0..10|11 []) + 33·(x_2 ∈ |0..10|11 []) + 27·(x_3 ∈ |0..10|11 []) + 11·(x_4 ∈ |0..10|11 []) + 13·(x_5 ∈ |0..10|11 []) + 12·(x_6 ∈ |0..10|11 []) + 19·(x_7 ∈ |0..10|11 []) + 20·(x_8 ∈ |0..10|11 []) + 30·(x_9 ∈ |0..10|11 []) + 27·(x_10 ∈ |0..10|11 []) ≤ 1220
	w47:	11·(x_1 ∈ |0..10|11 []) + 37·(x_2 ∈ |0..10|11 []) + 18·(x_3 ∈ |0..10|11 []) + 21·(x_4 ∈ |0..10|11 []) + 48·(x_5 ∈ |0..10|11 []) + 17·(x_6 ∈ |0..10|11 []) + 26·(x_7 ∈ |0..10|11 []) + 19·(x_8 ∈ |0..10|11 []) + 26·(x_9 ∈ |0..10|11 []) + 21·(x_10 ∈ |0..10|11 []) ≤ 1300
	w48:	15·(x_1 ∈ |0..10|11 []) + 35·(x_2 ∈ |0..10|11 []) + 6·(x_3 ∈ |0..10|11 []) + 27·(x_4 ∈ |0..10|11 []) + 19·(x_5 ∈ |0..10|11 []) + 9·(x_6 ∈ |0..10|11 []) + 30·(x_7 ∈ |0..10|11 []) + 24·(x_8 ∈ |0..10|11 []) + 35·(x_9 ∈ |0..10|11 []) + 8·(x_10 ∈ |0..10|11 []) ≤ 1110
	w49:	43·(x_1 ∈ |0..10|11 []) + 49·(x_2 ∈ |0..10|11 []) + 8·(x_3 ∈ |0..10|11 []) + 26·(x_4 ∈ |0..10|11 []) + 7·(x_5 ∈ |0..10|11 []) + 38·(x_6 ∈ |0..10|11 []) + 33·(x_7 ∈ |0..10|11 []) + 9·(x_8 ∈ |0..10|11 []) + 35·(x_9 ∈ |0..10|11 []) + 39·(x_10 ∈ |0..10|11 []) ≤ 1530
	w50:	13·(x_1 ∈ |0..10|11 []) + 6·(x_2 ∈ |0..10|11 []) + 47·(x_3 ∈ |0..10|11 []) + 27·(x_4 ∈ |0..10|11 []) + (x_5 ∈ |0..10|11 []) + 27·(x_6 ∈ |0..10|11 []) + 33·(x_7 ∈ |0..10|11 []) + 5·(x_8 ∈ |0..10|11 []) + 44·(x_9 ∈ |0..10|11 []) + 39·(x_10 ∈ |0..10|11 []) ≤ 1290
	w51:	31·(x_1 ∈ |0..10|11 []) + 8·(x_2 ∈ |0..10|11 []) + 42·(x_3 ∈ |0..10|11 []) + 29·(x_4 ∈ |0..10|11 []) + 23·(x_5 ∈ |0..10|11 []) + 2·(x_6 ∈ |0..10|11 []) + 34·(x_7 ∈ |0..10|11 []) + 5·(x_8 ∈ |0..10|11 []) + 20·(x_9 ∈ |0..10|11 []) + 14·(x_10 ∈ |0..10|11 []) ≤ 1110
	w52:	20·(x_1 ∈ |0..10|11 []) + 42·(x_2 ∈ |0..10|11 []) + 2·(x_3 ∈ |0..10|11 []) + 36·(x_4 ∈ |0..10|11 []) + 21·(x_5 ∈ |0..10|11 []) + 35·(x_6 ∈ |0..10|11 []) + 43·(x_7 ∈ |0..10|11 []) + 19·(x_8 ∈ |0..10|11 []) + 20·(x_9 ∈ |0..10|11 []) + 48·(x_10 ∈ |0..10|11 []) ≤ 1530
	w53:	47·(x_1 ∈ |0..10|11 []) + 40·(x_2 ∈ |0..10|11 []) + 6·(x_3 ∈ |0..10|11 []) + 41·(x_4 ∈ |0..10|11 []) + 10·(x_5 ∈ |0..10|11 []) + 5·(x_6 ∈ |0..10|11 []) + 42·(x_7 ∈ |0..10|11 []) + 47·(x_8 ∈ |0..10|11 []) + 11·(x_9 ∈ |0..10|11 []) + 47·(x_10 ∈ |0..10|11 []) ≤ 1580
	w54:	43·(x_1 ∈ |0..10|11 []) + 24·(x_2 ∈ |0..10|11 []) + 24·(x_3 ∈ |0..10|11 []) + 20·(x_4 ∈ |0..10|11 []) + 11·(x_5 ∈ |0..10|11 []) + 8·(x_6 ∈ |0..10|11 []) + 29·(x_7 ∈ |0..10|11 []) + 6·(x_8 ∈ |0..10|11 []) + 13·(x_9 ∈ |0..10|11 []) + 27·(x_10 ∈ |0..10|11 []) ≤ 1090
	w55:	15·(x_1 ∈ |0..10|11 []) + 22·(x_2 ∈ |0..10|11 []) + 5·(x_3 ∈ |0..10|11 []) + 19·(x_4 ∈ |0..10|11 []) + 17·(x_5 ∈ |0..10|11 []) + 12·(x_6 ∈ |0..10|11 []) + 17·(x_7 ∈ |0..10|11 []) + 8·(x_8 ∈ |0..10|11 []) + 40·(x_9 ∈ |0..10|11 []) + 49·(x_10 ∈ |0..10|11 []) ≤ 1090
	w56:	13·(x_1 ∈ |0..10|11 []) + 29·(x_2 ∈ |0..10|11 []) + 36·(x_3 ∈ |0..10|11 []) + 10·(x_4 ∈ |0..10|11 []) + 23·(x_5 ∈ |0..10|11 []) + 11·(x_6 ∈ |0..10|11 []) + 14·(x_7 ∈ |0..10|11 []) + 34·(x_8 ∈ |0..10|11 []) + 26·(x_9 ∈ |0..10|11 []) + 3·(x_10 ∈ |0..10|11 []) ≤ 1060
	w57:	(x_1 ∈ |0..10|11 []) + 24·(x_2 ∈ |0..10|11 []) + 47·(x_3 ∈ |0..10|11 []) + 46·(x_4 ∈ |0..10|11 []) + 21·(x_5 ∈ |0..10|11 []) + 17·(x_6 ∈ |0..10|11 []) + 45·(x_7 ∈ |0..10|11 []) + 5·(x_8 ∈ |0..10|11 []) + 4·(x_9 ∈ |0..10|11 []) + 7·(x_10 ∈ |0..10|11 []) ≤ 1160
	w58:	6·(x_1 ∈ |0..10|11 []) + 39·(x_2 ∈ |0..10|11 []) + 34·(x_3 ∈ |0..10|11 []) + 34·(x_4 ∈ |0..10|11 []) + 48·(x_5 ∈ |0..10|11 []) + 10·(x_6 ∈ |0..10|11 []) + 44·(x_7 ∈ |0..10|11 []) + 17·(x_8 ∈ |0..10|11 []) + 14·(x_9 ∈ |0..10|11 []) + 26·(x_10 ∈ |0..10|11 []) ≤ 1450
	w59:	35·(x_1 ∈ |0..10|11 []) + 45·(x_2 ∈ |0..10|11 []) + 41·(x_3 ∈ |0..10|11 []) + 47·(x_4 ∈ |0..10|11 []) + 12·(x_5 ∈ |0..10|11 []) + 29·(x_6 ∈ |0..10|11 []) + 34·(x_7 ∈ |0..10|11 []) + 19·(x_8 ∈ |0..10|11 []) + 24·(x_9 ∈ |0..10|11 []) + 4·(x_10 ∈ |0..10|11 []) ≤ 1550
	w60:	20·(x_1 ∈ |0..10|11 []) + 44·(x_2 ∈ |0..10|11 []) + 32·(x_3 ∈ |0..10|11 []) + 32·(x_4 ∈ |0..10|11 []) + 20·(x_5 ∈ |0..10|11 []) + 25·(x_6 ∈ |0..10|11 []) + 27·(x_7 ∈ |0..10|11 []) + 48·(x_8 ∈ |0..10|11 []) + 9·(x_9 ∈ |0..10|11 []) + 6·(x_10 ∈ |0..10|11 []) ≤ 1400
	w61:	6·(x_1 ∈ |0..10|11 []) + 6·(x_2 ∈ |0..10|11 []) + 33·(x_3 ∈ |0..10|11 []) + 20·(x_4 ∈ |0..10|11 []) + 16·(x_5 ∈ |0..10|11 []) + 43·(x_6 ∈ |0..10|11 []) + 24·(x_7 ∈ |0..10|11 []) + 14·(x_8 ∈ |0..10|11 []) + 47·(x_9 ∈ |0..10|11 []) + 45·(x_10 ∈ |0..10|11 []) ≤ 1360
	w62:	48·(x_1 ∈ |0..10|11 []) + 29·(x_2 ∈ |0..10|11 []) + 28·(x_3 ∈ |0..10|11 []) + 7·(x_4 ∈ |0..10|11 []) + 13·(x_5 ∈ |0..10|11 []) + 48·(x_6 ∈ |0..10|11 []) + 16·(x_7 ∈ |0..10|11 []) + 17·(x_8 ∈ |0..10|11 []) + 13·(x_9 ∈ |0..10|11 []) + 26·(x_10 ∈ |0..10|11 []) ≤ 1310
	w63:	35·(x_1 ∈ |0..10|11 []) + 30·(x_2 ∈ |0..10|11 []) + 20·(x_3 ∈ |0..10|11 []) + 29·(x_4 ∈ |0..10|11 []) + 48·(x_5 ∈ |0..10|11 []) + 14·(x_6 ∈ |0..10|11 []) + 46·(x_7 ∈ |0..10|11 []) + 23·(x_8 ∈ |0..10|11 []) + 30·(x_9 ∈ |0..10|11 []) + 16·(x_10 ∈ |0..10|11 []) ≤ 1550
	w64:	45·(x_1 ∈ |0..10|11 []) + 49·(x_2 ∈ |0..10|11 []) + (x_3 ∈ |0..10|11 []) + 24·(x_4 ∈ |0..10|11 []) + 25·(x_5 ∈ |0..10|11 []) + 25·(x_6 ∈ |0..10|11 []) + 47·(x_7 ∈ |0..10|11 []) + 24·(x_8 ∈ |0..10|11 []) + 31·(x_9 ∈ |0..10|11 []) + 24·(x_10 ∈ |0..10|11 []) ≤ 1580
	w65:	10·(x_1 ∈ |0..10|11 []) + 45·(x_2 ∈ |0..10|11 []) + 40·(x_3 ∈ |0..10|11 []) + 47·(x_4 ∈ |0..10|11 []) + 46·(x_5 ∈ |0..10|11 []) + 48·(x_6 ∈ |0..10|11 []) + 27·(x_7 ∈ |0..10|11 []) + 23·(x_8 ∈ |0..10|11 []) + 19·(x_9 ∈ |0..10|11 []) + 35·(x_10 ∈ |0..10|11 []) ≤ 1820
	w66:	25·(x_1 ∈ |0..10|11 []) + 12·(x_2 ∈ |0..10|11 []) + 29·(x_3 ∈ |0..10|11 []) + 37·(x_4 ∈ |0..10|11 []) + 35·(x_5 ∈ |0..10|11 []) + 7·(x_6 ∈ |0..10|11 []) + 12·(x_7 ∈ |0..10|11 []) + 35·(x_8 ∈ |0..10|11 []) + 48·(x_9 ∈ |0..10|11 []) + 5·(x_10 ∈ |0..10|11 []) ≤ 1310
	w67:	24·(x_1 ∈ |0..10|11 []) + 40·(x_2 ∈ |0..10|11 []) + 6·(x_3 ∈ |0..10|11 []) + 13·(x_4 ∈ |0..10|11 []) + 24·(x_5 ∈ |0..10|11 []) + 3·(x_6 ∈ |0..10|11 []) + 29·(x_7 ∈ |0..10|11 []) + 49·(x_8 ∈ |0..10|11 []) + 28·(x_9 ∈ |0..10|11 []) + 25·(x_10 ∈ |0..10|11 []) ≤ 1290
	w68:	40·(x_1 ∈ |0..10|11 []) + 22·(x_2 ∈ |0..10|11 []) + 4·(x_3 ∈ |0..10|11 []) + 11·(x_4 ∈ |0..10|11 []) + 28·(x_5 ∈ |0..10|11 []) + 38·(x_6 ∈ |0..10|11 []) + 36·(x_7 ∈ |0..10|11 []) + 39·(x_8 ∈ |0..10|11 []) + 35·(x_9 ∈ |0..10|11 []) + 23·(x_10 ∈ |0..10|11 []) ≤ 1470
	w69:	6·(x_1 ∈ |0..10|11 []) + 48·(x_2 ∈ |0..10|11 []) + 40·(x_3 ∈ |0..10|11 []) + 42·(x_4 ∈ |0..10|11 []) + 10·(x_5 ∈ |0..10|11 []) + 28·(x_6 ∈ |0..10|11 []) + 15·(x_7 ∈ |0..10|11 []) + 29·(x_8 ∈ |0..10|11 []) + 35·(x_9 ∈ |0..10|11 []) + 16·(x_10 ∈ |0..10|11 []) ≤ 1440
	w70:	25·(x_1 ∈ |0..10|11 []) + 19·(x_2 ∈ |0..10|11 []) + 45·(x_3 ∈ |0..10|11 []) + 43·(x_4 ∈ |0..10|11 []) + 27·(x_5 ∈ |0..10|11 []) + 44·(x_6 ∈ |0..10|11 []) + 30·(x_7 ∈ |0..10|11 []) + 15·(x_8 ∈ |0..10|11 []) + 19·(x_9 ∈ |0..10|11 []) + 19·(x_10 ∈ |0..10|11 []) ≤ 1530
	w71:	16·(x_1 ∈ |0..10|11 []) + 18·(x_2 ∈ |0..10|11 []) + 18·(x_3 ∈ |0..10|11 []) + 42·(x_4 ∈ |0..10|11 []) + 29·(x_5 ∈ |0..10|11 []) + 17·(x_6 ∈ |0..10|11 []) + 43·(x_7 ∈ |0..10|11 []) + 30·(x_8 ∈ |0..10|11 []) + 45·(x_9 ∈ |0..10|11 []) + 35·(x_10 ∈ |0..10|11 []) ≤ 1570
	w72:	42·(x_1 ∈ |0..10|11 []) + 36·(x_2 ∈ |0..10|11 []) + 47·(x_3 ∈ |0..10|11 []) + 20·(x_4 ∈ |0..10|11 []) + 26·(x_5 ∈ |0..10|11 []) + 49·(x_6 ∈ |0..10|11 []) + 39·(x_7 ∈ |0..10|11 []) + 19·(x_8 ∈ |0..10|11 []) + 10·(x_9 ∈ |0..10|11 []) + 38·(x_10 ∈ |0..10|11 []) ≤ 1740
	w73:	9·(x_1 ∈ |0..10|11 []) + 5·(x_2 ∈ |0..10|11 []) + 5·(x_3 ∈ |0..10|11 []) + 30·(x_4 ∈ |0..10|11 []) + 17·(x_5 ∈ |0..10|11 []) + 49·(x_6 ∈ |0..10|11 []) + 29·(x_7 ∈ |0..10|11 []) + 10·(x_8 ∈ |0..10|11 []) + 7·(x_9 ∈ |0..10|11 []) + 47·(x_10 ∈ |0..10|11 []) ≤ 1110
	w74:	47·(x_1 ∈ |0..10|11 []) + 23·(x_2 ∈ |0..10|11 []) + 17·(x_3 ∈ |0..10|11 []) + 8·(x_4 ∈ |0..10|11 []) + 6·(x_5 ∈ |0..10|11 []) + 45·(x_6 ∈ |0..10|11 []) + 11·(x_7 ∈ |0..10|11 []) + 25·(x_8 ∈ |0..10|11 []) + 34·(x_9 ∈ |0..10|11 []) + 3·(x_10 ∈ |0..10|11 []) ≤ 1170
	w75:	22·(x_1 ∈ |0..10|11 []) + (x_2 ∈ |0..10|11 []) + 21·(x_3 ∈ |0..10|11 []) + 10·(x_4 ∈ |0..10|11 []) + (x_5 ∈ |0..10|11 []) + 46·(x_6 ∈ |0..10|11 []) + 31·(x_7 ∈ |0..10|11 []) + 10·(x_8 ∈ |0..10|11 []) + 16·(x_9 ∈ |0..10|11 []) + 47·(x_10 ∈ |0..10|11 []) ≤ 1090
	w76:	12·(x_1 ∈ |0..10|11 []) + 2·(x_2 ∈ |0..10|11 []) + 36·(x_3 ∈ |0..10|11 []) + 28·(x_4 ∈ |0..10|11 []) + 5·(x_5 ∈ |0..10|11 []) + 34·(x_6 ∈ |0..10|11 []) + 3·(x_7 ∈ |0..10|11 []) + 21·(x_8 ∈ |0..10|11 []) + 32·(x_9 ∈ |0..10|11 []) + 13·(x_10 ∈ |0..10|11 []) ≤ 990
	w77:	26·(x_1 ∈ |0..10|11 []) + 27·(x_2 ∈ |0..10|11 []) + 9·(x_3 ∈ |0..10|11 []) + 42·(x_4 ∈ |0..10|11 []) + 25·(x_5 ∈ |0..10|11 []) + 14·(x_6 ∈ |0..10|11 []) + 46·(x_7 ∈ |0..10|11 []) + 41·(x_8 ∈ |0..10|11 []) + 15·(x_9 ∈ |0..10|11 []) + 38·(x_10 ∈ |0..10|11 []) ≤ 1510
	w78:	12·(x_1 ∈ |0..10|11 []) + 16·(x_2 ∈ |0..10|11 []) + 44·(x_3 ∈ |0..10|11 []) + 40·(x_4 ∈ |0..10|11 []) + 23·(x_5 ∈ |0..10|11 []) + 27·(x_6 ∈ |0..10|11 []) + 14·(x_7 ∈ |0..10|11 []) + 47·(x_8 ∈ |0..10|11 []) + 9·(x_9 ∈ |0..10|11 []) + 21·(x_10 ∈ |0..10|11 []) ≤ 1350
	w79:	47·(x_1 ∈ |0..10|11 []) + 33·(x_2 ∈ |0..10|11 []) + 41·(x_3 ∈ |0..10|11 []) + 31·(x_4 ∈ |0..10|11 []) + 9·(x_5 ∈ |0..10|11 []) + 4·(x_6 ∈ |0..10|11 []) + 26·(x_7 ∈ |0..10|11 []) + 47·(x_8 ∈ |0..10|11 []) + 41·(x_9 ∈ |0..10|11 []) + 40·(x_10 ∈ |0..10|11 []) ≤ 1700
	w80:	31·(x_1 ∈ |0..10|11 []) + 47·(x_2 ∈ |0..10|11 []) + 45·(x_3 ∈ |0..10|11 []) + 34·(x_4 ∈ |0..10|11 []) + 45·(x_5 ∈ |0..10|11 []) + 32·(x_6 ∈ |0..10|11 []) + 32·(x_7 ∈ |0..10|11 []) + 47·(x_8 ∈ |0..10|11 []) + 46·(x_9 ∈ |0..10|11 []) + 15·(x_10 ∈ |0..10|11 []) ≤ 2000
	w81:	38·(x_1 ∈ |0..10|11 []) + 44·(x_2 ∈ |0..10|11 []) + 30·(x_3 ∈ |0..10|11 []) + 33·(x_4 ∈ |0..10|11 []) + 32·(x_5 ∈ |0..10|11 []) + 13·(x_6 ∈ |0..10|11 []) + 10·(x_7 ∈ |0..10|11 []) + 14·(x_8 ∈ |0..10|11 []) + 47·(x_9 ∈ |0..10|11 []) + 17·(x_10 ∈ |0..10|11 []) ≤ 1490
	w82:	3·(x_1 ∈ |0..10|11 []) + 29·(x_2 ∈ |0..10|11 []) + 4·(x_3 ∈ |0..10|11 []) + 20·(x_4 ∈ |0..10|11 []) + 7·(x_5 ∈ |0..10|11 []) + 5·(x_6 ∈ |0..10|11 []) + 14·(x_7 ∈ |0..10|11 []) + 49·(x_8 ∈ |0..10|11 []) + 4·(x_9 ∈ |0..10|11 []) + 46·(x_10 ∈ |0..10|11 []) ≤ 970
	w83:	32·(x_1 ∈ |0..10|11 []) + 30·(x_2 ∈ |0..10|11 []) + 25·(x_3 ∈ |0..10|11 []) + 10·(x_4 ∈ |0..10|11 []) + 16·(x_5 ∈ |0..10|11 []) + 45·(x_6 ∈ |0..10|11 []) + 5·(x_7 ∈ |0..10|11 []) + 5·(x_8 ∈ |0..10|11 []) + 22·(x_9 ∈ |0..10|11 []) + 5·(x_10 ∈ |0..10|11 []) ≤ 1040
	w84:	43·(x_1 ∈ |0..10|11 []) + 44·(x_2 ∈ |0..10|11 []) + 37·(x_3 ∈ |0..10|11 []) + 25·(x_4 ∈ |0..10|11 []) + 38·(x_5 ∈ |0..10|11 []) + 26·(x_6 ∈ |0..10|11 []) + 13·(x_7 ∈ |0..10|11 []) + 9·(x_8 ∈ |0..10|11 []) + 10·(x_9 ∈ |0..10|11 []) + 36·(x_10 ∈ |0..10|11 []) ≤ 1500
	w85:	32·(x_1 ∈ |0..10|11 []) + 6·(x_2 ∈ |0..10|11 []) + 37·(x_3 ∈ |0..10|11 []) + 17·(x_4 ∈ |0..10|11 []) + 25·(x_5 ∈ |0..10|11 []) + 18·(x_6 ∈ |0..10|11 []) + 42·(x_7 ∈ |0..10|11 []) + 34·(x_8 ∈ |0..10|11 []) + 25·(x_9 ∈ |0..10|11 []) + 20·(x_10 ∈ |0..10|11 []) ≤ 1370
	w86:	42·(x_1 ∈ |0..10|11 []) + 22·(x_2 ∈ |0..10|11 []) + 42·(x_3 ∈ |0..10|11 []) + 24·(x_4 ∈ |0..10|11 []) + 7·(x_5 ∈ |0..10|11 []) + 18·(x_6 ∈ |0..10|11 []) + 14·(x_7 ∈ |0..10|11 []) + 9·(x_8 ∈ |0..10|11 []) + 39·(x_9 ∈ |0..10|11 []) + 43·(x_10 ∈ |0..10|11 []) ≤ 1390
	w87:	17·(x_1 ∈ |0..10|11 []) + 4·(x_2 ∈ |0..10|11 []) + 38·(x_3 ∈ |0..10|11 []) + 11·(x_4 ∈ |0..10|11 []) + 28·(x_5 ∈ |0..10|11 []) + 11·(x_6 ∈ |0..10|11 []) + 15·(x_7 ∈ |0..10|11 []) + 28·(x_8 ∈ |0..10|11 []) + 17·(x_9 ∈ |0..10|11 []) + 4·(x_10 ∈ |0..10|11 []) ≤ 920
	w88:	46·(x_1 ∈ |0..10|11 []) + 36·(x_2 ∈ |0..10|11 []) + 6·(x_3 ∈ |0..10|11 []) + 43·(x_4 ∈ |0..10|11 []) + 21·(x_5 ∈ |0..10|11 []) + 37·(x_6 ∈ |0..10|11 []) + 33·(x_7 ∈ |0..10|11 []) + 39·(x_8 ∈ |0..10|11 []) + 39·(x_9 ∈ |0..10|11 []) + 24·(x_10 ∈ |0..10|11 []) ≤ 1730
	w89:	44·(x_1 ∈ |0..10|11 []) + 16·(x_2 ∈ |0..10|11 []) + 4·(x_3 ∈ |0..10|11 []) + (x_4 ∈ |0..10|11 []) + 24·(x_5 ∈ |0..10|11 []) + (x_6 ∈ |0..10|11 []) + 11·(x_7 ∈ |0..10|11 []) + 49·(x_8 ∈ |0..10|11 []) + 16·(x_9 ∈ |0..10|11 []) + 7·(x_10 ∈ |0..10|11 []) ≤ 920
	w90:	7·(x_1 ∈ |0..10|11 []) + 4·(x_2 ∈ |0..10|11 []) + 38·(x_3 ∈ |0..10|11 []) + 38·(x_4 ∈ |0..10|11 []) + 45·(x_5 ∈ |0..10|11 []) + 3·(x_6 ∈ |0..10|11 []) + 47·(x_7 ∈ |0..10|11 []) + 32·(x_8 ∈ |0..10|11 []) + 8·(x_9 ∈ |0..10|11 []) + 14·(x_10 ∈ |0..10|11 []) ≤ 1260
	w91:	30·(x_1 ∈ |0..10|11 []) + 12·(x_2 ∈ |0..10|11 []) + 27·(x_3 ∈ |0..10|11 []) + (x_4 ∈ |0..10|11 []) + 32·(x_5 ∈ |0..10|11 []) + 39·(x_6 ∈ |0..10|11 []) + 6·(x_7 ∈ |0..10|11 []) + 2·(x_8 ∈ |0..10|11 []) + 43·(x_9 ∈ |0..10|11 []) + 27·(x_10 ∈ |0..10|11 []) ≤ 1170
	w92:	31·(x_1 ∈ |0..10|11 []) + 8·(x_2 ∈ |0..10|11 []) + 35·(x_3 ∈ |0..10|11 []) + 48·(x_4 ∈ |0..10|11 []) + 32·(x_5 ∈ |0..10|11 []) + 6·(x_6 ∈ |0..10|11 []) + 21·(x_7 ∈ |0..10|11 []) + 30·(x_8 ∈ |0..10|11 []) + 26·(x_9 ∈ |0..10|11 []) + (x_10 ∈ |0..10|11 []) ≤ 1270
	w93:	37·(x_1 ∈ |0..10|11 []) + 23·(x_2 ∈ |0..10|11 []) + 45·(x_3 ∈ |0..10|11 []) + 15·(x_4 ∈ |0..10|11 []) + 12·(x_5 ∈ |0..10|11 []) + 39·(x_6 ∈ |0..10|11 []) + 19·(x_7 ∈ |0..10|11 []) + 42·(x_8 ∈ |0..10|11 []) + 25·(x_9 ∈ |0..10|11 []) + 48·(x_10 ∈ |0..10|11 []) ≤ 1630
	w94:	28·(x_1 ∈ |0..10|11 []) + 45·(x_2 ∈ |0..10|11 []) + 34·(x_3 ∈ |0..10|11 []) + 5·(x_4 ∈ |0..10|11 []) + 30·(x_5 ∈ |0..10|11 []) + (x_6 ∈ |0..10|11 []) + 29·(x_7 ∈ |0..10|11 []) + 38·(x_8 ∈ |0..10|11 []) + 2·(x_9 ∈ |0..10|11 []) + 10·(x_10 ∈ |0..10|11 []) ≤ 1180
	w95:	44·(x_1 ∈ |0..10|11 []) + 43·(x_2 ∈ |0..10|11 []) + 15·(x_3 ∈ |0..10|11 []) + 49·(x_4 ∈ |0..10|11 []) + 17·(x_5 ∈ |0..10|11 []) + 23·(x_6 ∈ |0..10|11 []) + 2·(x_7 ∈ |0..10|11 []) + 42·(x_8 ∈ |0..10|11 []) + 24·(x_9 ∈ |0..10|11 []) + 23·(x_10 ∈ |0..10|11 []) ≤ 1510
	w96:	41·(x_1 ∈ |0..10|11 []) + 33·(x_2 ∈ |0..10|11 []) + 18·(x_3 ∈ |0..10|11 []) + 30·(x_4 ∈ |0..10|11 []) + 4·(x_5 ∈ |0..10|11 []) + 41·(x_6 ∈ |0..10|11 []) + 5·(x_7 ∈ |0..10|11 []) + 30·(x_8 ∈ |0..10|11 []) + 43·(x_9 ∈ |0..10|11 []) + 27·(x_10 ∈ |0..10|11 []) ≤ 1450
	w97:	25·(x_1 ∈ |0..10|11 []) + 17·(x_2 ∈ |0..10|11 []) + 9·(x_3 ∈ |0..10|11 []) + 25·(x_4 ∈ |0..10|11 []) + 46·(x_5 ∈ |0..10|11 []) + 38·(x_6 ∈ |0..10|11 []) + 9·(x_7 ∈ |0..10|11 []) + 9·(x_8 ∈ |0..10|11 []) + 7·(x_9 ∈ |0..10|11 []) + 11·(x_10 ∈ |0..10|11 []) ≤ 1050
	w98:	35·(x_1 ∈ |0..10|11 []) + 8·(x_2 ∈ |0..10|11 []) + 49·(x_3 ∈ |0..10|11 []) + 37·(x_4 ∈ |0..10|11 []) + 28·(x_5 ∈ |0..10|11 []) + 22·(x_6 ∈ |0..10|11 []) + 30·(x_7 ∈ |0..10|11 []) + 11·(x_8 ∈ |0..10|11 []) + 32·(x_9 ∈ |0..10|11 []) + 24·(x_10 ∈ |0..10|11 []) ≤ 1470
	w99:	11·(x_1 ∈ |0..10|11 []) + 41·(x_2 ∈ |0..10|11 []) + 37·(x_3 ∈ |0..10|11 []) + 13·(x_4 ∈ |0..10|11 []) + 48·(x_5 ∈ |0..10|11 []) + 37·(x_6 ∈ |0..10|11 []) + 14·(x_7 ∈ |0..10|11 []) + 8·(x_8 ∈ |0..10|11 []) + 13·(x_9 ∈ |0..10|11 []) + 41·(x_10 ∈ |0..10|11 []) ≤ 1400
	w100:	40·(x_1 ∈ |0..10|11 []) + 27·(x_2 ∈ |0..10|11 []) + 27·(x_3 ∈ |0..10|11 []) + 12·(x_4 ∈ |0..10|11 []) + 36·(x_5 ∈ |0..10|11 []) + 4·(x_6 ∈ |0..10|11 []) + 3·(x_7 ∈ |0..10|11 []) + 47·(x_8 ∈ |0..10|11 []) + 26·(x_9 ∈ |0..10|11 []) + 10·(x_10 ∈ |0..10|11 []) ≤ 1240
	w101:	13·(x_1 ∈ |0..10|11 []) + 40·(x_2 ∈ |0..10|11 []) + 27·(x_3 ∈ |0..10|11 []) + 48·(x_4 ∈ |0..10|11 []) + 26·(x_5 ∈ |0..10|11 []) + 19·(x_6 ∈ |0..10|11 []) + 39·(x_7 ∈ |0..10|11 []) + 46·(x_8 ∈ |0..10|11 []) + 35·(x_9 ∈ |0..10|11 []) + 23·(x_10 ∈ |0..10|11 []) ≤ 1690
	w102:	38·(x_1 ∈ |0..10|11 []) + 17·(x_2 ∈ |0..10|11 []) + 24·(x_3 ∈ |0..10|11 []) + 32·(x_4 ∈ |0..10|11 []) + 39·(x_5 ∈ |0..10|11 []) + 13·(x_6 ∈ |0..10|11 []) + 21·(x_7 ∈ |0..10|11 []) + 36·(x_8 ∈ |0..10|11 []) + 9·(x_9 ∈ |0..10|11 []) + 13·(x_10 ∈ |0..10|11 []) ≤ 1290
	w103:	11·(x_1 ∈ |0..10|11 []) + 8·(x_2 ∈ |0..10|11 []) + 23·(x_3 ∈ |0..10|11 []) + 40·(x_4 ∈ |0..10|11 []) + 10·(x_5 ∈ |0..10|11 []) + 46·(x_6 ∈ |0..10|11 []) + 46·(x_7 ∈ |0..10|11 []) + 29·(x_8 ∈ |0..10|11 []) + 38·(x_9 ∈ |0..10|11 []) + 17·(x_10 ∈ |0..10|11 []) ≤ 1430
	w104:	35·(x_1 ∈ |0..10|11 []) + 46·(x_2 ∈ |0..10|11 []) + 38·(x_3 ∈ |0..10|11 []) + 36·(x_4 ∈ |0..10|11 []) + 27·(x_5 ∈ |0..10|11 []) + 31·(x_6 ∈ |0..10|11 []) + 6·(x_7 ∈ |0..10|11 []) + 10·(x_8 ∈ |0..10|11 []) + 44·(x_9 ∈ |0..10|11 []) + 43·(x_10 ∈ |0..10|11 []) ≤ 1690
	w105:	36·(x_1 ∈ |0..10|11 []) + 25·(x_2 ∈ |0..10|11 []) + 26·(x_3 ∈ |0..10|11 []) + 9·(x_4 ∈ |0..10|11 []) + 38·(x_5 ∈ |0..10|11 []) + 24·(x_6 ∈ |0..10|11 []) + 15·(x_7 ∈ |0..10|11 []) + 32·(x_8 ∈ |0..10|11 []) + 33·(x_9 ∈ |0..10|11 []) + 46·(x_10 ∈ |0..10|11 []) ≤ 1520
	w106:	26·(x_1 ∈ |0..10|11 []) + 6·(x_2 ∈ |0..10|11 []) + 20·(x_3 ∈ |0..10|11 []) + 39·(x_4 ∈ |0..10|11 []) + 43·(x_5 ∈ |0..10|11 []) + 49·(x_6 ∈ |0..10|11 []) + 39·(x_7 ∈ |0..10|11 []) + 11·(x_8 ∈ |0..10|11 []) + 22·(x_9 ∈ |0..10|11 []) + 30·(x_10 ∈ |0..10|11 []) ≤ 1520
	w107:	45·(x_1 ∈ |0..10|11 []) + 37·(x_2 ∈ |0..10|11 []) + 7·(x_3 ∈ |0..10|11 []) + 32·(x_4 ∈ |0..10|11 []) + 23·(x_5 ∈ |0..10|11 []) + 27·(x_6 ∈ |0..10|11 []) + 49·(x_7 ∈ |0..10|11 []) + 5·(x_8 ∈ |0..10|11 []) + 40·(x_9 ∈ |0..10|11 []) + 40·(x_10 ∈ |0..10|11 []) ≤ 1630
	w108:	19·(x_1 ∈ |0..10|11 []) + 8·(x_2 ∈ |0..10|11 []) + 35·(x_3 ∈ |0..10|11 []) + 6·(x_4 ∈ |0..10|11 []) + 28·(x_5 ∈ |0..10|11 []) + 47·(x_6 ∈ |0..10|11 []) + 37·(x_7 ∈ |0..10|11 []) + 7·(x_8 ∈ |0..10|11 []) + 17·(x_9 ∈ |0..10|11 []) + 6·(x_10 ∈ |0..10|11 []) ≤ 1120
	w109:	44·(x_1 ∈ |0..10|11 []) + 30·(x_2 ∈ |0..10|11 []) + 11·(x_3 ∈ |0..10|11 []) + 19·(x_4 ∈ |0..10|11 []) + 36·(x_5 ∈ |0..10|11 []) + 37·(x_6 ∈ |0..10|11 []) + (x_7 ∈ |0..10|11 []) + 27·(x_8 ∈ |0..10|11 []) + 29·(x_9 ∈ |0..10|11 []) + 19·(x_10 ∈ |0..10|11 []) ≤ 1350
	w110:	10·(x_1 ∈ |0..10|11 []) + 25·(x_2 ∈ |0..10|11 []) + 47·(x_3 ∈ |0..10|11 []) + 30·(x_4 ∈ |0..10|11 []) + 48·(x_5 ∈ |0..10|11 []) + 35·(x_6 ∈ |0..10|11 []) + 23·(x_7 ∈ |0..10|11 []) + 47·(x_8 ∈ |0..10|11 []) + 19·(x_9 ∈ |0..10|11 []) + 21·(x_10 ∈ |0..10|11 []) ≤ 1630
	w111:	23·(x_1 ∈ |0..10|11 []) + 22·(x_2 ∈ |0..10|11 []) + 8·(x_3 ∈ |0..10|11 []) + 15·(x_4 ∈ |0..10|11 []) + 11·(x_5 ∈ |0..10|11 []) + 36·(x_6 ∈ |0..10|11 []) + 42·(x_7 ∈ |0..10|11 []) + 42·(x_8 ∈ |0..10|11 []) + 26·(x_9 ∈ |0..10|11 []) + 37·(x_10 ∈ |0..10|11 []) ≤ 1400
	w112:	19·(x_1 ∈ |0..10|11 []) + 34·(x_2 ∈ |0..10|11 []) + 24·(x_3 ∈ |0..10|11 []) + 28·(x_4 ∈ |0..10|11 []) + 34·(x_5 ∈ |0..10|11 []) + 43·(x_6 ∈ |0..10|11 []) + 2·(x_7 ∈ |0..10|11 []) + 29·(x_8 ∈ |0..10|11 []) + 18·(x_9 ∈ |0..10|11 []) + 18·(x_10 ∈ |0..10|11 []) ≤ 1330
	w113:	29·(x_1 ∈ |0..10|11 []) + 48·(x_2 ∈ |0..10|11 []) + 33·(x_3 ∈ |0..10|11 []) + 26·(x_4 ∈ |0..10|11 []) + 5·(x_5 ∈ |0..10|11 []) + 19·(x_6 ∈ |0..10|11 []) + 41·(x_7 ∈ |0..10|11 []) + 7·(x_8 ∈ |0..10|11 []) + 23·(x_9 ∈ |0..10|11 []) + 5·(x_10 ∈ |0..10|11 []) ≤ 1260
	w114:	29·(x_1 ∈ |0..10|11 []) + 7·(x_2 ∈ |0..10|11 []) + 44·(x_3 ∈ |0..10|11 []) + 12·(x_4 ∈ |0..10|11 []) + 38·(x_5 ∈ |0..10|11 []) + 48·(x_6 ∈ |0..10|11 []) + 16·(x_7 ∈ |0..10|11 []) + 17·(x_8 ∈ |0..10|11 []) + 11·(x_9 ∈ |0..10|11 []) + 48·(x_10 ∈ |0..10|11 []) ≤ 1440
	w115:	38·(x_1 ∈ |0..10|11 []) + 29·(x_2 ∈ |0..10|11 []) + 9·(x_3 ∈ |0..10|11 []) + 46·(x_4 ∈ |0..10|11 []) + 42·(x_5 ∈ |0..10|11 []) + 35·(x_6 ∈ |0..10|11 []) + 18·(x_7 ∈ |0..10|11 []) + 49·(x_8 ∈ |0..10|11 []) + 32·(x_9 ∈ |0..10|11 []) + 47·(x_10 ∈ |0..10|11 []) ≤ 1840
	w116:	5·(x_1 ∈ |0..10|11 []) + 28·(x_2 ∈ |0..10|11 []) + 35·(x_3 ∈ |0..10|11 []) + 28·(x_4 ∈ |0..10|11 []) + 5·(x_5 ∈ |0..10|11 []) + 10·(x_6 ∈ |0..10|11 []) + 8·(x_7 ∈ |0..10|11 []) + 26·(x_8 ∈ |0..10|11 []) + 41·(x_9 ∈ |0..10|11 []) + 30·(x_10 ∈ |0..10|11 []) ≤ 1150
	w117:	28·(x_1 ∈ |0..10|11 []) + 31·(x_2 ∈ |0..10|11 []) + 32·(x_3 ∈ |0..10|11 []) + 26·(x_4 ∈ |0..10|11 []) + 44·(x_5 ∈ |0..10|11 []) + 5·(x_6 ∈ |0..10|11 []) + 14·(x_7 ∈ |0..10|11 []) + 16·(x_8 ∈ |0..10|11 []) + 31·(x_9 ∈ |0..10|11 []) + 4·(x_10 ∈ |0..10|11 []) ≤ 1230
	w118:	5·(x_1 ∈ |0..10|11 []) + 25·(x_2 ∈ |0..10|11 []) + 48·(x_3 ∈ |0..10|11 []) + 6·(x_4 ∈ |0..10|11 []) + 24·(x_5 ∈ |0..10|11 []) + 15·(x_6 ∈ |0..10|11 []) + 15·(x_7 ∈ |0..10|11 []) + 43·(x_8 ∈ |0..10|11 []) + 15·(x_9 ∈ |0..10|11 []) + 2·(x_10 ∈ |0..10|11 []) ≤ 1060
	w119:	9·(x_1 ∈ |0..10|11 []) + 13·(x_2 ∈ |0..10|11 []) + 10·(x_3 ∈ |0..10|11 []) + 47·(x_4 ∈ |0..10|11 []) + 23·(x_5 ∈ |0..10|11 []) + 22·(x_6 ∈ |0..10|11 []) + 38·(x_7 ∈ |0..10|11 []) + 41·(x_8 ∈ |0..10|11 []) + 40·(x_9 ∈ |0..10|11 []) + 4·(x_10 ∈ |0..10|11 []) ≤ 1320
	w120:	40·(x_1 ∈ |0..10|11 []) + 25·(x_2 ∈ |0..10|11 []) + 7·(x_3 ∈ |0..10|11 []) + 25·(x_4 ∈ |0..10|11 []) + 42·(x_5 ∈ |0..10|11 []) + 49·(x_6 ∈ |0..10|11 []) + 34·(x_7 ∈ |0..10|11 []) + 39·(x_8 ∈ |0..10|11 []) + 41·(x_9 ∈ |0..10|11 []) + 10·(x_10 ∈ |0..10|11 []) ≤ 1670
	w121:	20·(x_1 ∈ |0..10|11 []) + 7·(x_2 ∈ |0..10|11 []) + 18·(x_3 ∈ |0..10|11 []) + 17·(x_4 ∈ |0..10|11 []) + 39·(x_5 ∈ |0..10|11 []) + 10·(x_6 ∈ |0..10|11 []) + 26·(x_7 ∈ |0..10|11 []) + 28·(x_8 ∈ |0..10|11 []) + 27·(x_9 ∈ |0..10|11 []) + 44·(x_10 ∈ |0..10|11 []) ≤ 1260
	w122:	9·(x_1 ∈ |0..10|11 []) + 18·(x_2 ∈ |0..10|11 []) + 41·(x_3 ∈ |0..10|11 []) + 33·(x_4 ∈ |0..10|11 []) + 42·(x_5 ∈ |0..10|11 []) + 2·(x_6 ∈ |0..10|11 []) + 44·(x_7 ∈ |0..10|11 []) + 25·(x_8 ∈ |0..10|11 []) + 23·(x_9 ∈ |0..10|11 []) + 24·(x_10 ∈ |0..10|11 []) ≤ 1390
	w123:	34·(x_1 ∈ |0..10|11 []) + 17·(x_2 ∈ |0..10|11 []) + 28·(x_3 ∈ |0..10|11 []) + 27·(x_4 ∈ |0..10|11 []) + 34·(x_5 ∈ |0..10|11 []) + 41·(x_6 ∈ |0..10|11 []) + 45·(x_7 ∈ |0..10|11 []) + 7·(x_8 ∈ |0..10|11 []) + 9·(x_9 ∈ |0..10|11 []) + 6·(x_10 ∈ |0..10|11 []) ≤ 1320
	w124:	23·(x_1 ∈ |0..10|11 []) + 46·(x_2 ∈ |0..10|11 []) + 3·(x_3 ∈ |0..10|11 []) + 41·(x_4 ∈ |0..10|11 []) + 5·(x_5 ∈ |0..10|11 []) + 44·(x_6 ∈ |0..10|11 []) + 48·(x_7 ∈ |0..10|11 []) + 34·(x_8 ∈ |0..10|11 []) + 44·(x_9 ∈ |0..10|11 []) + 24·(x_10 ∈ |0..10|11 []) ≤ 1670
	w125:	18·(x_1 ∈ |0..10|11 []) + 33·(x_2 ∈ |0..10|11 []) + 4·(x_3 ∈ |0..10|11 []) + 21·(x_4 ∈ |0..10|11 []) + 12·(x_5 ∈ |0..10|11 []) + 27·(x_6 ∈ |0..10|11 []) + 18·(x_7 ∈ |0..10|11 []) + 39·(x_8 ∈ |0..10|11 []) + (x_9 ∈ |0..10|11 []) + 43·(x_10 ∈ |0..10|11 []) ≤ 1150
	w126:	45·(x_1 ∈ |0..10|11 []) + 36·(x_2 ∈ |0..10|11 []) + 5·(x_3 ∈ |0..10|11 []) + 35·(x_4 ∈ |0..10|11 []) + 32·(x_5 ∈ |0..10|11 []) + 47·(x_6 ∈ |0..10|11 []) + 18·(x_7 ∈ |0..10|11 []) + 44·(x_8 ∈ |0..10|11 []) + 48·(x_9 ∈ |0..10|11 []) + 42·(x_10 ∈ |0..10|11 []) ≤ 1880
	w127:	17·(x_1 ∈ |0..10|11 []) + 39·(x_2 ∈ |0..10|11 []) + 18·(x_3 ∈ |0..10|11 []) + 2·(x_4 ∈ |0..10|11 []) + 4·(x_5 ∈ |0..10|11 []) + 10·(x_6 ∈ |0..10|11 []) + 15·(x_7 ∈ |0..10|11 []) + 24·(x_8 ∈ |0..10|11 []) + 15·(x_9 ∈ |0..10|11 []) + 2·(x_10 ∈ |0..10|11 []) ≤ 780
	w128:	6·(x_1 ∈ |0..10|11 []) + 20·(x_2 ∈ |0..10|11 []) + 35·(x_3 ∈ |0..10|11 []) + 45·(x_4 ∈ |0..10|11 []) + 7·(x_5 ∈ |0..10|11 []) + 16·(x_6 ∈ |0..10|11 []) + 19·(x_7 ∈ |0..10|11 []) + 9·(x_8 ∈ |0..10|11 []) + 11·(x_9 ∈ |0..10|11 []) + 47·(x_10 ∈ |0..10|11 []) ≤ 1150
	w129:	42·(x_1 ∈ |0..10|11 []) + 49·(x_2 ∈ |0..10|11 []) + 8·(x_3 ∈ |0..10|11 []) + 2·(x_4 ∈ |0..10|11 []) + 3·(x_5 ∈ |0..10|11 []) + 28·(x_6 ∈ |0..10|11 []) + 48·(x_7 ∈ |0..10|11 []) + 47·(x_8 ∈ |0..10|11 []) + 48·(x_9 ∈ |0..10|11 []) + 7·(x_10 ∈ |0..10|11 []) ≤ 1510
	w130:	42·(x_1 ∈ |0..10|11 []) + 8·(x_2 ∈ |0..10|11 []) + 24·(x_3 ∈ |0..10|11 []) + 31·(x_4 ∈ |0..10|11 []) + 23·(x_5 ∈ |0..10|11 []) + 5·(x_6 ∈ |0..10|11 []) + 42·(x_7 ∈ |0..10|11 []) + 3·(x_8 ∈ |0..10|11 []) + 24·(x_9 ∈ |0..10|11 []) + 23·(x_10 ∈ |0..10|11 []) ≤ 1200
	w131:	13·(x_1 ∈ |0..10|11 []) + 38·(x_2 ∈ |0..10|11 []) + 48·(x_3 ∈ |0..10|11 []) + 7·(x_4 ∈ |0..10|11 []) + 43·(x_5 ∈ |0..10|11 []) + 33·(x_6 ∈ |0..10|11 []) + 16·(x_7 ∈ |0..10|11 []) + 46·(x_8 ∈ |0..10|11 []) + 21·(x_9 ∈ |0..10|11 []) + 19·(x_10 ∈ |0..10|11 []) ≤ 1520
	w132:	16·(x_1 ∈ |0..10|11 []) + (x_2 ∈ |0..10|11 []) + 48·(x_3 ∈ |0..10|11 []) + 28·(x_4 ∈ |0..10|11 []) + (x_5 ∈ |0..10|11 []) + 16·(x_6 ∈ |0..10|11 []) + 29·(x_7 ∈ |0..10|11 []) + 26·(x_8 ∈ |0..10|11 []) + 47·(x_9 ∈ |0..10|11 []) + 29·(x_10 ∈ |0..10|11 []) ≤ 1290
	w133:	4·(x_1 ∈ |0..10|11 []) + 3·(x_2 ∈ |0..10|11 []) + 34·(x_3 ∈ |0..10|11 []) + 23·(x_4 ∈ |0..10|11 []) + 20·(x_5 ∈ |0..10|11 []) + 47·(x_6 ∈ |0..10|11 []) + 13·(x_7 ∈ |0..10|11 []) + 30·(x_8 ∈ |0..10|11 []) + 37·(x_9 ∈ |0..10|11 []) + 2·(x_10 ∈ |0..10|11 []) ≤ 1140
	w134:	30·(x_1 ∈ |0..10|11 []) + (x_2 ∈ |0..10|11 []) + 30·(x_3 ∈ |0..10|11 []) + 47·(x_4 ∈ |0..10|11 []) + 47·(x_5 ∈ |0..10|11 []) + 21·(x_6 ∈ |0..10|11 []) + 19·(x_7 ∈ |0..10|11 []) + 31·(x_8 ∈ |0..10|11 []) + 28·(x_9 ∈ |0..10|11 []) + 15·(x_10 ∈ |0..10|11 []) ≤ 1440
	w135:	(x_1 ∈ |0..10|11 []) + 2·(x_2 ∈ |0..10|11 []) + 14·(x_3 ∈ |0..10|11 []) + 14·(x_4 ∈ |0..10|11 []) + 28·(x_5 ∈ |0..10|11 []) + 42·(x_6 ∈ |0..10|11 []) + 41·(x_7 ∈ |0..10|11 []) + 31·(x_8 ∈ |0..10|11 []) + 40·(x_9 ∈ |0..10|11 []) + 36·(x_10 ∈ |0..10|11 []) ≤ 1330
	w136:	47·(x_1 ∈ |0..10|11 []) + 24·(x_2 ∈ |0..10|11 []) + 4·(x_3 ∈ |0..10|11 []) + 13·(x_4 ∈ |0..10|11 []) + 5·(x_5 ∈ |0..10|11 []) + 22·(x_6 ∈ |0..10|11 []) + 28·(x_7 ∈ |0..10|11 []) + 29·(x_8 ∈ |0..10|11 []) + 42·(x_9 ∈ |0..10|11 []) + 9·(x_10 ∈ |0..10|11 []) ≤ 1190
	w137:	12·(x_1 ∈ |0..10|11 []) + 40·(x_2 ∈ |0..10|11 []) + 22·(x_3 ∈ |0..10|11 []) + 43·(x_4 ∈ |0..10|11 []) + 31·(x_5 ∈ |0..10|11 []) + 11·(x_6 ∈ |0..10|11 []) + 23·(x_7 ∈ |0..10|11 []) + 34·(x_8 ∈ |0..10|11 []) + 44·(x_9 ∈ |0..10|11 []) + 16·(x_10 ∈ |0..10|11 []) ≤ 1470
	w138:	36·(x_1 ∈ |0..10|11 []) + 24·(x_2 ∈ |0..10|11 []) + 2·(x_3 ∈ |0..10|11 []) + 42·(x_4 ∈ |0..10|11 []) + 16·(x_5 ∈ |0..10|11 []) + 7·(x_6 ∈ |0..10|11 []) + 40·(x_7 ∈ |0..10|11 []) + 16·(x_8 ∈ |0..10|11 []) + 22·(x_9 ∈ |0..10|11 []) + 5·(x_10 ∈ |0..10|11 []) ≤ 1120
	w139:	39·(x_1 ∈ |0..10|11 []) + (x_2 ∈ |0..10|11 []) + 39·(x_3 ∈ |0..10|11 []) + 31·(x_4 ∈ |0..10|11 []) + 28·(x_5 ∈ |0..10|11 []) + 23·(x_6 ∈ |0..10|11 []) + 29·(x_7 ∈ |0..10|11 []) + 32·(x_8 ∈ |0..10|11 []) + 38·(x_9 ∈ |0..10|11 []) + 4·(x_10 ∈ |0..10|11 []) ≤ 1410
	w140:	37·(x_1 ∈ |0..10|11 []) + 33·(x_2 ∈ |0..10|11 []) + 30·(x_3 ∈ |0..10|11 []) + 15·(x_4 ∈ |0..10|11 []) + 25·(x_5 ∈ |0..10|11 []) + 46·(x_6 ∈ |0..10|11 []) + 39·(x_7 ∈ |0..10|11 []) + 45·(x_8 ∈ |0..10|11 []) + 47·(x_9 ∈ |0..10|11 []) + 31·(x_10 ∈ |0..10|11 []) ≤ 1860
	w141:	13·(x_1 ∈ |0..10|11 []) + 24·(x_2 ∈ |0..10|11 []) + 24·(x_3 ∈ |0..10|11 []) + 18·(x_4 ∈ |0..10|11 []) + 33·(x_5 ∈ |0..10|11 []) + 39·(x_6 ∈ |0..10|11 []) + 44·(x_7 ∈ |0..10|11 []) + 19·(x_8 ∈ |0..10|11 []) + 30·(x_9 ∈ |0..10|11 []) + 41·(x_10 ∈ |0..10|11 []) ≤ 1520
	w142:	2·(x_1 ∈ |0..10|11 []) + 30·(x_2 ∈ |0..10|11 []) + 36·(x_3 ∈ |0..10|11 []) + 17·(x_4 ∈ |0..10|11 []) + 40·(x_5 ∈ |0..10|11 []) + 48·(x_6 ∈ |0..10|11 []) + 22·(x_7 ∈ |0..10|11 []) + 38·(x_8 ∈ |0..10|11 []) + 12·(x_9 ∈ |0..10|11 []) + 4·(x_10 ∈ |0..10|11 []) ≤ 1330
	w143:	29·(x_1 ∈ |0..10|11 []) + 39·(x_2 ∈ |0..10|11 []) + 16·(x_3 ∈ |0..10|11 []) + 44·(x_4 ∈ |0..10|11 []) + 16·(x_5 ∈ |0..10|11 []) + 35·(x_6 ∈ |0..10|11 []) + 28·(x_7 ∈ |0..10|11 []) + 22·(x_8 ∈ |0..10|11 []) + 39·(x_9 ∈ |0..10|11 []) + 8·(x_10 ∈ |0..10|11 []) ≤ 1470
	w144:	40·(x_1 ∈ |0..10|11 []) + 23·(x_2 ∈ |0..10|11 []) + 20·(x_3 ∈ |0..10|11 []) + 22·(x_4 ∈ |0..10|11 []) + 19·(x_5 ∈ |0..10|11 []) + 2·(x_6 ∈ |0..10|11 []) + 11·(x_7 ∈ |0..10|11 []) + 14·(x_8 ∈ |0..10|11 []) + 48·(x_9 ∈ |0..10|11 []) + 10·(x_10 ∈ |0..10|11 []) ≤ 1120
	w145:	21·(x_1 ∈ |0..10|11 []) + 34·(x_2 ∈ |0..10|11 []) + (x_3 ∈ |0..10|11 []) + 37·(x_4 ∈ |0..10|11 []) + 25·(x_5 ∈ |0..10|11 []) + 14·(x_6 ∈ |0..10|11 []) + 16·(x_7 ∈ |0..10|11 []) + 38·(x_8 ∈ |0..10|11 []) + 10·(x_9 ∈ |0..10|11 []) + 6·(x_10 ∈ |0..10|11 []) ≤ 1080
	w146:	35·(x_1 ∈ |0..10|11 []) + 14·(x_2 ∈ |0..10|11 []) + 39·(x_3 ∈ |0..10|11 []) + 37·(x_4 ∈ |0..10|11 []) + 25·(x_5 ∈ |0..10|11 []) + 31·(x_6 ∈ |0..10|11 []) + 27·(x_7 ∈ |0..10|11 []) + 47·(x_8 ∈ |0..10|11 []) + 18·(x_9 ∈ |0..10|11 []) + 37·(x_10 ∈ |0..10|11 []) ≤ 1660
	w147:	26·(x_1 ∈ |0..10|11 []) + 12·(x_2 ∈ |0..10|11 []) + 21·(x_3 ∈ |0..10|11 []) + 18·(x_4 ∈ |0..10|11 []) + 45·(x_5 ∈ |0..10|11 []) + 37·(x_6 ∈ |0..10|11 []) + 34·(x_7 ∈ |0..10|11 []) + 19·(x_8 ∈ |0..10|11 []) + 6·(x_9 ∈ |0..10|11 []) + 29·(x_10 ∈ |0..10|11 []) ≤ 1320
	w148:	6·(x_1 ∈ |0..10|11 []) + 3·(x_2 ∈ |0..10|11 []) + 35·(x_3 ∈ |0..10|11 []) + 24·(x_4 ∈ |0..10|11 []) + 19·(x_5 ∈ |0..10|11 []) + 40·(x_6 ∈ |0..10|11 []) + 2·(x_7 ∈ |0..10|11 []) + 32·(x_8 ∈ |0..10|11 []) + 45·(x_9 ∈ |0..10|11 []) + 19·(x_10 ∈ |0..10|11 []) ≤ 1200
	w149:	46·(x_1 ∈ |0..10|11 []) + 12·(x_2 ∈ |0..10|11 []) + 38·(x_3 ∈ |0..10|11 []) + 9·(x_4 ∈ |0..10|11 []) + 3·(x_5 ∈ |0..10|11 []) + 34·(x_6 ∈ |0..10|11 []) + 22·(x_7 ∈ |0..10|11 []) + 35·(x_8 ∈ |0..10|11 []) + 27·(x_9 ∈ |0..10|11 []) + 30·(x_10 ∈ |0..10|11 []) ≤ 1370
	w150:	32·(x_1 ∈ |0..10|11 []) + 6·(x_2 ∈ |0..10|11 []) + 41·(x_3 ∈ |0..10|11 []) + 2·(x_4 ∈ |0..10|11 []) + 5·(x_5 ∈ |0..10|11 []) + 30·(x_6 ∈ |0..10|11 []) + 13·(x_7 ∈ |0..10|11 []) + 11·(x_8 ∈ |0..10|11 []) + 26·(x_9 ∈ |0..10|11 []) + 11·(x_10 ∈ |0..10|11 []) ≤ 940
	w151:	3·(x_1 ∈ |0..10|11 []) + 34·(x_2 ∈ |0..10|11 []) + 14·(x_3 ∈ |0..10|11 []) + 16·(x_4 ∈ |0..10|11 []) + 31·(x_5 ∈ |0..10|11 []) + 33·(x_6 ∈ |0..10|11 []) + 26·(x_7 ∈ |0..10|11 []) + 18·(x_8 ∈ |0..10|11 []) + 32·(x_9 ∈ |0..10|11 []) + 36·(x_10 ∈ |0..10|11 []) ≤ 1300
	w152:	45·(x_1 ∈ |0..10|11 []) + 19·(x_2 ∈ |0..10|11 []) + 6·(x_3 ∈ |0..10|11 []) + 46·(x_4 ∈ |0..10|11 []) + 19·(x_5 ∈ |0..10|11 []) + 49·(x_6 ∈ |0..10|11 []) + 34·(x_7 ∈ |0..10|11 []) + 40·(x_8 ∈ |0..10|11 []) + 5·(x_9 ∈ |0..10|11 []) + 41·(x_10 ∈ |0..10|11 []) ≤ 1620
	w153:	27·(x_1 ∈ |0..10|11 []) + 34·(x_2 ∈ |0..10|11 []) + 44·(x_3 ∈ |0..10|11 []) + 14·(x_4 ∈ |0..10|11 []) + 15·(x_5 ∈ |0..10|11 []) + 25·(x_6 ∈ |0..10|11 []) + 33·(x_7 ∈ |0..10|11 []) + 42·(x_8 ∈ |0..10|11 []) + 9·(x_9 ∈ |0..10|11 []) + 11·(x_10 ∈ |0..10|11 []) ≤ 1360
	w154:	16·(x_1 ∈ |0..10|11 []) + 2·(x_2 ∈ |0..10|11 []) + 5·(x_3 ∈ |0..10|11 []) + 5·(x_4 ∈ |0..10|11 []) + 30·(x_5 ∈ |0..10|11 []) + 15·(x_6 ∈ |0..10|11 []) + 16·(x_7 ∈ |0..10|11 []) + 25·(x_8 ∈ |0..10|11 []) + 11·(x_9 ∈ |0..10|11 []) + 39·(x_10 ∈ |0..10|11 []) ≤ 870
	w155:	24·(x_1 ∈ |0..10|11 []) + 6·(x_2 ∈ |0..10|11 []) + 40·(x_3 ∈ |0..10|11 []) + 2·(x_4 ∈ |0..10|11 []) + 33·(x_5 ∈ |0..10|11 []) + 17·(x_6 ∈ |0..10|11 []) + 40·(x_7 ∈ |0..10|11 []) + 25·(x_8 ∈ |0..10|11 []) + 33·(x_9 ∈ |0..10|11 []) + 2·(x_10 ∈ |0..10|11 []) ≤ 1180
	w156:	34·(x_1 ∈ |0..10|11 []) + 23·(x_2 ∈ |0..10|11 []) + 47·(x_3 ∈ |0..10|11 []) + 15·(x_4 ∈ |0..10|11 []) + 10·(x_5 ∈ |0..10|11 []) + 45·(x_6 ∈ |0..10|11 []) + 20·(x_7 ∈ |0..10|11 []) + 26·(x_8 ∈ |0..10|11 []) + 12·(x_9 ∈ |0..10|11 []) + 8·(x_10 ∈ |0..10|11 []) ≤ 1280
	w157:	46·(x_1 ∈ |0..10|11 []) + 25·(x_2 ∈ |0..10|11 []) + 44·(x_3 ∈ |0..10|11 []) + 12·(x_4 ∈ |0..10|11 []) + 12·(x_5 ∈ |0..10|11 []) + 10·(x_6 ∈ |0..10|11 []) + 41·(x_7 ∈ |0..10|11 []) + 41·(x_8 ∈ |0..10|11 []) + 13·(x_9 ∈ |0..10|11 []) + 12·(x_10 ∈ |0..10|11 []) ≤ 1370
	w158:	11·(x_1 ∈ |0..10|11 []) + 48·(x_2 ∈ |0..10|11 []) + 17·(x_3 ∈ |0..10|11 []) + 35·(x_4 ∈ |0..10|11 []) + 21·(x_5 ∈ |0..10|11 []) + 20·(x_6 ∈ |0..10|11 []) + 37·(x_7 ∈ |0..10|11 []) + 28·(x_8 ∈ |0..10|11 []) + 43·(x_9 ∈ |0..10|11 []) + 30·(x_10 ∈ |0..10|11 []) ≤ 1550
	w159:	49·(x_1 ∈ |0..10|11 []) + 38·(x_2 ∈ |0..10|11 []) + 19·(x_3 ∈ |0..10|11 []) + 46·(x_4 ∈ |0..10|11 []) + 47·(x_5 ∈ |0..10|11 []) + 35·(x_6 ∈ |0..10|11 []) + 23·(x_7 ∈ |0..10|11 []) + 13·(x_8 ∈ |0..10|11 []) + 8·(x_9 ∈ |0..10|11 []) + 24·(x_10 ∈ |0..10|11 []) ≤ 1610
	w160:	24·(x_1 ∈ |0..10|11 []) + 19·(x_2 ∈ |0..10|11 []) + 18·(x_3 ∈ |0..10|11 []) + 41·(x_4 ∈ |0..10|11 []) + 29·(x_5 ∈ |0..10|11 []) + 31·(x_6 ∈ |0..10|11 []) + 20·(x_7 ∈ |0..10|11 []) + 28·(x_8 ∈ |0..10|11 []) + 32·(x_9 ∈ |0..10|11 []) + 31·(x_10 ∈ |0..10|11 []) ≤ 1460
	w161:	38·(x_1 ∈ |0..10|11 []) + 34·(x_2 ∈ |0..10|11 []) + 22·(x_3 ∈ |0..10|11 []) + 48·(x_4 ∈ |0..10|11 []) + 40·(x_5 ∈ |0..10|11 []) + 30·(x_6 ∈ |0..10|11 []) + 18·(x_7 ∈ |0..10|11 []) + 9·(x_8 ∈ |0..10|11 []) + 22·(x_9 ∈ |0..10|11 []) + 27·(x_10 ∈ |0..10|11 []) ≤ 1540
	w162:	22·(x_1 ∈ |0..10|11 []) + 25·(x_2 ∈ |0..10|11 []) + 6·(x_3 ∈ |0..10|11 []) + 3·(x_4 ∈ |0..10|11 []) + 15·(x_5 ∈ |0..10|11 []) + 43·(x_6 ∈ |0..10|11 []) + 24·(x_7 ∈ |0..10|11 []) + 29·(x_8 ∈ |0..10|11 []) + 23·(x_9 ∈ |0..10|11 []) + 30·(x_10 ∈ |0..10|11 []) ≤ 1170
	w163:	21·(x_1 ∈ |0..10|11 []) + 22·(x_2 ∈ |0..10|11 []) + 30·(x_3 ∈ |0..10|11 []) + 48·(x_4 ∈ |0..10|11 []) + 46·(x_5 ∈ |0..10|11 []) + 27·(x_6 ∈ |0..10|11 []) + 18·(x_7 ∈ |0..10|11 []) + 16·(x_8 ∈ |0..10|11 []) + 22·(x_9 ∈ |0..10|11 []) + 28·(x_10 ∈ |0..10|11 []) ≤ 1490
	w164:	24·(x_1 ∈ |0..10|11 []) + 18·(x_2 ∈ |0..10|11 []) + 27·(x_3 ∈ |0..10|11 []) + 16·(x_4 ∈ |0..10|11 []) + (x_5 ∈ |0..10|11 []) + 25·(x_6 ∈ |0..10|11 []) + 22·(x_7 ∈ |0..10|11 []) + 8·(x_8 ∈ |0..10|11 []) + 9·(x_9 ∈ |0..10|11 []) + 30·(x_10 ∈ |0..10|11 []) ≤ 960
	w165:	32·(x_1 ∈ |0..10|11 []) + 14·(x_2 ∈ |0..10|11 []) + 19·(x_3 ∈ |0..10|11 []) + 42·(x_4 ∈ |0..10|11 []) + 29·(x_5 ∈ |0..10|11 []) + 4·(x_6 ∈ |0..10|11 []) + 20·(x_7 ∈ |0..10|11 []) + 44·(x_8 ∈ |0..10|11 []) + 18·(x_9 ∈ |0..10|11 []) + 18·(x_10 ∈ |0..10|11 []) ≤ 1280
	w166:	30·(x_1 ∈ |0..10|11 []) + 46·(x_2 ∈ |0..10|11 []) + 37·(x_3 ∈ |0..10|11 []) + 16·(x_4 ∈ |0..10|11 []) + 37·(x_5 ∈ |0..10|11 []) + 16·(x_6 ∈ |0..10|11 []) + 22·(x_7 ∈ |0..10|11 []) + 26·(x_8 ∈ |0..10|11 []) + 43·(x_9 ∈ |0..10|11 []) + 30·(x_10 ∈ |0..10|11 []) ≤ 1620
	w167:	2·(x_1 ∈ |0..10|11 []) + 43·(x_2 ∈ |0..10|11 []) + 20·(x_3 ∈ |0..10|11 []) + 14·(x_4 ∈ |0..10|11 []) + 48·(x_5 ∈ |0..10|11 []) + 25·(x_6 ∈ |0..10|11 []) + 7·(x_7 ∈ |0..10|11 []) + 18·(x_8 ∈ |0..10|11 []) + 12·(x_9 ∈ |0..10|11 []) + 12·(x_10 ∈ |0..10|11 []) ≤ 1070
	w168:	43·(x_1 ∈ |0..10|11 []) + 13·(x_2 ∈ |0..10|11 []) + 28·(x_3 ∈ |0..10|11 []) + 44·(x_4 ∈ |0..10|11 []) + 26·(x_5 ∈ |0..10|11 []) + 17·(x_6 ∈ |0..10|11 []) + 42·(x_7 ∈ |0..10|11 []) + 4·(x_8 ∈ |0..10|11 []) + 6·(x_9 ∈ |0..10|11 []) + 12·(x_10 ∈ |0..10|11 []) ≤ 1250
	w169:	32·(x_1 ∈ |0..10|11 []) + 46·(x_2 ∈ |0..10|11 []) + 18·(x_3 ∈ |0..10|11 []) + 47·(x_4 ∈ |0..10|11 []) + 43·(x_5 ∈ |0..10|11 []) + 26·(x_6 ∈ |0..10|11 []) + 31·(x_7 ∈ |0..10|11 []) + 49·(x_8 ∈ |0..10|11 []) + 25·(x_9 ∈ |0..10|11 []) + 30·(x_10 ∈ |0..10|11 []) ≤ 1850
	w170:	41·(x_1 ∈ |0..10|11 []) + 29·(x_2 ∈ |0..10|11 []) + 30·(x_3 ∈ |0..10|11 []) + 22·(x_4 ∈ |0..10|11 []) + 21·(x_5 ∈ |0..10|11 []) + 15·(x_6 ∈ |0..10|11 []) + 4·(x_7 ∈ |0..10|11 []) + 18·(x_8 ∈ |0..10|11 []) + 12·(x_9 ∈ |0..10|11 []) + 25·(x_10 ∈ |0..10|11 []) ≤ 1160
	w171:	20·(x_1 ∈ |0..10|11 []) + 22·(x_2 ∈ |0..10|11 []) + 15·(x_3 ∈ |0..10|11 []) + 9·(x_4 ∈ |0..10|11 []) + 38·(x_5 ∈ |0..10|11 []) + 3·(x_6 ∈ |0..10|11 []) + 28·(x_7 ∈ |0..10|11 []) + 46·(x_8 ∈ |0..10|11 []) + 11·(x_9 ∈ |0..10|11 []) + 7·(x_10 ∈ |0..10|11 []) ≤ 1060
	w172:	6·(x_1 ∈ |0..10|11 []) + 47·(x_2 ∈ |0..10|11 []) + 28·(x_3 ∈ |0..10|11 []) + 42·(x_4 ∈ |0..10|11 []) + 22·(x_5 ∈ |0..10|11 []) + 12·(x_6 ∈ |0..10|11 []) + 46·(x_7 ∈ |0..10|11 []) + 26·(x_8 ∈ |0..10|11 []) + 43·(x_9 ∈ |0..10|11 []) + 25·(x_10 ∈ |0..10|11 []) ≤ 1590
	w173:	48·(x_1 ∈ |0..10|11 []) + 29·(x_2 ∈ |0..10|11 []) + 47·(x_3 ∈ |0..10|11 []) + 46·(x_4 ∈ |0..10|11 []) + 16·(x_5 ∈ |0..10|11 []) + 24·(x_6 ∈ |0..10|11 []) + 13·(x_7 ∈ |0..10|11 []) + 21·(x_8 ∈ |0..10|11 []) + 21·(x_9 ∈ |0..10|11 []) + 22·(x_10 ∈ |0..10|11 []) ≤ 1530
	w174:	5·(x_1 ∈ |0..10|11 []) + 26·(x_2 ∈ |0..10|11 []) + 13·(x_3 ∈ |0..10|11 []) + 35·(x_4 ∈ |0..10|11 []) + 16·(x_5 ∈ |0..10|11 []) + 22·(x_6 ∈ |0..10|11 []) + 33·(x_7 ∈ |0..10|11 []) + 28·(x_8 ∈ |0..10|11 []) + 22·(x_9 ∈ |0..10|11 []) + 20·(x_10 ∈ |0..10|11 []) ≤ 1170
	w175:	21·(x_1 ∈ |0..10|11 []) + 28·(x_2 ∈ |0..10|11 []) + 33·(x_3 ∈ |0..10|11 []) + 49·(x_4 ∈ |0..10|11 []) + 18·(x_5 ∈ |0..10|11 []) + 45·(x_6 ∈ |0..10|11 []) + 36·(x_7 ∈ |0..10|11 []) + 47·(x_8 ∈ |0..10|11 []) + 13·(x_9 ∈ |0..10|11 []) + 16·(x_10 ∈ |0..10|11 []) ≤ 1640
	w176:	20·(x_1 ∈ |0..10|11 []) + 3·(x_2 ∈ |0..10|11 []) + 39·(x_3 ∈ |0..10|11 []) + 32·(x_4 ∈ |0..10|11 []) + 44·(x_5 ∈ |0..10|11 []) + 33·(x_6 ∈ |0..10|11 []) + 32·(x_7 ∈ |0..10|11 []) + 6·(x_8 ∈ |0..10|11 []) + 36·(x_9 ∈ |0..10|11 []) + 8·(x_10 ∈ |0..10|11 []) ≤ 1350
	w177:	27·(x_1 ∈ |0..10|11 []) + 38·(x_2 ∈ |0..10|11 []) + 21·(x_3 ∈ |0..10|11 []) + 42·(x_4 ∈ |0..10|11 []) + 11·(x_5 ∈ |0..10|11 []) + 12·(x_6 ∈ |0..10|11 []) + 8·(x_7 ∈ |0..10|11 []) + 29·(x_8 ∈ |0..10|11 []) + 22·(x_9 ∈ |0..10|11 []) + 18·(x_10 ∈ |0..10|11 []) ≤ 1220
	w178:	23·(x_1 ∈ |0..10|11 []) + 2·(x_2 ∈ |0..10|11 []) + 33·(x_3 ∈ |0..10|11 []) + 31·(x_4 ∈ |0..10|11 []) + 36·(x_5 ∈ |0..10|11 []) + 5·(x_6 ∈ |0..10|11 []) + 45·(x_7 ∈ |0..10|11 []) + 23·(x_8 ∈ |0..10|11 []) + 11·(x_9 ∈ |0..10|11 []) + 17·(x_10 ∈ |0..10|11 []) ≤ 1210
	w179:	23·(x_1 ∈ |0..10|11 []) + 15·(x_2 ∈ |0..10|11 []) + 37·(x_3 ∈ |0..10|11 []) + 36·(x_4 ∈ |0..10|11 []) + 32·(x_5 ∈ |0..10|11 []) + 24·(x_6 ∈ |0..10|11 []) + 17·(x_7 ∈ |0..10|11 []) + 31·(x_8 ∈ |0..10|11 []) + 9·(x_9 ∈ |0..10|11 []) + 8·(x_10 ∈ |0..10|11 []) ≤ 1240
	w180:	22·(x_1 ∈ |0..10|11 []) + 17·(x_2 ∈ |0..10|11 []) + 35·(x_3 ∈ |0..10|11 []) + 29·(x_4 ∈ |0..10|11 []) + 49·(x_5 ∈ |0..10|11 []) + 30·(x_6 ∈ |0..10|11 []) + 8·(x_7 ∈ |0..10|11 []) + 20·(x_8 ∈ |0..10|11 []) + 2·(x_9 ∈ |0..10|11 []) + 33·(x_10 ∈ |0..10|11 []) ≤ 1310
	w181:	31·(x_1 ∈ |0..10|11 []) + 35·(x_2 ∈ |0..10|11 []) + 15·(x_3 ∈ |0..10|11 []) + 5·(x_4 ∈ |0..10|11 []) + 16·(x_5 ∈ |0..10|11 []) + 41·(x_6 ∈ |0..10|11 []) + 39·(x_7 ∈ |0..10|11 []) + 45·(x_8 ∈ |0..10|11 []) + 35·(x_9 ∈ |0..10|11 []) + 17·(x_10 ∈ |0..10|11 []) ≤ 1490
	w182:	28·(x_1 ∈ |0..10|11 []) + 37·(x_2 ∈ |0..10|11 []) + 21·(x_3 ∈ |0..10|11 []) + 47·(x_4 ∈ |0..10|11 []) + 48·(x_5 ∈ |0..10|11 []) + 31·(x_6 ∈ |0..10|11 []) + 9·(x_7 ∈ |0..10|11 []) + 7·(x_8 ∈ |0..10|11 []) + 30·(x_9 ∈ |0..10|11 []) + 35·(x_10 ∈ |0..10|11 []) ≤ 1570
	w183:	41·(x_1 ∈ |0..10|11 []) + 41·(x_2 ∈ |0..10|11 []) + 31·(x_3 ∈ |0..10|11 []) + 32·(x_4 ∈ |0..10|11 []) + 12·(x_5 ∈ |0..10|11 []) + 14·(x_6 ∈ |0..10|11 []) + 30·(x_7 ∈ |0..10|11 []) + 46·(x_8 ∈ |0..10|11 []) + 22·(x_9 ∈ |0..10|11 []) + 20·(x_10 ∈ |0..10|11 []) ≤ 1540
	w184:	(x_1 ∈ |0..10|11 []) + 31·(x_2 ∈ |0..10|11 []) + 23·(x_3 ∈ |0..10|11 []) + 48·(x_4 ∈ |0..10|11 []) + 34·(x_5 ∈ |0..10|11 []) + 3·(x_6 ∈ |0..10|11 []) + 22·(x_7 ∈ |0..10|11 []) + 39·(x_8 ∈ |0..10|11 []) + 44·(x_9 ∈ |0..10|11 []) + 9·(x_10 ∈ |0..10|11 []) ≤ 1360
	w185:	10·(x_1 ∈ |0..10|11 []) + 41·(x_2 ∈ |0..10|11 []) + 17·(x_3 ∈ |0..10|11 []) + 6·(x_4 ∈ |0..10|11 []) + 38·(x_5 ∈ |0..10|11 []) + 2·(x_6 ∈ |0..10|11 []) + 42·(x_7 ∈ |0..10|11 []) + 26·(x_8 ∈ |0..10|11 []) + 34·(x_9 ∈ |0..10|11 []) + 28·(x_10 ∈ |0..10|11 []) ≤ 1300
	w186:	40·(x_1 ∈ |0..10|11 []) + 38·(x_2 ∈ |0..10|11 []) + 5·(x_3 ∈ |0..10|11 []) + 19·(x_4 ∈ |0..10|11 []) + 35·(x_5 ∈ |0..10|11 []) + 47·(x_6 ∈ |0..10|11 []) + 44·(x_7 ∈ |0..10|11 []) + 3·(x_8 ∈ |0..10|11 []) + 15·(x_9 ∈ |0..10|11 []) + 35·(x_10 ∈ |0..10|11 []) ≤ 1500
	w187:	(x_1 ∈ |0..10|11 []) + 39·(x_2 ∈ |0..10|11 []) + 2·(x_3 ∈ |0..10|11 []) + 26·(x_4 ∈ |0..10|11 []) + 46·(x_5 ∈ |0..10|11 []) + 23·(x_6 ∈ |0..10|11 []) + 11·(x_7 ∈ |0..10|11 []) + 44·(x_8 ∈ |0..10|11 []) + 2·(x_9 ∈ |0..10|11 []) + 32·(x_10 ∈ |0..10|11 []) ≤ 1210
	w188:	37·(x_1 ∈ |0..10|11 []) + 24·(x_2 ∈ |0..10|11 []) + 27·(x_3 ∈ |0..10|11 []) + 41·(x_4 ∈ |0..10|11 []) + 5·(x_5 ∈ |0..10|11 []) + 15·(x_6 ∈ |0..10|11 []) + 45·(x_7 ∈ |0..10|11 []) + 12·(x_8 ∈ |0..10|11 []) + 13·(x_9 ∈ |0..10|11 []) + 33·(x_10 ∈ |0..10|11 []) ≤ 1350
	w189:	14·(x_1 ∈ |0..10|11 []) + 5·(x_2 ∈ |0..10|11 []) + 5·(x_3 ∈ |0..10|11 []) + 14·(x_4 ∈ |0..10|11 []) + 28·(x_5 ∈ |0..10|11 []) + 19·(x_6 ∈ |0..10|11 []) + 28·(x_7 ∈ |0..10|11 []) + 46·(x_8 ∈ |0..10|11 []) + 21·(x_9 ∈ |0..10|11 []) + 43·(x_10 ∈ |0..10|11 []) ≤ 1190
	w190:	35·(x_1 ∈ |0..10|11 []) + 42·(x_2 ∈ |0..10|11 []) + 46·(x_3 ∈ |0..10|11 []) + 8·(x_4 ∈ |0..10|11 []) + 3·(x_5 ∈ |0..10|11 []) + 36·(x_6 ∈ |0..10|11 []) + 40·(x_7 ∈ |0..10|11 []) + 41·(x_8 ∈ |0..10|11 []) + 39·(x_9 ∈ |0..10|11 []) + 16·(x_10 ∈ |0..10|11 []) ≤ 1640
	w191:	20·(x_1 ∈ |0..10|11 []) + 20·(x_2 ∈ |0..10|11 []) + 33·(x_3 ∈ |0..10|11 []) + 16·(x_4 ∈ |0..10|11 []) + 16·(x_5 ∈ |0..10|11 []) + 26·(x_6 ∈ |0..10|11 []) + 5·(x_7 ∈ |0..10|11 []) + 14·(x_8 ∈ |0..10|11 []) + 12·(x_9 ∈ |0..10|11 []) + 37·(x_10 ∈ |0..10|11 []) ≤ 1060
	w192:	8·(x_1 ∈ |0..10|11 []) + 7·(x_2 ∈ |0..10|11 []) + 38·(x_3 ∈ |0..10|11 []) + 18·(x_4 ∈ |0..10|11 []) + 39·(x_5 ∈ |0..10|11 []) + 32·(x_6 ∈ |0..10|11 []) + 31·(x_7 ∈ |0..10|11 []) + 2·(x_8 ∈ |0..10|11 []) + 3·(x_9 ∈ |0..10|11 []) + 23·(x_10 ∈ |0..10|11 []) ≤ 1070
	w193:	42·(x_1 ∈ |0..10|11 []) + 35·(x_2 ∈ |0..10|11 []) + 39·(x_3 ∈ |0..10|11 []) + 18·(x_4 ∈ |0..10|11 []) + 17·(x_5 ∈ |0..10|11 []) + 20·(x_6 ∈ |0..10|11 []) + 47·(x_7 ∈ |0..10|11 []) + 31·(x_8 ∈ |0..10|11 []) + 35·(x_9 ∈ |0..10|11 []) + 29·(x_10 ∈ |0..10|11 []) ≤ 1670
	w194:	10·(x_1 ∈ |0..10|11 []) + 19·(x_2 ∈ |0..10|11 []) + 35·(x_3 ∈ |0..10|11 []) + 42·(x_4 ∈ |0..10|11 []) + 16·(x_5 ∈ |0..10|11 []) + 27·(x_6 ∈ |0..10|11 []) + 12·(x_7 ∈ |0..10|11 []) + 3·(x_8 ∈ |0..10|11 []) + 12·(x_9 ∈ |0..10|11 []) + 48·(x_10 ∈ |0..10|11 []) ≤ 1200
	w195:	7·(x_1 ∈ |0..10|11 []) + 33·(x_2 ∈ |0..10|11 []) + 49·(x_3 ∈ |0..10|11 []) + 32·(x_4 ∈ |0..10|11 []) + 27·(x_5 ∈ |0..10|11 []) + 22·(x_6 ∈ |0..10|11 []) + 17·(x_7 ∈ |0..10|11 []) + 2·(x_8 ∈ |0..10|11 []) + 14·(x_9 ∈ |0..10|11 []) + 34·(x_10 ∈ |0..10|11 []) ≤ 1270
	w196:	26·(x_1 ∈ |0..10|11 []) + 49·(x_2 ∈ |0..10|11 []) + 49·(x_3 ∈ |0..10|11 []) + 15·(x_4 ∈ |0..10|11 []) + 10·(x_5 ∈ |0..10|11 []) + 36·(x_6 ∈ |0..10|11 []) + 7·(x_7 ∈ |0..10|11 []) + 10·(x_8 ∈ |0..10|11 []) + 11·(x_9 ∈ |0..10|11 []) + 38·(x_10 ∈ |0..10|11 []) ≤ 1340
	w197:	42·(x_1 ∈ |0..10|11 []) + 16·(x_2 ∈ |0..10|11 []) + 23·(x_3 ∈ |0..10|11 []) + 22·(x_4 ∈ |0..10|11 []) + 3·(x_5 ∈ |0..10|11 []) + 34·(x_6 ∈ |0..10|11 []) + 35·(x_7 ∈ |0..10|11 []) + 43·(x_8 ∈ |0..10|11 []) + 22·(x_9 ∈ |0..10|11 []) + 7·(x_10 ∈ |0..10|11 []) ≤ 1320
	w198:	2·(x_1 ∈ |0..10|11 []) + 20·(x_2 ∈ |0..10|11 []) + 16·(x_3 ∈ |0..10|11 []) + 27·(x_4 ∈ |0..10|11 []) + 31·(x_5 ∈ |0..10|11 []) + 14·(x_6 ∈ |0..10|11 []) + 27·(x_7 ∈ |0..10|11 []) + 44·(x_8 ∈ |0..10|11 []) + 34·(x_9 ∈ |0..10|11 []) + 36·(x_10 ∈ |0..10|11 []) ≤ 1340
	w199:	35·(x_1 ∈ |0..10|11 []) + 6·(x_2 ∈ |0..10|11 []) + 42·(x_3 ∈ |0..10|11 []) + (x_4 ∈ |0..10|11 []) + 30·(x_5 ∈ |0..10|11 []) + 13·(x_6 ∈ |0..10|11 []) + 14·(x_7 ∈ |0..10|11 []) + 42·(x_8 ∈ |0..10|11 []) + 11·(x_9 ∈ |0..10|11 []) + 46·(x_10 ∈ |0..10|11 []) ≤ 1280
	w200:	6·(x_1 ∈ |0..10|11 []) + 14·(x_2 ∈ |0..10|11 []) + 48·(x_3 ∈ |0..10|11 []) + 4·(x_4 ∈ |0..10|11 []) + 16·(x_5 ∈ |0..10|11 []) + 35·(x_6 ∈ |0..10|11 []) + 24·(x_7 ∈ |0..10|11 []) + 25·(x_8 ∈ |0..10|11 []) + 34·(x_9 ∈ |0..10|11 []) + 7·(x_10 ∈ |0..10|11 []) ≤ 1140
	profits:	48·(x_1 ∈ |0..10|11 []) + 34·(x_2 ∈ |0..10|11 []) + 21·(x_3 ∈ |0..10|11 []) + 9·(x_4 ∈ |0..10|11 []) + 13·(x_5 ∈ |0..10|11 []) + 48·(x_6 ∈ |0..10|11 []) + 20·(x_7 ∈ |0..10|11 []) + 35·(x_8 ∈ |0..10|11 []) + 26·(x_9 ∈ |0..10|11 []) + 19·(x_10 ∈ |0..10|11 []) ≥ 1260
	CSE: ""

CMD timeout 180 java -Xmx3000000k -Xmx3000000k -Xss128m -cp ./bin/fun-scop/scop.jar fun.scop.launcher.XCSP19Encode -hybrid -tmp ./experiments/mbkp-control/aux ./experiments/mbkp-control/aux/0687.scop.xcsp
Encoded Fun-sCOP () in 12.761384 seconds as 1306134/3662883/10668992

SOLVE T/O Some(60.0)
SOLVE DONE @1.9016284
SOLVE CALL RESULT: Got SAT in 1.9016284s with check None: 
BATCH.SH END 0
