BATCH.SH START ./experiments/mbkp-control/runs:0076 (ulimit --clean)
Start EncodeRecord { instance: Some(Instance { problem: Mbkp { bound: 10, n_: 10, m_: 200, q_: 50, family: 1, s_: 25, seed: 4, fl: "0.4", fu: None, skip_obj: true }, i: 8, lp: "./experiments/mbkp-control/lps/1/4_01.lp" }), experiment: Some(Experiment { system: SavileRow, pb_encoding: Gmto, int_encoding: Dir, con_encoding: Include, split_eq: false, model_config: ModelConfig { scm: Add, cutoff: Order, decomposer: Gt, equalize_ternaries: true, add_consistency: false, propagate: None, equalize_uniform_bin_ineqs: false } }), statics: None, pb_statics: None, principal: None, time: None, dimacs: None }
model = 
	w1:	22·(x_1 ∈ |0..10|11 []) + 44·(x_2 ∈ |0..10|11 []) + 4·(x_3 ∈ |0..10|11 []) + 30·(x_4 ∈ |0..10|11 []) + 45·(x_5 ∈ |0..10|11 []) + 17·(x_6 ∈ |0..10|11 []) + 49·(x_7 ∈ |0..10|11 []) + (x_8 ∈ |0..10|11 []) + 7·(x_9 ∈ |0..10|11 []) + 38·(x_10 ∈ |0..10|11 []) ≤ 1040
	w2:	31·(x_1 ∈ |0..10|11 []) + 31·(x_2 ∈ |0..10|11 []) + 32·(x_3 ∈ |0..10|11 []) + 36·(x_4 ∈ |0..10|11 []) + 31·(x_5 ∈ |0..10|11 []) + 47·(x_6 ∈ |0..10|11 []) + 15·(x_7 ∈ |0..10|11 []) + 2·(x_8 ∈ |0..10|11 []) + 20·(x_9 ∈ |0..10|11 []) + 11·(x_10 ∈ |0..10|11 []) ≤ 1040
	w3:	44·(x_1 ∈ |0..10|11 []) + 18·(x_2 ∈ |0..10|11 []) + 44·(x_3 ∈ |0..10|11 []) + 17·(x_4 ∈ |0..10|11 []) + 17·(x_5 ∈ |0..10|11 []) + 13·(x_6 ∈ |0..10|11 []) + 10·(x_7 ∈ |0..10|11 []) + 47·(x_8 ∈ |0..10|11 []) + 26·(x_9 ∈ |0..10|11 []) + 5·(x_10 ∈ |0..10|11 []) ≤ 980
	w4:	5·(x_1 ∈ |0..10|11 []) + 38·(x_2 ∈ |0..10|11 []) + 3·(x_3 ∈ |0..10|11 []) + 21·(x_4 ∈ |0..10|11 []) + 29·(x_5 ∈ |0..10|11 []) + 49·(x_6 ∈ |0..10|11 []) + 46·(x_7 ∈ |0..10|11 []) + 22·(x_8 ∈ |0..10|11 []) + 11·(x_9 ∈ |0..10|11 []) + 41·(x_10 ∈ |0..10|11 []) ≤ 1080
	w5:	47·(x_1 ∈ |0..10|11 []) + 48·(x_2 ∈ |0..10|11 []) + 47·(x_3 ∈ |0..10|11 []) + 5·(x_4 ∈ |0..10|11 []) + 49·(x_5 ∈ |0..10|11 []) + 6·(x_6 ∈ |0..10|11 []) + 39·(x_7 ∈ |0..10|11 []) + 6·(x_8 ∈ |0..10|11 []) + 29·(x_9 ∈ |0..10|11 []) + 36·(x_10 ∈ |0..10|11 []) ≤ 1270
	w6:	43·(x_1 ∈ |0..10|11 []) + 40·(x_2 ∈ |0..10|11 []) + 11·(x_3 ∈ |0..10|11 []) + 48·(x_4 ∈ |0..10|11 []) + 21·(x_5 ∈ |0..10|11 []) + 13·(x_6 ∈ |0..10|11 []) + 43·(x_7 ∈ |0..10|11 []) + 6·(x_8 ∈ |0..10|11 []) + 19·(x_9 ∈ |0..10|11 []) + 47·(x_10 ∈ |0..10|11 []) ≤ 1180
	w7:	11·(x_1 ∈ |0..10|11 []) + 33·(x_2 ∈ |0..10|11 []) + 5·(x_3 ∈ |0..10|11 []) + 33·(x_4 ∈ |0..10|11 []) + 45·(x_5 ∈ |0..10|11 []) + 45·(x_6 ∈ |0..10|11 []) + 41·(x_7 ∈ |0..10|11 []) + 14·(x_8 ∈ |0..10|11 []) + 31·(x_9 ∈ |0..10|11 []) + 27·(x_10 ∈ |0..10|11 []) ≤ 1160
	w8:	8·(x_1 ∈ |0..10|11 []) + 44·(x_2 ∈ |0..10|11 []) + 16·(x_3 ∈ |0..10|11 []) + 9·(x_4 ∈ |0..10|11 []) + 43·(x_5 ∈ |0..10|11 []) + 33·(x_6 ∈ |0..10|11 []) + 31·(x_7 ∈ |0..10|11 []) + 10·(x_8 ∈ |0..10|11 []) + (x_9 ∈ |0..10|11 []) + 24·(x_10 ∈ |0..10|11 []) ≤ 890
	w9:	48·(x_1 ∈ |0..10|11 []) + 28·(x_2 ∈ |0..10|11 []) + 27·(x_3 ∈ |0..10|11 []) + 23·(x_4 ∈ |0..10|11 []) + 10·(x_5 ∈ |0..10|11 []) + 13·(x_6 ∈ |0..10|11 []) + 24·(x_7 ∈ |0..10|11 []) + 47·(x_8 ∈ |0..10|11 []) + 4·(x_9 ∈ |0..10|11 []) + 6·(x_10 ∈ |0..10|11 []) ≤ 930
	w10:	46·(x_1 ∈ |0..10|11 []) + 42·(x_2 ∈ |0..10|11 []) + 2·(x_3 ∈ |0..10|11 []) + 34·(x_4 ∈ |0..10|11 []) + 16·(x_5 ∈ |0..10|11 []) + 37·(x_6 ∈ |0..10|11 []) + 11·(x_7 ∈ |0..10|11 []) + 8·(x_8 ∈ |0..10|11 []) + 35·(x_9 ∈ |0..10|11 []) + (x_10 ∈ |0..10|11 []) ≤ 940
	w11:	11·(x_1 ∈ |0..10|11 []) + 49·(x_2 ∈ |0..10|11 []) + 21·(x_3 ∈ |0..10|11 []) + 21·(x_4 ∈ |0..10|11 []) + 12·(x_5 ∈ |0..10|11 []) + 28·(x_6 ∈ |0..10|11 []) + 22·(x_7 ∈ |0..10|11 []) + 44·(x_8 ∈ |0..10|11 []) + 22·(x_9 ∈ |0..10|11 []) + 13·(x_10 ∈ |0..10|11 []) ≤ 990
	w12:	7·(x_1 ∈ |0..10|11 []) + 46·(x_2 ∈ |0..10|11 []) + 27·(x_3 ∈ |0..10|11 []) + 5·(x_4 ∈ |0..10|11 []) + 5·(x_5 ∈ |0..10|11 []) + 29·(x_6 ∈ |0..10|11 []) + 5·(x_7 ∈ |0..10|11 []) + 45·(x_8 ∈ |0..10|11 []) + 8·(x_9 ∈ |0..10|11 []) + (x_10 ∈ |0..10|11 []) ≤ 720
	w13:	(x_1 ∈ |0..10|11 []) + 18·(x_2 ∈ |0..10|11 []) + 46·(x_3 ∈ |0..10|11 []) + 36·(x_4 ∈ |0..10|11 []) + 21·(x_5 ∈ |0..10|11 []) + 12·(x_6 ∈ |0..10|11 []) + 43·(x_7 ∈ |0..10|11 []) + 2·(x_8 ∈ |0..10|11 []) + 40·(x_9 ∈ |0..10|11 []) + 47·(x_10 ∈ |0..10|11 []) ≤ 1080
	w14:	26·(x_1 ∈ |0..10|11 []) + 28·(x_2 ∈ |0..10|11 []) + 20·(x_3 ∈ |0..10|11 []) + (x_4 ∈ |0..10|11 []) + 21·(x_5 ∈ |0..10|11 []) + 27·(x_6 ∈ |0..10|11 []) + 7·(x_7 ∈ |0..10|11 []) + 23·(x_8 ∈ |0..10|11 []) + 26·(x_9 ∈ |0..10|11 []) + 30·(x_10 ∈ |0..10|11 []) ≤ 850
	w15:	34·(x_1 ∈ |0..10|11 []) + (x_2 ∈ |0..10|11 []) + 17·(x_3 ∈ |0..10|11 []) + 13·(x_4 ∈ |0..10|11 []) + 2·(x_5 ∈ |0..10|11 []) + 4·(x_6 ∈ |0..10|11 []) + 9·(x_7 ∈ |0..10|11 []) + 30·(x_8 ∈ |0..10|11 []) + 16·(x_9 ∈ |0..10|11 []) + 16·(x_10 ∈ |0..10|11 []) ≤ 570
	w16:	21·(x_1 ∈ |0..10|11 []) + 25·(x_2 ∈ |0..10|11 []) + 17·(x_3 ∈ |0..10|11 []) + 31·(x_4 ∈ |0..10|11 []) + 27·(x_5 ∈ |0..10|11 []) + 20·(x_6 ∈ |0..10|11 []) + 43·(x_7 ∈ |0..10|11 []) + 26·(x_8 ∈ |0..10|11 []) + 9·(x_9 ∈ |0..10|11 []) + 32·(x_10 ∈ |0..10|11 []) ≤ 1020
	w17:	(x_1 ∈ |0..10|11 []) + 23·(x_2 ∈ |0..10|11 []) + 43·(x_3 ∈ |0..10|11 []) + 26·(x_4 ∈ |0..10|11 []) + 49·(x_5 ∈ |0..10|11 []) + 17·(x_6 ∈ |0..10|11 []) + 24·(x_7 ∈ |0..10|11 []) + 10·(x_8 ∈ |0..10|11 []) + 16·(x_9 ∈ |0..10|11 []) + 7·(x_10 ∈ |0..10|11 []) ≤ 880
	w18:	(x_1 ∈ |0..10|11 []) + 37·(x_2 ∈ |0..10|11 []) + 49·(x_3 ∈ |0..10|11 []) + 39·(x_4 ∈ |0..10|11 []) + 46·(x_5 ∈ |0..10|11 []) + 31·(x_6 ∈ |0..10|11 []) + 46·(x_7 ∈ |0..10|11 []) + 16·(x_8 ∈ |0..10|11 []) + 18·(x_9 ∈ |0..10|11 []) + 15·(x_10 ∈ |0..10|11 []) ≤ 1210
	w19:	20·(x_1 ∈ |0..10|11 []) + 19·(x_2 ∈ |0..10|11 []) + (x_3 ∈ |0..10|11 []) + 27·(x_4 ∈ |0..10|11 []) + 34·(x_5 ∈ |0..10|11 []) + 34·(x_6 ∈ |0..10|11 []) + 42·(x_7 ∈ |0..10|11 []) + 43·(x_8 ∈ |0..10|11 []) + 27·(x_9 ∈ |0..10|11 []) + 22·(x_10 ∈ |0..10|11 []) ≤ 1090
	w20:	25·(x_1 ∈ |0..10|11 []) + 17·(x_2 ∈ |0..10|11 []) + 17·(x_3 ∈ |0..10|11 []) + 9·(x_4 ∈ |0..10|11 []) + 11·(x_5 ∈ |0..10|11 []) + 20·(x_6 ∈ |0..10|11 []) + 16·(x_7 ∈ |0..10|11 []) + (x_8 ∈ |0..10|11 []) + 49·(x_9 ∈ |0..10|11 []) + 28·(x_10 ∈ |0..10|11 []) ≤ 780
	w21:	24·(x_1 ∈ |0..10|11 []) + 24·(x_2 ∈ |0..10|11 []) + 8·(x_3 ∈ |0..10|11 []) + 17·(x_4 ∈ |0..10|11 []) + 43·(x_5 ∈ |0..10|11 []) + 7·(x_6 ∈ |0..10|11 []) + 28·(x_7 ∈ |0..10|11 []) + 27·(x_8 ∈ |0..10|11 []) + 26·(x_9 ∈ |0..10|11 []) + 42·(x_10 ∈ |0..10|11 []) ≤ 1000
	w22:	25·(x_1 ∈ |0..10|11 []) + 4·(x_2 ∈ |0..10|11 []) + 24·(x_3 ∈ |0..10|11 []) + 38·(x_4 ∈ |0..10|11 []) + 43·(x_5 ∈ |0..10|11 []) + 12·(x_6 ∈ |0..10|11 []) + 22·(x_7 ∈ |0..10|11 []) + 48·(x_8 ∈ |0..10|11 []) + 11·(x_9 ∈ |0..10|11 []) + 27·(x_10 ∈ |0..10|11 []) ≤ 1030
	w23:	28·(x_1 ∈ |0..10|11 []) + 23·(x_2 ∈ |0..10|11 []) + 21·(x_3 ∈ |0..10|11 []) + 10·(x_4 ∈ |0..10|11 []) + 13·(x_5 ∈ |0..10|11 []) + 46·(x_6 ∈ |0..10|11 []) + 3·(x_7 ∈ |0..10|11 []) + 14·(x_8 ∈ |0..10|11 []) + 46·(x_9 ∈ |0..10|11 []) + 32·(x_10 ∈ |0..10|11 []) ≤ 960
	w24:	6·(x_1 ∈ |0..10|11 []) + 7·(x_2 ∈ |0..10|11 []) + 25·(x_3 ∈ |0..10|11 []) + 6·(x_4 ∈ |0..10|11 []) + 14·(x_5 ∈ |0..10|11 []) + 34·(x_6 ∈ |0..10|11 []) + 19·(x_7 ∈ |0..10|11 []) + 9·(x_8 ∈ |0..10|11 []) + 48·(x_9 ∈ |0..10|11 []) + 37·(x_10 ∈ |0..10|11 []) ≤ 830
	w25:	3·(x_1 ∈ |0..10|11 []) + 33·(x_2 ∈ |0..10|11 []) + 13·(x_3 ∈ |0..10|11 []) + 2·(x_4 ∈ |0..10|11 []) + 24·(x_5 ∈ |0..10|11 []) + 16·(x_6 ∈ |0..10|11 []) + 27·(x_7 ∈ |0..10|11 []) + 47·(x_8 ∈ |0..10|11 []) + 22·(x_9 ∈ |0..10|11 []) + 15·(x_10 ∈ |0..10|11 []) ≤ 820
	w26:	48·(x_1 ∈ |0..10|11 []) + 38·(x_2 ∈ |0..10|11 []) + 34·(x_3 ∈ |0..10|11 []) + 16·(x_4 ∈ |0..10|11 []) + 34·(x_5 ∈ |0..10|11 []) + 43·(x_6 ∈ |0..10|11 []) + 47·(x_7 ∈ |0..10|11 []) + 41·(x_8 ∈ |0..10|11 []) + 27·(x_9 ∈ |0..10|11 []) + 38·(x_10 ∈ |0..10|11 []) ≤ 1490
	w27:	48·(x_1 ∈ |0..10|11 []) + 35·(x_2 ∈ |0..10|11 []) + 13·(x_3 ∈ |0..10|11 []) + 29·(x_4 ∈ |0..10|11 []) + 5·(x_5 ∈ |0..10|11 []) + 23·(x_6 ∈ |0..10|11 []) + 16·(x_7 ∈ |0..10|11 []) + 29·(x_8 ∈ |0..10|11 []) + 32·(x_9 ∈ |0..10|11 []) + 9·(x_10 ∈ |0..10|11 []) ≤ 970
	w28:	38·(x_1 ∈ |0..10|11 []) + 18·(x_2 ∈ |0..10|11 []) + 14·(x_3 ∈ |0..10|11 []) + 32·(x_4 ∈ |0..10|11 []) + (x_5 ∈ |0..10|11 []) + 41·(x_6 ∈ |0..10|11 []) + 10·(x_7 ∈ |0..10|11 []) + 5·(x_8 ∈ |0..10|11 []) + 40·(x_9 ∈ |0..10|11 []) + 19·(x_10 ∈ |0..10|11 []) ≤ 880
	w29:	46·(x_1 ∈ |0..10|11 []) + 12·(x_2 ∈ |0..10|11 []) + 23·(x_3 ∈ |0..10|11 []) + 3·(x_4 ∈ |0..10|11 []) + 39·(x_5 ∈ |0..10|11 []) + 9·(x_6 ∈ |0..10|11 []) + 39·(x_7 ∈ |0..10|11 []) + 14·(x_8 ∈ |0..10|11 []) + 37·(x_9 ∈ |0..10|11 []) + 15·(x_10 ∈ |0..10|11 []) ≤ 960
	w30:	6·(x_1 ∈ |0..10|11 []) + 33·(x_2 ∈ |0..10|11 []) + 28·(x_3 ∈ |0..10|11 []) + 46·(x_4 ∈ |0..10|11 []) + 6·(x_5 ∈ |0..10|11 []) + (x_6 ∈ |0..10|11 []) + 20·(x_7 ∈ |0..10|11 []) + 30·(x_8 ∈ |0..10|11 []) + 43·(x_9 ∈ |0..10|11 []) + 33·(x_10 ∈ |0..10|11 []) ≤ 1000
	w31:	9·(x_1 ∈ |0..10|11 []) + 7·(x_2 ∈ |0..10|11 []) + 16·(x_3 ∈ |0..10|11 []) + 13·(x_4 ∈ |0..10|11 []) + 41·(x_5 ∈ |0..10|11 []) + 15·(x_6 ∈ |0..10|11 []) + 32·(x_7 ∈ |0..10|11 []) + 20·(x_8 ∈ |0..10|11 []) + 40·(x_9 ∈ |0..10|11 []) + 40·(x_10 ∈ |0..10|11 []) ≤ 950
	w32:	40·(x_1 ∈ |0..10|11 []) + 35·(x_2 ∈ |0..10|11 []) + 13·(x_3 ∈ |0..10|11 []) + 23·(x_4 ∈ |0..10|11 []) + 25·(x_5 ∈ |0..10|11 []) + 26·(x_6 ∈ |0..10|11 []) + 24·(x_7 ∈ |0..10|11 []) + 24·(x_8 ∈ |0..10|11 []) + 37·(x_9 ∈ |0..10|11 []) + 9·(x_10 ∈ |0..10|11 []) ≤ 1040
	w33:	2·(x_1 ∈ |0..10|11 []) + 7·(x_2 ∈ |0..10|11 []) + 40·(x_3 ∈ |0..10|11 []) + 23·(x_4 ∈ |0..10|11 []) + 19·(x_5 ∈ |0..10|11 []) + 31·(x_6 ∈ |0..10|11 []) + 17·(x_7 ∈ |0..10|11 []) + 4·(x_8 ∈ |0..10|11 []) + 28·(x_9 ∈ |0..10|11 []) + 18·(x_10 ∈ |0..10|11 []) ≤ 770
	w34:	13·(x_1 ∈ |0..10|11 []) + 35·(x_2 ∈ |0..10|11 []) + 36·(x_3 ∈ |0..10|11 []) + 36·(x_4 ∈ |0..10|11 []) + 15·(x_5 ∈ |0..10|11 []) + 27·(x_6 ∈ |0..10|11 []) + 25·(x_7 ∈ |0..10|11 []) + 32·(x_8 ∈ |0..10|11 []) + 31·(x_9 ∈ |0..10|11 []) + 10·(x_10 ∈ |0..10|11 []) ≤ 1060
	w35:	25·(x_1 ∈ |0..10|11 []) + 32·(x_2 ∈ |0..10|11 []) + 9·(x_3 ∈ |0..10|11 []) + 5·(x_4 ∈ |0..10|11 []) + 36·(x_5 ∈ |0..10|11 []) + 22·(x_6 ∈ |0..10|11 []) + 38·(x_7 ∈ |0..10|11 []) + 36·(x_8 ∈ |0..10|11 []) + 2·(x_9 ∈ |0..10|11 []) + 43·(x_10 ∈ |0..10|11 []) ≤ 1010
	w36:	43·(x_1 ∈ |0..10|11 []) + 40·(x_2 ∈ |0..10|11 []) + 38·(x_3 ∈ |0..10|11 []) + 6·(x_4 ∈ |0..10|11 []) + 22·(x_5 ∈ |0..10|11 []) + 10·(x_6 ∈ |0..10|11 []) + 19·(x_7 ∈ |0..10|11 []) + 48·(x_8 ∈ |0..10|11 []) + 24·(x_9 ∈ |0..10|11 []) + 36·(x_10 ∈ |0..10|11 []) ≤ 1160
	w37:	17·(x_1 ∈ |0..10|11 []) + 25·(x_2 ∈ |0..10|11 []) + 4·(x_3 ∈ |0..10|11 []) + 44·(x_4 ∈ |0..10|11 []) + 15·(x_5 ∈ |0..10|11 []) + 12·(x_6 ∈ |0..10|11 []) + 40·(x_7 ∈ |0..10|11 []) + 32·(x_8 ∈ |0..10|11 []) + 46·(x_9 ∈ |0..10|11 []) + 12·(x_10 ∈ |0..10|11 []) ≤ 1000
	w38:	38·(x_1 ∈ |0..10|11 []) + 28·(x_2 ∈ |0..10|11 []) + 36·(x_3 ∈ |0..10|11 []) + 16·(x_4 ∈ |0..10|11 []) + 45·(x_5 ∈ |0..10|11 []) + 41·(x_6 ∈ |0..10|11 []) + 41·(x_7 ∈ |0..10|11 []) + 32·(x_8 ∈ |0..10|11 []) + 34·(x_9 ∈ |0..10|11 []) + (x_10 ∈ |0..10|11 []) ≤ 1270
	w39:	11·(x_1 ∈ |0..10|11 []) + 31·(x_2 ∈ |0..10|11 []) + (x_3 ∈ |0..10|11 []) + 36·(x_4 ∈ |0..10|11 []) + 39·(x_5 ∈ |0..10|11 []) + 25·(x_6 ∈ |0..10|11 []) + 22·(x_7 ∈ |0..10|11 []) + 29·(x_8 ∈ |0..10|11 []) + 47·(x_9 ∈ |0..10|11 []) + 30·(x_10 ∈ |0..10|11 []) ≤ 1100
	w40:	35·(x_1 ∈ |0..10|11 []) + 26·(x_2 ∈ |0..10|11 []) + 9·(x_3 ∈ |0..10|11 []) + 19·(x_4 ∈ |0..10|11 []) + 37·(x_5 ∈ |0..10|11 []) + 14·(x_6 ∈ |0..10|11 []) + 32·(x_7 ∈ |0..10|11 []) + 9·(x_8 ∈ |0..10|11 []) + 18·(x_9 ∈ |0..10|11 []) + 13·(x_10 ∈ |0..10|11 []) ≤ 860
	w41:	9·(x_1 ∈ |0..10|11 []) + 22·(x_2 ∈ |0..10|11 []) + 32·(x_3 ∈ |0..10|11 []) + 8·(x_4 ∈ |0..10|11 []) + 9·(x_5 ∈ |0..10|11 []) + 28·(x_6 ∈ |0..10|11 []) + 49·(x_7 ∈ |0..10|11 []) + 44·(x_8 ∈ |0..10|11 []) + 31·(x_9 ∈ |0..10|11 []) + 11·(x_10 ∈ |0..10|11 []) ≤ 990
	w42:	19·(x_1 ∈ |0..10|11 []) + 27·(x_2 ∈ |0..10|11 []) + 12·(x_3 ∈ |0..10|11 []) + 22·(x_4 ∈ |0..10|11 []) + 32·(x_5 ∈ |0..10|11 []) + 43·(x_6 ∈ |0..10|11 []) + 39·(x_7 ∈ |0..10|11 []) + 13·(x_8 ∈ |0..10|11 []) + 34·(x_9 ∈ |0..10|11 []) + 48·(x_10 ∈ |0..10|11 []) ≤ 1170
	w43:	12·(x_1 ∈ |0..10|11 []) + 19·(x_2 ∈ |0..10|11 []) + 35·(x_3 ∈ |0..10|11 []) + 8·(x_4 ∈ |0..10|11 []) + 16·(x_5 ∈ |0..10|11 []) + 31·(x_6 ∈ |0..10|11 []) + 30·(x_7 ∈ |0..10|11 []) + 6·(x_8 ∈ |0..10|11 []) + 42·(x_9 ∈ |0..10|11 []) + (x_10 ∈ |0..10|11 []) ≤ 810
	w44:	11·(x_1 ∈ |0..10|11 []) + 19·(x_2 ∈ |0..10|11 []) + 2·(x_3 ∈ |0..10|11 []) + 31·(x_4 ∈ |0..10|11 []) + 5·(x_5 ∈ |0..10|11 []) + 40·(x_6 ∈ |0..10|11 []) + 25·(x_7 ∈ |0..10|11 []) + 35·(x_8 ∈ |0..10|11 []) + 31·(x_9 ∈ |0..10|11 []) + 3·(x_10 ∈ |0..10|11 []) ≤ 820
	w45:	4·(x_1 ∈ |0..10|11 []) + 22·(x_2 ∈ |0..10|11 []) + 39·(x_3 ∈ |0..10|11 []) + 26·(x_4 ∈ |0..10|11 []) + 48·(x_5 ∈ |0..10|11 []) + 14·(x_6 ∈ |0..10|11 []) + 3·(x_7 ∈ |0..10|11 []) + 39·(x_8 ∈ |0..10|11 []) + 29·(x_9 ∈ |0..10|11 []) + 30·(x_10 ∈ |0..10|11 []) ≤ 1030
	w46:	45·(x_1 ∈ |0..10|11 []) + 6·(x_2 ∈ |0..10|11 []) + 8·(x_3 ∈ |0..10|11 []) + 38·(x_4 ∈ |0..10|11 []) + 23·(x_5 ∈ |0..10|11 []) + 43·(x_6 ∈ |0..10|11 []) + 48·(x_7 ∈ |0..10|11 []) + 33·(x_8 ∈ |0..10|11 []) + 47·(x_9 ∈ |0..10|11 []) + 44·(x_10 ∈ |0..10|11 []) ≤ 1360
	w47:	25·(x_1 ∈ |0..10|11 []) + 46·(x_2 ∈ |0..10|11 []) + 25·(x_3 ∈ |0..10|11 []) + 5·(x_4 ∈ |0..10|11 []) + 18·(x_5 ∈ |0..10|11 []) + 21·(x_6 ∈ |0..10|11 []) + 8·(x_7 ∈ |0..10|11 []) + 11·(x_8 ∈ |0..10|11 []) + 43·(x_9 ∈ |0..10|11 []) + 16·(x_10 ∈ |0..10|11 []) ≤ 880
	w48:	15·(x_1 ∈ |0..10|11 []) + 38·(x_2 ∈ |0..10|11 []) + 18·(x_3 ∈ |0..10|11 []) + 26·(x_4 ∈ |0..10|11 []) + 28·(x_5 ∈ |0..10|11 []) + 37·(x_6 ∈ |0..10|11 []) + 4·(x_7 ∈ |0..10|11 []) + 28·(x_8 ∈ |0..10|11 []) + 40·(x_9 ∈ |0..10|11 []) + 20·(x_10 ∈ |0..10|11 []) ≤ 1030
	w49:	41·(x_1 ∈ |0..10|11 []) + 36·(x_2 ∈ |0..10|11 []) + 42·(x_3 ∈ |0..10|11 []) + 47·(x_4 ∈ |0..10|11 []) + 31·(x_5 ∈ |0..10|11 []) + 15·(x_6 ∈ |0..10|11 []) + 12·(x_7 ∈ |0..10|11 []) + 18·(x_8 ∈ |0..10|11 []) + 25·(x_9 ∈ |0..10|11 []) + 32·(x_10 ∈ |0..10|11 []) ≤ 1210
	w50:	40·(x_1 ∈ |0..10|11 []) + 46·(x_2 ∈ |0..10|11 []) + 39·(x_3 ∈ |0..10|11 []) + 45·(x_4 ∈ |0..10|11 []) + 38·(x_5 ∈ |0..10|11 []) + 7·(x_6 ∈ |0..10|11 []) + 24·(x_7 ∈ |0..10|11 []) + 42·(x_8 ∈ |0..10|11 []) + 19·(x_9 ∈ |0..10|11 []) + 32·(x_10 ∈ |0..10|11 []) ≤ 1350
	w51:	8·(x_1 ∈ |0..10|11 []) + 48·(x_2 ∈ |0..10|11 []) + 6·(x_3 ∈ |0..10|11 []) + 35·(x_4 ∈ |0..10|11 []) + 8·(x_5 ∈ |0..10|11 []) + 18·(x_6 ∈ |0..10|11 []) + 35·(x_7 ∈ |0..10|11 []) + 32·(x_8 ∈ |0..10|11 []) + 24·(x_9 ∈ |0..10|11 []) + 12·(x_10 ∈ |0..10|11 []) ≤ 920
	w52:	25·(x_1 ∈ |0..10|11 []) + 42·(x_2 ∈ |0..10|11 []) + 46·(x_3 ∈ |0..10|11 []) + 46·(x_4 ∈ |0..10|11 []) + 25·(x_5 ∈ |0..10|11 []) + 46·(x_6 ∈ |0..10|11 []) + 30·(x_7 ∈ |0..10|11 []) + 7·(x_8 ∈ |0..10|11 []) + 25·(x_9 ∈ |0..10|11 []) + 13·(x_10 ∈ |0..10|11 []) ≤ 1240
	w53:	12·(x_1 ∈ |0..10|11 []) + 21·(x_2 ∈ |0..10|11 []) + 11·(x_3 ∈ |0..10|11 []) + 6·(x_4 ∈ |0..10|11 []) + 23·(x_5 ∈ |0..10|11 []) + 17·(x_6 ∈ |0..10|11 []) + 22·(x_7 ∈ |0..10|11 []) + 44·(x_8 ∈ |0..10|11 []) + 6·(x_9 ∈ |0..10|11 []) + (x_10 ∈ |0..10|11 []) ≤ 660
	w54:	5·(x_1 ∈ |0..10|11 []) + 15·(x_2 ∈ |0..10|11 []) + 3·(x_3 ∈ |0..10|11 []) + 4·(x_4 ∈ |0..10|11 []) + 38·(x_5 ∈ |0..10|11 []) + 29·(x_6 ∈ |0..10|11 []) + 11·(x_7 ∈ |0..10|11 []) + 25·(x_8 ∈ |0..10|11 []) + 28·(x_9 ∈ |0..10|11 []) + 19·(x_10 ∈ |0..10|11 []) ≤ 720
	w55:	27·(x_1 ∈ |0..10|11 []) + 12·(x_2 ∈ |0..10|11 []) + 17·(x_3 ∈ |0..10|11 []) + 28·(x_4 ∈ |0..10|11 []) + (x_5 ∈ |0..10|11 []) + 33·(x_6 ∈ |0..10|11 []) + 17·(x_7 ∈ |0..10|11 []) + 20·(x_8 ∈ |0..10|11 []) + 8·(x_9 ∈ |0..10|11 []) + 9·(x_10 ∈ |0..10|11 []) ≤ 700
	w56:	24·(x_1 ∈ |0..10|11 []) + 8·(x_2 ∈ |0..10|11 []) + 29·(x_3 ∈ |0..10|11 []) + 29·(x_4 ∈ |0..10|11 []) + 15·(x_5 ∈ |0..10|11 []) + 41·(x_6 ∈ |0..10|11 []) + 13·(x_7 ∈ |0..10|11 []) + 20·(x_8 ∈ |0..10|11 []) + 30·(x_9 ∈ |0..10|11 []) + 26·(x_10 ∈ |0..10|11 []) ≤ 950
	w57:	10·(x_1 ∈ |0..10|11 []) + 40·(x_2 ∈ |0..10|11 []) + 41·(x_3 ∈ |0..10|11 []) + 44·(x_4 ∈ |0..10|11 []) + 40·(x_5 ∈ |0..10|11 []) + 12·(x_6 ∈ |0..10|11 []) + 28·(x_7 ∈ |0..10|11 []) + 10·(x_8 ∈ |0..10|11 []) + 5·(x_9 ∈ |0..10|11 []) + 20·(x_10 ∈ |0..10|11 []) ≤ 1020
	w58:	37·(x_1 ∈ |0..10|11 []) + 40·(x_2 ∈ |0..10|11 []) + 23·(x_3 ∈ |0..10|11 []) + 48·(x_4 ∈ |0..10|11 []) + 45·(x_5 ∈ |0..10|11 []) + 3·(x_6 ∈ |0..10|11 []) + 48·(x_7 ∈ |0..10|11 []) + 33·(x_8 ∈ |0..10|11 []) + 18·(x_9 ∈ |0..10|11 []) + 25·(x_10 ∈ |0..10|11 []) ≤ 1300
	w59:	13·(x_1 ∈ |0..10|11 []) + 12·(x_2 ∈ |0..10|11 []) + 39·(x_3 ∈ |0..10|11 []) + 49·(x_4 ∈ |0..10|11 []) + 49·(x_5 ∈ |0..10|11 []) + 25·(x_6 ∈ |0..10|11 []) + 7·(x_7 ∈ |0..10|11 []) + 4·(x_8 ∈ |0..10|11 []) + 32·(x_9 ∈ |0..10|11 []) + 29·(x_10 ∈ |0..10|11 []) ≤ 1050
	w60:	48·(x_1 ∈ |0..10|11 []) + 24·(x_2 ∈ |0..10|11 []) + 6·(x_3 ∈ |0..10|11 []) + 17·(x_4 ∈ |0..10|11 []) + 22·(x_5 ∈ |0..10|11 []) + 22·(x_6 ∈ |0..10|11 []) + 47·(x_7 ∈ |0..10|11 []) + 22·(x_8 ∈ |0..10|11 []) + 39·(x_9 ∈ |0..10|11 []) + 8·(x_10 ∈ |0..10|11 []) ≤ 1040
	w61:	15·(x_1 ∈ |0..10|11 []) + 23·(x_2 ∈ |0..10|11 []) + 10·(x_3 ∈ |0..10|11 []) + 30·(x_4 ∈ |0..10|11 []) + 3·(x_5 ∈ |0..10|11 []) + 2·(x_6 ∈ |0..10|11 []) + 7·(x_7 ∈ |0..10|11 []) + 28·(x_8 ∈ |0..10|11 []) + 14·(x_9 ∈ |0..10|11 []) + 26·(x_10 ∈ |0..10|11 []) ≤ 640
	w62:	(x_1 ∈ |0..10|11 []) + 7·(x_2 ∈ |0..10|11 []) + 28·(x_3 ∈ |0..10|11 []) + 23·(x_4 ∈ |0..10|11 []) + 30·(x_5 ∈ |0..10|11 []) + 35·(x_6 ∈ |0..10|11 []) + 40·(x_7 ∈ |0..10|11 []) + 3·(x_8 ∈ |0..10|11 []) + 47·(x_9 ∈ |0..10|11 []) + 44·(x_10 ∈ |0..10|11 []) ≤ 1050
	w63:	30·(x_1 ∈ |0..10|11 []) + 36·(x_2 ∈ |0..10|11 []) + 43·(x_3 ∈ |0..10|11 []) + 18·(x_4 ∈ |0..10|11 []) + 4·(x_5 ∈ |0..10|11 []) + 48·(x_6 ∈ |0..10|11 []) + 34·(x_7 ∈ |0..10|11 []) + 36·(x_8 ∈ |0..10|11 []) + 42·(x_9 ∈ |0..10|11 []) + 43·(x_10 ∈ |0..10|11 []) ≤ 1360
	w64:	45·(x_1 ∈ |0..10|11 []) + 26·(x_2 ∈ |0..10|11 []) + 7·(x_3 ∈ |0..10|11 []) + 24·(x_4 ∈ |0..10|11 []) + 16·(x_5 ∈ |0..10|11 []) + 46·(x_6 ∈ |0..10|11 []) + 26·(x_7 ∈ |0..10|11 []) + 33·(x_8 ∈ |0..10|11 []) + 32·(x_9 ∈ |0..10|11 []) + 43·(x_10 ∈ |0..10|11 []) ≤ 1210
	w65:	45·(x_1 ∈ |0..10|11 []) + 18·(x_2 ∈ |0..10|11 []) + 48·(x_3 ∈ |0..10|11 []) + (x_4 ∈ |0..10|11 []) + 13·(x_5 ∈ |0..10|11 []) + 13·(x_6 ∈ |0..10|11 []) + 19·(x_7 ∈ |0..10|11 []) + 14·(x_8 ∈ |0..10|11 []) + 47·(x_9 ∈ |0..10|11 []) + 34·(x_10 ∈ |0..10|11 []) ≤ 1020
	w66:	40·(x_1 ∈ |0..10|11 []) + 18·(x_2 ∈ |0..10|11 []) + 17·(x_3 ∈ |0..10|11 []) + 46·(x_4 ∈ |0..10|11 []) + 20·(x_5 ∈ |0..10|11 []) + 2·(x_6 ∈ |0..10|11 []) + 38·(x_7 ∈ |0..10|11 []) + 20·(x_8 ∈ |0..10|11 []) + 4·(x_9 ∈ |0..10|11 []) + 9·(x_10 ∈ |0..10|11 []) ≤ 870
	w67:	42·(x_1 ∈ |0..10|11 []) + 43·(x_2 ∈ |0..10|11 []) + 49·(x_3 ∈ |0..10|11 []) + 35·(x_4 ∈ |0..10|11 []) + 21·(x_5 ∈ |0..10|11 []) + 34·(x_6 ∈ |0..10|11 []) + 17·(x_7 ∈ |0..10|11 []) + 49·(x_8 ∈ |0..10|11 []) + 30·(x_9 ∈ |0..10|11 []) + 47·(x_10 ∈ |0..10|11 []) ≤ 1490
	w68:	25·(x_1 ∈ |0..10|11 []) + 20·(x_2 ∈ |0..10|11 []) + 28·(x_3 ∈ |0..10|11 []) + 27·(x_4 ∈ |0..10|11 []) + 3·(x_5 ∈ |0..10|11 []) + 6·(x_6 ∈ |0..10|11 []) + 23·(x_7 ∈ |0..10|11 []) + 23·(x_8 ∈ |0..10|11 []) + 43·(x_9 ∈ |0..10|11 []) + 9·(x_10 ∈ |0..10|11 []) ≤ 840
	w69:	16·(x_1 ∈ |0..10|11 []) + 22·(x_2 ∈ |0..10|11 []) + 15·(x_3 ∈ |0..10|11 []) + 40·(x_4 ∈ |0..10|11 []) + 17·(x_5 ∈ |0..10|11 []) + 30·(x_6 ∈ |0..10|11 []) + 11·(x_7 ∈ |0..10|11 []) + (x_8 ∈ |0..10|11 []) + 44·(x_9 ∈ |0..10|11 []) + 42·(x_10 ∈ |0..10|11 []) ≤ 970
	w70:	46·(x_1 ∈ |0..10|11 []) + 31·(x_2 ∈ |0..10|11 []) + 30·(x_3 ∈ |0..10|11 []) + 2·(x_4 ∈ |0..10|11 []) + 17·(x_5 ∈ |0..10|11 []) + 20·(x_6 ∈ |0..10|11 []) + 7·(x_7 ∈ |0..10|11 []) + 46·(x_8 ∈ |0..10|11 []) + 13·(x_9 ∈ |0..10|11 []) + 9·(x_10 ∈ |0..10|11 []) ≤ 900
	w71:	45·(x_1 ∈ |0..10|11 []) + 24·(x_2 ∈ |0..10|11 []) + 26·(x_3 ∈ |0..10|11 []) + 32·(x_4 ∈ |0..10|11 []) + 26·(x_5 ∈ |0..10|11 []) + 8·(x_6 ∈ |0..10|11 []) + 2·(x_7 ∈ |0..10|11 []) + 20·(x_8 ∈ |0..10|11 []) + 34·(x_9 ∈ |0..10|11 []) + 8·(x_10 ∈ |0..10|11 []) ≤ 910
	w72:	14·(x_1 ∈ |0..10|11 []) + 33·(x_2 ∈ |0..10|11 []) + 42·(x_3 ∈ |0..10|11 []) + 16·(x_4 ∈ |0..10|11 []) + 42·(x_5 ∈ |0..10|11 []) + 15·(x_6 ∈ |0..10|11 []) + 23·(x_7 ∈ |0..10|11 []) + 40·(x_8 ∈ |0..10|11 []) + 30·(x_9 ∈ |0..10|11 []) + 4·(x_10 ∈ |0..10|11 []) ≤ 1050
	w73:	15·(x_1 ∈ |0..10|11 []) + 41·(x_2 ∈ |0..10|11 []) + 8·(x_3 ∈ |0..10|11 []) + 8·(x_4 ∈ |0..10|11 []) + 16·(x_5 ∈ |0..10|11 []) + 23·(x_6 ∈ |0..10|11 []) + 41·(x_7 ∈ |0..10|11 []) + 9·(x_8 ∈ |0..10|11 []) + 10·(x_9 ∈ |0..10|11 []) + 23·(x_10 ∈ |0..10|11 []) ≤ 790
	w74:	39·(x_1 ∈ |0..10|11 []) + 17·(x_2 ∈ |0..10|11 []) + 29·(x_3 ∈ |0..10|11 []) + 13·(x_4 ∈ |0..10|11 []) + 48·(x_5 ∈ |0..10|11 []) + 27·(x_6 ∈ |0..10|11 []) + 32·(x_7 ∈ |0..10|11 []) + 33·(x_8 ∈ |0..10|11 []) + 39·(x_9 ∈ |0..10|11 []) + 34·(x_10 ∈ |0..10|11 []) ≤ 1260
	w75:	9·(x_1 ∈ |0..10|11 []) + 29·(x_2 ∈ |0..10|11 []) + 32·(x_3 ∈ |0..10|11 []) + 9·(x_4 ∈ |0..10|11 []) + 33·(x_5 ∈ |0..10|11 []) + 34·(x_6 ∈ |0..10|11 []) + 2·(x_7 ∈ |0..10|11 []) + 40·(x_8 ∈ |0..10|11 []) + 42·(x_9 ∈ |0..10|11 []) + 30·(x_10 ∈ |0..10|11 []) ≤ 1060
	w76:	42·(x_1 ∈ |0..10|11 []) + 18·(x_2 ∈ |0..10|11 []) + 32·(x_3 ∈ |0..10|11 []) + 14·(x_4 ∈ |0..10|11 []) + 43·(x_5 ∈ |0..10|11 []) + 13·(x_6 ∈ |0..10|11 []) + 41·(x_7 ∈ |0..10|11 []) + 48·(x_8 ∈ |0..10|11 []) + 29·(x_9 ∈ |0..10|11 []) + 39·(x_10 ∈ |0..10|11 []) ≤ 1300
	w77:	11·(x_1 ∈ |0..10|11 []) + 49·(x_2 ∈ |0..10|11 []) + 39·(x_3 ∈ |0..10|11 []) + 19·(x_4 ∈ |0..10|11 []) + 17·(x_5 ∈ |0..10|11 []) + 7·(x_6 ∈ |0..10|11 []) + 15·(x_7 ∈ |0..10|11 []) + 7·(x_8 ∈ |0..10|11 []) + 22·(x_9 ∈ |0..10|11 []) + 16·(x_10 ∈ |0..10|11 []) ≤ 820
	w78:	18·(x_1 ∈ |0..10|11 []) + 22·(x_2 ∈ |0..10|11 []) + 14·(x_3 ∈ |0..10|11 []) + 42·(x_4 ∈ |0..10|11 []) + 37·(x_5 ∈ |0..10|11 []) + 27·(x_6 ∈ |0..10|11 []) + 11·(x_7 ∈ |0..10|11 []) + 24·(x_8 ∈ |0..10|11 []) + 46·(x_9 ∈ |0..10|11 []) + 9·(x_10 ∈ |0..10|11 []) ≤ 1020
	w79:	31·(x_1 ∈ |0..10|11 []) + 44·(x_2 ∈ |0..10|11 []) + (x_3 ∈ |0..10|11 []) + 2·(x_4 ∈ |0..10|11 []) + 41·(x_5 ∈ |0..10|11 []) + 14·(x_6 ∈ |0..10|11 []) + 3·(x_7 ∈ |0..10|11 []) + 4·(x_8 ∈ |0..10|11 []) + 12·(x_9 ∈ |0..10|11 []) + 12·(x_10 ∈ |0..10|11 []) ≤ 660
	w80:	11·(x_1 ∈ |0..10|11 []) + 20·(x_2 ∈ |0..10|11 []) + 28·(x_3 ∈ |0..10|11 []) + 27·(x_4 ∈ |0..10|11 []) + 21·(x_5 ∈ |0..10|11 []) + 13·(x_6 ∈ |0..10|11 []) + 33·(x_7 ∈ |0..10|11 []) + 16·(x_8 ∈ |0..10|11 []) + 42·(x_9 ∈ |0..10|11 []) + 17·(x_10 ∈ |0..10|11 []) ≤ 930
	w81:	30·(x_1 ∈ |0..10|11 []) + 23·(x_2 ∈ |0..10|11 []) + 34·(x_3 ∈ |0..10|11 []) + 25·(x_4 ∈ |0..10|11 []) + 21·(x_5 ∈ |0..10|11 []) + 35·(x_6 ∈ |0..10|11 []) + 11·(x_7 ∈ |0..10|11 []) + 39·(x_8 ∈ |0..10|11 []) + 46·(x_9 ∈ |0..10|11 []) + 22·(x_10 ∈ |0..10|11 []) ≤ 1160
	w82:	31·(x_1 ∈ |0..10|11 []) + 42·(x_2 ∈ |0..10|11 []) + 36·(x_3 ∈ |0..10|11 []) + 47·(x_4 ∈ |0..10|11 []) + 7·(x_5 ∈ |0..10|11 []) + 21·(x_6 ∈ |0..10|11 []) + 37·(x_7 ∈ |0..10|11 []) + 39·(x_8 ∈ |0..10|11 []) + 3·(x_9 ∈ |0..10|11 []) + 48·(x_10 ∈ |0..10|11 []) ≤ 1260
	w83:	23·(x_1 ∈ |0..10|11 []) + 47·(x_2 ∈ |0..10|11 []) + 22·(x_3 ∈ |0..10|11 []) + 23·(x_4 ∈ |0..10|11 []) + 5·(x_5 ∈ |0..10|11 []) + 42·(x_6 ∈ |0..10|11 []) + 37·(x_7 ∈ |0..10|11 []) + 16·(x_8 ∈ |0..10|11 []) + 24·(x_9 ∈ |0..10|11 []) + 13·(x_10 ∈ |0..10|11 []) ≤ 1020
	w84:	17·(x_1 ∈ |0..10|11 []) + 44·(x_2 ∈ |0..10|11 []) + 28·(x_3 ∈ |0..10|11 []) + 45·(x_4 ∈ |0..10|11 []) + 24·(x_5 ∈ |0..10|11 []) + 43·(x_6 ∈ |0..10|11 []) + 23·(x_7 ∈ |0..10|11 []) + 25·(x_8 ∈ |0..10|11 []) + 3·(x_9 ∈ |0..10|11 []) + 30·(x_10 ∈ |0..10|11 []) ≤ 1150
	w85:	15·(x_1 ∈ |0..10|11 []) + 34·(x_2 ∈ |0..10|11 []) + 17·(x_3 ∈ |0..10|11 []) + 49·(x_4 ∈ |0..10|11 []) + 31·(x_5 ∈ |0..10|11 []) + 14·(x_6 ∈ |0..10|11 []) + (x_7 ∈ |0..10|11 []) + 23·(x_8 ∈ |0..10|11 []) + 36·(x_9 ∈ |0..10|11 []) + 40·(x_10 ∈ |0..10|11 []) ≤ 1060
	w86:	6·(x_1 ∈ |0..10|11 []) + 47·(x_2 ∈ |0..10|11 []) + 42·(x_3 ∈ |0..10|11 []) + 46·(x_4 ∈ |0..10|11 []) + 23·(x_5 ∈ |0..10|11 []) + 9·(x_6 ∈ |0..10|11 []) + 48·(x_7 ∈ |0..10|11 []) + (x_8 ∈ |0..10|11 []) + 3·(x_9 ∈ |0..10|11 []) + 19·(x_10 ∈ |0..10|11 []) ≤ 990
	w87:	28·(x_1 ∈ |0..10|11 []) + 16·(x_2 ∈ |0..10|11 []) + 20·(x_3 ∈ |0..10|11 []) + 8·(x_4 ∈ |0..10|11 []) + 22·(x_5 ∈ |0..10|11 []) + 28·(x_6 ∈ |0..10|11 []) + 5·(x_7 ∈ |0..10|11 []) + 22·(x_8 ∈ |0..10|11 []) + 33·(x_9 ∈ |0..10|11 []) + 6·(x_10 ∈ |0..10|11 []) ≤ 760
	w88:	19·(x_1 ∈ |0..10|11 []) + 5·(x_2 ∈ |0..10|11 []) + 22·(x_3 ∈ |0..10|11 []) + 40·(x_4 ∈ |0..10|11 []) + 6·(x_5 ∈ |0..10|11 []) + 45·(x_6 ∈ |0..10|11 []) + 25·(x_7 ∈ |0..10|11 []) + 38·(x_8 ∈ |0..10|11 []) + 12·(x_9 ∈ |0..10|11 []) + 8·(x_10 ∈ |0..10|11 []) ≤ 890
	w89:	41·(x_1 ∈ |0..10|11 []) + 14·(x_2 ∈ |0..10|11 []) + 8·(x_3 ∈ |0..10|11 []) + (x_4 ∈ |0..10|11 []) + 32·(x_5 ∈ |0..10|11 []) + 36·(x_6 ∈ |0..10|11 []) + 27·(x_7 ∈ |0..10|11 []) + 4·(x_8 ∈ |0..10|11 []) + 33·(x_9 ∈ |0..10|11 []) + 43·(x_10 ∈ |0..10|11 []) ≤ 970
	w90:	39·(x_1 ∈ |0..10|11 []) + 24·(x_2 ∈ |0..10|11 []) + 35·(x_3 ∈ |0..10|11 []) + 3·(x_4 ∈ |0..10|11 []) + 28·(x_5 ∈ |0..10|11 []) + 43·(x_6 ∈ |0..10|11 []) + 19·(x_7 ∈ |0..10|11 []) + 13·(x_8 ∈ |0..10|11 []) + 43·(x_9 ∈ |0..10|11 []) + 48·(x_10 ∈ |0..10|11 []) ≤ 1200
	w91:	16·(x_1 ∈ |0..10|11 []) + 13·(x_2 ∈ |0..10|11 []) + 35·(x_3 ∈ |0..10|11 []) + 11·(x_4 ∈ |0..10|11 []) + 26·(x_5 ∈ |0..10|11 []) + 47·(x_6 ∈ |0..10|11 []) + 47·(x_7 ∈ |0..10|11 []) + 19·(x_8 ∈ |0..10|11 []) + 11·(x_9 ∈ |0..10|11 []) + 15·(x_10 ∈ |0..10|11 []) ≤ 970
	w92:	23·(x_1 ∈ |0..10|11 []) + 13·(x_2 ∈ |0..10|11 []) + 37·(x_3 ∈ |0..10|11 []) + 30·(x_4 ∈ |0..10|11 []) + 13·(x_5 ∈ |0..10|11 []) + 44·(x_6 ∈ |0..10|11 []) + 8·(x_7 ∈ |0..10|11 []) + 27·(x_8 ∈ |0..10|11 []) + 2·(x_9 ∈ |0..10|11 []) + 30·(x_10 ∈ |0..10|11 []) ≤ 920
	w93:	4·(x_1 ∈ |0..10|11 []) + 7·(x_2 ∈ |0..10|11 []) + 9·(x_3 ∈ |0..10|11 []) + 33·(x_4 ∈ |0..10|11 []) + 31·(x_5 ∈ |0..10|11 []) + 49·(x_6 ∈ |0..10|11 []) + 13·(x_7 ∈ |0..10|11 []) + 16·(x_8 ∈ |0..10|11 []) + 30·(x_9 ∈ |0..10|11 []) + 4·(x_10 ∈ |0..10|11 []) ≤ 790
	w94:	10·(x_1 ∈ |0..10|11 []) + 46·(x_2 ∈ |0..10|11 []) + 24·(x_3 ∈ |0..10|11 []) + 13·(x_4 ∈ |0..10|11 []) + 15·(x_5 ∈ |0..10|11 []) + 46·(x_6 ∈ |0..10|11 []) + 24·(x_7 ∈ |0..10|11 []) + 34·(x_8 ∈ |0..10|11 []) + 4·(x_9 ∈ |0..10|11 []) + 14·(x_10 ∈ |0..10|11 []) ≤ 930
	w95:	24·(x_1 ∈ |0..10|11 []) + 44·(x_2 ∈ |0..10|11 []) + 22·(x_3 ∈ |0..10|11 []) + 13·(x_4 ∈ |0..10|11 []) + 26·(x_5 ∈ |0..10|11 []) + 3·(x_6 ∈ |0..10|11 []) + 48·(x_7 ∈ |0..10|11 []) + 18·(x_8 ∈ |0..10|11 []) + 36·(x_9 ∈ |0..10|11 []) + 46·(x_10 ∈ |0..10|11 []) ≤ 1140
	w96:	49·(x_1 ∈ |0..10|11 []) + 12·(x_2 ∈ |0..10|11 []) + 11·(x_3 ∈ |0..10|11 []) + 27·(x_4 ∈ |0..10|11 []) + 23·(x_5 ∈ |0..10|11 []) + 14·(x_6 ∈ |0..10|11 []) + 49·(x_7 ∈ |0..10|11 []) + 23·(x_8 ∈ |0..10|11 []) + 12·(x_9 ∈ |0..10|11 []) + 43·(x_10 ∈ |0..10|11 []) ≤ 1070
	w97:	18·(x_1 ∈ |0..10|11 []) + 31·(x_2 ∈ |0..10|11 []) + 49·(x_3 ∈ |0..10|11 []) + 33·(x_4 ∈ |0..10|11 []) + 7·(x_5 ∈ |0..10|11 []) + 24·(x_6 ∈ |0..10|11 []) + 41·(x_7 ∈ |0..10|11 []) + 30·(x_8 ∈ |0..10|11 []) + 4·(x_9 ∈ |0..10|11 []) + 22·(x_10 ∈ |0..10|11 []) ≤ 1050
	w98:	42·(x_1 ∈ |0..10|11 []) + 42·(x_2 ∈ |0..10|11 []) + 35·(x_3 ∈ |0..10|11 []) + 29·(x_4 ∈ |0..10|11 []) + 16·(x_5 ∈ |0..10|11 []) + 9·(x_6 ∈ |0..10|11 []) + 34·(x_7 ∈ |0..10|11 []) + 9·(x_8 ∈ |0..10|11 []) + 33·(x_9 ∈ |0..10|11 []) + 47·(x_10 ∈ |0..10|11 []) ≤ 1200
	w99:	25·(x_1 ∈ |0..10|11 []) + 20·(x_2 ∈ |0..10|11 []) + 47·(x_3 ∈ |0..10|11 []) + 23·(x_4 ∈ |0..10|11 []) + 3·(x_5 ∈ |0..10|11 []) + 16·(x_6 ∈ |0..10|11 []) + 12·(x_7 ∈ |0..10|11 []) + 42·(x_8 ∈ |0..10|11 []) + 43·(x_9 ∈ |0..10|11 []) + 35·(x_10 ∈ |0..10|11 []) ≤ 1080
	w100:	26·(x_1 ∈ |0..10|11 []) + 19·(x_2 ∈ |0..10|11 []) + 25·(x_3 ∈ |0..10|11 []) + 4·(x_4 ∈ |0..10|11 []) + 36·(x_5 ∈ |0..10|11 []) + 5·(x_6 ∈ |0..10|11 []) + 36·(x_7 ∈ |0..10|11 []) + 22·(x_8 ∈ |0..10|11 []) + 24·(x_9 ∈ |0..10|11 []) + 20·(x_10 ∈ |0..10|11 []) ≤ 880
	w101:	41·(x_1 ∈ |0..10|11 []) + 27·(x_2 ∈ |0..10|11 []) + 32·(x_3 ∈ |0..10|11 []) + 15·(x_4 ∈ |0..10|11 []) + 32·(x_5 ∈ |0..10|11 []) + 40·(x_6 ∈ |0..10|11 []) + (x_7 ∈ |0..10|11 []) + 19·(x_8 ∈ |0..10|11 []) + 48·(x_9 ∈ |0..10|11 []) + 47·(x_10 ∈ |0..10|11 []) ≤ 1230
	w102:	18·(x_1 ∈ |0..10|11 []) + 25·(x_2 ∈ |0..10|11 []) + 29·(x_3 ∈ |0..10|11 []) + 48·(x_4 ∈ |0..10|11 []) + 28·(x_5 ∈ |0..10|11 []) + 33·(x_6 ∈ |0..10|11 []) + 2·(x_7 ∈ |0..10|11 []) + 35·(x_8 ∈ |0..10|11 []) + 47·(x_9 ∈ |0..10|11 []) + 25·(x_10 ∈ |0..10|11 []) ≤ 1180
	w103:	47·(x_1 ∈ |0..10|11 []) + 49·(x_2 ∈ |0..10|11 []) + 31·(x_3 ∈ |0..10|11 []) + 4·(x_4 ∈ |0..10|11 []) + 9·(x_5 ∈ |0..10|11 []) + 41·(x_6 ∈ |0..10|11 []) + 35·(x_7 ∈ |0..10|11 []) + 6·(x_8 ∈ |0..10|11 []) + 20·(x_9 ∈ |0..10|11 []) + 41·(x_10 ∈ |0..10|11 []) ≤ 1150
	w104:	45·(x_1 ∈ |0..10|11 []) + 25·(x_2 ∈ |0..10|11 []) + 9·(x_3 ∈ |0..10|11 []) + 38·(x_4 ∈ |0..10|11 []) + 2·(x_5 ∈ |0..10|11 []) + 47·(x_6 ∈ |0..10|11 []) + 26·(x_7 ∈ |0..10|11 []) + 20·(x_8 ∈ |0..10|11 []) + 30·(x_9 ∈ |0..10|11 []) + 17·(x_10 ∈ |0..10|11 []) ≤ 1050
	w105:	30·(x_1 ∈ |0..10|11 []) + 10·(x_2 ∈ |0..10|11 []) + 26·(x_3 ∈ |0..10|11 []) + 30·(x_4 ∈ |0..10|11 []) + 41·(x_5 ∈ |0..10|11 []) + 26·(x_6 ∈ |0..10|11 []) + 48·(x_7 ∈ |0..10|11 []) + 15·(x_8 ∈ |0..10|11 []) + 46·(x_9 ∈ |0..10|11 []) + 48·(x_10 ∈ |0..10|11 []) ≤ 1300
	w106:	37·(x_1 ∈ |0..10|11 []) + 32·(x_2 ∈ |0..10|11 []) + 19·(x_3 ∈ |0..10|11 []) + 8·(x_4 ∈ |0..10|11 []) + 37·(x_5 ∈ |0..10|11 []) + 32·(x_6 ∈ |0..10|11 []) + 47·(x_7 ∈ |0..10|11 []) + 47·(x_8 ∈ |0..10|11 []) + 42·(x_9 ∈ |0..10|11 []) + 45·(x_10 ∈ |0..10|11 []) ≤ 1410
	w107:	2·(x_1 ∈ |0..10|11 []) + 39·(x_2 ∈ |0..10|11 []) + 45·(x_3 ∈ |0..10|11 []) + 30·(x_4 ∈ |0..10|11 []) + 20·(x_5 ∈ |0..10|11 []) + 15·(x_6 ∈ |0..10|11 []) + 7·(x_7 ∈ |0..10|11 []) + 49·(x_8 ∈ |0..10|11 []) + 26·(x_9 ∈ |0..10|11 []) + 32·(x_10 ∈ |0..10|11 []) ≤ 1080
	w108:	13·(x_1 ∈ |0..10|11 []) + 8·(x_2 ∈ |0..10|11 []) + 45·(x_3 ∈ |0..10|11 []) + 21·(x_4 ∈ |0..10|11 []) + 45·(x_5 ∈ |0..10|11 []) + 42·(x_6 ∈ |0..10|11 []) + 17·(x_7 ∈ |0..10|11 []) + 20·(x_8 ∈ |0..10|11 []) + 10·(x_9 ∈ |0..10|11 []) + 23·(x_10 ∈ |0..10|11 []) ≤ 990
	w109:	42·(x_1 ∈ |0..10|11 []) + 39·(x_2 ∈ |0..10|11 []) + 21·(x_3 ∈ |0..10|11 []) + 40·(x_4 ∈ |0..10|11 []) + 9·(x_5 ∈ |0..10|11 []) + 34·(x_6 ∈ |0..10|11 []) + 9·(x_7 ∈ |0..10|11 []) + 32·(x_8 ∈ |0..10|11 []) + 40·(x_9 ∈ |0..10|11 []) + 35·(x_10 ∈ |0..10|11 []) ≤ 1220
	w110:	45·(x_1 ∈ |0..10|11 []) + 41·(x_2 ∈ |0..10|11 []) + 40·(x_3 ∈ |0..10|11 []) + 19·(x_4 ∈ |0..10|11 []) + 7·(x_5 ∈ |0..10|11 []) + 26·(x_6 ∈ |0..10|11 []) + 44·(x_7 ∈ |0..10|11 []) + 12·(x_8 ∈ |0..10|11 []) + 9·(x_9 ∈ |0..10|11 []) + 46·(x_10 ∈ |0..10|11 []) ≤ 1170
	w111:	7·(x_1 ∈ |0..10|11 []) + 35·(x_2 ∈ |0..10|11 []) + 26·(x_3 ∈ |0..10|11 []) + 42·(x_4 ∈ |0..10|11 []) + 6·(x_5 ∈ |0..10|11 []) + 24·(x_6 ∈ |0..10|11 []) + 49·(x_7 ∈ |0..10|11 []) + 13·(x_8 ∈ |0..10|11 []) + 18·(x_9 ∈ |0..10|11 []) + 32·(x_10 ∈ |0..10|11 []) ≤ 1020
	w112:	44·(x_1 ∈ |0..10|11 []) + 36·(x_2 ∈ |0..10|11 []) + 46·(x_3 ∈ |0..10|11 []) + 44·(x_4 ∈ |0..10|11 []) + 44·(x_5 ∈ |0..10|11 []) + 22·(x_6 ∈ |0..10|11 []) + 31·(x_7 ∈ |0..10|11 []) + 25·(x_8 ∈ |0..10|11 []) + 41·(x_9 ∈ |0..10|11 []) + 21·(x_10 ∈ |0..10|11 []) ≤ 1440
	w113:	7·(x_1 ∈ |0..10|11 []) + 13·(x_2 ∈ |0..10|11 []) + 34·(x_3 ∈ |0..10|11 []) + 32·(x_4 ∈ |0..10|11 []) + 4·(x_5 ∈ |0..10|11 []) + 20·(x_6 ∈ |0..10|11 []) + 29·(x_7 ∈ |0..10|11 []) + 31·(x_8 ∈ |0..10|11 []) + 47·(x_9 ∈ |0..10|11 []) + 8·(x_10 ∈ |0..10|11 []) ≤ 910
	w114:	42·(x_1 ∈ |0..10|11 []) + 16·(x_2 ∈ |0..10|11 []) + 34·(x_3 ∈ |0..10|11 []) + 3·(x_4 ∈ |0..10|11 []) + 2·(x_5 ∈ |0..10|11 []) + 24·(x_6 ∈ |0..10|11 []) + 8·(x_7 ∈ |0..10|11 []) + 46·(x_8 ∈ |0..10|11 []) + 12·(x_9 ∈ |0..10|11 []) + 30·(x_10 ∈ |0..10|11 []) ≤ 880
	w115:	39·(x_1 ∈ |0..10|11 []) + 41·(x_2 ∈ |0..10|11 []) + 46·(x_3 ∈ |0..10|11 []) + 46·(x_4 ∈ |0..10|11 []) + 12·(x_5 ∈ |0..10|11 []) + 13·(x_6 ∈ |0..10|11 []) + 6·(x_7 ∈ |0..10|11 []) + 39·(x_8 ∈ |0..10|11 []) + 25·(x_9 ∈ |0..10|11 []) + 45·(x_10 ∈ |0..10|11 []) ≤ 1270
	w116:	12·(x_1 ∈ |0..10|11 []) + 25·(x_2 ∈ |0..10|11 []) + 11·(x_3 ∈ |0..10|11 []) + 26·(x_4 ∈ |0..10|11 []) + 24·(x_5 ∈ |0..10|11 []) + 8·(x_6 ∈ |0..10|11 []) + 42·(x_7 ∈ |0..10|11 []) + 29·(x_8 ∈ |0..10|11 []) + 16·(x_9 ∈ |0..10|11 []) + 3·(x_10 ∈ |0..10|11 []) ≤ 790
	w117:	36·(x_1 ∈ |0..10|11 []) + 26·(x_2 ∈ |0..10|11 []) + 14·(x_3 ∈ |0..10|11 []) + 36·(x_4 ∈ |0..10|11 []) + 24·(x_5 ∈ |0..10|11 []) + 8·(x_6 ∈ |0..10|11 []) + 20·(x_7 ∈ |0..10|11 []) + 45·(x_8 ∈ |0..10|11 []) + 17·(x_9 ∈ |0..10|11 []) + 35·(x_10 ∈ |0..10|11 []) ≤ 1060
	w118:	28·(x_1 ∈ |0..10|11 []) + 49·(x_2 ∈ |0..10|11 []) + 2·(x_3 ∈ |0..10|11 []) + 8·(x_4 ∈ |0..10|11 []) + 48·(x_5 ∈ |0..10|11 []) + 38·(x_6 ∈ |0..10|11 []) + 36·(x_7 ∈ |0..10|11 []) + 17·(x_8 ∈ |0..10|11 []) + 44·(x_9 ∈ |0..10|11 []) + 28·(x_10 ∈ |0..10|11 []) ≤ 1210
	w119:	38·(x_1 ∈ |0..10|11 []) + 18·(x_2 ∈ |0..10|11 []) + 38·(x_3 ∈ |0..10|11 []) + 46·(x_4 ∈ |0..10|11 []) + 6·(x_5 ∈ |0..10|11 []) + 16·(x_6 ∈ |0..10|11 []) + 34·(x_7 ∈ |0..10|11 []) + 21·(x_8 ∈ |0..10|11 []) + 2·(x_9 ∈ |0..10|11 []) + 28·(x_10 ∈ |0..10|11 []) ≤ 1000
	w120:	15·(x_1 ∈ |0..10|11 []) + 36·(x_2 ∈ |0..10|11 []) + 26·(x_3 ∈ |0..10|11 []) + 37·(x_4 ∈ |0..10|11 []) + 36·(x_5 ∈ |0..10|11 []) + 21·(x_6 ∈ |0..10|11 []) + 21·(x_7 ∈ |0..10|11 []) + 40·(x_8 ∈ |0..10|11 []) + 13·(x_9 ∈ |0..10|11 []) + 23·(x_10 ∈ |0..10|11 []) ≤ 1090
	w121:	25·(x_1 ∈ |0..10|11 []) + 30·(x_2 ∈ |0..10|11 []) + 30·(x_3 ∈ |0..10|11 []) + 27·(x_4 ∈ |0..10|11 []) + 20·(x_5 ∈ |0..10|11 []) + 33·(x_6 ∈ |0..10|11 []) + 45·(x_7 ∈ |0..10|11 []) + 40·(x_8 ∈ |0..10|11 []) + 19·(x_9 ∈ |0..10|11 []) + 34·(x_10 ∈ |0..10|11 []) ≤ 1230
	w122:	23·(x_1 ∈ |0..10|11 []) + 38·(x_2 ∈ |0..10|11 []) + 22·(x_3 ∈ |0..10|11 []) + 38·(x_4 ∈ |0..10|11 []) + 24·(x_5 ∈ |0..10|11 []) + 24·(x_6 ∈ |0..10|11 []) + 25·(x_7 ∈ |0..10|11 []) + 24·(x_8 ∈ |0..10|11 []) + 28·(x_9 ∈ |0..10|11 []) + 40·(x_10 ∈ |0..10|11 []) ≤ 1160
	w123:	47·(x_1 ∈ |0..10|11 []) + 34·(x_2 ∈ |0..10|11 []) + 17·(x_3 ∈ |0..10|11 []) + 48·(x_4 ∈ |0..10|11 []) + 32·(x_5 ∈ |0..10|11 []) + 46·(x_6 ∈ |0..10|11 []) + 38·(x_7 ∈ |0..10|11 []) + 46·(x_8 ∈ |0..10|11 []) + 5·(x_9 ∈ |0..10|11 []) + 32·(x_10 ∈ |0..10|11 []) ≤ 1400
	w124:	49·(x_1 ∈ |0..10|11 []) + 10·(x_2 ∈ |0..10|11 []) + 40·(x_3 ∈ |0..10|11 []) + 5·(x_4 ∈ |0..10|11 []) + 26·(x_5 ∈ |0..10|11 []) + 43·(x_6 ∈ |0..10|11 []) + 14·(x_7 ∈ |0..10|11 []) + 48·(x_8 ∈ |0..10|11 []) + 33·(x_9 ∈ |0..10|11 []) + 29·(x_10 ∈ |0..10|11 []) ≤ 1210
	w125:	39·(x_1 ∈ |0..10|11 []) + 27·(x_2 ∈ |0..10|11 []) + 29·(x_3 ∈ |0..10|11 []) + 20·(x_4 ∈ |0..10|11 []) + 42·(x_5 ∈ |0..10|11 []) + 25·(x_6 ∈ |0..10|11 []) + 27·(x_7 ∈ |0..10|11 []) + 7·(x_8 ∈ |0..10|11 []) + 44·(x_9 ∈ |0..10|11 []) + 36·(x_10 ∈ |0..10|11 []) ≤ 1200
	w126:	47·(x_1 ∈ |0..10|11 []) + 34·(x_2 ∈ |0..10|11 []) + 23·(x_3 ∈ |0..10|11 []) + 7·(x_4 ∈ |0..10|11 []) + 8·(x_5 ∈ |0..10|11 []) + 34·(x_6 ∈ |0..10|11 []) + 23·(x_7 ∈ |0..10|11 []) + 24·(x_8 ∈ |0..10|11 []) + 14·(x_9 ∈ |0..10|11 []) + 29·(x_10 ∈ |0..10|11 []) ≤ 990
	w127:	49·(x_1 ∈ |0..10|11 []) + 16·(x_2 ∈ |0..10|11 []) + 19·(x_3 ∈ |0..10|11 []) + 47·(x_4 ∈ |0..10|11 []) + 10·(x_5 ∈ |0..10|11 []) + 6·(x_6 ∈ |0..10|11 []) + 3·(x_7 ∈ |0..10|11 []) + 26·(x_8 ∈ |0..10|11 []) + 36·(x_9 ∈ |0..10|11 []) + 27·(x_10 ∈ |0..10|11 []) ≤ 970
	w128:	29·(x_1 ∈ |0..10|11 []) + 16·(x_2 ∈ |0..10|11 []) + 26·(x_3 ∈ |0..10|11 []) + 17·(x_4 ∈ |0..10|11 []) + 36·(x_5 ∈ |0..10|11 []) + 7·(x_6 ∈ |0..10|11 []) + 9·(x_7 ∈ |0..10|11 []) + 26·(x_8 ∈ |0..10|11 []) + 13·(x_9 ∈ |0..10|11 []) + 3·(x_10 ∈ |0..10|11 []) ≤ 740
	w129:	(x_1 ∈ |0..10|11 []) + 23·(x_2 ∈ |0..10|11 []) + 46·(x_3 ∈ |0..10|11 []) + 8·(x_4 ∈ |0..10|11 []) + 31·(x_5 ∈ |0..10|11 []) + 33·(x_6 ∈ |0..10|11 []) + 46·(x_7 ∈ |0..10|11 []) + 15·(x_8 ∈ |0..10|11 []) + 3·(x_9 ∈ |0..10|11 []) + 26·(x_10 ∈ |0..10|11 []) ≤ 940
	w130:	5·(x_1 ∈ |0..10|11 []) + 21·(x_2 ∈ |0..10|11 []) + 15·(x_3 ∈ |0..10|11 []) + 46·(x_4 ∈ |0..10|11 []) + 47·(x_5 ∈ |0..10|11 []) + 16·(x_6 ∈ |0..10|11 []) + 47·(x_7 ∈ |0..10|11 []) + 42·(x_8 ∈ |0..10|11 []) + 18·(x_9 ∈ |0..10|11 []) + 16·(x_10 ∈ |0..10|11 []) ≤ 1110
	w131:	48·(x_1 ∈ |0..10|11 []) + 9·(x_2 ∈ |0..10|11 []) + 2·(x_3 ∈ |0..10|11 []) + 12·(x_4 ∈ |0..10|11 []) + 27·(x_5 ∈ |0..10|11 []) + 9·(x_6 ∈ |0..10|11 []) + 20·(x_7 ∈ |0..10|11 []) + 47·(x_8 ∈ |0..10|11 []) + 9·(x_9 ∈ |0..10|11 []) + 45·(x_10 ∈ |0..10|11 []) ≤ 930
	w132:	34·(x_1 ∈ |0..10|11 []) + 43·(x_2 ∈ |0..10|11 []) + 9·(x_3 ∈ |0..10|11 []) + 14·(x_4 ∈ |0..10|11 []) + 15·(x_5 ∈ |0..10|11 []) + 19·(x_6 ∈ |0..10|11 []) + 32·(x_7 ∈ |0..10|11 []) + 16·(x_8 ∈ |0..10|11 []) + 10·(x_9 ∈ |0..10|11 []) + 28·(x_10 ∈ |0..10|11 []) ≤ 890
	w133:	3·(x_1 ∈ |0..10|11 []) + 20·(x_2 ∈ |0..10|11 []) + 24·(x_3 ∈ |0..10|11 []) + 2·(x_4 ∈ |0..10|11 []) + 48·(x_5 ∈ |0..10|11 []) + 44·(x_6 ∈ |0..10|11 []) + 19·(x_7 ∈ |0..10|11 []) + 9·(x_8 ∈ |0..10|11 []) + 29·(x_9 ∈ |0..10|11 []) + 22·(x_10 ∈ |0..10|11 []) ≤ 890
	w134:	11·(x_1 ∈ |0..10|11 []) + 16·(x_2 ∈ |0..10|11 []) + 47·(x_3 ∈ |0..10|11 []) + 35·(x_4 ∈ |0..10|11 []) + 47·(x_5 ∈ |0..10|11 []) + 22·(x_6 ∈ |0..10|11 []) + 13·(x_7 ∈ |0..10|11 []) + 14·(x_8 ∈ |0..10|11 []) + 13·(x_9 ∈ |0..10|11 []) + 45·(x_10 ∈ |0..10|11 []) ≤ 1070
	w135:	40·(x_1 ∈ |0..10|11 []) + 16·(x_2 ∈ |0..10|11 []) + 36·(x_3 ∈ |0..10|11 []) + 33·(x_4 ∈ |0..10|11 []) + 28·(x_5 ∈ |0..10|11 []) + 37·(x_6 ∈ |0..10|11 []) + 41·(x_7 ∈ |0..10|11 []) + 40·(x_8 ∈ |0..10|11 []) + 48·(x_9 ∈ |0..10|11 []) + 24·(x_10 ∈ |0..10|11 []) ≤ 1390
	w136:	(x_1 ∈ |0..10|11 []) + 14·(x_2 ∈ |0..10|11 []) + 26·(x_3 ∈ |0..10|11 []) + 41·(x_4 ∈ |0..10|11 []) + 3·(x_5 ∈ |0..10|11 []) + 7·(x_6 ∈ |0..10|11 []) + 5·(x_7 ∈ |0..10|11 []) + 13·(x_8 ∈ |0..10|11 []) + 14·(x_9 ∈ |0..10|11 []) + 7·(x_10 ∈ |0..10|11 []) ≤ 530
	w137:	24·(x_1 ∈ |0..10|11 []) + 12·(x_2 ∈ |0..10|11 []) + 24·(x_3 ∈ |0..10|11 []) + 48·(x_4 ∈ |0..10|11 []) + 44·(x_5 ∈ |0..10|11 []) + 29·(x_6 ∈ |0..10|11 []) + 8·(x_7 ∈ |0..10|11 []) + 40·(x_8 ∈ |0..10|11 []) + 5·(x_9 ∈ |0..10|11 []) + 41·(x_10 ∈ |0..10|11 []) ≤ 1120
	w138:	22·(x_1 ∈ |0..10|11 []) + 48·(x_2 ∈ |0..10|11 []) + 14·(x_3 ∈ |0..10|11 []) + 35·(x_4 ∈ |0..10|11 []) + 19·(x_5 ∈ |0..10|11 []) + 28·(x_6 ∈ |0..10|11 []) + 42·(x_7 ∈ |0..10|11 []) + 15·(x_8 ∈ |0..10|11 []) + 47·(x_9 ∈ |0..10|11 []) + 49·(x_10 ∈ |0..10|11 []) ≤ 1300
	w139:	29·(x_1 ∈ |0..10|11 []) + 18·(x_2 ∈ |0..10|11 []) + 35·(x_3 ∈ |0..10|11 []) + 32·(x_4 ∈ |0..10|11 []) + 15·(x_5 ∈ |0..10|11 []) + 44·(x_6 ∈ |0..10|11 []) + 24·(x_7 ∈ |0..10|11 []) + 17·(x_8 ∈ |0..10|11 []) + 25·(x_9 ∈ |0..10|11 []) + 6·(x_10 ∈ |0..10|11 []) ≤ 990
	w140:	27·(x_1 ∈ |0..10|11 []) + 22·(x_2 ∈ |0..10|11 []) + 43·(x_3 ∈ |0..10|11 []) + 19·(x_4 ∈ |0..10|11 []) + (x_5 ∈ |0..10|11 []) + 40·(x_6 ∈ |0..10|11 []) + 46·(x_7 ∈ |0..10|11 []) + 16·(x_8 ∈ |0..10|11 []) + 45·(x_9 ∈ |0..10|11 []) + 49·(x_10 ∈ |0..10|11 []) ≤ 1250
	w141:	(x_1 ∈ |0..10|11 []) + 28·(x_2 ∈ |0..10|11 []) + 44·(x_3 ∈ |0..10|11 []) + 12·(x_4 ∈ |0..10|11 []) + 13·(x_5 ∈ |0..10|11 []) + 29·(x_6 ∈ |0..10|11 []) + 8·(x_7 ∈ |0..10|11 []) + 33·(x_8 ∈ |0..10|11 []) + 43·(x_9 ∈ |0..10|11 []) + 41·(x_10 ∈ |0..10|11 []) ≤ 1020
	w142:	22·(x_1 ∈ |0..10|11 []) + 43·(x_2 ∈ |0..10|11 []) + 23·(x_3 ∈ |0..10|11 []) + 28·(x_4 ∈ |0..10|11 []) + 9·(x_5 ∈ |0..10|11 []) + 4·(x_6 ∈ |0..10|11 []) + 27·(x_7 ∈ |0..10|11 []) + 42·(x_8 ∈ |0..10|11 []) + 26·(x_9 ∈ |0..10|11 []) + 26·(x_10 ∈ |0..10|11 []) ≤ 1020
	w143:	5·(x_1 ∈ |0..10|11 []) + 24·(x_2 ∈ |0..10|11 []) + 5·(x_3 ∈ |0..10|11 []) + 2·(x_4 ∈ |0..10|11 []) + 30·(x_5 ∈ |0..10|11 []) + 24·(x_6 ∈ |0..10|11 []) + 15·(x_7 ∈ |0..10|11 []) + 43·(x_8 ∈ |0..10|11 []) + 26·(x_9 ∈ |0..10|11 []) + 3·(x_10 ∈ |0..10|11 []) ≤ 720
	w144:	15·(x_1 ∈ |0..10|11 []) + 16·(x_2 ∈ |0..10|11 []) + 14·(x_3 ∈ |0..10|11 []) + 5·(x_4 ∈ |0..10|11 []) + 43·(x_5 ∈ |0..10|11 []) + 10·(x_6 ∈ |0..10|11 []) + 49·(x_7 ∈ |0..10|11 []) + 30·(x_8 ∈ |0..10|11 []) + 14·(x_9 ∈ |0..10|11 []) + 12·(x_10 ∈ |0..10|11 []) ≤ 840
	w145:	(x_1 ∈ |0..10|11 []) + 13·(x_2 ∈ |0..10|11 []) + 15·(x_3 ∈ |0..10|11 []) + 25·(x_4 ∈ |0..10|11 []) + 26·(x_5 ∈ |0..10|11 []) + 14·(x_6 ∈ |0..10|11 []) + 23·(x_7 ∈ |0..10|11 []) + 48·(x_8 ∈ |0..10|11 []) + 27·(x_9 ∈ |0..10|11 []) + 35·(x_10 ∈ |0..10|11 []) ≤ 920
	w146:	20·(x_1 ∈ |0..10|11 []) + 32·(x_2 ∈ |0..10|11 []) + 36·(x_3 ∈ |0..10|11 []) + 4·(x_4 ∈ |0..10|11 []) + 46·(x_5 ∈ |0..10|11 []) + 4·(x_6 ∈ |0..10|11 []) + 41·(x_7 ∈ |0..10|11 []) + 23·(x_8 ∈ |0..10|11 []) + 19·(x_9 ∈ |0..10|11 []) + 12·(x_10 ∈ |0..10|11 []) ≤ 960
	w147:	38·(x_1 ∈ |0..10|11 []) + 16·(x_2 ∈ |0..10|11 []) + (x_3 ∈ |0..10|11 []) + 37·(x_4 ∈ |0..10|11 []) + (x_5 ∈ |0..10|11 []) + 19·(x_6 ∈ |0..10|11 []) + 14·(x_7 ∈ |0..10|11 []) + 3·(x_8 ∈ |0..10|11 []) + 15·(x_9 ∈ |0..10|11 []) + 48·(x_10 ∈ |0..10|11 []) ≤ 780
	w148:	17·(x_1 ∈ |0..10|11 []) + 32·(x_2 ∈ |0..10|11 []) + 46·(x_3 ∈ |0..10|11 []) + 35·(x_4 ∈ |0..10|11 []) + 28·(x_5 ∈ |0..10|11 []) + 48·(x_6 ∈ |0..10|11 []) + 35·(x_7 ∈ |0..10|11 []) + 6·(x_8 ∈ |0..10|11 []) + 12·(x_9 ∈ |0..10|11 []) + 18·(x_10 ∈ |0..10|11 []) ≤ 1130
	w149:	35·(x_1 ∈ |0..10|11 []) + 37·(x_2 ∈ |0..10|11 []) + 42·(x_3 ∈ |0..10|11 []) + 35·(x_4 ∈ |0..10|11 []) + 25·(x_5 ∈ |0..10|11 []) + 31·(x_6 ∈ |0..10|11 []) + 40·(x_7 ∈ |0..10|11 []) + 10·(x_8 ∈ |0..10|11 []) + 21·(x_9 ∈ |0..10|11 []) + 30·(x_10 ∈ |0..10|11 []) ≤ 1240
	w150:	27·(x_1 ∈ |0..10|11 []) + 2·(x_2 ∈ |0..10|11 []) + 29·(x_3 ∈ |0..10|11 []) + 42·(x_4 ∈ |0..10|11 []) + 24·(x_5 ∈ |0..10|11 []) + 27·(x_6 ∈ |0..10|11 []) + 45·(x_7 ∈ |0..10|11 []) + 19·(x_8 ∈ |0..10|11 []) + 24·(x_9 ∈ |0..10|11 []) + 41·(x_10 ∈ |0..10|11 []) ≤ 1140
	w151:	25·(x_1 ∈ |0..10|11 []) + 35·(x_2 ∈ |0..10|11 []) + 24·(x_3 ∈ |0..10|11 []) + 29·(x_4 ∈ |0..10|11 []) + 7·(x_5 ∈ |0..10|11 []) + (x_6 ∈ |0..10|11 []) + 48·(x_7 ∈ |0..10|11 []) + 7·(x_8 ∈ |0..10|11 []) + 37·(x_9 ∈ |0..10|11 []) + 45·(x_10 ∈ |0..10|11 []) ≤ 1050
	w152:	15·(x_1 ∈ |0..10|11 []) + 5·(x_2 ∈ |0..10|11 []) + 41·(x_3 ∈ |0..10|11 []) + 42·(x_4 ∈ |0..10|11 []) + 38·(x_5 ∈ |0..10|11 []) + 39·(x_6 ∈ |0..10|11 []) + 4·(x_7 ∈ |0..10|11 []) + 8·(x_8 ∈ |0..10|11 []) + 23·(x_9 ∈ |0..10|11 []) + 6·(x_10 ∈ |0..10|11 []) ≤ 900
	w153:	44·(x_1 ∈ |0..10|11 []) + 5·(x_2 ∈ |0..10|11 []) + 24·(x_3 ∈ |0..10|11 []) + 36·(x_4 ∈ |0..10|11 []) + 29·(x_5 ∈ |0..10|11 []) + 10·(x_6 ∈ |0..10|11 []) + 22·(x_7 ∈ |0..10|11 []) + 28·(x_8 ∈ |0..10|11 []) + 34·(x_9 ∈ |0..10|11 []) + 20·(x_10 ∈ |0..10|11 []) ≤ 1020
	w154:	26·(x_1 ∈ |0..10|11 []) + (x_2 ∈ |0..10|11 []) + 47·(x_3 ∈ |0..10|11 []) + 19·(x_4 ∈ |0..10|11 []) + 21·(x_5 ∈ |0..10|11 []) + 38·(x_6 ∈ |0..10|11 []) + 7·(x_7 ∈ |0..10|11 []) + 17·(x_8 ∈ |0..10|11 []) + 31·(x_9 ∈ |0..10|11 []) + 35·(x_10 ∈ |0..10|11 []) ≤ 980
	w155:	26·(x_1 ∈ |0..10|11 []) + 12·(x_2 ∈ |0..10|11 []) + 31·(x_3 ∈ |0..10|11 []) + 48·(x_4 ∈ |0..10|11 []) + 38·(x_5 ∈ |0..10|11 []) + (x_6 ∈ |0..10|11 []) + 14·(x_7 ∈ |0..10|11 []) + 16·(x_8 ∈ |0..10|11 []) + 20·(x_9 ∈ |0..10|11 []) + 10·(x_10 ∈ |0..10|11 []) ≤ 880
	w156:	19·(x_1 ∈ |0..10|11 []) + 17·(x_2 ∈ |0..10|11 []) + 22·(x_3 ∈ |0..10|11 []) + 18·(x_4 ∈ |0..10|11 []) + 13·(x_5 ∈ |0..10|11 []) + 5·(x_6 ∈ |0..10|11 []) + 39·(x_7 ∈ |0..10|11 []) + 35·(x_8 ∈ |0..10|11 []) + 38·(x_9 ∈ |0..10|11 []) + 47·(x_10 ∈ |0..10|11 []) ≤ 1030
	w157:	12·(x_1 ∈ |0..10|11 []) + 31·(x_2 ∈ |0..10|11 []) + 18·(x_3 ∈ |0..10|11 []) + 27·(x_4 ∈ |0..10|11 []) + 36·(x_5 ∈ |0..10|11 []) + 30·(x_6 ∈ |0..10|11 []) + 7·(x_7 ∈ |0..10|11 []) + 36·(x_8 ∈ |0..10|11 []) + 24·(x_9 ∈ |0..10|11 []) + 16·(x_10 ∈ |0..10|11 []) ≤ 960
	w158:	49·(x_1 ∈ |0..10|11 []) + 34·(x_2 ∈ |0..10|11 []) + 17·(x_3 ∈ |0..10|11 []) + 37·(x_4 ∈ |0..10|11 []) + 23·(x_5 ∈ |0..10|11 []) + 8·(x_6 ∈ |0..10|11 []) + 18·(x_7 ∈ |0..10|11 []) + 5·(x_8 ∈ |0..10|11 []) + 38·(x_9 ∈ |0..10|11 []) + 34·(x_10 ∈ |0..10|11 []) ≤ 1070
	w159:	38·(x_1 ∈ |0..10|11 []) + 2·(x_2 ∈ |0..10|11 []) + 45·(x_3 ∈ |0..10|11 []) + 4·(x_4 ∈ |0..10|11 []) + 22·(x_5 ∈ |0..10|11 []) + 26·(x_6 ∈ |0..10|11 []) + 26·(x_7 ∈ |0..10|11 []) + 5·(x_8 ∈ |0..10|11 []) + 45·(x_9 ∈ |0..10|11 []) + 7·(x_10 ∈ |0..10|11 []) ≤ 890
	w160:	48·(x_1 ∈ |0..10|11 []) + 17·(x_2 ∈ |0..10|11 []) + 48·(x_3 ∈ |0..10|11 []) + 26·(x_4 ∈ |0..10|11 []) + 27·(x_5 ∈ |0..10|11 []) + 48·(x_6 ∈ |0..10|11 []) + 2·(x_7 ∈ |0..10|11 []) + 37·(x_8 ∈ |0..10|11 []) + 6·(x_9 ∈ |0..10|11 []) + 4·(x_10 ∈ |0..10|11 []) ≤ 1070
	w161:	19·(x_1 ∈ |0..10|11 []) + 21·(x_2 ∈ |0..10|11 []) + (x_3 ∈ |0..10|11 []) + 36·(x_4 ∈ |0..10|11 []) + 31·(x_5 ∈ |0..10|11 []) + 22·(x_6 ∈ |0..10|11 []) + 23·(x_7 ∈ |0..10|11 []) + 11·(x_8 ∈ |0..10|11 []) + 8·(x_9 ∈ |0..10|11 []) + 12·(x_10 ∈ |0..10|11 []) ≤ 750
	w162:	12·(x_1 ∈ |0..10|11 []) + 44·(x_2 ∈ |0..10|11 []) + 21·(x_3 ∈ |0..10|11 []) + 30·(x_4 ∈ |0..10|11 []) + 8·(x_5 ∈ |0..10|11 []) + 4·(x_6 ∈ |0..10|11 []) + 38·(x_7 ∈ |0..10|11 []) + 12·(x_8 ∈ |0..10|11 []) + 27·(x_9 ∈ |0..10|11 []) + 21·(x_10 ∈ |0..10|11 []) ≤ 880
	w163:	26·(x_1 ∈ |0..10|11 []) + 44·(x_2 ∈ |0..10|11 []) + 27·(x_3 ∈ |0..10|11 []) + 15·(x_4 ∈ |0..10|11 []) + 37·(x_5 ∈ |0..10|11 []) + 21·(x_6 ∈ |0..10|11 []) + 2·(x_7 ∈ |0..10|11 []) + 9·(x_8 ∈ |0..10|11 []) + 38·(x_9 ∈ |0..10|11 []) + 9·(x_10 ∈ |0..10|11 []) ≤ 930
	w164:	17·(x_1 ∈ |0..10|11 []) + 41·(x_2 ∈ |0..10|11 []) + 22·(x_3 ∈ |0..10|11 []) + 41·(x_4 ∈ |0..10|11 []) + 32·(x_5 ∈ |0..10|11 []) + 24·(x_6 ∈ |0..10|11 []) + 19·(x_7 ∈ |0..10|11 []) + 38·(x_8 ∈ |0..10|11 []) + 41·(x_9 ∈ |0..10|11 []) + 29·(x_10 ∈ |0..10|11 []) ≤ 1240
	w165:	48·(x_1 ∈ |0..10|11 []) + 34·(x_2 ∈ |0..10|11 []) + 44·(x_3 ∈ |0..10|11 []) + 17·(x_4 ∈ |0..10|11 []) + 45·(x_5 ∈ |0..10|11 []) + 41·(x_6 ∈ |0..10|11 []) + 6·(x_7 ∈ |0..10|11 []) + 29·(x_8 ∈ |0..10|11 []) + 24·(x_9 ∈ |0..10|11 []) + 34·(x_10 ∈ |0..10|11 []) ≤ 1310
	w166:	17·(x_1 ∈ |0..10|11 []) + 11·(x_2 ∈ |0..10|11 []) + 39·(x_3 ∈ |0..10|11 []) + 6·(x_4 ∈ |0..10|11 []) + 31·(x_5 ∈ |0..10|11 []) + 6·(x_6 ∈ |0..10|11 []) + 13·(x_7 ∈ |0..10|11 []) + 48·(x_8 ∈ |0..10|11 []) + 46·(x_9 ∈ |0..10|11 []) + 44·(x_10 ∈ |0..10|11 []) ≤ 1060
	w167:	29·(x_1 ∈ |0..10|11 []) + 28·(x_2 ∈ |0..10|11 []) + 4·(x_3 ∈ |0..10|11 []) + 17·(x_4 ∈ |0..10|11 []) + 10·(x_5 ∈ |0..10|11 []) + 31·(x_6 ∈ |0..10|11 []) + 27·(x_7 ∈ |0..10|11 []) + 38·(x_8 ∈ |0..10|11 []) + 25·(x_9 ∈ |0..10|11 []) + 3·(x_10 ∈ |0..10|11 []) ≤ 860
	w168:	34·(x_1 ∈ |0..10|11 []) + 21·(x_2 ∈ |0..10|11 []) + 23·(x_3 ∈ |0..10|11 []) + 46·(x_4 ∈ |0..10|11 []) + 5·(x_5 ∈ |0..10|11 []) + 48·(x_6 ∈ |0..10|11 []) + 7·(x_7 ∈ |0..10|11 []) + 37·(x_8 ∈ |0..10|11 []) + 9·(x_9 ∈ |0..10|11 []) + 23·(x_10 ∈ |0..10|11 []) ≤ 1030
	w169:	8·(x_1 ∈ |0..10|11 []) + 22·(x_2 ∈ |0..10|11 []) + 2·(x_3 ∈ |0..10|11 []) + 41·(x_4 ∈ |0..10|11 []) + 35·(x_5 ∈ |0..10|11 []) + 22·(x_6 ∈ |0..10|11 []) + 49·(x_7 ∈ |0..10|11 []) + 45·(x_8 ∈ |0..10|11 []) + 6·(x_9 ∈ |0..10|11 []) + (x_10 ∈ |0..10|11 []) ≤ 940
	w170:	20·(x_1 ∈ |0..10|11 []) + 43·(x_2 ∈ |0..10|11 []) + 31·(x_3 ∈ |0..10|11 []) + 33·(x_4 ∈ |0..10|11 []) + 9·(x_5 ∈ |0..10|11 []) + 5·(x_6 ∈ |0..10|11 []) + 48·(x_7 ∈ |0..10|11 []) + 43·(x_8 ∈ |0..10|11 []) + 12·(x_9 ∈ |0..10|11 []) + 19·(x_10 ∈ |0..10|11 []) ≤ 1070
	w171:	38·(x_1 ∈ |0..10|11 []) + 30·(x_2 ∈ |0..10|11 []) + 27·(x_3 ∈ |0..10|11 []) + 7·(x_4 ∈ |0..10|11 []) + 38·(x_5 ∈ |0..10|11 []) + 3·(x_6 ∈ |0..10|11 []) + 34·(x_7 ∈ |0..10|11 []) + 32·(x_8 ∈ |0..10|11 []) + 5·(x_9 ∈ |0..10|11 []) + 9·(x_10 ∈ |0..10|11 []) ≤ 900
	w172:	14·(x_1 ∈ |0..10|11 []) + 45·(x_2 ∈ |0..10|11 []) + 5·(x_3 ∈ |0..10|11 []) + 39·(x_4 ∈ |0..10|11 []) + 24·(x_5 ∈ |0..10|11 []) + 27·(x_6 ∈ |0..10|11 []) + 23·(x_7 ∈ |0..10|11 []) + 39·(x_8 ∈ |0..10|11 []) + 27·(x_9 ∈ |0..10|11 []) + 37·(x_10 ∈ |0..10|11 []) ≤ 1140
	w173:	10·(x_1 ∈ |0..10|11 []) + 21·(x_2 ∈ |0..10|11 []) + 11·(x_3 ∈ |0..10|11 []) + 33·(x_4 ∈ |0..10|11 []) + 31·(x_5 ∈ |0..10|11 []) + 45·(x_6 ∈ |0..10|11 []) + 42·(x_7 ∈ |0..10|11 []) + 8·(x_8 ∈ |0..10|11 []) + 35·(x_9 ∈ |0..10|11 []) + 10·(x_10 ∈ |0..10|11 []) ≤ 1000
	w174:	23·(x_1 ∈ |0..10|11 []) + 18·(x_2 ∈ |0..10|11 []) + 27·(x_3 ∈ |0..10|11 []) + 20·(x_4 ∈ |0..10|11 []) + 18·(x_5 ∈ |0..10|11 []) + 9·(x_6 ∈ |0..10|11 []) + 10·(x_7 ∈ |0..10|11 []) + 6·(x_8 ∈ |0..10|11 []) + 20·(x_9 ∈ |0..10|11 []) + 2·(x_10 ∈ |0..10|11 []) ≤ 620
	w175:	27·(x_1 ∈ |0..10|11 []) + 27·(x_2 ∈ |0..10|11 []) + 30·(x_3 ∈ |0..10|11 []) + 29·(x_4 ∈ |0..10|11 []) + 42·(x_5 ∈ |0..10|11 []) + 17·(x_6 ∈ |0..10|11 []) + 6·(x_7 ∈ |0..10|11 []) + 8·(x_8 ∈ |0..10|11 []) + 30·(x_9 ∈ |0..10|11 []) + 25·(x_10 ∈ |0..10|11 []) ≤ 980
	w176:	42·(x_1 ∈ |0..10|11 []) + 44·(x_2 ∈ |0..10|11 []) + 22·(x_3 ∈ |0..10|11 []) + 29·(x_4 ∈ |0..10|11 []) + (x_5 ∈ |0..10|11 []) + 25·(x_6 ∈ |0..10|11 []) + 44·(x_7 ∈ |0..10|11 []) + 6·(x_8 ∈ |0..10|11 []) + 38·(x_9 ∈ |0..10|11 []) + 3·(x_10 ∈ |0..10|11 []) ≤ 1030
	w177:	16·(x_1 ∈ |0..10|11 []) + 5·(x_2 ∈ |0..10|11 []) + 45·(x_3 ∈ |0..10|11 []) + 32·(x_4 ∈ |0..10|11 []) + 14·(x_5 ∈ |0..10|11 []) + 47·(x_6 ∈ |0..10|11 []) + 32·(x_7 ∈ |0..10|11 []) + 41·(x_8 ∈ |0..10|11 []) + 18·(x_9 ∈ |0..10|11 []) + 25·(x_10 ∈ |0..10|11 []) ≤ 1120
	w178:	10·(x_1 ∈ |0..10|11 []) + 44·(x_2 ∈ |0..10|11 []) + 37·(x_3 ∈ |0..10|11 []) + 24·(x_4 ∈ |0..10|11 []) + 41·(x_5 ∈ |0..10|11 []) + 8·(x_6 ∈ |0..10|11 []) + 9·(x_7 ∈ |0..10|11 []) + 36·(x_8 ∈ |0..10|11 []) + 21·(x_9 ∈ |0..10|11 []) + 34·(x_10 ∈ |0..10|11 []) ≤ 1070
	w179:	3·(x_1 ∈ |0..10|11 []) + 41·(x_2 ∈ |0..10|11 []) + (x_3 ∈ |0..10|11 []) + 15·(x_4 ∈ |0..10|11 []) + 49·(x_5 ∈ |0..10|11 []) + 49·(x_6 ∈ |0..10|11 []) + 18·(x_7 ∈ |0..10|11 []) + 10·(x_8 ∈ |0..10|11 []) + 12·(x_9 ∈ |0..10|11 []) + 14·(x_10 ∈ |0..10|11 []) ≤ 860
	w180:	18·(x_1 ∈ |0..10|11 []) + 12·(x_2 ∈ |0..10|11 []) + 34·(x_3 ∈ |0..10|11 []) + 31·(x_4 ∈ |0..10|11 []) + 16·(x_5 ∈ |0..10|11 []) + 15·(x_6 ∈ |0..10|11 []) + 40·(x_7 ∈ |0..10|11 []) + 43·(x_8 ∈ |0..10|11 []) + 49·(x_9 ∈ |0..10|11 []) + 38·(x_10 ∈ |0..10|11 []) ≤ 1200
	w181:	26·(x_1 ∈ |0..10|11 []) + 30·(x_2 ∈ |0..10|11 []) + 23·(x_3 ∈ |0..10|11 []) + 42·(x_4 ∈ |0..10|11 []) + 3·(x_5 ∈ |0..10|11 []) + 4·(x_6 ∈ |0..10|11 []) + 18·(x_7 ∈ |0..10|11 []) + 40·(x_8 ∈ |0..10|11 []) + (x_9 ∈ |0..10|11 []) + 34·(x_10 ∈ |0..10|11 []) ≤ 900
	w182:	19·(x_1 ∈ |0..10|11 []) + 24·(x_2 ∈ |0..10|11 []) + 10·(x_3 ∈ |0..10|11 []) + 17·(x_4 ∈ |0..10|11 []) + 27·(x_5 ∈ |0..10|11 []) + 46·(x_6 ∈ |0..10|11 []) + 21·(x_7 ∈ |0..10|11 []) + 9·(x_8 ∈ |0..10|11 []) + 10·(x_9 ∈ |0..10|11 []) + 34·(x_10 ∈ |0..10|11 []) ≤ 880
	w183:	34·(x_1 ∈ |0..10|11 []) + 48·(x_2 ∈ |0..10|11 []) + 40·(x_3 ∈ |0..10|11 []) + 29·(x_4 ∈ |0..10|11 []) + 28·(x_5 ∈ |0..10|11 []) + 10·(x_6 ∈ |0..10|11 []) + 31·(x_7 ∈ |0..10|11 []) + 3·(x_8 ∈ |0..10|11 []) + 28·(x_9 ∈ |0..10|11 []) + 21·(x_10 ∈ |0..10|11 []) ≤ 1100
	w184:	21·(x_1 ∈ |0..10|11 []) + 21·(x_2 ∈ |0..10|11 []) + 5·(x_3 ∈ |0..10|11 []) + 32·(x_4 ∈ |0..10|11 []) + 9·(x_5 ∈ |0..10|11 []) + 16·(x_6 ∈ |0..10|11 []) + 18·(x_7 ∈ |0..10|11 []) + 38·(x_8 ∈ |0..10|11 []) + 40·(x_9 ∈ |0..10|11 []) + 43·(x_10 ∈ |0..10|11 []) ≤ 990
	w185:	19·(x_1 ∈ |0..10|11 []) + 39·(x_2 ∈ |0..10|11 []) + 41·(x_3 ∈ |0..10|11 []) + 38·(x_4 ∈ |0..10|11 []) + 7·(x_5 ∈ |0..10|11 []) + 4·(x_6 ∈ |0..10|11 []) + 19·(x_7 ∈ |0..10|11 []) + 26·(x_8 ∈ |0..10|11 []) + 28·(x_9 ∈ |0..10|11 []) + 32·(x_10 ∈ |0..10|11 []) ≤ 1030
	w186:	34·(x_1 ∈ |0..10|11 []) + 4·(x_2 ∈ |0..10|11 []) + 45·(x_3 ∈ |0..10|11 []) + 38·(x_4 ∈ |0..10|11 []) + 18·(x_5 ∈ |0..10|11 []) + 17·(x_6 ∈ |0..10|11 []) + 26·(x_7 ∈ |0..10|11 []) + 18·(x_8 ∈ |0..10|11 []) + 22·(x_9 ∈ |0..10|11 []) + 38·(x_10 ∈ |0..10|11 []) ≤ 1060
	w187:	22·(x_1 ∈ |0..10|11 []) + 31·(x_2 ∈ |0..10|11 []) + 43·(x_3 ∈ |0..10|11 []) + 34·(x_4 ∈ |0..10|11 []) + 37·(x_5 ∈ |0..10|11 []) + 36·(x_6 ∈ |0..10|11 []) + 37·(x_7 ∈ |0..10|11 []) + 10·(x_8 ∈ |0..10|11 []) + 8·(x_9 ∈ |0..10|11 []) + 36·(x_10 ∈ |0..10|11 []) ≤ 1190
	w188:	44·(x_1 ∈ |0..10|11 []) + 30·(x_2 ∈ |0..10|11 []) + 44·(x_3 ∈ |0..10|11 []) + 41·(x_4 ∈ |0..10|11 []) + 49·(x_5 ∈ |0..10|11 []) + 41·(x_6 ∈ |0..10|11 []) + 41·(x_7 ∈ |0..10|11 []) + 34·(x_8 ∈ |0..10|11 []) + 16·(x_9 ∈ |0..10|11 []) + 5·(x_10 ∈ |0..10|11 []) ≤ 1400
	w189:	18·(x_1 ∈ |0..10|11 []) + 3·(x_2 ∈ |0..10|11 []) + 33·(x_3 ∈ |0..10|11 []) + 36·(x_4 ∈ |0..10|11 []) + 42·(x_5 ∈ |0..10|11 []) + 25·(x_6 ∈ |0..10|11 []) + 33·(x_7 ∈ |0..10|11 []) + 10·(x_8 ∈ |0..10|11 []) + 49·(x_9 ∈ |0..10|11 []) + 41·(x_10 ∈ |0..10|11 []) ≤ 1180
	w190:	45·(x_1 ∈ |0..10|11 []) + 19·(x_2 ∈ |0..10|11 []) + 30·(x_3 ∈ |0..10|11 []) + 33·(x_4 ∈ |0..10|11 []) + 27·(x_5 ∈ |0..10|11 []) + 31·(x_6 ∈ |0..10|11 []) + 46·(x_7 ∈ |0..10|11 []) + 24·(x_8 ∈ |0..10|11 []) + 46·(x_9 ∈ |0..10|11 []) + 40·(x_10 ∈ |0..10|11 []) ≤ 1390
	w191:	28·(x_1 ∈ |0..10|11 []) + 44·(x_2 ∈ |0..10|11 []) + 36·(x_3 ∈ |0..10|11 []) + 25·(x_4 ∈ |0..10|11 []) + 7·(x_5 ∈ |0..10|11 []) + 24·(x_6 ∈ |0..10|11 []) + 12·(x_7 ∈ |0..10|11 []) + 37·(x_8 ∈ |0..10|11 []) + 27·(x_9 ∈ |0..10|11 []) + 23·(x_10 ∈ |0..10|11 []) ≤ 1070
	w192:	(x_1 ∈ |0..10|11 []) + 35·(x_2 ∈ |0..10|11 []) + 43·(x_3 ∈ |0..10|11 []) + 5·(x_4 ∈ |0..10|11 []) + 26·(x_5 ∈ |0..10|11 []) + 41·(x_6 ∈ |0..10|11 []) + 4·(x_7 ∈ |0..10|11 []) + 37·(x_8 ∈ |0..10|11 []) + 10·(x_9 ∈ |0..10|11 []) + 24·(x_10 ∈ |0..10|11 []) ≤ 920
	w193:	42·(x_1 ∈ |0..10|11 []) + 27·(x_2 ∈ |0..10|11 []) + 30·(x_3 ∈ |0..10|11 []) + 9·(x_4 ∈ |0..10|11 []) + 6·(x_5 ∈ |0..10|11 []) + 42·(x_6 ∈ |0..10|11 []) + 9·(x_7 ∈ |0..10|11 []) + 26·(x_8 ∈ |0..10|11 []) + 3·(x_9 ∈ |0..10|11 []) + (x_10 ∈ |0..10|11 []) ≤ 790
	w194:	18·(x_1 ∈ |0..10|11 []) + 17·(x_2 ∈ |0..10|11 []) + 29·(x_3 ∈ |0..10|11 []) + 31·(x_4 ∈ |0..10|11 []) + 24·(x_5 ∈ |0..10|11 []) + 15·(x_6 ∈ |0..10|11 []) + 27·(x_7 ∈ |0..10|11 []) + 48·(x_8 ∈ |0..10|11 []) + 19·(x_9 ∈ |0..10|11 []) + 22·(x_10 ∈ |0..10|11 []) ≤ 1020
	w195:	33·(x_1 ∈ |0..10|11 []) + 31·(x_2 ∈ |0..10|11 []) + 37·(x_3 ∈ |0..10|11 []) + 29·(x_4 ∈ |0..10|11 []) + 11·(x_5 ∈ |0..10|11 []) + 23·(x_6 ∈ |0..10|11 []) + 16·(x_7 ∈ |0..10|11 []) + (x_8 ∈ |0..10|11 []) + 4·(x_9 ∈ |0..10|11 []) + 22·(x_10 ∈ |0..10|11 []) ≤ 840
	w196:	4·(x_1 ∈ |0..10|11 []) + 27·(x_2 ∈ |0..10|11 []) + 15·(x_3 ∈ |0..10|11 []) + 35·(x_4 ∈ |0..10|11 []) + (x_5 ∈ |0..10|11 []) + 14·(x_6 ∈ |0..10|11 []) + 46·(x_7 ∈ |0..10|11 []) + 31·(x_8 ∈ |0..10|11 []) + 30·(x_9 ∈ |0..10|11 []) + 23·(x_10 ∈ |0..10|11 []) ≤ 920
	w197:	39·(x_1 ∈ |0..10|11 []) + 35·(x_2 ∈ |0..10|11 []) + 23·(x_3 ∈ |0..10|11 []) + 37·(x_4 ∈ |0..10|11 []) + 43·(x_5 ∈ |0..10|11 []) + 11·(x_6 ∈ |0..10|11 []) + 29·(x_7 ∈ |0..10|11 []) + 24·(x_8 ∈ |0..10|11 []) + 23·(x_9 ∈ |0..10|11 []) + 16·(x_10 ∈ |0..10|11 []) ≤ 1140
	w198:	31·(x_1 ∈ |0..10|11 []) + 37·(x_2 ∈ |0..10|11 []) + 28·(x_3 ∈ |0..10|11 []) + 13·(x_4 ∈ |0..10|11 []) + 14·(x_5 ∈ |0..10|11 []) + 5·(x_6 ∈ |0..10|11 []) + 3·(x_7 ∈ |0..10|11 []) + 5·(x_8 ∈ |0..10|11 []) + 11·(x_9 ∈ |0..10|11 []) + 37·(x_10 ∈ |0..10|11 []) ≤ 750
	w199:	47·(x_1 ∈ |0..10|11 []) + 26·(x_2 ∈ |0..10|11 []) + 33·(x_3 ∈ |0..10|11 []) + 31·(x_4 ∈ |0..10|11 []) + 23·(x_5 ∈ |0..10|11 []) + 30·(x_6 ∈ |0..10|11 []) + 42·(x_7 ∈ |0..10|11 []) + 17·(x_8 ∈ |0..10|11 []) + 18·(x_9 ∈ |0..10|11 []) + 11·(x_10 ∈ |0..10|11 []) ≤ 1130
	w200:	38·(x_1 ∈ |0..10|11 []) + 22·(x_2 ∈ |0..10|11 []) + 22·(x_3 ∈ |0..10|11 []) + 45·(x_4 ∈ |0..10|11 []) + 32·(x_5 ∈ |0..10|11 []) + 27·(x_6 ∈ |0..10|11 []) + 22·(x_7 ∈ |0..10|11 []) + 31·(x_8 ∈ |0..10|11 []) + 5·(x_9 ∈ |0..10|11 []) + 40·(x_10 ∈ |0..10|11 []) ≤ 1150
	profits:	27·(x_1 ∈ |0..10|11 []) + 33·(x_2 ∈ |0..10|11 []) + 29·(x_3 ∈ |0..10|11 []) + 29·(x_4 ∈ |0..10|11 []) + 31·(x_5 ∈ |0..10|11 []) + 48·(x_6 ∈ |0..10|11 []) + 33·(x_7 ∈ |0..10|11 []) + 16·(x_8 ∈ |0..10|11 []) + 19·(x_9 ∈ |0..10|11 []) + 18·(x_10 ∈ |0..10|11 []) ≥ 1670
	CSE: ""

CMD timeout 180 ./bin/savilerow/savilerow ./experiments/mbkp-control/aux/0076.essence.eprime -sat -sat-pb-gmto -sat-sum-gmto -out-sat ./experiments/mbkp-control/aux/0076.essence.dimacs -out-info ./experiments/mbkp-control/aux/0076.essence.info -out-solution ./experiments/mbkp-control/aux/0076.essence.solution
DONE 3.8300455, solve=false
Encoded SavileRow (GMTO) in 3.8955042 seconds as 49700/178635/483031

SOLVE T/O Some(60.0)
SOLVE DONE @4.7790537
SOLVE CALL RESULT: Got UNS in 4.7790537s with check None: 
BATCH.SH END 0
