BATCH.SH START ./experiments/mbkp-control/runs:0865 (ulimit --clean)
Start EncodeRecord { instance: Some(Instance { problem: Mbkp { bound: 10, n_: 10, m_: 200, q_: 50, family: 1, s_: 25, seed: 4, fl: "0.4", fu: None, skip_obj: true }, i: 87, lp: "./experiments/mbkp-control/lps/1/3_21.lp" }), experiment: Some(Experiment { system: SavileRow, pb_encoding: Tree, int_encoding: Dir, con_encoding: Include, split_eq: false, model_config: ModelConfig { scm: Add, cutoff: Order, decomposer: Gt, equalize_ternaries: true, add_consistency: false, propagate: None, equalize_uniform_bin_ineqs: false } }), statics: None, pb_statics: None, principal: None, time: None, dimacs: None }
model = 
	w1:	26·(x_1 ∈ |0..10|11 []) + 27·(x_2 ∈ |0..10|11 []) + 46·(x_3 ∈ |0..10|11 []) + 45·(x_4 ∈ |0..10|11 []) + 8·(x_5 ∈ |0..10|11 []) + 31·(x_6 ∈ |0..10|11 []) + 37·(x_7 ∈ |0..10|11 []) + 35·(x_8 ∈ |0..10|11 []) + 45·(x_9 ∈ |0..10|11 []) + 16·(x_10 ∈ |0..10|11 []) ≤ 1790
	w2:	29·(x_1 ∈ |0..10|11 []) + 44·(x_2 ∈ |0..10|11 []) + 10·(x_3 ∈ |0..10|11 []) + 13·(x_4 ∈ |0..10|11 []) + 41·(x_5 ∈ |0..10|11 []) + 38·(x_6 ∈ |0..10|11 []) + 37·(x_7 ∈ |0..10|11 []) + 30·(x_8 ∈ |0..10|11 []) + (x_9 ∈ |0..10|11 []) + 22·(x_10 ∈ |0..10|11 []) ≤ 1500
	w3:	45·(x_1 ∈ |0..10|11 []) + 40·(x_2 ∈ |0..10|11 []) + 25·(x_3 ∈ |0..10|11 []) + 35·(x_4 ∈ |0..10|11 []) + 41·(x_5 ∈ |0..10|11 []) + 8·(x_6 ∈ |0..10|11 []) + 42·(x_7 ∈ |0..10|11 []) + 29·(x_8 ∈ |0..10|11 []) + 10·(x_9 ∈ |0..10|11 []) + 36·(x_10 ∈ |0..10|11 []) ≤ 1760
	w4:	7·(x_1 ∈ |0..10|11 []) + 44·(x_2 ∈ |0..10|11 []) + 46·(x_3 ∈ |0..10|11 []) + 48·(x_4 ∈ |0..10|11 []) + 27·(x_5 ∈ |0..10|11 []) + 45·(x_6 ∈ |0..10|11 []) + 21·(x_7 ∈ |0..10|11 []) + 29·(x_8 ∈ |0..10|11 []) + 34·(x_9 ∈ |0..10|11 []) + 46·(x_10 ∈ |0..10|11 []) ≤ 1970
	w5:	43·(x_1 ∈ |0..10|11 []) + 43·(x_2 ∈ |0..10|11 []) + 24·(x_3 ∈ |0..10|11 []) + 13·(x_4 ∈ |0..10|11 []) + 44·(x_5 ∈ |0..10|11 []) + 33·(x_6 ∈ |0..10|11 []) + 22·(x_7 ∈ |0..10|11 []) + 38·(x_8 ∈ |0..10|11 []) + 16·(x_9 ∈ |0..10|11 []) + 37·(x_10 ∈ |0..10|11 []) ≤ 1770
	w6:	40·(x_1 ∈ |0..10|11 []) + 49·(x_2 ∈ |0..10|11 []) + 10·(x_3 ∈ |0..10|11 []) + 16·(x_4 ∈ |0..10|11 []) + 33·(x_5 ∈ |0..10|11 []) + 42·(x_6 ∈ |0..10|11 []) + 43·(x_7 ∈ |0..10|11 []) + 10·(x_8 ∈ |0..10|11 []) + 8·(x_9 ∈ |0..10|11 []) + 48·(x_10 ∈ |0..10|11 []) ≤ 1690
	w7:	26·(x_1 ∈ |0..10|11 []) + 49·(x_2 ∈ |0..10|11 []) + 17·(x_3 ∈ |0..10|11 []) + 21·(x_4 ∈ |0..10|11 []) + 21·(x_5 ∈ |0..10|11 []) + 49·(x_6 ∈ |0..10|11 []) + 27·(x_7 ∈ |0..10|11 []) + 25·(x_8 ∈ |0..10|11 []) + 37·(x_9 ∈ |0..10|11 []) + 30·(x_10 ∈ |0..10|11 []) ≤ 1710
	w8:	47·(x_1 ∈ |0..10|11 []) + 12·(x_2 ∈ |0..10|11 []) + 5·(x_3 ∈ |0..10|11 []) + 29·(x_4 ∈ |0..10|11 []) + 8·(x_5 ∈ |0..10|11 []) + 35·(x_6 ∈ |0..10|11 []) + 13·(x_7 ∈ |0..10|11 []) + 43·(x_8 ∈ |0..10|11 []) + 45·(x_9 ∈ |0..10|11 []) + 35·(x_10 ∈ |0..10|11 []) ≤ 1540
	w9:	48·(x_1 ∈ |0..10|11 []) + 19·(x_2 ∈ |0..10|11 []) + 34·(x_3 ∈ |0..10|11 []) + 43·(x_4 ∈ |0..10|11 []) + 5·(x_5 ∈ |0..10|11 []) + 45·(x_6 ∈ |0..10|11 []) + 16·(x_7 ∈ |0..10|11 []) + 32·(x_8 ∈ |0..10|11 []) + 34·(x_9 ∈ |0..10|11 []) + 3·(x_10 ∈ |0..10|11 []) ≤ 1580
	w10:	27·(x_1 ∈ |0..10|11 []) + 7·(x_2 ∈ |0..10|11 []) + 47·(x_3 ∈ |0..10|11 []) + 17·(x_4 ∈ |0..10|11 []) + 29·(x_5 ∈ |0..10|11 []) + 10·(x_6 ∈ |0..10|11 []) + 4·(x_7 ∈ |0..10|11 []) + 26·(x_8 ∈ |0..10|11 []) + 25·(x_9 ∈ |0..10|11 []) + 48·(x_10 ∈ |0..10|11 []) ≤ 1360
	w11:	36·(x_1 ∈ |0..10|11 []) + 24·(x_2 ∈ |0..10|11 []) + 34·(x_3 ∈ |0..10|11 []) + 32·(x_4 ∈ |0..10|11 []) + 43·(x_5 ∈ |0..10|11 []) + 21·(x_6 ∈ |0..10|11 []) + 17·(x_7 ∈ |0..10|11 []) + 23·(x_8 ∈ |0..10|11 []) + 32·(x_9 ∈ |0..10|11 []) + 11·(x_10 ∈ |0..10|11 []) ≤ 1550
	w12:	6·(x_1 ∈ |0..10|11 []) + 23·(x_2 ∈ |0..10|11 []) + 12·(x_3 ∈ |0..10|11 []) + 36·(x_4 ∈ |0..10|11 []) + 37·(x_5 ∈ |0..10|11 []) + 14·(x_6 ∈ |0..10|11 []) + 24·(x_7 ∈ |0..10|11 []) + 42·(x_8 ∈ |0..10|11 []) + 5·(x_9 ∈ |0..10|11 []) + 29·(x_10 ∈ |0..10|11 []) ≤ 1290
	w13:	26·(x_1 ∈ |0..10|11 []) + 9·(x_2 ∈ |0..10|11 []) + 16·(x_3 ∈ |0..10|11 []) + 29·(x_4 ∈ |0..10|11 []) + 28·(x_5 ∈ |0..10|11 []) + 38·(x_6 ∈ |0..10|11 []) + 45·(x_7 ∈ |0..10|11 []) + 38·(x_8 ∈ |0..10|11 []) + 43·(x_9 ∈ |0..10|11 []) + 12·(x_10 ∈ |0..10|11 []) ≤ 1610
	w14:	12·(x_1 ∈ |0..10|11 []) + 44·(x_2 ∈ |0..10|11 []) + 44·(x_3 ∈ |0..10|11 []) + 43·(x_4 ∈ |0..10|11 []) + 48·(x_5 ∈ |0..10|11 []) + 6·(x_6 ∈ |0..10|11 []) + 47·(x_7 ∈ |0..10|11 []) + 15·(x_8 ∈ |0..10|11 []) + 11·(x_9 ∈ |0..10|11 []) + 18·(x_10 ∈ |0..10|11 []) ≤ 1630
	w15:	31·(x_1 ∈ |0..10|11 []) + 30·(x_2 ∈ |0..10|11 []) + 17·(x_3 ∈ |0..10|11 []) + 48·(x_4 ∈ |0..10|11 []) + 48·(x_5 ∈ |0..10|11 []) + 19·(x_6 ∈ |0..10|11 []) + 39·(x_7 ∈ |0..10|11 []) + 11·(x_8 ∈ |0..10|11 []) + 31·(x_9 ∈ |0..10|11 []) + 3·(x_10 ∈ |0..10|11 []) ≤ 1570
	w16:	27·(x_1 ∈ |0..10|11 []) + 7·(x_2 ∈ |0..10|11 []) + 43·(x_3 ∈ |0..10|11 []) + 19·(x_4 ∈ |0..10|11 []) + 35·(x_5 ∈ |0..10|11 []) + 36·(x_6 ∈ |0..10|11 []) + 12·(x_7 ∈ |0..10|11 []) + 9·(x_8 ∈ |0..10|11 []) + 47·(x_9 ∈ |0..10|11 []) + 35·(x_10 ∈ |0..10|11 []) ≤ 1530
	w17:	4·(x_1 ∈ |0..10|11 []) + 4·(x_2 ∈ |0..10|11 []) + 4·(x_3 ∈ |0..10|11 []) + 15·(x_4 ∈ |0..10|11 []) + 36·(x_5 ∈ |0..10|11 []) + 23·(x_6 ∈ |0..10|11 []) + 44·(x_7 ∈ |0..10|11 []) + 12·(x_8 ∈ |0..10|11 []) + 23·(x_9 ∈ |0..10|11 []) + 15·(x_10 ∈ |0..10|11 []) ≤ 1020
	w18:	36·(x_1 ∈ |0..10|11 []) + 29·(x_2 ∈ |0..10|11 []) + 5·(x_3 ∈ |0..10|11 []) + 33·(x_4 ∈ |0..10|11 []) + 37·(x_5 ∈ |0..10|11 []) + 23·(x_6 ∈ |0..10|11 []) + 43·(x_7 ∈ |0..10|11 []) + 9·(x_8 ∈ |0..10|11 []) + (x_9 ∈ |0..10|11 []) + 31·(x_10 ∈ |0..10|11 []) ≤ 1400
	w19:	19·(x_1 ∈ |0..10|11 []) + 46·(x_2 ∈ |0..10|11 []) + 28·(x_3 ∈ |0..10|11 []) + 8·(x_4 ∈ |0..10|11 []) + 14·(x_5 ∈ |0..10|11 []) + 15·(x_6 ∈ |0..10|11 []) + 15·(x_7 ∈ |0..10|11 []) + 36·(x_8 ∈ |0..10|11 []) + 32·(x_9 ∈ |0..10|11 []) + 3·(x_10 ∈ |0..10|11 []) ≤ 1220
	w20:	15·(x_1 ∈ |0..10|11 []) + 23·(x_2 ∈ |0..10|11 []) + 45·(x_3 ∈ |0..10|11 []) + 31·(x_4 ∈ |0..10|11 []) + 43·(x_5 ∈ |0..10|11 []) + 40·(x_6 ∈ |0..10|11 []) + 20·(x_7 ∈ |0..10|11 []) + 24·(x_8 ∈ |0..10|11 []) + 10·(x_9 ∈ |0..10|11 []) + 13·(x_10 ∈ |0..10|11 []) ≤ 1490
	w21:	15·(x_1 ∈ |0..10|11 []) + 23·(x_2 ∈ |0..10|11 []) + 48·(x_3 ∈ |0..10|11 []) + 36·(x_4 ∈ |0..10|11 []) + 3·(x_5 ∈ |0..10|11 []) + 15·(x_6 ∈ |0..10|11 []) + 34·(x_7 ∈ |0..10|11 []) + 34·(x_8 ∈ |0..10|11 []) + 32·(x_9 ∈ |0..10|11 []) + 41·(x_10 ∈ |0..10|11 []) ≤ 1590
	w22:	38·(x_1 ∈ |0..10|11 []) + 37·(x_2 ∈ |0..10|11 []) + 35·(x_3 ∈ |0..10|11 []) + 11·(x_4 ∈ |0..10|11 []) + 10·(x_5 ∈ |0..10|11 []) + (x_6 ∈ |0..10|11 []) + 27·(x_7 ∈ |0..10|11 []) + 47·(x_8 ∈ |0..10|11 []) + 35·(x_9 ∈ |0..10|11 []) + 20·(x_10 ∈ |0..10|11 []) ≤ 1480
	w23:	3·(x_1 ∈ |0..10|11 []) + 48·(x_2 ∈ |0..10|11 []) + 41·(x_3 ∈ |0..10|11 []) + 34·(x_4 ∈ |0..10|11 []) + 5·(x_5 ∈ |0..10|11 []) + 42·(x_6 ∈ |0..10|11 []) + 7·(x_7 ∈ |0..10|11 []) + 35·(x_8 ∈ |0..10|11 []) + 45·(x_9 ∈ |0..10|11 []) + 23·(x_10 ∈ |0..10|11 []) ≤ 1600
	w24:	42·(x_1 ∈ |0..10|11 []) + 27·(x_2 ∈ |0..10|11 []) + 39·(x_3 ∈ |0..10|11 []) + 48·(x_4 ∈ |0..10|11 []) + 37·(x_5 ∈ |0..10|11 []) + 26·(x_6 ∈ |0..10|11 []) + 47·(x_7 ∈ |0..10|11 []) + 27·(x_8 ∈ |0..10|11 []) + 7·(x_9 ∈ |0..10|11 []) + 46·(x_10 ∈ |0..10|11 []) ≤ 1960
	w25:	37·(x_1 ∈ |0..10|11 []) + 33·(x_2 ∈ |0..10|11 []) + 2·(x_3 ∈ |0..10|11 []) + 34·(x_4 ∈ |0..10|11 []) + 43·(x_5 ∈ |0..10|11 []) + 32·(x_6 ∈ |0..10|11 []) + 30·(x_7 ∈ |0..10|11 []) + 29·(x_8 ∈ |0..10|11 []) + 28·(x_9 ∈ |0..10|11 []) + 25·(x_10 ∈ |0..10|11 []) ≤ 1660
	w26:	35·(x_1 ∈ |0..10|11 []) + 48·(x_2 ∈ |0..10|11 []) + 39·(x_3 ∈ |0..10|11 []) + 22·(x_4 ∈ |0..10|11 []) + 3·(x_5 ∈ |0..10|11 []) + 45·(x_6 ∈ |0..10|11 []) + 2·(x_7 ∈ |0..10|11 []) + 7·(x_8 ∈ |0..10|11 []) + 24·(x_9 ∈ |0..10|11 []) + 45·(x_10 ∈ |0..10|11 []) ≤ 1530
	w27:	4·(x_1 ∈ |0..10|11 []) + 19·(x_2 ∈ |0..10|11 []) + 2·(x_3 ∈ |0..10|11 []) + 38·(x_4 ∈ |0..10|11 []) + 20·(x_5 ∈ |0..10|11 []) + 43·(x_6 ∈ |0..10|11 []) + 40·(x_7 ∈ |0..10|11 []) + 28·(x_8 ∈ |0..10|11 []) + 9·(x_9 ∈ |0..10|11 []) + 19·(x_10 ∈ |0..10|11 []) ≤ 1260
	w28:	41·(x_1 ∈ |0..10|11 []) + 11·(x_2 ∈ |0..10|11 []) + 15·(x_3 ∈ |0..10|11 []) + 13·(x_4 ∈ |0..10|11 []) + 12·(x_5 ∈ |0..10|11 []) + 12·(x_6 ∈ |0..10|11 []) + 39·(x_7 ∈ |0..10|11 []) + 20·(x_8 ∈ |0..10|11 []) + (x_9 ∈ |0..10|11 []) + 7·(x_10 ∈ |0..10|11 []) ≤ 970
	w29:	38·(x_1 ∈ |0..10|11 []) + 48·(x_2 ∈ |0..10|11 []) + 37·(x_3 ∈ |0..10|11 []) + 41·(x_4 ∈ |0..10|11 []) + 13·(x_5 ∈ |0..10|11 []) + 18·(x_6 ∈ |0..10|11 []) + 13·(x_7 ∈ |0..10|11 []) + 11·(x_8 ∈ |0..10|11 []) + 4·(x_9 ∈ |0..10|11 []) + 19·(x_10 ∈ |0..10|11 []) ≤ 1370
	w30:	14·(x_1 ∈ |0..10|11 []) + 33·(x_2 ∈ |0..10|11 []) + 27·(x_3 ∈ |0..10|11 []) + 17·(x_4 ∈ |0..10|11 []) + 10·(x_5 ∈ |0..10|11 []) + 24·(x_6 ∈ |0..10|11 []) + 37·(x_7 ∈ |0..10|11 []) + 38·(x_8 ∈ |0..10|11 []) + 21·(x_9 ∈ |0..10|11 []) + 46·(x_10 ∈ |0..10|11 []) ≤ 1510
	w31:	12·(x_1 ∈ |0..10|11 []) + 2·(x_2 ∈ |0..10|11 []) + 20·(x_3 ∈ |0..10|11 []) + 49·(x_4 ∈ |0..10|11 []) + 38·(x_5 ∈ |0..10|11 []) + 7·(x_6 ∈ |0..10|11 []) + 2·(x_7 ∈ |0..10|11 []) + 9·(x_8 ∈ |0..10|11 []) + 28·(x_9 ∈ |0..10|11 []) + 39·(x_10 ∈ |0..10|11 []) ≤ 1170
	w32:	4·(x_1 ∈ |0..10|11 []) + 41·(x_2 ∈ |0..10|11 []) + 34·(x_3 ∈ |0..10|11 []) + 45·(x_4 ∈ |0..10|11 []) + (x_5 ∈ |0..10|11 []) + 6·(x_6 ∈ |0..10|11 []) + 47·(x_7 ∈ |0..10|11 []) + 36·(x_8 ∈ |0..10|11 []) + 21·(x_9 ∈ |0..10|11 []) + 30·(x_10 ∈ |0..10|11 []) ≤ 1500
	w33:	19·(x_1 ∈ |0..10|11 []) + 47·(x_2 ∈ |0..10|11 []) + 24·(x_3 ∈ |0..10|11 []) + 4·(x_4 ∈ |0..10|11 []) + 43·(x_5 ∈ |0..10|11 []) + 9·(x_6 ∈ |0..10|11 []) + 49·(x_7 ∈ |0..10|11 []) + 11·(x_8 ∈ |0..10|11 []) + 17·(x_9 ∈ |0..10|11 []) + 7·(x_10 ∈ |0..10|11 []) ≤ 1300
	w34:	47·(x_1 ∈ |0..10|11 []) + 14·(x_2 ∈ |0..10|11 []) + 49·(x_3 ∈ |0..10|11 []) + 20·(x_4 ∈ |0..10|11 []) + 11·(x_5 ∈ |0..10|11 []) + 25·(x_6 ∈ |0..10|11 []) + 48·(x_7 ∈ |0..10|11 []) + 38·(x_8 ∈ |0..10|11 []) + 44·(x_9 ∈ |0..10|11 []) + 40·(x_10 ∈ |0..10|11 []) ≤ 1900
	w35:	24·(x_1 ∈ |0..10|11 []) + 4·(x_2 ∈ |0..10|11 []) + 3·(x_3 ∈ |0..10|11 []) + (x_4 ∈ |0..10|11 []) + 23·(x_5 ∈ |0..10|11 []) + 41·(x_6 ∈ |0..10|11 []) + 29·(x_7 ∈ |0..10|11 []) + 45·(x_8 ∈ |0..10|11 []) + 3·(x_9 ∈ |0..10|11 []) + 42·(x_10 ∈ |0..10|11 []) ≤ 1220
	w36:	15·(x_1 ∈ |0..10|11 []) + 42·(x_2 ∈ |0..10|11 []) + 2·(x_3 ∈ |0..10|11 []) + 33·(x_4 ∈ |0..10|11 []) + 47·(x_5 ∈ |0..10|11 []) + 3·(x_6 ∈ |0..10|11 []) + 46·(x_7 ∈ |0..10|11 []) + 19·(x_8 ∈ |0..10|11 []) + 6·(x_9 ∈ |0..10|11 []) + 5·(x_10 ∈ |0..10|11 []) ≤ 1230
	w37:	8·(x_1 ∈ |0..10|11 []) + 31·(x_2 ∈ |0..10|11 []) + 2·(x_3 ∈ |0..10|11 []) + 15·(x_4 ∈ |0..10|11 []) + 34·(x_5 ∈ |0..10|11 []) + 25·(x_6 ∈ |0..10|11 []) + 38·(x_7 ∈ |0..10|11 []) + 18·(x_8 ∈ |0..10|11 []) + 20·(x_9 ∈ |0..10|11 []) + 7·(x_10 ∈ |0..10|11 []) ≤ 1120
	w38:	48·(x_1 ∈ |0..10|11 []) + 10·(x_2 ∈ |0..10|11 []) + 16·(x_3 ∈ |0..10|11 []) + 15·(x_4 ∈ |0..10|11 []) + (x_5 ∈ |0..10|11 []) + 24·(x_6 ∈ |0..10|11 []) + 34·(x_7 ∈ |0..10|11 []) + 38·(x_8 ∈ |0..10|11 []) + 45·(x_9 ∈ |0..10|11 []) + 31·(x_10 ∈ |0..10|11 []) ≤ 1480
	w39:	16·(x_1 ∈ |0..10|11 []) + 6·(x_2 ∈ |0..10|11 []) + 31·(x_3 ∈ |0..10|11 []) + 15·(x_4 ∈ |0..10|11 []) + 7·(x_5 ∈ |0..10|11 []) + 36·(x_6 ∈ |0..10|11 []) + 25·(x_7 ∈ |0..10|11 []) + 33·(x_8 ∈ |0..10|11 []) + 2·(x_9 ∈ |0..10|11 []) + 27·(x_10 ∈ |0..10|11 []) ≤ 1120
	w40:	10·(x_1 ∈ |0..10|11 []) + (x_2 ∈ |0..10|11 []) + 38·(x_3 ∈ |0..10|11 []) + 27·(x_4 ∈ |0..10|11 []) + 40·(x_5 ∈ |0..10|11 []) + 44·(x_6 ∈ |0..10|11 []) + 10·(x_7 ∈ |0..10|11 []) + 7·(x_8 ∈ |0..10|11 []) + 31·(x_9 ∈ |0..10|11 []) + 37·(x_10 ∈ |0..10|11 []) ≤ 1390
	w41:	41·(x_1 ∈ |0..10|11 []) + (x_2 ∈ |0..10|11 []) + 26·(x_3 ∈ |0..10|11 []) + 39·(x_4 ∈ |0..10|11 []) + 11·(x_5 ∈ |0..10|11 []) + 12·(x_6 ∈ |0..10|11 []) + 32·(x_7 ∈ |0..10|11 []) + 42·(x_8 ∈ |0..10|11 []) + 29·(x_9 ∈ |0..10|11 []) + 9·(x_10 ∈ |0..10|11 []) ≤ 1370
	w42:	10·(x_1 ∈ |0..10|11 []) + 48·(x_2 ∈ |0..10|11 []) + 13·(x_3 ∈ |0..10|11 []) + 15·(x_4 ∈ |0..10|11 []) + 38·(x_5 ∈ |0..10|11 []) + 8·(x_6 ∈ |0..10|11 []) + 13·(x_7 ∈ |0..10|11 []) + 23·(x_8 ∈ |0..10|11 []) + 25·(x_9 ∈ |0..10|11 []) + 46·(x_10 ∈ |0..10|11 []) ≤ 1350
	w43:	8·(x_1 ∈ |0..10|11 []) + 5·(x_2 ∈ |0..10|11 []) + 45·(x_3 ∈ |0..10|11 []) + 28·(x_4 ∈ |0..10|11 []) + 7·(x_5 ∈ |0..10|11 []) + 49·(x_6 ∈ |0..10|11 []) + 42·(x_7 ∈ |0..10|11 []) + 21·(x_8 ∈ |0..10|11 []) + 13·(x_9 ∈ |0..10|11 []) + 12·(x_10 ∈ |0..10|11 []) ≤ 1300
	w44:	36·(x_1 ∈ |0..10|11 []) + 24·(x_2 ∈ |0..10|11 []) + 13·(x_3 ∈ |0..10|11 []) + 16·(x_4 ∈ |0..10|11 []) + 39·(x_5 ∈ |0..10|11 []) + 17·(x_6 ∈ |0..10|11 []) + 6·(x_7 ∈ |0..10|11 []) + 5·(x_8 ∈ |0..10|11 []) + 31·(x_9 ∈ |0..10|11 []) + 15·(x_10 ∈ |0..10|11 []) ≤ 1140
	w45:	10·(x_1 ∈ |0..10|11 []) + 14·(x_2 ∈ |0..10|11 []) + 18·(x_3 ∈ |0..10|11 []) + 9·(x_4 ∈ |0..10|11 []) + 41·(x_5 ∈ |0..10|11 []) + 4·(x_6 ∈ |0..10|11 []) + 37·(x_7 ∈ |0..10|11 []) + 25·(x_8 ∈ |0..10|11 []) + (x_9 ∈ |0..10|11 []) + 20·(x_10 ∈ |0..10|11 []) ≤ 1010
	w46:	16·(x_1 ∈ |0..10|11 []) + 49·(x_2 ∈ |0..10|11 []) + 5·(x_3 ∈ |0..10|11 []) + (x_4 ∈ |0..10|11 []) + 12·(x_5 ∈ |0..10|11 []) + 13·(x_6 ∈ |0..10|11 []) + 14·(x_7 ∈ |0..10|11 []) + 3·(x_8 ∈ |0..10|11 []) + 48·(x_9 ∈ |0..10|11 []) + 42·(x_10 ∈ |0..10|11 []) ≤ 1150
	w47:	48·(x_1 ∈ |0..10|11 []) + 22·(x_2 ∈ |0..10|11 []) + 3·(x_3 ∈ |0..10|11 []) + 7·(x_4 ∈ |0..10|11 []) + 23·(x_5 ∈ |0..10|11 []) + 22·(x_6 ∈ |0..10|11 []) + 37·(x_7 ∈ |0..10|11 []) + 46·(x_8 ∈ |0..10|11 []) + 26·(x_9 ∈ |0..10|11 []) + 4·(x_10 ∈ |0..10|11 []) ≤ 1350
	w48:	12·(x_1 ∈ |0..10|11 []) + 10·(x_2 ∈ |0..10|11 []) + 32·(x_3 ∈ |0..10|11 []) + 7·(x_4 ∈ |0..10|11 []) + 49·(x_5 ∈ |0..10|11 []) + 13·(x_6 ∈ |0..10|11 []) + 9·(x_7 ∈ |0..10|11 []) + 3·(x_8 ∈ |0..10|11 []) + 38·(x_9 ∈ |0..10|11 []) + 34·(x_10 ∈ |0..10|11 []) ≤ 1170
	w49:	34·(x_1 ∈ |0..10|11 []) + 49·(x_2 ∈ |0..10|11 []) + 12·(x_3 ∈ |0..10|11 []) + 5·(x_4 ∈ |0..10|11 []) + 11·(x_5 ∈ |0..10|11 []) + 3·(x_6 ∈ |0..10|11 []) + 25·(x_7 ∈ |0..10|11 []) + 18·(x_8 ∈ |0..10|11 []) + 12·(x_9 ∈ |0..10|11 []) + 20·(x_10 ∈ |0..10|11 []) ≤ 1070
	w50:	10·(x_1 ∈ |0..10|11 []) + 25·(x_2 ∈ |0..10|11 []) + 31·(x_3 ∈ |0..10|11 []) + 23·(x_4 ∈ |0..10|11 []) + 19·(x_5 ∈ |0..10|11 []) + 35·(x_6 ∈ |0..10|11 []) + 12·(x_7 ∈ |0..10|11 []) + 38·(x_8 ∈ |0..10|11 []) + 46·(x_9 ∈ |0..10|11 []) + 9·(x_10 ∈ |0..10|11 []) ≤ 1400
	w51:	46·(x_1 ∈ |0..10|11 []) + 31·(x_2 ∈ |0..10|11 []) + 21·(x_3 ∈ |0..10|11 []) + 37·(x_4 ∈ |0..10|11 []) + 29·(x_5 ∈ |0..10|11 []) + 18·(x_6 ∈ |0..10|11 []) + 19·(x_7 ∈ |0..10|11 []) + 6·(x_8 ∈ |0..10|11 []) + 2·(x_9 ∈ |0..10|11 []) + 14·(x_10 ∈ |0..10|11 []) ≤ 1260
	w52:	5·(x_1 ∈ |0..10|11 []) + 23·(x_2 ∈ |0..10|11 []) + 30·(x_3 ∈ |0..10|11 []) + 9·(x_4 ∈ |0..10|11 []) + 48·(x_5 ∈ |0..10|11 []) + 21·(x_6 ∈ |0..10|11 []) + 34·(x_7 ∈ |0..10|11 []) + 2·(x_8 ∈ |0..10|11 []) + 29·(x_9 ∈ |0..10|11 []) + 11·(x_10 ∈ |0..10|11 []) ≤ 1200
	w53:	13·(x_1 ∈ |0..10|11 []) + 37·(x_2 ∈ |0..10|11 []) + 49·(x_3 ∈ |0..10|11 []) + 35·(x_4 ∈ |0..10|11 []) + 8·(x_5 ∈ |0..10|11 []) + 45·(x_6 ∈ |0..10|11 []) + 5·(x_7 ∈ |0..10|11 []) + 43·(x_8 ∈ |0..10|11 []) + 47·(x_9 ∈ |0..10|11 []) + 22·(x_10 ∈ |0..10|11 []) ≤ 1720
	w54:	11·(x_1 ∈ |0..10|11 []) + 42·(x_2 ∈ |0..10|11 []) + 43·(x_3 ∈ |0..10|11 []) + 44·(x_4 ∈ |0..10|11 []) + 40·(x_5 ∈ |0..10|11 []) + 42·(x_6 ∈ |0..10|11 []) + 8·(x_7 ∈ |0..10|11 []) + 18·(x_8 ∈ |0..10|11 []) + 11·(x_9 ∈ |0..10|11 []) + 39·(x_10 ∈ |0..10|11 []) ≤ 1690
	w55:	12·(x_1 ∈ |0..10|11 []) + 12·(x_2 ∈ |0..10|11 []) + 27·(x_3 ∈ |0..10|11 []) + 37·(x_4 ∈ |0..10|11 []) + (x_5 ∈ |0..10|11 []) + 35·(x_6 ∈ |0..10|11 []) + 17·(x_7 ∈ |0..10|11 []) + 31·(x_8 ∈ |0..10|11 []) + (x_9 ∈ |0..10|11 []) + 6·(x_10 ∈ |0..10|11 []) ≤ 1010
	w56:	42·(x_1 ∈ |0..10|11 []) + 16·(x_2 ∈ |0..10|11 []) + 9·(x_3 ∈ |0..10|11 []) + 12·(x_4 ∈ |0..10|11 []) + 38·(x_5 ∈ |0..10|11 []) + 9·(x_6 ∈ |0..10|11 []) + 18·(x_7 ∈ |0..10|11 []) + 12·(x_8 ∈ |0..10|11 []) + 42·(x_9 ∈ |0..10|11 []) + 23·(x_10 ∈ |0..10|11 []) ≤ 1250
	w57:	31·(x_1 ∈ |0..10|11 []) + 44·(x_2 ∈ |0..10|11 []) + 37·(x_3 ∈ |0..10|11 []) + 34·(x_4 ∈ |0..10|11 []) + 35·(x_5 ∈ |0..10|11 []) + 37·(x_6 ∈ |0..10|11 []) + 48·(x_7 ∈ |0..10|11 []) + 41·(x_8 ∈ |0..10|11 []) + 23·(x_9 ∈ |0..10|11 []) + 3·(x_10 ∈ |0..10|11 []) ≤ 1890
	w58:	34·(x_1 ∈ |0..10|11 []) + 35·(x_2 ∈ |0..10|11 []) + 5·(x_3 ∈ |0..10|11 []) + 40·(x_4 ∈ |0..10|11 []) + 47·(x_5 ∈ |0..10|11 []) + 36·(x_6 ∈ |0..10|11 []) + 9·(x_7 ∈ |0..10|11 []) + 44·(x_8 ∈ |0..10|11 []) + 45·(x_9 ∈ |0..10|11 []) + 15·(x_10 ∈ |0..10|11 []) ≤ 1760
	w59:	37·(x_1 ∈ |0..10|11 []) + 31·(x_2 ∈ |0..10|11 []) + 45·(x_3 ∈ |0..10|11 []) + 2·(x_4 ∈ |0..10|11 []) + 48·(x_5 ∈ |0..10|11 []) + 46·(x_6 ∈ |0..10|11 []) + 47·(x_7 ∈ |0..10|11 []) + 26·(x_8 ∈ |0..10|11 []) + 4·(x_9 ∈ |0..10|11 []) + 31·(x_10 ∈ |0..10|11 []) ≤ 1800
	w60:	4·(x_1 ∈ |0..10|11 []) + 9·(x_2 ∈ |0..10|11 []) + 13·(x_3 ∈ |0..10|11 []) + 37·(x_4 ∈ |0..10|11 []) + 42·(x_5 ∈ |0..10|11 []) + 16·(x_6 ∈ |0..10|11 []) + 37·(x_7 ∈ |0..10|11 []) + 6·(x_8 ∈ |0..10|11 []) + 33·(x_9 ∈ |0..10|11 []) + 11·(x_10 ∈ |0..10|11 []) ≤ 1180
	w61:	36·(x_1 ∈ |0..10|11 []) + 13·(x_2 ∈ |0..10|11 []) + 6·(x_3 ∈ |0..10|11 []) + 25·(x_4 ∈ |0..10|11 []) + 37·(x_5 ∈ |0..10|11 []) + 19·(x_6 ∈ |0..10|11 []) + (x_7 ∈ |0..10|11 []) + 38·(x_8 ∈ |0..10|11 []) + 17·(x_9 ∈ |0..10|11 []) + (x_10 ∈ |0..10|11 []) ≤ 1090
	w62:	19·(x_1 ∈ |0..10|11 []) + 41·(x_2 ∈ |0..10|11 []) + 10·(x_3 ∈ |0..10|11 []) + 4·(x_4 ∈ |0..10|11 []) + 30·(x_5 ∈ |0..10|11 []) + 49·(x_6 ∈ |0..10|11 []) + 2·(x_7 ∈ |0..10|11 []) + 19·(x_8 ∈ |0..10|11 []) + 5·(x_9 ∈ |0..10|11 []) + 29·(x_10 ∈ |0..10|11 []) ≤ 1180
	w63:	22·(x_1 ∈ |0..10|11 []) + 24·(x_2 ∈ |0..10|11 []) + 49·(x_3 ∈ |0..10|11 []) + 38·(x_4 ∈ |0..10|11 []) + 25·(x_5 ∈ |0..10|11 []) + 14·(x_6 ∈ |0..10|11 []) + 47·(x_7 ∈ |0..10|11 []) + 48·(x_8 ∈ |0..10|11 []) + 19·(x_9 ∈ |0..10|11 []) + 45·(x_10 ∈ |0..10|11 []) ≤ 1880
	w64:	6·(x_1 ∈ |0..10|11 []) + 15·(x_2 ∈ |0..10|11 []) + 25·(x_3 ∈ |0..10|11 []) + 15·(x_4 ∈ |0..10|11 []) + 33·(x_5 ∈ |0..10|11 []) + 4·(x_6 ∈ |0..10|11 []) + 14·(x_7 ∈ |0..10|11 []) + 37·(x_8 ∈ |0..10|11 []) + 37·(x_9 ∈ |0..10|11 []) + 47·(x_10 ∈ |0..10|11 []) ≤ 1320
	w65:	(x_1 ∈ |0..10|11 []) + 46·(x_2 ∈ |0..10|11 []) + 27·(x_3 ∈ |0..10|11 []) + 23·(x_4 ∈ |0..10|11 []) + 39·(x_5 ∈ |0..10|11 []) + 18·(x_6 ∈ |0..10|11 []) + 12·(x_7 ∈ |0..10|11 []) + 5·(x_8 ∈ |0..10|11 []) + 23·(x_9 ∈ |0..10|11 []) + 43·(x_10 ∈ |0..10|11 []) ≤ 1340
	w66:	7·(x_1 ∈ |0..10|11 []) + 33·(x_2 ∈ |0..10|11 []) + 20·(x_3 ∈ |0..10|11 []) + 26·(x_4 ∈ |0..10|11 []) + 33·(x_5 ∈ |0..10|11 []) + 31·(x_6 ∈ |0..10|11 []) + 4·(x_7 ∈ |0..10|11 []) + 32·(x_8 ∈ |0..10|11 []) + 31·(x_9 ∈ |0..10|11 []) + 28·(x_10 ∈ |0..10|11 []) ≤ 1390
	w67:	39·(x_1 ∈ |0..10|11 []) + 30·(x_2 ∈ |0..10|11 []) + (x_3 ∈ |0..10|11 []) + 12·(x_4 ∈ |0..10|11 []) + 8·(x_5 ∈ |0..10|11 []) + 31·(x_6 ∈ |0..10|11 []) + 47·(x_7 ∈ |0..10|11 []) + 17·(x_8 ∈ |0..10|11 []) + 31·(x_9 ∈ |0..10|11 []) + 44·(x_10 ∈ |0..10|11 []) ≤ 1470
	w68:	38·(x_1 ∈ |0..10|11 []) + 17·(x_2 ∈ |0..10|11 []) + 26·(x_3 ∈ |0..10|11 []) + 45·(x_4 ∈ |0..10|11 []) + 27·(x_5 ∈ |0..10|11 []) + 8·(x_6 ∈ |0..10|11 []) + 44·(x_7 ∈ |0..10|11 []) + 8·(x_8 ∈ |0..10|11 []) + 17·(x_9 ∈ |0..10|11 []) + 17·(x_10 ∈ |0..10|11 []) ≤ 1400
	w69:	40·(x_1 ∈ |0..10|11 []) + 2·(x_2 ∈ |0..10|11 []) + 30·(x_3 ∈ |0..10|11 []) + 25·(x_4 ∈ |0..10|11 []) + 9·(x_5 ∈ |0..10|11 []) + 48·(x_6 ∈ |0..10|11 []) + 38·(x_7 ∈ |0..10|11 []) + 37·(x_8 ∈ |0..10|11 []) + 46·(x_9 ∈ |0..10|11 []) + 10·(x_10 ∈ |0..10|11 []) ≤ 1610
	w70:	43·(x_1 ∈ |0..10|11 []) + 33·(x_2 ∈ |0..10|11 []) + 2·(x_3 ∈ |0..10|11 []) + 22·(x_4 ∈ |0..10|11 []) + 38·(x_5 ∈ |0..10|11 []) + 40·(x_6 ∈ |0..10|11 []) + 9·(x_7 ∈ |0..10|11 []) + 19·(x_8 ∈ |0..10|11 []) + 29·(x_9 ∈ |0..10|11 []) + 44·(x_10 ∈ |0..10|11 []) ≤ 1580
	w71:	24·(x_1 ∈ |0..10|11 []) + 29·(x_2 ∈ |0..10|11 []) + 18·(x_3 ∈ |0..10|11 []) + 6·(x_4 ∈ |0..10|11 []) + (x_5 ∈ |0..10|11 []) + 45·(x_6 ∈ |0..10|11 []) + 20·(x_7 ∈ |0..10|11 []) + 40·(x_8 ∈ |0..10|11 []) + 29·(x_9 ∈ |0..10|11 []) + 11·(x_10 ∈ |0..10|11 []) ≤ 1260
	w72:	28·(x_1 ∈ |0..10|11 []) + 9·(x_2 ∈ |0..10|11 []) + 27·(x_3 ∈ |0..10|11 []) + 48·(x_4 ∈ |0..10|11 []) + 6·(x_5 ∈ |0..10|11 []) + 23·(x_6 ∈ |0..10|11 []) + 40·(x_7 ∈ |0..10|11 []) + 48·(x_8 ∈ |0..10|11 []) + 37·(x_9 ∈ |0..10|11 []) + 23·(x_10 ∈ |0..10|11 []) ≤ 1640
	w73:	38·(x_1 ∈ |0..10|11 []) + 18·(x_2 ∈ |0..10|11 []) + 19·(x_3 ∈ |0..10|11 []) + 20·(x_4 ∈ |0..10|11 []) + 33·(x_5 ∈ |0..10|11 []) + 8·(x_6 ∈ |0..10|11 []) + 10·(x_7 ∈ |0..10|11 []) + 19·(x_8 ∈ |0..10|11 []) + 36·(x_9 ∈ |0..10|11 []) + 9·(x_10 ∈ |0..10|11 []) ≤ 1190
	w74:	46·(x_1 ∈ |0..10|11 []) + 33·(x_2 ∈ |0..10|11 []) + 21·(x_3 ∈ |0..10|11 []) + 44·(x_4 ∈ |0..10|11 []) + 36·(x_5 ∈ |0..10|11 []) + 24·(x_6 ∈ |0..10|11 []) + 43·(x_7 ∈ |0..10|11 []) + 8·(x_8 ∈ |0..10|11 []) + 47·(x_9 ∈ |0..10|11 []) + 48·(x_10 ∈ |0..10|11 []) ≤ 1980
	w75:	34·(x_1 ∈ |0..10|11 []) + 3·(x_2 ∈ |0..10|11 []) + 49·(x_3 ∈ |0..10|11 []) + 5·(x_4 ∈ |0..10|11 []) + 37·(x_5 ∈ |0..10|11 []) + 16·(x_6 ∈ |0..10|11 []) + 20·(x_7 ∈ |0..10|11 []) + 18·(x_8 ∈ |0..10|11 []) + 7·(x_9 ∈ |0..10|11 []) + 23·(x_10 ∈ |0..10|11 []) ≤ 1200
	w76:	38·(x_1 ∈ |0..10|11 []) + 26·(x_2 ∈ |0..10|11 []) + 25·(x_3 ∈ |0..10|11 []) + 25·(x_4 ∈ |0..10|11 []) + 6·(x_5 ∈ |0..10|11 []) + 30·(x_6 ∈ |0..10|11 []) + 40·(x_7 ∈ |0..10|11 []) + 6·(x_8 ∈ |0..10|11 []) + 44·(x_9 ∈ |0..10|11 []) + 23·(x_10 ∈ |0..10|11 []) ≤ 1490
	w77:	15·(x_1 ∈ |0..10|11 []) + 44·(x_2 ∈ |0..10|11 []) + 30·(x_3 ∈ |0..10|11 []) + 49·(x_4 ∈ |0..10|11 []) + 14·(x_5 ∈ |0..10|11 []) + 39·(x_6 ∈ |0..10|11 []) + 16·(x_7 ∈ |0..10|11 []) + 27·(x_8 ∈ |0..10|11 []) + 32·(x_9 ∈ |0..10|11 []) + 49·(x_10 ∈ |0..10|11 []) ≤ 1780
	w78:	10·(x_1 ∈ |0..10|11 []) + 20·(x_2 ∈ |0..10|11 []) + 18·(x_3 ∈ |0..10|11 []) + 13·(x_4 ∈ |0..10|11 []) + 14·(x_5 ∈ |0..10|11 []) + 36·(x_6 ∈ |0..10|11 []) + 36·(x_7 ∈ |0..10|11 []) + 44·(x_8 ∈ |0..10|11 []) + 14·(x_9 ∈ |0..10|11 []) + 19·(x_10 ∈ |0..10|11 []) ≤ 1270
	w79:	15·(x_1 ∈ |0..10|11 []) + 15·(x_2 ∈ |0..10|11 []) + 14·(x_3 ∈ |0..10|11 []) + 36·(x_4 ∈ |0..10|11 []) + 11·(x_5 ∈ |0..10|11 []) + 10·(x_6 ∈ |0..10|11 []) + 45·(x_7 ∈ |0..10|11 []) + 16·(x_8 ∈ |0..10|11 []) + 48·(x_9 ∈ |0..10|11 []) + 42·(x_10 ∈ |0..10|11 []) ≤ 1430
	w80:	47·(x_1 ∈ |0..10|11 []) + 32·(x_2 ∈ |0..10|11 []) + 26·(x_3 ∈ |0..10|11 []) + 25·(x_4 ∈ |0..10|11 []) + 11·(x_5 ∈ |0..10|11 []) + 41·(x_6 ∈ |0..10|11 []) + 9·(x_7 ∈ |0..10|11 []) + 35·(x_8 ∈ |0..10|11 []) + 37·(x_9 ∈ |0..10|11 []) + 10·(x_10 ∈ |0..10|11 []) ≤ 1550
	w81:	3·(x_1 ∈ |0..10|11 []) + 22·(x_2 ∈ |0..10|11 []) + 46·(x_3 ∈ |0..10|11 []) + 22·(x_4 ∈ |0..10|11 []) + 36·(x_5 ∈ |0..10|11 []) + 22·(x_6 ∈ |0..10|11 []) + 10·(x_7 ∈ |0..10|11 []) + 44·(x_8 ∈ |0..10|11 []) + 10·(x_9 ∈ |0..10|11 []) + 10·(x_10 ∈ |0..10|11 []) ≤ 1270
	w82:	12·(x_1 ∈ |0..10|11 []) + 9·(x_2 ∈ |0..10|11 []) + 29·(x_3 ∈ |0..10|11 []) + 7·(x_4 ∈ |0..10|11 []) + (x_5 ∈ |0..10|11 []) + 13·(x_6 ∈ |0..10|11 []) + 43·(x_7 ∈ |0..10|11 []) + 33·(x_8 ∈ |0..10|11 []) + 25·(x_9 ∈ |0..10|11 []) + 2·(x_10 ∈ |0..10|11 []) ≤ 980
	w83:	36·(x_1 ∈ |0..10|11 []) + 33·(x_2 ∈ |0..10|11 []) + 26·(x_3 ∈ |0..10|11 []) + 38·(x_4 ∈ |0..10|11 []) + 39·(x_5 ∈ |0..10|11 []) + 24·(x_6 ∈ |0..10|11 []) + 5·(x_7 ∈ |0..10|11 []) + 22·(x_8 ∈ |0..10|11 []) + 33·(x_9 ∈ |0..10|11 []) + 46·(x_10 ∈ |0..10|11 []) ≤ 1710
	w84:	12·(x_1 ∈ |0..10|11 []) + 25·(x_2 ∈ |0..10|11 []) + 29·(x_3 ∈ |0..10|11 []) + 27·(x_4 ∈ |0..10|11 []) + (x_5 ∈ |0..10|11 []) + 3·(x_6 ∈ |0..10|11 []) + 43·(x_7 ∈ |0..10|11 []) + 41·(x_8 ∈ |0..10|11 []) + 43·(x_9 ∈ |0..10|11 []) + 39·(x_10 ∈ |0..10|11 []) ≤ 1490
	w85:	48·(x_1 ∈ |0..10|11 []) + 2·(x_2 ∈ |0..10|11 []) + 14·(x_3 ∈ |0..10|11 []) + 46·(x_4 ∈ |0..10|11 []) + 38·(x_5 ∈ |0..10|11 []) + 30·(x_6 ∈ |0..10|11 []) + 47·(x_7 ∈ |0..10|11 []) + 12·(x_8 ∈ |0..10|11 []) + 26·(x_9 ∈ |0..10|11 []) + 25·(x_10 ∈ |0..10|11 []) ≤ 1630
	w86:	43·(x_1 ∈ |0..10|11 []) + 7·(x_2 ∈ |0..10|11 []) + 16·(x_3 ∈ |0..10|11 []) + 36·(x_4 ∈ |0..10|11 []) + 28·(x_5 ∈ |0..10|11 []) + 6·(x_6 ∈ |0..10|11 []) + 40·(x_7 ∈ |0..10|11 []) + 5·(x_8 ∈ |0..10|11 []) + 43·(x_9 ∈ |0..10|11 []) + 30·(x_10 ∈ |0..10|11 []) ≤ 1440
	w87:	20·(x_1 ∈ |0..10|11 []) + 3·(x_2 ∈ |0..10|11 []) + 29·(x_3 ∈ |0..10|11 []) + 45·(x_4 ∈ |0..10|11 []) + 41·(x_5 ∈ |0..10|11 []) + 49·(x_6 ∈ |0..10|11 []) + 9·(x_7 ∈ |0..10|11 []) + 30·(x_8 ∈ |0..10|11 []) + 7·(x_9 ∈ |0..10|11 []) + 49·(x_10 ∈ |0..10|11 []) ≤ 1600
	w88:	5·(x_1 ∈ |0..10|11 []) + 48·(x_2 ∈ |0..10|11 []) + 41·(x_3 ∈ |0..10|11 []) + 22·(x_4 ∈ |0..10|11 []) + 39·(x_5 ∈ |0..10|11 []) + 32·(x_6 ∈ |0..10|11 []) + 28·(x_7 ∈ |0..10|11 []) + 2·(x_8 ∈ |0..10|11 []) + 24·(x_9 ∈ |0..10|11 []) + 15·(x_10 ∈ |0..10|11 []) ≤ 1450
	w89:	47·(x_1 ∈ |0..10|11 []) + 20·(x_2 ∈ |0..10|11 []) + 15·(x_3 ∈ |0..10|11 []) + 28·(x_4 ∈ |0..10|11 []) + 40·(x_5 ∈ |0..10|11 []) + 29·(x_6 ∈ |0..10|11 []) + 5·(x_7 ∈ |0..10|11 []) + 49·(x_8 ∈ |0..10|11 []) + 6·(x_9 ∈ |0..10|11 []) + 46·(x_10 ∈ |0..10|11 []) ≤ 1610
	w90:	27·(x_1 ∈ |0..10|11 []) + 2·(x_2 ∈ |0..10|11 []) + 44·(x_3 ∈ |0..10|11 []) + 4·(x_4 ∈ |0..10|11 []) + 26·(x_5 ∈ |0..10|11 []) + 44·(x_6 ∈ |0..10|11 []) + 41·(x_7 ∈ |0..10|11 []) + 21·(x_8 ∈ |0..10|11 []) + 22·(x_9 ∈ |0..10|11 []) + 28·(x_10 ∈ |0..10|11 []) ≤ 1470
	w91:	19·(x_1 ∈ |0..10|11 []) + 5·(x_2 ∈ |0..10|11 []) + 47·(x_3 ∈ |0..10|11 []) + 24·(x_4 ∈ |0..10|11 []) + 24·(x_5 ∈ |0..10|11 []) + 42·(x_6 ∈ |0..10|11 []) + (x_7 ∈ |0..10|11 []) + 39·(x_8 ∈ |0..10|11 []) + 35·(x_9 ∈ |0..10|11 []) + 47·(x_10 ∈ |0..10|11 []) ≤ 1600
	w92:	20·(x_1 ∈ |0..10|11 []) + 30·(x_2 ∈ |0..10|11 []) + 12·(x_3 ∈ |0..10|11 []) + 18·(x_4 ∈ |0..10|11 []) + 44·(x_5 ∈ |0..10|11 []) + 12·(x_6 ∈ |0..10|11 []) + 46·(x_7 ∈ |0..10|11 []) + 41·(x_8 ∈ |0..10|11 []) + 37·(x_9 ∈ |0..10|11 []) + 18·(x_10 ∈ |0..10|11 []) ≤ 1570
	w93:	20·(x_1 ∈ |0..10|11 []) + 45·(x_2 ∈ |0..10|11 []) + 47·(x_3 ∈ |0..10|11 []) + 34·(x_4 ∈ |0..10|11 []) + 11·(x_5 ∈ |0..10|11 []) + 45·(x_6 ∈ |0..10|11 []) + 33·(x_7 ∈ |0..10|11 []) + 49·(x_8 ∈ |0..10|11 []) + 45·(x_9 ∈ |0..10|11 []) + 30·(x_10 ∈ |0..10|11 []) ≤ 2030
	w94:	39·(x_1 ∈ |0..10|11 []) + 47·(x_2 ∈ |0..10|11 []) + 29·(x_3 ∈ |0..10|11 []) + 16·(x_4 ∈ |0..10|11 []) + 24·(x_5 ∈ |0..10|11 []) + 2·(x_6 ∈ |0..10|11 []) + 39·(x_7 ∈ |0..10|11 []) + 6·(x_8 ∈ |0..10|11 []) + 3·(x_9 ∈ |0..10|11 []) + 28·(x_10 ∈ |0..10|11 []) ≤ 1320
	w95:	4·(x_1 ∈ |0..10|11 []) + 8·(x_2 ∈ |0..10|11 []) + 42·(x_3 ∈ |0..10|11 []) + 5·(x_4 ∈ |0..10|11 []) + 45·(x_5 ∈ |0..10|11 []) + 48·(x_6 ∈ |0..10|11 []) + 46·(x_7 ∈ |0..10|11 []) + 7·(x_8 ∈ |0..10|11 []) + 17·(x_9 ∈ |0..10|11 []) + 13·(x_10 ∈ |0..10|11 []) ≤ 1330
	w96:	34·(x_1 ∈ |0..10|11 []) + 28·(x_2 ∈ |0..10|11 []) + 17·(x_3 ∈ |0..10|11 []) + 39·(x_4 ∈ |0..10|11 []) + 16·(x_5 ∈ |0..10|11 []) + 38·(x_6 ∈ |0..10|11 []) + 41·(x_7 ∈ |0..10|11 []) + 49·(x_8 ∈ |0..10|11 []) + 17·(x_9 ∈ |0..10|11 []) + 37·(x_10 ∈ |0..10|11 []) ≤ 1790
	w97:	3·(x_1 ∈ |0..10|11 []) + 36·(x_2 ∈ |0..10|11 []) + 4·(x_3 ∈ |0..10|11 []) + 40·(x_4 ∈ |0..10|11 []) + 28·(x_5 ∈ |0..10|11 []) + 38·(x_6 ∈ |0..10|11 []) + 11·(x_7 ∈ |0..10|11 []) + 22·(x_8 ∈ |0..10|11 []) + (x_9 ∈ |0..10|11 []) + 11·(x_10 ∈ |0..10|11 []) ≤ 1100
	w98:	27·(x_1 ∈ |0..10|11 []) + 20·(x_2 ∈ |0..10|11 []) + 4·(x_3 ∈ |0..10|11 []) + 13·(x_4 ∈ |0..10|11 []) + 8·(x_5 ∈ |0..10|11 []) + 4·(x_6 ∈ |0..10|11 []) + 17·(x_7 ∈ |0..10|11 []) + 23·(x_8 ∈ |0..10|11 []) + 14·(x_9 ∈ |0..10|11 []) + 13·(x_10 ∈ |0..10|11 []) ≤ 810
	w99:	23·(x_1 ∈ |0..10|11 []) + 4·(x_2 ∈ |0..10|11 []) + 13·(x_3 ∈ |0..10|11 []) + 30·(x_4 ∈ |0..10|11 []) + 11·(x_5 ∈ |0..10|11 []) + 10·(x_6 ∈ |0..10|11 []) + 25·(x_7 ∈ |0..10|11 []) + (x_8 ∈ |0..10|11 []) + 14·(x_9 ∈ |0..10|11 []) + 40·(x_10 ∈ |0..10|11 []) ≤ 970
	w100:	32·(x_1 ∈ |0..10|11 []) + 43·(x_2 ∈ |0..10|11 []) + 22·(x_3 ∈ |0..10|11 []) + 20·(x_4 ∈ |0..10|11 []) + 48·(x_5 ∈ |0..10|11 []) + 45·(x_6 ∈ |0..10|11 []) + 21·(x_7 ∈ |0..10|11 []) + 17·(x_8 ∈ |0..10|11 []) + 2·(x_9 ∈ |0..10|11 []) + 30·(x_10 ∈ |0..10|11 []) ≤ 1590
	w101:	39·(x_1 ∈ |0..10|11 []) + 47·(x_2 ∈ |0..10|11 []) + 16·(x_3 ∈ |0..10|11 []) + 15·(x_4 ∈ |0..10|11 []) + 36·(x_5 ∈ |0..10|11 []) + 18·(x_6 ∈ |0..10|11 []) + 45·(x_7 ∈ |0..10|11 []) + 18·(x_8 ∈ |0..10|11 []) + 34·(x_9 ∈ |0..10|11 []) + 8·(x_10 ∈ |0..10|11 []) ≤ 1560
	w102:	33·(x_1 ∈ |0..10|11 []) + 2·(x_2 ∈ |0..10|11 []) + 34·(x_3 ∈ |0..10|11 []) + (x_4 ∈ |0..10|11 []) + 20·(x_5 ∈ |0..10|11 []) + 36·(x_6 ∈ |0..10|11 []) + 44·(x_7 ∈ |0..10|11 []) + 11·(x_8 ∈ |0..10|11 []) + 17·(x_9 ∈ |0..10|11 []) + 32·(x_10 ∈ |0..10|11 []) ≤ 1300
	w103:	48·(x_1 ∈ |0..10|11 []) + 7·(x_2 ∈ |0..10|11 []) + (x_3 ∈ |0..10|11 []) + 47·(x_4 ∈ |0..10|11 []) + 12·(x_5 ∈ |0..10|11 []) + 6·(x_6 ∈ |0..10|11 []) + 38·(x_7 ∈ |0..10|11 []) + 29·(x_8 ∈ |0..10|11 []) + 14·(x_9 ∈ |0..10|11 []) + 38·(x_10 ∈ |0..10|11 []) ≤ 1360
	w104:	16·(x_1 ∈ |0..10|11 []) + 49·(x_2 ∈ |0..10|11 []) + 45·(x_3 ∈ |0..10|11 []) + 13·(x_4 ∈ |0..10|11 []) + 5·(x_5 ∈ |0..10|11 []) + 36·(x_6 ∈ |0..10|11 []) + 19·(x_7 ∈ |0..10|11 []) + 43·(x_8 ∈ |0..10|11 []) + 29·(x_9 ∈ |0..10|11 []) + 13·(x_10 ∈ |0..10|11 []) ≤ 1520
	w105:	48·(x_1 ∈ |0..10|11 []) + 8·(x_2 ∈ |0..10|11 []) + 10·(x_3 ∈ |0..10|11 []) + 33·(x_4 ∈ |0..10|11 []) + 3·(x_5 ∈ |0..10|11 []) + 38·(x_6 ∈ |0..10|11 []) + 44·(x_7 ∈ |0..10|11 []) + 21·(x_8 ∈ |0..10|11 []) + 26·(x_9 ∈ |0..10|11 []) + 10·(x_10 ∈ |0..10|11 []) ≤ 1360
	w106:	9·(x_1 ∈ |0..10|11 []) + (x_2 ∈ |0..10|11 []) + 30·(x_3 ∈ |0..10|11 []) + 25·(x_4 ∈ |0..10|11 []) + 13·(x_5 ∈ |0..10|11 []) + 37·(x_6 ∈ |0..10|11 []) + 43·(x_7 ∈ |0..10|11 []) + 8·(x_8 ∈ |0..10|11 []) + 7·(x_9 ∈ |0..10|11 []) + 24·(x_10 ∈ |0..10|11 []) ≤ 1110
	w107:	15·(x_1 ∈ |0..10|11 []) + 6·(x_2 ∈ |0..10|11 []) + 20·(x_3 ∈ |0..10|11 []) + 11·(x_4 ∈ |0..10|11 []) + 3·(x_5 ∈ |0..10|11 []) + 46·(x_6 ∈ |0..10|11 []) + 5·(x_7 ∈ |0..10|11 []) + 38·(x_8 ∈ |0..10|11 []) + 16·(x_9 ∈ |0..10|11 []) + 36·(x_10 ∈ |0..10|11 []) ≤ 1110
	w108:	6·(x_1 ∈ |0..10|11 []) + 46·(x_2 ∈ |0..10|11 []) + 4·(x_3 ∈ |0..10|11 []) + 48·(x_4 ∈ |0..10|11 []) + 21·(x_5 ∈ |0..10|11 []) + 33·(x_6 ∈ |0..10|11 []) + 49·(x_7 ∈ |0..10|11 []) + 2·(x_8 ∈ |0..10|11 []) + 41·(x_9 ∈ |0..10|11 []) + 41·(x_10 ∈ |0..10|11 []) ≤ 1650
	w109:	14·(x_1 ∈ |0..10|11 []) + (x_2 ∈ |0..10|11 []) + 4·(x_3 ∈ |0..10|11 []) + 6·(x_4 ∈ |0..10|11 []) + 42·(x_5 ∈ |0..10|11 []) + 46·(x_6 ∈ |0..10|11 []) + 23·(x_7 ∈ |0..10|11 []) + 30·(x_8 ∈ |0..10|11 []) + 33·(x_9 ∈ |0..10|11 []) + 14·(x_10 ∈ |0..10|11 []) ≤ 1200
	w110:	14·(x_1 ∈ |0..10|11 []) + 29·(x_2 ∈ |0..10|11 []) + 39·(x_3 ∈ |0..10|11 []) + 46·(x_4 ∈ |0..10|11 []) + 7·(x_5 ∈ |0..10|11 []) + 42·(x_6 ∈ |0..10|11 []) + 38·(x_7 ∈ |0..10|11 []) + 14·(x_8 ∈ |0..10|11 []) + 32·(x_9 ∈ |0..10|11 []) + 28·(x_10 ∈ |0..10|11 []) ≤ 1640
	w111:	48·(x_1 ∈ |0..10|11 []) + 36·(x_2 ∈ |0..10|11 []) + 37·(x_3 ∈ |0..10|11 []) + 23·(x_4 ∈ |0..10|11 []) + 42·(x_5 ∈ |0..10|11 []) + 46·(x_6 ∈ |0..10|11 []) + 19·(x_7 ∈ |0..10|11 []) + 20·(x_8 ∈ |0..10|11 []) + 2·(x_9 ∈ |0..10|11 []) + 19·(x_10 ∈ |0..10|11 []) ≤ 1650
	w112:	32·(x_1 ∈ |0..10|11 []) + 30·(x_2 ∈ |0..10|11 []) + 33·(x_3 ∈ |0..10|11 []) + 35·(x_4 ∈ |0..10|11 []) + 28·(x_5 ∈ |0..10|11 []) + 44·(x_6 ∈ |0..10|11 []) + 7·(x_7 ∈ |0..10|11 []) + 26·(x_8 ∈ |0..10|11 []) + 18·(x_9 ∈ |0..10|11 []) + 34·(x_10 ∈ |0..10|11 []) ≤ 1630
	w113:	43·(x_1 ∈ |0..10|11 []) + 46·(x_2 ∈ |0..10|11 []) + 11·(x_3 ∈ |0..10|11 []) + 3·(x_4 ∈ |0..10|11 []) + 34·(x_5 ∈ |0..10|11 []) + 23·(x_6 ∈ |0..10|11 []) + 10·(x_7 ∈ |0..10|11 []) + 48·(x_8 ∈ |0..10|11 []) + 11·(x_9 ∈ |0..10|11 []) + 40·(x_10 ∈ |0..10|11 []) ≤ 1520
	w114:	10·(x_1 ∈ |0..10|11 []) + 8·(x_2 ∈ |0..10|11 []) + 6·(x_3 ∈ |0..10|11 []) + 5·(x_4 ∈ |0..10|11 []) + 14·(x_5 ∈ |0..10|11 []) + 27·(x_6 ∈ |0..10|11 []) + 12·(x_7 ∈ |0..10|11 []) + 45·(x_8 ∈ |0..10|11 []) + 36·(x_9 ∈ |0..10|11 []) + 35·(x_10 ∈ |0..10|11 []) ≤ 1120
	w115:	7·(x_1 ∈ |0..10|11 []) + 18·(x_2 ∈ |0..10|11 []) + 26·(x_3 ∈ |0..10|11 []) + 12·(x_4 ∈ |0..10|11 []) + 30·(x_5 ∈ |0..10|11 []) + 9·(x_6 ∈ |0..10|11 []) + 25·(x_7 ∈ |0..10|11 []) + 11·(x_8 ∈ |0..10|11 []) + 20·(x_9 ∈ |0..10|11 []) + 43·(x_10 ∈ |0..10|11 []) ≤ 1140
	w116:	6·(x_1 ∈ |0..10|11 []) + 37·(x_2 ∈ |0..10|11 []) + 6·(x_3 ∈ |0..10|11 []) + 39·(x_4 ∈ |0..10|11 []) + 42·(x_5 ∈ |0..10|11 []) + 29·(x_6 ∈ |0..10|11 []) + 43·(x_7 ∈ |0..10|11 []) + 5·(x_8 ∈ |0..10|11 []) + 5·(x_9 ∈ |0..10|11 []) + 49·(x_10 ∈ |0..10|11 []) ≤ 1480
	w117:	37·(x_1 ∈ |0..10|11 []) + 6·(x_2 ∈ |0..10|11 []) + (x_3 ∈ |0..10|11 []) + 47·(x_4 ∈ |0..10|11 []) + 32·(x_5 ∈ |0..10|11 []) + 38·(x_6 ∈ |0..10|11 []) + 23·(x_7 ∈ |0..10|11 []) + 5·(x_8 ∈ |0..10|11 []) + 39·(x_9 ∈ |0..10|11 []) + 10·(x_10 ∈ |0..10|11 []) ≤ 1350
	w118:	11·(x_1 ∈ |0..10|11 []) + 13·(x_2 ∈ |0..10|11 []) + 18·(x_3 ∈ |0..10|11 []) + 32·(x_4 ∈ |0..10|11 []) + 5·(x_5 ∈ |0..10|11 []) + 13·(x_6 ∈ |0..10|11 []) + 36·(x_7 ∈ |0..10|11 []) + 27·(x_8 ∈ |0..10|11 []) + 45·(x_9 ∈ |0..10|11 []) + 41·(x_10 ∈ |0..10|11 []) ≤ 1360
	w119:	20·(x_1 ∈ |0..10|11 []) + 7·(x_2 ∈ |0..10|11 []) + 6·(x_3 ∈ |0..10|11 []) + 41·(x_4 ∈ |0..10|11 []) + 45·(x_5 ∈ |0..10|11 []) + 23·(x_6 ∈ |0..10|11 []) + 27·(x_7 ∈ |0..10|11 []) + 46·(x_8 ∈ |0..10|11 []) + 46·(x_9 ∈ |0..10|11 []) + 22·(x_10 ∈ |0..10|11 []) ≤ 1600
	w120:	20·(x_1 ∈ |0..10|11 []) + 33·(x_2 ∈ |0..10|11 []) + 3·(x_3 ∈ |0..10|11 []) + 39·(x_4 ∈ |0..10|11 []) + 11·(x_5 ∈ |0..10|11 []) + 10·(x_6 ∈ |0..10|11 []) + 12·(x_7 ∈ |0..10|11 []) + 47·(x_8 ∈ |0..10|11 []) + 37·(x_9 ∈ |0..10|11 []) + 25·(x_10 ∈ |0..10|11 []) ≤ 1340
	w121:	3·(x_1 ∈ |0..10|11 []) + 44·(x_2 ∈ |0..10|11 []) + 15·(x_3 ∈ |0..10|11 []) + 11·(x_4 ∈ |0..10|11 []) + 46·(x_5 ∈ |0..10|11 []) + 28·(x_6 ∈ |0..10|11 []) + 30·(x_7 ∈ |0..10|11 []) + 37·(x_8 ∈ |0..10|11 []) + 32·(x_9 ∈ |0..10|11 []) + 32·(x_10 ∈ |0..10|11 []) ≤ 1570
	w122:	47·(x_1 ∈ |0..10|11 []) + 25·(x_2 ∈ |0..10|11 []) + 30·(x_3 ∈ |0..10|11 []) + 3·(x_4 ∈ |0..10|11 []) + 44·(x_5 ∈ |0..10|11 []) + 12·(x_6 ∈ |0..10|11 []) + 17·(x_7 ∈ |0..10|11 []) + 15·(x_8 ∈ |0..10|11 []) + 16·(x_9 ∈ |0..10|11 []) + 7·(x_10 ∈ |0..10|11 []) ≤ 1220
	w123:	47·(x_1 ∈ |0..10|11 []) + 22·(x_2 ∈ |0..10|11 []) + 23·(x_3 ∈ |0..10|11 []) + 20·(x_4 ∈ |0..10|11 []) + 47·(x_5 ∈ |0..10|11 []) + 46·(x_6 ∈ |0..10|11 []) + 7·(x_7 ∈ |0..10|11 []) + 48·(x_8 ∈ |0..10|11 []) + 21·(x_9 ∈ |0..10|11 []) + 17·(x_10 ∈ |0..10|11 []) ≤ 1690
	w124:	4·(x_1 ∈ |0..10|11 []) + 48·(x_2 ∈ |0..10|11 []) + 39·(x_3 ∈ |0..10|11 []) + 2·(x_4 ∈ |0..10|11 []) + 10·(x_5 ∈ |0..10|11 []) + 13·(x_6 ∈ |0..10|11 []) + 13·(x_7 ∈ |0..10|11 []) + 36·(x_8 ∈ |0..10|11 []) + 23·(x_9 ∈ |0..10|11 []) + (x_10 ∈ |0..10|11 []) ≤ 1070
	w125:	22·(x_1 ∈ |0..10|11 []) + 34·(x_2 ∈ |0..10|11 []) + 25·(x_3 ∈ |0..10|11 []) + 14·(x_4 ∈ |0..10|11 []) + 28·(x_5 ∈ |0..10|11 []) + 36·(x_6 ∈ |0..10|11 []) + 42·(x_7 ∈ |0..10|11 []) + 13·(x_8 ∈ |0..10|11 []) + 11·(x_9 ∈ |0..10|11 []) + 12·(x_10 ∈ |0..10|11 []) ≤ 1340
	w126:	31·(x_1 ∈ |0..10|11 []) + 39·(x_2 ∈ |0..10|11 []) + 17·(x_3 ∈ |0..10|11 []) + 24·(x_4 ∈ |0..10|11 []) + 7·(x_5 ∈ |0..10|11 []) + 22·(x_6 ∈ |0..10|11 []) + 25·(x_7 ∈ |0..10|11 []) + 14·(x_8 ∈ |0..10|11 []) + 37·(x_9 ∈ |0..10|11 []) + 20·(x_10 ∈ |0..10|11 []) ≤ 1340
	w127:	22·(x_1 ∈ |0..10|11 []) + 40·(x_2 ∈ |0..10|11 []) + 49·(x_3 ∈ |0..10|11 []) + 41·(x_4 ∈ |0..10|11 []) + 14·(x_5 ∈ |0..10|11 []) + 13·(x_6 ∈ |0..10|11 []) + 7·(x_7 ∈ |0..10|11 []) + 26·(x_8 ∈ |0..10|11 []) + 37·(x_9 ∈ |0..10|11 []) + 38·(x_10 ∈ |0..10|11 []) ≤ 1630
	w128:	35·(x_1 ∈ |0..10|11 []) + 24·(x_2 ∈ |0..10|11 []) + 36·(x_3 ∈ |0..10|11 []) + 34·(x_4 ∈ |0..10|11 []) + 2·(x_5 ∈ |0..10|11 []) + 8·(x_6 ∈ |0..10|11 []) + 26·(x_7 ∈ |0..10|11 []) + 40·(x_8 ∈ |0..10|11 []) + 22·(x_9 ∈ |0..10|11 []) + 4·(x_10 ∈ |0..10|11 []) ≤ 1310
	w129:	48·(x_1 ∈ |0..10|11 []) + 11·(x_2 ∈ |0..10|11 []) + 40·(x_3 ∈ |0..10|11 []) + 13·(x_4 ∈ |0..10|11 []) + 15·(x_5 ∈ |0..10|11 []) + 38·(x_6 ∈ |0..10|11 []) + 41·(x_7 ∈ |0..10|11 []) + 23·(x_8 ∈ |0..10|11 []) + 3·(x_9 ∈ |0..10|11 []) + 31·(x_10 ∈ |0..10|11 []) ≤ 1490
	w130:	37·(x_1 ∈ |0..10|11 []) + 42·(x_2 ∈ |0..10|11 []) + 5·(x_3 ∈ |0..10|11 []) + 14·(x_4 ∈ |0..10|11 []) + 48·(x_5 ∈ |0..10|11 []) + 38·(x_6 ∈ |0..10|11 []) + 5·(x_7 ∈ |0..10|11 []) + 9·(x_8 ∈ |0..10|11 []) + 17·(x_9 ∈ |0..10|11 []) + 17·(x_10 ∈ |0..10|11 []) ≤ 1310
	w131:	48·(x_1 ∈ |0..10|11 []) + 11·(x_2 ∈ |0..10|11 []) + 33·(x_3 ∈ |0..10|11 []) + 36·(x_4 ∈ |0..10|11 []) + 32·(x_5 ∈ |0..10|11 []) + 8·(x_6 ∈ |0..10|11 []) + 20·(x_7 ∈ |0..10|11 []) + 31·(x_8 ∈ |0..10|11 []) + 49·(x_9 ∈ |0..10|11 []) + 31·(x_10 ∈ |0..10|11 []) ≤ 1690
	w132:	48·(x_1 ∈ |0..10|11 []) + 10·(x_2 ∈ |0..10|11 []) + 40·(x_3 ∈ |0..10|11 []) + 22·(x_4 ∈ |0..10|11 []) + 32·(x_5 ∈ |0..10|11 []) + 44·(x_6 ∈ |0..10|11 []) + 46·(x_7 ∈ |0..10|11 []) + 37·(x_8 ∈ |0..10|11 []) + 28·(x_9 ∈ |0..10|11 []) + 40·(x_10 ∈ |0..10|11 []) ≤ 1970
	w133:	8·(x_1 ∈ |0..10|11 []) + 10·(x_2 ∈ |0..10|11 []) + 30·(x_3 ∈ |0..10|11 []) + 16·(x_4 ∈ |0..10|11 []) + 7·(x_5 ∈ |0..10|11 []) + 28·(x_6 ∈ |0..10|11 []) + (x_7 ∈ |0..10|11 []) + 30·(x_8 ∈ |0..10|11 []) + 4·(x_9 ∈ |0..10|11 []) + 13·(x_10 ∈ |0..10|11 []) ≤ 830
	w134:	35·(x_1 ∈ |0..10|11 []) + 27·(x_2 ∈ |0..10|11 []) + 22·(x_3 ∈ |0..10|11 []) + 37·(x_4 ∈ |0..10|11 []) + 42·(x_5 ∈ |0..10|11 []) + 6·(x_6 ∈ |0..10|11 []) + 16·(x_7 ∈ |0..10|11 []) + 46·(x_8 ∈ |0..10|11 []) + 15·(x_9 ∈ |0..10|11 []) + 26·(x_10 ∈ |0..10|11 []) ≤ 1540
	w135:	19·(x_1 ∈ |0..10|11 []) + 7·(x_2 ∈ |0..10|11 []) + 10·(x_3 ∈ |0..10|11 []) + 9·(x_4 ∈ |0..10|11 []) + (x_5 ∈ |0..10|11 []) + 11·(x_6 ∈ |0..10|11 []) + 49·(x_7 ∈ |0..10|11 []) + 20·(x_8 ∈ |0..10|11 []) + 18·(x_9 ∈ |0..10|11 []) + 40·(x_10 ∈ |0..10|11 []) ≤ 1040
	w136:	22·(x_1 ∈ |0..10|11 []) + 41·(x_2 ∈ |0..10|11 []) + 17·(x_3 ∈ |0..10|11 []) + 21·(x_4 ∈ |0..10|11 []) + 27·(x_5 ∈ |0..10|11 []) + 44·(x_6 ∈ |0..10|11 []) + 36·(x_7 ∈ |0..10|11 []) + 42·(x_8 ∈ |0..10|11 []) + 47·(x_9 ∈ |0..10|11 []) + 28·(x_10 ∈ |0..10|11 []) ≤ 1840
	w137:	37·(x_1 ∈ |0..10|11 []) + 10·(x_2 ∈ |0..10|11 []) + 35·(x_3 ∈ |0..10|11 []) + 17·(x_4 ∈ |0..10|11 []) + 14·(x_5 ∈ |0..10|11 []) + 33·(x_6 ∈ |0..10|11 []) + 25·(x_7 ∈ |0..10|11 []) + 32·(x_8 ∈ |0..10|11 []) + 36·(x_9 ∈ |0..10|11 []) + 26·(x_10 ∈ |0..10|11 []) ≤ 1500
	w138:	11·(x_1 ∈ |0..10|11 []) + 10·(x_2 ∈ |0..10|11 []) + 32·(x_3 ∈ |0..10|11 []) + 12·(x_4 ∈ |0..10|11 []) + 49·(x_5 ∈ |0..10|11 []) + 8·(x_6 ∈ |0..10|11 []) + 15·(x_7 ∈ |0..10|11 []) + (x_8 ∈ |0..10|11 []) + 27·(x_9 ∈ |0..10|11 []) + 5·(x_10 ∈ |0..10|11 []) ≤ 960
	w139:	21·(x_1 ∈ |0..10|11 []) + 39·(x_2 ∈ |0..10|11 []) + 37·(x_3 ∈ |0..10|11 []) + 43·(x_4 ∈ |0..10|11 []) + 19·(x_5 ∈ |0..10|11 []) + 42·(x_6 ∈ |0..10|11 []) + 11·(x_7 ∈ |0..10|11 []) + 48·(x_8 ∈ |0..10|11 []) + 18·(x_9 ∈ |0..10|11 []) + 48·(x_10 ∈ |0..10|11 []) ≤ 1850
	w140:	27·(x_1 ∈ |0..10|11 []) + 9·(x_2 ∈ |0..10|11 []) + 35·(x_3 ∈ |0..10|11 []) + 39·(x_4 ∈ |0..10|11 []) + 9·(x_5 ∈ |0..10|11 []) + 46·(x_6 ∈ |0..10|11 []) + 15·(x_7 ∈ |0..10|11 []) + 23·(x_8 ∈ |0..10|11 []) + 26·(x_9 ∈ |0..10|11 []) + 25·(x_10 ∈ |0..10|11 []) ≤ 1440
	w141:	(x_1 ∈ |0..10|11 []) + 37·(x_2 ∈ |0..10|11 []) + 25·(x_3 ∈ |0..10|11 []) + 24·(x_4 ∈ |0..10|11 []) + 36·(x_5 ∈ |0..10|11 []) + 41·(x_6 ∈ |0..10|11 []) + 11·(x_7 ∈ |0..10|11 []) + 6·(x_8 ∈ |0..10|11 []) + 20·(x_9 ∈ |0..10|11 []) + 40·(x_10 ∈ |0..10|11 []) ≤ 1360
	w142:	5·(x_1 ∈ |0..10|11 []) + 32·(x_2 ∈ |0..10|11 []) + 49·(x_3 ∈ |0..10|11 []) + 28·(x_4 ∈ |0..10|11 []) + 45·(x_5 ∈ |0..10|11 []) + 2·(x_6 ∈ |0..10|11 []) + 2·(x_7 ∈ |0..10|11 []) + 16·(x_8 ∈ |0..10|11 []) + 19·(x_9 ∈ |0..10|11 []) + 7·(x_10 ∈ |0..10|11 []) ≤ 1160
	w143:	15·(x_1 ∈ |0..10|11 []) + 28·(x_2 ∈ |0..10|11 []) + 45·(x_3 ∈ |0..10|11 []) + 5·(x_4 ∈ |0..10|11 []) + 17·(x_5 ∈ |0..10|11 []) + 14·(x_6 ∈ |0..10|11 []) + 47·(x_7 ∈ |0..10|11 []) + 23·(x_8 ∈ |0..10|11 []) + 23·(x_9 ∈ |0..10|11 []) + 8·(x_10 ∈ |0..10|11 []) ≤ 1270
	w144:	7·(x_1 ∈ |0..10|11 []) + 48·(x_2 ∈ |0..10|11 []) + 13·(x_3 ∈ |0..10|11 []) + 12·(x_4 ∈ |0..10|11 []) + 5·(x_5 ∈ |0..10|11 []) + 10·(x_6 ∈ |0..10|11 []) + 45·(x_7 ∈ |0..10|11 []) + 2·(x_8 ∈ |0..10|11 []) + 31·(x_9 ∈ |0..10|11 []) + 41·(x_10 ∈ |0..10|11 []) ≤ 1210
	w145:	48·(x_1 ∈ |0..10|11 []) + 6·(x_2 ∈ |0..10|11 []) + 39·(x_3 ∈ |0..10|11 []) + 24·(x_4 ∈ |0..10|11 []) + 22·(x_5 ∈ |0..10|11 []) + 11·(x_6 ∈ |0..10|11 []) + 18·(x_7 ∈ |0..10|11 []) + 48·(x_8 ∈ |0..10|11 []) + 42·(x_9 ∈ |0..10|11 []) + 36·(x_10 ∈ |0..10|11 []) ≤ 1660
	w146:	41·(x_1 ∈ |0..10|11 []) + 23·(x_2 ∈ |0..10|11 []) + 28·(x_3 ∈ |0..10|11 []) + 27·(x_4 ∈ |0..10|11 []) + 48·(x_5 ∈ |0..10|11 []) + 44·(x_6 ∈ |0..10|11 []) + 48·(x_7 ∈ |0..10|11 []) + 40·(x_8 ∈ |0..10|11 []) + 6·(x_9 ∈ |0..10|11 []) + 7·(x_10 ∈ |0..10|11 []) ≤ 1770
	w147:	44·(x_1 ∈ |0..10|11 []) + 37·(x_2 ∈ |0..10|11 []) + 47·(x_3 ∈ |0..10|11 []) + 34·(x_4 ∈ |0..10|11 []) + 47·(x_5 ∈ |0..10|11 []) + 45·(x_6 ∈ |0..10|11 []) + 47·(x_7 ∈ |0..10|11 []) + 39·(x_8 ∈ |0..10|11 []) + 17·(x_9 ∈ |0..10|11 []) + 20·(x_10 ∈ |0..10|11 []) ≤ 2140
	w148:	44·(x_1 ∈ |0..10|11 []) + 16·(x_2 ∈ |0..10|11 []) + 41·(x_3 ∈ |0..10|11 []) + 11·(x_4 ∈ |0..10|11 []) + 30·(x_5 ∈ |0..10|11 []) + 41·(x_6 ∈ |0..10|11 []) + 27·(x_7 ∈ |0..10|11 []) + 39·(x_8 ∈ |0..10|11 []) + 2·(x_9 ∈ |0..10|11 []) + 20·(x_10 ∈ |0..10|11 []) ≤ 1530
	w149:	43·(x_1 ∈ |0..10|11 []) + 44·(x_2 ∈ |0..10|11 []) + 42·(x_3 ∈ |0..10|11 []) + 5·(x_4 ∈ |0..10|11 []) + 47·(x_5 ∈ |0..10|11 []) + 34·(x_6 ∈ |0..10|11 []) + 45·(x_7 ∈ |0..10|11 []) + 11·(x_8 ∈ |0..10|11 []) + 20·(x_9 ∈ |0..10|11 []) + 47·(x_10 ∈ |0..10|11 []) ≤ 1910
	w150:	27·(x_1 ∈ |0..10|11 []) + 8·(x_2 ∈ |0..10|11 []) + 46·(x_3 ∈ |0..10|11 []) + 5·(x_4 ∈ |0..10|11 []) + 47·(x_5 ∈ |0..10|11 []) + 27·(x_6 ∈ |0..10|11 []) + 12·(x_7 ∈ |0..10|11 []) + 21·(x_8 ∈ |0..10|11 []) + 28·(x_9 ∈ |0..10|11 []) + 26·(x_10 ∈ |0..10|11 []) ≤ 1400
	w151:	28·(x_1 ∈ |0..10|11 []) + 40·(x_2 ∈ |0..10|11 []) + 47·(x_3 ∈ |0..10|11 []) + 7·(x_4 ∈ |0..10|11 []) + 6·(x_5 ∈ |0..10|11 []) + 48·(x_6 ∈ |0..10|11 []) + 47·(x_7 ∈ |0..10|11 []) + 15·(x_8 ∈ |0..10|11 []) + 40·(x_9 ∈ |0..10|11 []) + 22·(x_10 ∈ |0..10|11 []) ≤ 1700
	w152:	5·(x_1 ∈ |0..10|11 []) + 6·(x_2 ∈ |0..10|11 []) + 30·(x_3 ∈ |0..10|11 []) + 42·(x_4 ∈ |0..10|11 []) + 4·(x_5 ∈ |0..10|11 []) + 26·(x_6 ∈ |0..10|11 []) + 29·(x_7 ∈ |0..10|11 []) + 18·(x_8 ∈ |0..10|11 []) + 44·(x_9 ∈ |0..10|11 []) + 20·(x_10 ∈ |0..10|11 []) ≤ 1270
	w153:	9·(x_1 ∈ |0..10|11 []) + 22·(x_2 ∈ |0..10|11 []) + 46·(x_3 ∈ |0..10|11 []) + 33·(x_4 ∈ |0..10|11 []) + 2·(x_5 ∈ |0..10|11 []) + 14·(x_6 ∈ |0..10|11 []) + 5·(x_7 ∈ |0..10|11 []) + 9·(x_8 ∈ |0..10|11 []) + 28·(x_9 ∈ |0..10|11 []) + 7·(x_10 ∈ |0..10|11 []) ≤ 990
	w154:	(x_1 ∈ |0..10|11 []) + 17·(x_2 ∈ |0..10|11 []) + 7·(x_3 ∈ |0..10|11 []) + 3·(x_4 ∈ |0..10|11 []) + 6·(x_5 ∈ |0..10|11 []) + 14·(x_6 ∈ |0..10|11 []) + 24·(x_7 ∈ |0..10|11 []) + 23·(x_8 ∈ |0..10|11 []) + 3·(x_9 ∈ |0..10|11 []) + 11·(x_10 ∈ |0..10|11 []) ≤ 610
	w155:	27·(x_1 ∈ |0..10|11 []) + 15·(x_2 ∈ |0..10|11 []) + 37·(x_3 ∈ |0..10|11 []) + 42·(x_4 ∈ |0..10|11 []) + 15·(x_5 ∈ |0..10|11 []) + 16·(x_6 ∈ |0..10|11 []) + 45·(x_7 ∈ |0..10|11 []) + 21·(x_8 ∈ |0..10|11 []) + 47·(x_9 ∈ |0..10|11 []) + 27·(x_10 ∈ |0..10|11 []) ≤ 1650
	w156:	23·(x_1 ∈ |0..10|11 []) + 30·(x_2 ∈ |0..10|11 []) + 9·(x_3 ∈ |0..10|11 []) + 9·(x_4 ∈ |0..10|11 []) + 37·(x_5 ∈ |0..10|11 []) + 43·(x_6 ∈ |0..10|11 []) + 14·(x_7 ∈ |0..10|11 []) + 19·(x_8 ∈ |0..10|11 []) + 48·(x_9 ∈ |0..10|11 []) + 42·(x_10 ∈ |0..10|11 []) ≤ 1550
	w157:	28·(x_1 ∈ |0..10|11 []) + 4·(x_2 ∈ |0..10|11 []) + 31·(x_3 ∈ |0..10|11 []) + (x_4 ∈ |0..10|11 []) + 20·(x_5 ∈ |0..10|11 []) + 34·(x_6 ∈ |0..10|11 []) + 44·(x_7 ∈ |0..10|11 []) + 35·(x_8 ∈ |0..10|11 []) + 38·(x_9 ∈ |0..10|11 []) + (x_10 ∈ |0..10|11 []) ≤ 1340
	w158:	14·(x_1 ∈ |0..10|11 []) + 22·(x_2 ∈ |0..10|11 []) + 9·(x_3 ∈ |0..10|11 []) + 43·(x_4 ∈ |0..10|11 []) + 40·(x_5 ∈ |0..10|11 []) + 28·(x_6 ∈ |0..10|11 []) + 18·(x_7 ∈ |0..10|11 []) + 44·(x_8 ∈ |0..10|11 []) + 48·(x_9 ∈ |0..10|11 []) + 32·(x_10 ∈ |0..10|11 []) ≤ 1690
	w159:	3·(x_1 ∈ |0..10|11 []) + 41·(x_2 ∈ |0..10|11 []) + 16·(x_3 ∈ |0..10|11 []) + 8·(x_4 ∈ |0..10|11 []) + 9·(x_5 ∈ |0..10|11 []) + 28·(x_6 ∈ |0..10|11 []) + 39·(x_7 ∈ |0..10|11 []) + 45·(x_8 ∈ |0..10|11 []) + 14·(x_9 ∈ |0..10|11 []) + 31·(x_10 ∈ |0..10|11 []) ≤ 1320
	w160:	17·(x_1 ∈ |0..10|11 []) + 27·(x_2 ∈ |0..10|11 []) + 40·(x_3 ∈ |0..10|11 []) + 32·(x_4 ∈ |0..10|11 []) + 28·(x_5 ∈ |0..10|11 []) + 33·(x_6 ∈ |0..10|11 []) + 14·(x_7 ∈ |0..10|11 []) + 21·(x_8 ∈ |0..10|11 []) + 19·(x_9 ∈ |0..10|11 []) + 19·(x_10 ∈ |0..10|11 []) ≤ 1420
	w161:	22·(x_1 ∈ |0..10|11 []) + 18·(x_2 ∈ |0..10|11 []) + 14·(x_3 ∈ |0..10|11 []) + 29·(x_4 ∈ |0..10|11 []) + 3·(x_5 ∈ |0..10|11 []) + 19·(x_6 ∈ |0..10|11 []) + 25·(x_7 ∈ |0..10|11 []) + 32·(x_8 ∈ |0..10|11 []) + 12·(x_9 ∈ |0..10|11 []) + 17·(x_10 ∈ |0..10|11 []) ≤ 1080
	w162:	47·(x_1 ∈ |0..10|11 []) + 33·(x_2 ∈ |0..10|11 []) + 46·(x_3 ∈ |0..10|11 []) + 3·(x_4 ∈ |0..10|11 []) + 48·(x_5 ∈ |0..10|11 []) + 20·(x_6 ∈ |0..10|11 []) + 20·(x_7 ∈ |0..10|11 []) + 35·(x_8 ∈ |0..10|11 []) + 21·(x_9 ∈ |0..10|11 []) + 35·(x_10 ∈ |0..10|11 []) ≤ 1740
	w163:	40·(x_1 ∈ |0..10|11 []) + 45·(x_2 ∈ |0..10|11 []) + 45·(x_3 ∈ |0..10|11 []) + 39·(x_4 ∈ |0..10|11 []) + 6·(x_5 ∈ |0..10|11 []) + 18·(x_6 ∈ |0..10|11 []) + 32·(x_7 ∈ |0..10|11 []) + 10·(x_8 ∈ |0..10|11 []) + 29·(x_9 ∈ |0..10|11 []) + 28·(x_10 ∈ |0..10|11 []) ≤ 1650
	w164:	47·(x_1 ∈ |0..10|11 []) + 13·(x_2 ∈ |0..10|11 []) + 4·(x_3 ∈ |0..10|11 []) + 38·(x_4 ∈ |0..10|11 []) + 41·(x_5 ∈ |0..10|11 []) + 3·(x_6 ∈ |0..10|11 []) + 20·(x_7 ∈ |0..10|11 []) + 33·(x_8 ∈ |0..10|11 []) + 16·(x_9 ∈ |0..10|11 []) + 3·(x_10 ∈ |0..10|11 []) ≤ 1230
	w165:	19·(x_1 ∈ |0..10|11 []) + 33·(x_2 ∈ |0..10|11 []) + 14·(x_3 ∈ |0..10|11 []) + 23·(x_4 ∈ |0..10|11 []) + 38·(x_5 ∈ |0..10|11 []) + 13·(x_6 ∈ |0..10|11 []) + 23·(x_7 ∈ |0..10|11 []) + 17·(x_8 ∈ |0..10|11 []) + 26·(x_9 ∈ |0..10|11 []) + 9·(x_10 ∈ |0..10|11 []) ≤ 1220
	w166:	43·(x_1 ∈ |0..10|11 []) + 44·(x_2 ∈ |0..10|11 []) + 29·(x_3 ∈ |0..10|11 []) + 29·(x_4 ∈ |0..10|11 []) + 40·(x_5 ∈ |0..10|11 []) + 20·(x_6 ∈ |0..10|11 []) + 43·(x_7 ∈ |0..10|11 []) + 44·(x_8 ∈ |0..10|11 []) + (x_9 ∈ |0..10|11 []) + 14·(x_10 ∈ |0..10|11 []) ≤ 1740
	w167:	9·(x_1 ∈ |0..10|11 []) + 24·(x_2 ∈ |0..10|11 []) + 22·(x_3 ∈ |0..10|11 []) + 41·(x_4 ∈ |0..10|11 []) + 18·(x_5 ∈ |0..10|11 []) + 30·(x_6 ∈ |0..10|11 []) + 17·(x_7 ∈ |0..10|11 []) + 27·(x_8 ∈ |0..10|11 []) + 38·(x_9 ∈ |0..10|11 []) + 35·(x_10 ∈ |0..10|11 []) ≤ 1480
	w168:	26·(x_1 ∈ |0..10|11 []) + 18·(x_2 ∈ |0..10|11 []) + 19·(x_3 ∈ |0..10|11 []) + 21·(x_4 ∈ |0..10|11 []) + 16·(x_5 ∈ |0..10|11 []) + 19·(x_6 ∈ |0..10|11 []) + 49·(x_7 ∈ |0..10|11 []) + 44·(x_8 ∈ |0..10|11 []) + 21·(x_9 ∈ |0..10|11 []) + 7·(x_10 ∈ |0..10|11 []) ≤ 1360
	w169:	6·(x_1 ∈ |0..10|11 []) + 26·(x_2 ∈ |0..10|11 []) + 13·(x_3 ∈ |0..10|11 []) + 9·(x_4 ∈ |0..10|11 []) + 42·(x_5 ∈ |0..10|11 []) + 25·(x_6 ∈ |0..10|11 []) + (x_7 ∈ |0..10|11 []) + 2·(x_8 ∈ |0..10|11 []) + 21·(x_9 ∈ |0..10|11 []) + 20·(x_10 ∈ |0..10|11 []) ≤ 930
	w170:	37·(x_1 ∈ |0..10|11 []) + 36·(x_2 ∈ |0..10|11 []) + 2·(x_3 ∈ |0..10|11 []) + 45·(x_4 ∈ |0..10|11 []) + 33·(x_5 ∈ |0..10|11 []) + 11·(x_6 ∈ |0..10|11 []) + 47·(x_7 ∈ |0..10|11 []) + 38·(x_8 ∈ |0..10|11 []) + 36·(x_9 ∈ |0..10|11 []) + 45·(x_10 ∈ |0..10|11 []) ≤ 1870
	w171:	43·(x_1 ∈ |0..10|11 []) + 49·(x_2 ∈ |0..10|11 []) + 8·(x_3 ∈ |0..10|11 []) + 46·(x_4 ∈ |0..10|11 []) + 47·(x_5 ∈ |0..10|11 []) + 29·(x_6 ∈ |0..10|11 []) + 11·(x_7 ∈ |0..10|11 []) + 44·(x_8 ∈ |0..10|11 []) + 19·(x_9 ∈ |0..10|11 []) + 27·(x_10 ∈ |0..10|11 []) ≤ 1830
	w172:	32·(x_1 ∈ |0..10|11 []) + 18·(x_2 ∈ |0..10|11 []) + 19·(x_3 ∈ |0..10|11 []) + 5·(x_4 ∈ |0..10|11 []) + 45·(x_5 ∈ |0..10|11 []) + (x_6 ∈ |0..10|11 []) + 35·(x_7 ∈ |0..10|11 []) + 26·(x_8 ∈ |0..10|11 []) + 16·(x_9 ∈ |0..10|11 []) + 48·(x_10 ∈ |0..10|11 []) ≤ 1390
	w173:	28·(x_1 ∈ |0..10|11 []) + 14·(x_2 ∈ |0..10|11 []) + 8·(x_3 ∈ |0..10|11 []) + 34·(x_4 ∈ |0..10|11 []) + 46·(x_5 ∈ |0..10|11 []) + 46·(x_6 ∈ |0..10|11 []) + 3·(x_7 ∈ |0..10|11 []) + 13·(x_8 ∈ |0..10|11 []) + 7·(x_9 ∈ |0..10|11 []) + 37·(x_10 ∈ |0..10|11 []) ≤ 1340
	w174:	10·(x_1 ∈ |0..10|11 []) + 39·(x_2 ∈ |0..10|11 []) + 11·(x_3 ∈ |0..10|11 []) + 49·(x_4 ∈ |0..10|11 []) + 21·(x_5 ∈ |0..10|11 []) + 32·(x_6 ∈ |0..10|11 []) + 42·(x_7 ∈ |0..10|11 []) + 27·(x_8 ∈ |0..10|11 []) + 8·(x_9 ∈ |0..10|11 []) + 15·(x_10 ∈ |0..10|11 []) ≤ 1440
	w175:	35·(x_1 ∈ |0..10|11 []) + 8·(x_2 ∈ |0..10|11 []) + 22·(x_3 ∈ |0..10|11 []) + 29·(x_4 ∈ |0..10|11 []) + 20·(x_5 ∈ |0..10|11 []) + 34·(x_6 ∈ |0..10|11 []) + 19·(x_7 ∈ |0..10|11 []) + 41·(x_8 ∈ |0..10|11 []) + 48·(x_9 ∈ |0..10|11 []) + 3·(x_10 ∈ |0..10|11 []) ≤ 1470
	w176:	27·(x_1 ∈ |0..10|11 []) + 9·(x_2 ∈ |0..10|11 []) + 4·(x_3 ∈ |0..10|11 []) + 34·(x_4 ∈ |0..10|11 []) + 8·(x_5 ∈ |0..10|11 []) + 11·(x_6 ∈ |0..10|11 []) + 38·(x_7 ∈ |0..10|11 []) + 24·(x_8 ∈ |0..10|11 []) + 14·(x_9 ∈ |0..10|11 []) + 20·(x_10 ∈ |0..10|11 []) ≤ 1070
	w177:	14·(x_1 ∈ |0..10|11 []) + 27·(x_2 ∈ |0..10|11 []) + 32·(x_3 ∈ |0..10|11 []) + 38·(x_4 ∈ |0..10|11 []) + 38·(x_5 ∈ |0..10|11 []) + 25·(x_6 ∈ |0..10|11 []) + 23·(x_7 ∈ |0..10|11 []) + 13·(x_8 ∈ |0..10|11 []) + 20·(x_9 ∈ |0..10|11 []) + 20·(x_10 ∈ |0..10|11 []) ≤ 1420
	w178:	41·(x_1 ∈ |0..10|11 []) + 28·(x_2 ∈ |0..10|11 []) + 12·(x_3 ∈ |0..10|11 []) + 41·(x_4 ∈ |0..10|11 []) + 36·(x_5 ∈ |0..10|11 []) + 37·(x_6 ∈ |0..10|11 []) + 47·(x_7 ∈ |0..10|11 []) + 18·(x_8 ∈ |0..10|11 []) + 29·(x_9 ∈ |0..10|11 []) + 39·(x_10 ∈ |0..10|11 []) ≤ 1860
	w179:	22·(x_1 ∈ |0..10|11 []) + 4·(x_2 ∈ |0..10|11 []) + 32·(x_3 ∈ |0..10|11 []) + 13·(x_4 ∈ |0..10|11 []) + 25·(x_5 ∈ |0..10|11 []) + 28·(x_6 ∈ |0..10|11 []) + 31·(x_7 ∈ |0..10|11 []) + 32·(x_8 ∈ |0..10|11 []) + 9·(x_9 ∈ |0..10|11 []) + 21·(x_10 ∈ |0..10|11 []) ≤ 1230
	w180:	28·(x_1 ∈ |0..10|11 []) + 26·(x_2 ∈ |0..10|11 []) + 46·(x_3 ∈ |0..10|11 []) + 4·(x_4 ∈ |0..10|11 []) + 5·(x_5 ∈ |0..10|11 []) + 47·(x_6 ∈ |0..10|11 []) + 30·(x_7 ∈ |0..10|11 []) + 42·(x_8 ∈ |0..10|11 []) + 10·(x_9 ∈ |0..10|11 []) + 34·(x_10 ∈ |0..10|11 []) ≤ 1540
	w181:	19·(x_1 ∈ |0..10|11 []) + 49·(x_2 ∈ |0..10|11 []) + 11·(x_3 ∈ |0..10|11 []) + 27·(x_4 ∈ |0..10|11 []) + 8·(x_5 ∈ |0..10|11 []) + 31·(x_6 ∈ |0..10|11 []) + 9·(x_7 ∈ |0..10|11 []) + 39·(x_8 ∈ |0..10|11 []) + 6·(x_9 ∈ |0..10|11 []) + 2·(x_10 ∈ |0..10|11 []) ≤ 1140
	w182:	40·(x_1 ∈ |0..10|11 []) + 42·(x_2 ∈ |0..10|11 []) + 3·(x_3 ∈ |0..10|11 []) + 47·(x_4 ∈ |0..10|11 []) + 27·(x_5 ∈ |0..10|11 []) + 9·(x_6 ∈ |0..10|11 []) + 21·(x_7 ∈ |0..10|11 []) + 18·(x_8 ∈ |0..10|11 []) + 2·(x_9 ∈ |0..10|11 []) + 24·(x_10 ∈ |0..10|11 []) ≤ 1320
	w183:	28·(x_1 ∈ |0..10|11 []) + 3·(x_2 ∈ |0..10|11 []) + 12·(x_3 ∈ |0..10|11 []) + 25·(x_4 ∈ |0..10|11 []) + 4·(x_5 ∈ |0..10|11 []) + 30·(x_6 ∈ |0..10|11 []) + 45·(x_7 ∈ |0..10|11 []) + 16·(x_8 ∈ |0..10|11 []) + 18·(x_9 ∈ |0..10|11 []) + 47·(x_10 ∈ |0..10|11 []) ≤ 1290
	w184:	21·(x_1 ∈ |0..10|11 []) + 12·(x_2 ∈ |0..10|11 []) + 16·(x_3 ∈ |0..10|11 []) + 34·(x_4 ∈ |0..10|11 []) + 46·(x_5 ∈ |0..10|11 []) + 38·(x_6 ∈ |0..10|11 []) + 16·(x_7 ∈ |0..10|11 []) + 17·(x_8 ∈ |0..10|11 []) + 12·(x_9 ∈ |0..10|11 []) + 25·(x_10 ∈ |0..10|11 []) ≤ 1340
	w185:	5·(x_1 ∈ |0..10|11 []) + 25·(x_2 ∈ |0..10|11 []) + 41·(x_3 ∈ |0..10|11 []) + 29·(x_4 ∈ |0..10|11 []) + 39·(x_5 ∈ |0..10|11 []) + 23·(x_6 ∈ |0..10|11 []) + 44·(x_7 ∈ |0..10|11 []) + 26·(x_8 ∈ |0..10|11 []) + 14·(x_9 ∈ |0..10|11 []) + 18·(x_10 ∈ |0..10|11 []) ≤ 1490
	w186:	8·(x_1 ∈ |0..10|11 []) + 7·(x_2 ∈ |0..10|11 []) + 20·(x_3 ∈ |0..10|11 []) + (x_4 ∈ |0..10|11 []) + 5·(x_5 ∈ |0..10|11 []) + 19·(x_6 ∈ |0..10|11 []) + 44·(x_7 ∈ |0..10|11 []) + 10·(x_8 ∈ |0..10|11 []) + 43·(x_9 ∈ |0..10|11 []) + 11·(x_10 ∈ |0..10|11 []) ≤ 950
	w187:	26·(x_1 ∈ |0..10|11 []) + 24·(x_2 ∈ |0..10|11 []) + 37·(x_3 ∈ |0..10|11 []) + 42·(x_4 ∈ |0..10|11 []) + (x_5 ∈ |0..10|11 []) + 31·(x_6 ∈ |0..10|11 []) + 37·(x_7 ∈ |0..10|11 []) + 2·(x_8 ∈ |0..10|11 []) + 7·(x_9 ∈ |0..10|11 []) + 28·(x_10 ∈ |0..10|11 []) ≤ 1330
	w188:	34·(x_1 ∈ |0..10|11 []) + 20·(x_2 ∈ |0..10|11 []) + 10·(x_3 ∈ |0..10|11 []) + 35·(x_4 ∈ |0..10|11 []) + 12·(x_5 ∈ |0..10|11 []) + 23·(x_6 ∈ |0..10|11 []) + 39·(x_7 ∈ |0..10|11 []) + 44·(x_8 ∈ |0..10|11 []) + 31·(x_9 ∈ |0..10|11 []) + (x_10 ∈ |0..10|11 []) ≤ 1410
	w189:	5·(x_1 ∈ |0..10|11 []) + 19·(x_2 ∈ |0..10|11 []) + 26·(x_3 ∈ |0..10|11 []) + 5·(x_4 ∈ |0..10|11 []) + 46·(x_5 ∈ |0..10|11 []) + 13·(x_6 ∈ |0..10|11 []) + 35·(x_7 ∈ |0..10|11 []) + 32·(x_8 ∈ |0..10|11 []) + 15·(x_9 ∈ |0..10|11 []) + 44·(x_10 ∈ |0..10|11 []) ≤ 1360
	w190:	18·(x_1 ∈ |0..10|11 []) + 26·(x_2 ∈ |0..10|11 []) + 4·(x_3 ∈ |0..10|11 []) + (x_4 ∈ |0..10|11 []) + 28·(x_5 ∈ |0..10|11 []) + 19·(x_6 ∈ |0..10|11 []) + 33·(x_7 ∈ |0..10|11 []) + 30·(x_8 ∈ |0..10|11 []) + 17·(x_9 ∈ |0..10|11 []) + 24·(x_10 ∈ |0..10|11 []) ≤ 1130
	w191:	6·(x_1 ∈ |0..10|11 []) + 46·(x_2 ∈ |0..10|11 []) + 46·(x_3 ∈ |0..10|11 []) + 31·(x_4 ∈ |0..10|11 []) + 10·(x_5 ∈ |0..10|11 []) + 14·(x_6 ∈ |0..10|11 []) + 31·(x_7 ∈ |0..10|11 []) + 38·(x_8 ∈ |0..10|11 []) + 36·(x_9 ∈ |0..10|11 []) + 18·(x_10 ∈ |0..10|11 []) ≤ 1560
	w192:	16·(x_1 ∈ |0..10|11 []) + 45·(x_2 ∈ |0..10|11 []) + 13·(x_3 ∈ |0..10|11 []) + 32·(x_4 ∈ |0..10|11 []) + 23·(x_5 ∈ |0..10|11 []) + 28·(x_6 ∈ |0..10|11 []) + 25·(x_7 ∈ |0..10|11 []) + 25·(x_8 ∈ |0..10|11 []) + 38·(x_9 ∈ |0..10|11 []) + 21·(x_10 ∈ |0..10|11 []) ≤ 1510
	w193:	38·(x_1 ∈ |0..10|11 []) + 49·(x_2 ∈ |0..10|11 []) + 39·(x_3 ∈ |0..10|11 []) + 18·(x_4 ∈ |0..10|11 []) + 31·(x_5 ∈ |0..10|11 []) + 7·(x_6 ∈ |0..10|11 []) + 33·(x_7 ∈ |0..10|11 []) + 13·(x_8 ∈ |0..10|11 []) + 48·(x_9 ∈ |0..10|11 []) + 17·(x_10 ∈ |0..10|11 []) ≤ 1660
	w194:	12·(x_1 ∈ |0..10|11 []) + 28·(x_2 ∈ |0..10|11 []) + 44·(x_3 ∈ |0..10|11 []) + 27·(x_4 ∈ |0..10|11 []) + 22·(x_5 ∈ |0..10|11 []) + 46·(x_6 ∈ |0..10|11 []) + 24·(x_7 ∈ |0..10|11 []) + 47·(x_8 ∈ |0..10|11 []) + 34·(x_9 ∈ |0..10|11 []) + 49·(x_10 ∈ |0..10|11 []) ≤ 1890
	w195:	48·(x_1 ∈ |0..10|11 []) + 49·(x_2 ∈ |0..10|11 []) + 26·(x_3 ∈ |0..10|11 []) + 8·(x_4 ∈ |0..10|11 []) + 15·(x_5 ∈ |0..10|11 []) + 5·(x_6 ∈ |0..10|11 []) + 34·(x_7 ∈ |0..10|11 []) + 10·(x_8 ∈ |0..10|11 []) + 16·(x_9 ∈ |0..10|11 []) + 25·(x_10 ∈ |0..10|11 []) ≤ 1340
	w196:	39·(x_1 ∈ |0..10|11 []) + 11·(x_2 ∈ |0..10|11 []) + (x_3 ∈ |0..10|11 []) + 4·(x_4 ∈ |0..10|11 []) + 16·(x_5 ∈ |0..10|11 []) + 8·(x_6 ∈ |0..10|11 []) + 35·(x_7 ∈ |0..10|11 []) + 25·(x_8 ∈ |0..10|11 []) + 47·(x_9 ∈ |0..10|11 []) + 3·(x_10 ∈ |0..10|11 []) ≤ 1070
	w197:	40·(x_1 ∈ |0..10|11 []) + 2·(x_2 ∈ |0..10|11 []) + 2·(x_3 ∈ |0..10|11 []) + 34·(x_4 ∈ |0..10|11 []) + 49·(x_5 ∈ |0..10|11 []) + 23·(x_6 ∈ |0..10|11 []) + 3·(x_7 ∈ |0..10|11 []) + 11·(x_8 ∈ |0..10|11 []) + 12·(x_9 ∈ |0..10|11 []) + 40·(x_10 ∈ |0..10|11 []) ≤ 1220
	w198:	23·(x_1 ∈ |0..10|11 []) + (x_2 ∈ |0..10|11 []) + 26·(x_3 ∈ |0..10|11 []) + 9·(x_4 ∈ |0..10|11 []) + 41·(x_5 ∈ |0..10|11 []) + 48·(x_6 ∈ |0..10|11 []) + 27·(x_7 ∈ |0..10|11 []) + 15·(x_8 ∈ |0..10|11 []) + 9·(x_9 ∈ |0..10|11 []) + 25·(x_10 ∈ |0..10|11 []) ≤ 1270
	w199:	31·(x_1 ∈ |0..10|11 []) + 30·(x_2 ∈ |0..10|11 []) + 33·(x_3 ∈ |0..10|11 []) + 36·(x_4 ∈ |0..10|11 []) + 17·(x_5 ∈ |0..10|11 []) + (x_6 ∈ |0..10|11 []) + 2·(x_7 ∈ |0..10|11 []) + 41·(x_8 ∈ |0..10|11 []) + 31·(x_9 ∈ |0..10|11 []) + 15·(x_10 ∈ |0..10|11 []) ≤ 1340
	w200:	(x_1 ∈ |0..10|11 []) + 9·(x_2 ∈ |0..10|11 []) + 8·(x_3 ∈ |0..10|11 []) + 49·(x_4 ∈ |0..10|11 []) + 15·(x_5 ∈ |0..10|11 []) + 9·(x_6 ∈ |0..10|11 []) + 16·(x_7 ∈ |0..10|11 []) + 13·(x_8 ∈ |0..10|11 []) + 24·(x_9 ∈ |0..10|11 []) + 14·(x_10 ∈ |0..10|11 []) ≤ 890
	profits:	5·(x_1 ∈ |0..10|11 []) + 18·(x_2 ∈ |0..10|11 []) + 10·(x_3 ∈ |0..10|11 []) + 21·(x_4 ∈ |0..10|11 []) + 12·(x_5 ∈ |0..10|11 []) + 20·(x_6 ∈ |0..10|11 []) + 18·(x_7 ∈ |0..10|11 []) + 32·(x_8 ∈ |0..10|11 []) + 24·(x_9 ∈ |0..10|11 []) + 48·(x_10 ∈ |0..10|11 []) ≥ 890
	CSE: ""

CMD timeout 180 ./bin/savilerow/savilerow ./experiments/mbkp-control/aux/0865.essence.eprime -sat -sat-pb-tree -sat-sum-tree -out-sat ./experiments/mbkp-control/aux/0865.essence.dimacs -out-info ./experiments/mbkp-control/aux/0865.essence.info -out-solution ./experiments/mbkp-control/aux/0865.essence.solution
DONE 52.88194, solve=false
Encoded SavileRow (Tree) in 65.59356 seconds as 386347/15256615/45158414

SOLVE T/O Some(60.0)
SOLVE DONE @1.7421393
SOLVE CALL RESULT: Got SAT in 1.7421393s with check None: 
BATCH.SH END 0
