BATCH.SH START ./experiments/mbkp-control/runs:0920 (ulimit --clean)
Start EncodeRecord { instance: Some(Instance { problem: Mbkp { bound: 10, n_: 10, m_: 200, q_: 50, family: 1, s_: 25, seed: 4, fl: "0.4", fu: None, skip_obj: true }, i: 92, lp: "./experiments/mbkp-control/lps/1/4_22.lp" }), experiment: Some(Experiment { system: MiniZinc, pb_encoding: Gt, int_encoding: Dir, con_encoding: Include, split_eq: false, model_config: ModelConfig { scm: Add, cutoff: Order, decomposer: Gt, equalize_ternaries: true, add_consistency: false, propagate: None, equalize_uniform_bin_ineqs: false } }), statics: None, pb_statics: None, principal: None, time: None, dimacs: None }
model = 
	w1:	22·(x_1 ∈ |0..10|11 []) + 44·(x_2 ∈ |0..10|11 []) + 4·(x_3 ∈ |0..10|11 []) + 30·(x_4 ∈ |0..10|11 []) + 45·(x_5 ∈ |0..10|11 []) + 17·(x_6 ∈ |0..10|11 []) + 49·(x_7 ∈ |0..10|11 []) + (x_8 ∈ |0..10|11 []) + 7·(x_9 ∈ |0..10|11 []) + 38·(x_10 ∈ |0..10|11 []) ≤ 1480
	w2:	31·(x_1 ∈ |0..10|11 []) + 31·(x_2 ∈ |0..10|11 []) + 32·(x_3 ∈ |0..10|11 []) + 36·(x_4 ∈ |0..10|11 []) + 31·(x_5 ∈ |0..10|11 []) + 47·(x_6 ∈ |0..10|11 []) + 15·(x_7 ∈ |0..10|11 []) + 2·(x_8 ∈ |0..10|11 []) + 20·(x_9 ∈ |0..10|11 []) + 11·(x_10 ∈ |0..10|11 []) ≤ 1470
	w3:	44·(x_1 ∈ |0..10|11 []) + 18·(x_2 ∈ |0..10|11 []) + 44·(x_3 ∈ |0..10|11 []) + 17·(x_4 ∈ |0..10|11 []) + 17·(x_5 ∈ |0..10|11 []) + 13·(x_6 ∈ |0..10|11 []) + 10·(x_7 ∈ |0..10|11 []) + 47·(x_8 ∈ |0..10|11 []) + 26·(x_9 ∈ |0..10|11 []) + 5·(x_10 ∈ |0..10|11 []) ≤ 1380
	w4:	5·(x_1 ∈ |0..10|11 []) + 38·(x_2 ∈ |0..10|11 []) + 3·(x_3 ∈ |0..10|11 []) + 21·(x_4 ∈ |0..10|11 []) + 29·(x_5 ∈ |0..10|11 []) + 49·(x_6 ∈ |0..10|11 []) + 46·(x_7 ∈ |0..10|11 []) + 22·(x_8 ∈ |0..10|11 []) + 11·(x_9 ∈ |0..10|11 []) + 41·(x_10 ∈ |0..10|11 []) ≤ 1520
	w5:	47·(x_1 ∈ |0..10|11 []) + 48·(x_2 ∈ |0..10|11 []) + 47·(x_3 ∈ |0..10|11 []) + 5·(x_4 ∈ |0..10|11 []) + 49·(x_5 ∈ |0..10|11 []) + 6·(x_6 ∈ |0..10|11 []) + 39·(x_7 ∈ |0..10|11 []) + 6·(x_8 ∈ |0..10|11 []) + 29·(x_9 ∈ |0..10|11 []) + 36·(x_10 ∈ |0..10|11 []) ≤ 1790
	w6:	43·(x_1 ∈ |0..10|11 []) + 40·(x_2 ∈ |0..10|11 []) + 11·(x_3 ∈ |0..10|11 []) + 48·(x_4 ∈ |0..10|11 []) + 21·(x_5 ∈ |0..10|11 []) + 13·(x_6 ∈ |0..10|11 []) + 43·(x_7 ∈ |0..10|11 []) + 6·(x_8 ∈ |0..10|11 []) + 19·(x_9 ∈ |0..10|11 []) + 47·(x_10 ∈ |0..10|11 []) ≤ 1670
	w7:	11·(x_1 ∈ |0..10|11 []) + 33·(x_2 ∈ |0..10|11 []) + 5·(x_3 ∈ |0..10|11 []) + 33·(x_4 ∈ |0..10|11 []) + 45·(x_5 ∈ |0..10|11 []) + 45·(x_6 ∈ |0..10|11 []) + 41·(x_7 ∈ |0..10|11 []) + 14·(x_8 ∈ |0..10|11 []) + 31·(x_9 ∈ |0..10|11 []) + 27·(x_10 ∈ |0..10|11 []) ≤ 1640
	w8:	8·(x_1 ∈ |0..10|11 []) + 44·(x_2 ∈ |0..10|11 []) + 16·(x_3 ∈ |0..10|11 []) + 9·(x_4 ∈ |0..10|11 []) + 43·(x_5 ∈ |0..10|11 []) + 33·(x_6 ∈ |0..10|11 []) + 31·(x_7 ∈ |0..10|11 []) + 10·(x_8 ∈ |0..10|11 []) + (x_9 ∈ |0..10|11 []) + 24·(x_10 ∈ |0..10|11 []) ≤ 1260
	w9:	48·(x_1 ∈ |0..10|11 []) + 28·(x_2 ∈ |0..10|11 []) + 27·(x_3 ∈ |0..10|11 []) + 23·(x_4 ∈ |0..10|11 []) + 10·(x_5 ∈ |0..10|11 []) + 13·(x_6 ∈ |0..10|11 []) + 24·(x_7 ∈ |0..10|11 []) + 47·(x_8 ∈ |0..10|11 []) + 4·(x_9 ∈ |0..10|11 []) + 6·(x_10 ∈ |0..10|11 []) ≤ 1320
	w10:	46·(x_1 ∈ |0..10|11 []) + 42·(x_2 ∈ |0..10|11 []) + 2·(x_3 ∈ |0..10|11 []) + 34·(x_4 ∈ |0..10|11 []) + 16·(x_5 ∈ |0..10|11 []) + 37·(x_6 ∈ |0..10|11 []) + 11·(x_7 ∈ |0..10|11 []) + 8·(x_8 ∈ |0..10|11 []) + 35·(x_9 ∈ |0..10|11 []) + (x_10 ∈ |0..10|11 []) ≤ 1330
	w11:	11·(x_1 ∈ |0..10|11 []) + 49·(x_2 ∈ |0..10|11 []) + 21·(x_3 ∈ |0..10|11 []) + 21·(x_4 ∈ |0..10|11 []) + 12·(x_5 ∈ |0..10|11 []) + 28·(x_6 ∈ |0..10|11 []) + 22·(x_7 ∈ |0..10|11 []) + 44·(x_8 ∈ |0..10|11 []) + 22·(x_9 ∈ |0..10|11 []) + 13·(x_10 ∈ |0..10|11 []) ≤ 1390
	w12:	7·(x_1 ∈ |0..10|11 []) + 46·(x_2 ∈ |0..10|11 []) + 27·(x_3 ∈ |0..10|11 []) + 5·(x_4 ∈ |0..10|11 []) + 5·(x_5 ∈ |0..10|11 []) + 29·(x_6 ∈ |0..10|11 []) + 5·(x_7 ∈ |0..10|11 []) + 45·(x_8 ∈ |0..10|11 []) + 8·(x_9 ∈ |0..10|11 []) + (x_10 ∈ |0..10|11 []) ≤ 1020
	w13:	(x_1 ∈ |0..10|11 []) + 18·(x_2 ∈ |0..10|11 []) + 46·(x_3 ∈ |0..10|11 []) + 36·(x_4 ∈ |0..10|11 []) + 21·(x_5 ∈ |0..10|11 []) + 12·(x_6 ∈ |0..10|11 []) + 43·(x_7 ∈ |0..10|11 []) + 2·(x_8 ∈ |0..10|11 []) + 40·(x_9 ∈ |0..10|11 []) + 47·(x_10 ∈ |0..10|11 []) ≤ 1530
	w14:	26·(x_1 ∈ |0..10|11 []) + 28·(x_2 ∈ |0..10|11 []) + 20·(x_3 ∈ |0..10|11 []) + (x_4 ∈ |0..10|11 []) + 21·(x_5 ∈ |0..10|11 []) + 27·(x_6 ∈ |0..10|11 []) + 7·(x_7 ∈ |0..10|11 []) + 23·(x_8 ∈ |0..10|11 []) + 26·(x_9 ∈ |0..10|11 []) + 30·(x_10 ∈ |0..10|11 []) ≤ 1200
	w15:	34·(x_1 ∈ |0..10|11 []) + (x_2 ∈ |0..10|11 []) + 17·(x_3 ∈ |0..10|11 []) + 13·(x_4 ∈ |0..10|11 []) + 2·(x_5 ∈ |0..10|11 []) + 4·(x_6 ∈ |0..10|11 []) + 9·(x_7 ∈ |0..10|11 []) + 30·(x_8 ∈ |0..10|11 []) + 16·(x_9 ∈ |0..10|11 []) + 16·(x_10 ∈ |0..10|11 []) ≤ 810
	w16:	21·(x_1 ∈ |0..10|11 []) + 25·(x_2 ∈ |0..10|11 []) + 17·(x_3 ∈ |0..10|11 []) + 31·(x_4 ∈ |0..10|11 []) + 27·(x_5 ∈ |0..10|11 []) + 20·(x_6 ∈ |0..10|11 []) + 43·(x_7 ∈ |0..10|11 []) + 26·(x_8 ∈ |0..10|11 []) + 9·(x_9 ∈ |0..10|11 []) + 32·(x_10 ∈ |0..10|11 []) ≤ 1440
	w17:	(x_1 ∈ |0..10|11 []) + 23·(x_2 ∈ |0..10|11 []) + 43·(x_3 ∈ |0..10|11 []) + 26·(x_4 ∈ |0..10|11 []) + 49·(x_5 ∈ |0..10|11 []) + 17·(x_6 ∈ |0..10|11 []) + 24·(x_7 ∈ |0..10|11 []) + 10·(x_8 ∈ |0..10|11 []) + 16·(x_9 ∈ |0..10|11 []) + 7·(x_10 ∈ |0..10|11 []) ≤ 1240
	w18:	(x_1 ∈ |0..10|11 []) + 37·(x_2 ∈ |0..10|11 []) + 49·(x_3 ∈ |0..10|11 []) + 39·(x_4 ∈ |0..10|11 []) + 46·(x_5 ∈ |0..10|11 []) + 31·(x_6 ∈ |0..10|11 []) + 46·(x_7 ∈ |0..10|11 []) + 16·(x_8 ∈ |0..10|11 []) + 18·(x_9 ∈ |0..10|11 []) + 15·(x_10 ∈ |0..10|11 []) ≤ 1710
	w19:	20·(x_1 ∈ |0..10|11 []) + 19·(x_2 ∈ |0..10|11 []) + (x_3 ∈ |0..10|11 []) + 27·(x_4 ∈ |0..10|11 []) + 34·(x_5 ∈ |0..10|11 []) + 34·(x_6 ∈ |0..10|11 []) + 42·(x_7 ∈ |0..10|11 []) + 43·(x_8 ∈ |0..10|11 []) + 27·(x_9 ∈ |0..10|11 []) + 22·(x_10 ∈ |0..10|11 []) ≤ 1540
	w20:	25·(x_1 ∈ |0..10|11 []) + 17·(x_2 ∈ |0..10|11 []) + 17·(x_3 ∈ |0..10|11 []) + 9·(x_4 ∈ |0..10|11 []) + 11·(x_5 ∈ |0..10|11 []) + 20·(x_6 ∈ |0..10|11 []) + 16·(x_7 ∈ |0..10|11 []) + (x_8 ∈ |0..10|11 []) + 49·(x_9 ∈ |0..10|11 []) + 28·(x_10 ∈ |0..10|11 []) ≤ 1110
	w21:	24·(x_1 ∈ |0..10|11 []) + 24·(x_2 ∈ |0..10|11 []) + 8·(x_3 ∈ |0..10|11 []) + 17·(x_4 ∈ |0..10|11 []) + 43·(x_5 ∈ |0..10|11 []) + 7·(x_6 ∈ |0..10|11 []) + 28·(x_7 ∈ |0..10|11 []) + 27·(x_8 ∈ |0..10|11 []) + 26·(x_9 ∈ |0..10|11 []) + 42·(x_10 ∈ |0..10|11 []) ≤ 1410
	w22:	25·(x_1 ∈ |0..10|11 []) + 4·(x_2 ∈ |0..10|11 []) + 24·(x_3 ∈ |0..10|11 []) + 38·(x_4 ∈ |0..10|11 []) + 43·(x_5 ∈ |0..10|11 []) + 12·(x_6 ∈ |0..10|11 []) + 22·(x_7 ∈ |0..10|11 []) + 48·(x_8 ∈ |0..10|11 []) + 11·(x_9 ∈ |0..10|11 []) + 27·(x_10 ∈ |0..10|11 []) ≤ 1460
	w23:	28·(x_1 ∈ |0..10|11 []) + 23·(x_2 ∈ |0..10|11 []) + 21·(x_3 ∈ |0..10|11 []) + 10·(x_4 ∈ |0..10|11 []) + 13·(x_5 ∈ |0..10|11 []) + 46·(x_6 ∈ |0..10|11 []) + 3·(x_7 ∈ |0..10|11 []) + 14·(x_8 ∈ |0..10|11 []) + 46·(x_9 ∈ |0..10|11 []) + 32·(x_10 ∈ |0..10|11 []) ≤ 1350
	w24:	6·(x_1 ∈ |0..10|11 []) + 7·(x_2 ∈ |0..10|11 []) + 25·(x_3 ∈ |0..10|11 []) + 6·(x_4 ∈ |0..10|11 []) + 14·(x_5 ∈ |0..10|11 []) + 34·(x_6 ∈ |0..10|11 []) + 19·(x_7 ∈ |0..10|11 []) + 9·(x_8 ∈ |0..10|11 []) + 48·(x_9 ∈ |0..10|11 []) + 37·(x_10 ∈ |0..10|11 []) ≤ 1180
	w25:	3·(x_1 ∈ |0..10|11 []) + 33·(x_2 ∈ |0..10|11 []) + 13·(x_3 ∈ |0..10|11 []) + 2·(x_4 ∈ |0..10|11 []) + 24·(x_5 ∈ |0..10|11 []) + 16·(x_6 ∈ |0..10|11 []) + 27·(x_7 ∈ |0..10|11 []) + 47·(x_8 ∈ |0..10|11 []) + 22·(x_9 ∈ |0..10|11 []) + 15·(x_10 ∈ |0..10|11 []) ≤ 1160
	w26:	48·(x_1 ∈ |0..10|11 []) + 38·(x_2 ∈ |0..10|11 []) + 34·(x_3 ∈ |0..10|11 []) + 16·(x_4 ∈ |0..10|11 []) + 34·(x_5 ∈ |0..10|11 []) + 43·(x_6 ∈ |0..10|11 []) + 47·(x_7 ∈ |0..10|11 []) + 41·(x_8 ∈ |0..10|11 []) + 27·(x_9 ∈ |0..10|11 []) + 38·(x_10 ∈ |0..10|11 []) ≤ 2100
	w27:	48·(x_1 ∈ |0..10|11 []) + 35·(x_2 ∈ |0..10|11 []) + 13·(x_3 ∈ |0..10|11 []) + 29·(x_4 ∈ |0..10|11 []) + 5·(x_5 ∈ |0..10|11 []) + 23·(x_6 ∈ |0..10|11 []) + 16·(x_7 ∈ |0..10|11 []) + 29·(x_8 ∈ |0..10|11 []) + 32·(x_9 ∈ |0..10|11 []) + 9·(x_10 ∈ |0..10|11 []) ≤ 1370
	w28:	38·(x_1 ∈ |0..10|11 []) + 18·(x_2 ∈ |0..10|11 []) + 14·(x_3 ∈ |0..10|11 []) + 32·(x_4 ∈ |0..10|11 []) + (x_5 ∈ |0..10|11 []) + 41·(x_6 ∈ |0..10|11 []) + 10·(x_7 ∈ |0..10|11 []) + 5·(x_8 ∈ |0..10|11 []) + 40·(x_9 ∈ |0..10|11 []) + 19·(x_10 ∈ |0..10|11 []) ≤ 1250
	w29:	46·(x_1 ∈ |0..10|11 []) + 12·(x_2 ∈ |0..10|11 []) + 23·(x_3 ∈ |0..10|11 []) + 3·(x_4 ∈ |0..10|11 []) + 39·(x_5 ∈ |0..10|11 []) + 9·(x_6 ∈ |0..10|11 []) + 39·(x_7 ∈ |0..10|11 []) + 14·(x_8 ∈ |0..10|11 []) + 37·(x_9 ∈ |0..10|11 []) + 15·(x_10 ∈ |0..10|11 []) ≤ 1360
	w30:	6·(x_1 ∈ |0..10|11 []) + 33·(x_2 ∈ |0..10|11 []) + 28·(x_3 ∈ |0..10|11 []) + 46·(x_4 ∈ |0..10|11 []) + 6·(x_5 ∈ |0..10|11 []) + (x_6 ∈ |0..10|11 []) + 20·(x_7 ∈ |0..10|11 []) + 30·(x_8 ∈ |0..10|11 []) + 43·(x_9 ∈ |0..10|11 []) + 33·(x_10 ∈ |0..10|11 []) ≤ 1410
	w31:	9·(x_1 ∈ |0..10|11 []) + 7·(x_2 ∈ |0..10|11 []) + 16·(x_3 ∈ |0..10|11 []) + 13·(x_4 ∈ |0..10|11 []) + 41·(x_5 ∈ |0..10|11 []) + 15·(x_6 ∈ |0..10|11 []) + 32·(x_7 ∈ |0..10|11 []) + 20·(x_8 ∈ |0..10|11 []) + 40·(x_9 ∈ |0..10|11 []) + 40·(x_10 ∈ |0..10|11 []) ≤ 1340
	w32:	40·(x_1 ∈ |0..10|11 []) + 35·(x_2 ∈ |0..10|11 []) + 13·(x_3 ∈ |0..10|11 []) + 23·(x_4 ∈ |0..10|11 []) + 25·(x_5 ∈ |0..10|11 []) + 26·(x_6 ∈ |0..10|11 []) + 24·(x_7 ∈ |0..10|11 []) + 24·(x_8 ∈ |0..10|11 []) + 37·(x_9 ∈ |0..10|11 []) + 9·(x_10 ∈ |0..10|11 []) ≤ 1470
	w33:	2·(x_1 ∈ |0..10|11 []) + 7·(x_2 ∈ |0..10|11 []) + 40·(x_3 ∈ |0..10|11 []) + 23·(x_4 ∈ |0..10|11 []) + 19·(x_5 ∈ |0..10|11 []) + 31·(x_6 ∈ |0..10|11 []) + 17·(x_7 ∈ |0..10|11 []) + 4·(x_8 ∈ |0..10|11 []) + 28·(x_9 ∈ |0..10|11 []) + 18·(x_10 ∈ |0..10|11 []) ≤ 1080
	w34:	13·(x_1 ∈ |0..10|11 []) + 35·(x_2 ∈ |0..10|11 []) + 36·(x_3 ∈ |0..10|11 []) + 36·(x_4 ∈ |0..10|11 []) + 15·(x_5 ∈ |0..10|11 []) + 27·(x_6 ∈ |0..10|11 []) + 25·(x_7 ∈ |0..10|11 []) + 32·(x_8 ∈ |0..10|11 []) + 31·(x_9 ∈ |0..10|11 []) + 10·(x_10 ∈ |0..10|11 []) ≤ 1490
	w35:	25·(x_1 ∈ |0..10|11 []) + 32·(x_2 ∈ |0..10|11 []) + 9·(x_3 ∈ |0..10|11 []) + 5·(x_4 ∈ |0..10|11 []) + 36·(x_5 ∈ |0..10|11 []) + 22·(x_6 ∈ |0..10|11 []) + 38·(x_7 ∈ |0..10|11 []) + 36·(x_8 ∈ |0..10|11 []) + 2·(x_9 ∈ |0..10|11 []) + 43·(x_10 ∈ |0..10|11 []) ≤ 1420
	w36:	43·(x_1 ∈ |0..10|11 []) + 40·(x_2 ∈ |0..10|11 []) + 38·(x_3 ∈ |0..10|11 []) + 6·(x_4 ∈ |0..10|11 []) + 22·(x_5 ∈ |0..10|11 []) + 10·(x_6 ∈ |0..10|11 []) + 19·(x_7 ∈ |0..10|11 []) + 48·(x_8 ∈ |0..10|11 []) + 24·(x_9 ∈ |0..10|11 []) + 36·(x_10 ∈ |0..10|11 []) ≤ 1640
	w37:	17·(x_1 ∈ |0..10|11 []) + 25·(x_2 ∈ |0..10|11 []) + 4·(x_3 ∈ |0..10|11 []) + 44·(x_4 ∈ |0..10|11 []) + 15·(x_5 ∈ |0..10|11 []) + 12·(x_6 ∈ |0..10|11 []) + 40·(x_7 ∈ |0..10|11 []) + 32·(x_8 ∈ |0..10|11 []) + 46·(x_9 ∈ |0..10|11 []) + 12·(x_10 ∈ |0..10|11 []) ≤ 1420
	w38:	38·(x_1 ∈ |0..10|11 []) + 28·(x_2 ∈ |0..10|11 []) + 36·(x_3 ∈ |0..10|11 []) + 16·(x_4 ∈ |0..10|11 []) + 45·(x_5 ∈ |0..10|11 []) + 41·(x_6 ∈ |0..10|11 []) + 41·(x_7 ∈ |0..10|11 []) + 32·(x_8 ∈ |0..10|11 []) + 34·(x_9 ∈ |0..10|11 []) + (x_10 ∈ |0..10|11 []) ≤ 1790
	w39:	11·(x_1 ∈ |0..10|11 []) + 31·(x_2 ∈ |0..10|11 []) + (x_3 ∈ |0..10|11 []) + 36·(x_4 ∈ |0..10|11 []) + 39·(x_5 ∈ |0..10|11 []) + 25·(x_6 ∈ |0..10|11 []) + 22·(x_7 ∈ |0..10|11 []) + 29·(x_8 ∈ |0..10|11 []) + 47·(x_9 ∈ |0..10|11 []) + 30·(x_10 ∈ |0..10|11 []) ≤ 1560
	w40:	35·(x_1 ∈ |0..10|11 []) + 26·(x_2 ∈ |0..10|11 []) + 9·(x_3 ∈ |0..10|11 []) + 19·(x_4 ∈ |0..10|11 []) + 37·(x_5 ∈ |0..10|11 []) + 14·(x_6 ∈ |0..10|11 []) + 32·(x_7 ∈ |0..10|11 []) + 9·(x_8 ∈ |0..10|11 []) + 18·(x_9 ∈ |0..10|11 []) + 13·(x_10 ∈ |0..10|11 []) ≤ 1220
	w41:	9·(x_1 ∈ |0..10|11 []) + 22·(x_2 ∈ |0..10|11 []) + 32·(x_3 ∈ |0..10|11 []) + 8·(x_4 ∈ |0..10|11 []) + 9·(x_5 ∈ |0..10|11 []) + 28·(x_6 ∈ |0..10|11 []) + 49·(x_7 ∈ |0..10|11 []) + 44·(x_8 ∈ |0..10|11 []) + 31·(x_9 ∈ |0..10|11 []) + 11·(x_10 ∈ |0..10|11 []) ≤ 1390
	w42:	19·(x_1 ∈ |0..10|11 []) + 27·(x_2 ∈ |0..10|11 []) + 12·(x_3 ∈ |0..10|11 []) + 22·(x_4 ∈ |0..10|11 []) + 32·(x_5 ∈ |0..10|11 []) + 43·(x_6 ∈ |0..10|11 []) + 39·(x_7 ∈ |0..10|11 []) + 13·(x_8 ∈ |0..10|11 []) + 34·(x_9 ∈ |0..10|11 []) + 48·(x_10 ∈ |0..10|11 []) ≤ 1660
	w43:	12·(x_1 ∈ |0..10|11 []) + 19·(x_2 ∈ |0..10|11 []) + 35·(x_3 ∈ |0..10|11 []) + 8·(x_4 ∈ |0..10|11 []) + 16·(x_5 ∈ |0..10|11 []) + 31·(x_6 ∈ |0..10|11 []) + 30·(x_7 ∈ |0..10|11 []) + 6·(x_8 ∈ |0..10|11 []) + 42·(x_9 ∈ |0..10|11 []) + (x_10 ∈ |0..10|11 []) ≤ 1150
	w44:	11·(x_1 ∈ |0..10|11 []) + 19·(x_2 ∈ |0..10|11 []) + 2·(x_3 ∈ |0..10|11 []) + 31·(x_4 ∈ |0..10|11 []) + 5·(x_5 ∈ |0..10|11 []) + 40·(x_6 ∈ |0..10|11 []) + 25·(x_7 ∈ |0..10|11 []) + 35·(x_8 ∈ |0..10|11 []) + 31·(x_9 ∈ |0..10|11 []) + 3·(x_10 ∈ |0..10|11 []) ≤ 1160
	w45:	4·(x_1 ∈ |0..10|11 []) + 22·(x_2 ∈ |0..10|11 []) + 39·(x_3 ∈ |0..10|11 []) + 26·(x_4 ∈ |0..10|11 []) + 48·(x_5 ∈ |0..10|11 []) + 14·(x_6 ∈ |0..10|11 []) + 3·(x_7 ∈ |0..10|11 []) + 39·(x_8 ∈ |0..10|11 []) + 29·(x_9 ∈ |0..10|11 []) + 30·(x_10 ∈ |0..10|11 []) ≤ 1460
	w46:	45·(x_1 ∈ |0..10|11 []) + 6·(x_2 ∈ |0..10|11 []) + 8·(x_3 ∈ |0..10|11 []) + 38·(x_4 ∈ |0..10|11 []) + 23·(x_5 ∈ |0..10|11 []) + 43·(x_6 ∈ |0..10|11 []) + 48·(x_7 ∈ |0..10|11 []) + 33·(x_8 ∈ |0..10|11 []) + 47·(x_9 ∈ |0..10|11 []) + 44·(x_10 ∈ |0..10|11 []) ≤ 1920
	w47:	25·(x_1 ∈ |0..10|11 []) + 46·(x_2 ∈ |0..10|11 []) + 25·(x_3 ∈ |0..10|11 []) + 5·(x_4 ∈ |0..10|11 []) + 18·(x_5 ∈ |0..10|11 []) + 21·(x_6 ∈ |0..10|11 []) + 8·(x_7 ∈ |0..10|11 []) + 11·(x_8 ∈ |0..10|11 []) + 43·(x_9 ∈ |0..10|11 []) + 16·(x_10 ∈ |0..10|11 []) ≤ 1250
	w48:	15·(x_1 ∈ |0..10|11 []) + 38·(x_2 ∈ |0..10|11 []) + 18·(x_3 ∈ |0..10|11 []) + 26·(x_4 ∈ |0..10|11 []) + 28·(x_5 ∈ |0..10|11 []) + 37·(x_6 ∈ |0..10|11 []) + 4·(x_7 ∈ |0..10|11 []) + 28·(x_8 ∈ |0..10|11 []) + 40·(x_9 ∈ |0..10|11 []) + 20·(x_10 ∈ |0..10|11 []) ≤ 1460
	w49:	41·(x_1 ∈ |0..10|11 []) + 36·(x_2 ∈ |0..10|11 []) + 42·(x_3 ∈ |0..10|11 []) + 47·(x_4 ∈ |0..10|11 []) + 31·(x_5 ∈ |0..10|11 []) + 15·(x_6 ∈ |0..10|11 []) + 12·(x_7 ∈ |0..10|11 []) + 18·(x_8 ∈ |0..10|11 []) + 25·(x_9 ∈ |0..10|11 []) + 32·(x_10 ∈ |0..10|11 []) ≤ 1720
	w50:	40·(x_1 ∈ |0..10|11 []) + 46·(x_2 ∈ |0..10|11 []) + 39·(x_3 ∈ |0..10|11 []) + 45·(x_4 ∈ |0..10|11 []) + 38·(x_5 ∈ |0..10|11 []) + 7·(x_6 ∈ |0..10|11 []) + 24·(x_7 ∈ |0..10|11 []) + 42·(x_8 ∈ |0..10|11 []) + 19·(x_9 ∈ |0..10|11 []) + 32·(x_10 ∈ |0..10|11 []) ≤ 1910
	w51:	8·(x_1 ∈ |0..10|11 []) + 48·(x_2 ∈ |0..10|11 []) + 6·(x_3 ∈ |0..10|11 []) + 35·(x_4 ∈ |0..10|11 []) + 8·(x_5 ∈ |0..10|11 []) + 18·(x_6 ∈ |0..10|11 []) + 35·(x_7 ∈ |0..10|11 []) + 32·(x_8 ∈ |0..10|11 []) + 24·(x_9 ∈ |0..10|11 []) + 12·(x_10 ∈ |0..10|11 []) ≤ 1300
	w52:	25·(x_1 ∈ |0..10|11 []) + 42·(x_2 ∈ |0..10|11 []) + 46·(x_3 ∈ |0..10|11 []) + 46·(x_4 ∈ |0..10|11 []) + 25·(x_5 ∈ |0..10|11 []) + 46·(x_6 ∈ |0..10|11 []) + 30·(x_7 ∈ |0..10|11 []) + 7·(x_8 ∈ |0..10|11 []) + 25·(x_9 ∈ |0..10|11 []) + 13·(x_10 ∈ |0..10|11 []) ≤ 1750
	w53:	12·(x_1 ∈ |0..10|11 []) + 21·(x_2 ∈ |0..10|11 []) + 11·(x_3 ∈ |0..10|11 []) + 6·(x_4 ∈ |0..10|11 []) + 23·(x_5 ∈ |0..10|11 []) + 17·(x_6 ∈ |0..10|11 []) + 22·(x_7 ∈ |0..10|11 []) + 44·(x_8 ∈ |0..10|11 []) + 6·(x_9 ∈ |0..10|11 []) + (x_10 ∈ |0..10|11 []) ≤ 930
	w54:	5·(x_1 ∈ |0..10|11 []) + 15·(x_2 ∈ |0..10|11 []) + 3·(x_3 ∈ |0..10|11 []) + 4·(x_4 ∈ |0..10|11 []) + 38·(x_5 ∈ |0..10|11 []) + 29·(x_6 ∈ |0..10|11 []) + 11·(x_7 ∈ |0..10|11 []) + 25·(x_8 ∈ |0..10|11 []) + 28·(x_9 ∈ |0..10|11 []) + 19·(x_10 ∈ |0..10|11 []) ≤ 1010
	w55:	27·(x_1 ∈ |0..10|11 []) + 12·(x_2 ∈ |0..10|11 []) + 17·(x_3 ∈ |0..10|11 []) + 28·(x_4 ∈ |0..10|11 []) + (x_5 ∈ |0..10|11 []) + 33·(x_6 ∈ |0..10|11 []) + 17·(x_7 ∈ |0..10|11 []) + 20·(x_8 ∈ |0..10|11 []) + 8·(x_9 ∈ |0..10|11 []) + 9·(x_10 ∈ |0..10|11 []) ≤ 990
	w56:	24·(x_1 ∈ |0..10|11 []) + 8·(x_2 ∈ |0..10|11 []) + 29·(x_3 ∈ |0..10|11 []) + 29·(x_4 ∈ |0..10|11 []) + 15·(x_5 ∈ |0..10|11 []) + 41·(x_6 ∈ |0..10|11 []) + 13·(x_7 ∈ |0..10|11 []) + 20·(x_8 ∈ |0..10|11 []) + 30·(x_9 ∈ |0..10|11 []) + 26·(x_10 ∈ |0..10|11 []) ≤ 1350
	w57:	10·(x_1 ∈ |0..10|11 []) + 40·(x_2 ∈ |0..10|11 []) + 41·(x_3 ∈ |0..10|11 []) + 44·(x_4 ∈ |0..10|11 []) + 40·(x_5 ∈ |0..10|11 []) + 12·(x_6 ∈ |0..10|11 []) + 28·(x_7 ∈ |0..10|11 []) + 10·(x_8 ∈ |0..10|11 []) + 5·(x_9 ∈ |0..10|11 []) + 20·(x_10 ∈ |0..10|11 []) ≤ 1440
	w58:	37·(x_1 ∈ |0..10|11 []) + 40·(x_2 ∈ |0..10|11 []) + 23·(x_3 ∈ |0..10|11 []) + 48·(x_4 ∈ |0..10|11 []) + 45·(x_5 ∈ |0..10|11 []) + 3·(x_6 ∈ |0..10|11 []) + 48·(x_7 ∈ |0..10|11 []) + 33·(x_8 ∈ |0..10|11 []) + 18·(x_9 ∈ |0..10|11 []) + 25·(x_10 ∈ |0..10|11 []) ≤ 1840
	w59:	13·(x_1 ∈ |0..10|11 []) + 12·(x_2 ∈ |0..10|11 []) + 39·(x_3 ∈ |0..10|11 []) + 49·(x_4 ∈ |0..10|11 []) + 49·(x_5 ∈ |0..10|11 []) + 25·(x_6 ∈ |0..10|11 []) + 7·(x_7 ∈ |0..10|11 []) + 4·(x_8 ∈ |0..10|11 []) + 32·(x_9 ∈ |0..10|11 []) + 29·(x_10 ∈ |0..10|11 []) ≤ 1490
	w60:	48·(x_1 ∈ |0..10|11 []) + 24·(x_2 ∈ |0..10|11 []) + 6·(x_3 ∈ |0..10|11 []) + 17·(x_4 ∈ |0..10|11 []) + 22·(x_5 ∈ |0..10|11 []) + 22·(x_6 ∈ |0..10|11 []) + 47·(x_7 ∈ |0..10|11 []) + 22·(x_8 ∈ |0..10|11 []) + 39·(x_9 ∈ |0..10|11 []) + 8·(x_10 ∈ |0..10|11 []) ≤ 1460
	w61:	15·(x_1 ∈ |0..10|11 []) + 23·(x_2 ∈ |0..10|11 []) + 10·(x_3 ∈ |0..10|11 []) + 30·(x_4 ∈ |0..10|11 []) + 3·(x_5 ∈ |0..10|11 []) + 2·(x_6 ∈ |0..10|11 []) + 7·(x_7 ∈ |0..10|11 []) + 28·(x_8 ∈ |0..10|11 []) + 14·(x_9 ∈ |0..10|11 []) + 26·(x_10 ∈ |0..10|11 []) ≤ 910
	w62:	(x_1 ∈ |0..10|11 []) + 7·(x_2 ∈ |0..10|11 []) + 28·(x_3 ∈ |0..10|11 []) + 23·(x_4 ∈ |0..10|11 []) + 30·(x_5 ∈ |0..10|11 []) + 35·(x_6 ∈ |0..10|11 []) + 40·(x_7 ∈ |0..10|11 []) + 3·(x_8 ∈ |0..10|11 []) + 47·(x_9 ∈ |0..10|11 []) + 44·(x_10 ∈ |0..10|11 []) ≤ 1480
	w63:	30·(x_1 ∈ |0..10|11 []) + 36·(x_2 ∈ |0..10|11 []) + 43·(x_3 ∈ |0..10|11 []) + 18·(x_4 ∈ |0..10|11 []) + 4·(x_5 ∈ |0..10|11 []) + 48·(x_6 ∈ |0..10|11 []) + 34·(x_7 ∈ |0..10|11 []) + 36·(x_8 ∈ |0..10|11 []) + 42·(x_9 ∈ |0..10|11 []) + 43·(x_10 ∈ |0..10|11 []) ≤ 1920
	w64:	45·(x_1 ∈ |0..10|11 []) + 26·(x_2 ∈ |0..10|11 []) + 7·(x_3 ∈ |0..10|11 []) + 24·(x_4 ∈ |0..10|11 []) + 16·(x_5 ∈ |0..10|11 []) + 46·(x_6 ∈ |0..10|11 []) + 26·(x_7 ∈ |0..10|11 []) + 33·(x_8 ∈ |0..10|11 []) + 32·(x_9 ∈ |0..10|11 []) + 43·(x_10 ∈ |0..10|11 []) ≤ 1710
	w65:	45·(x_1 ∈ |0..10|11 []) + 18·(x_2 ∈ |0..10|11 []) + 48·(x_3 ∈ |0..10|11 []) + (x_4 ∈ |0..10|11 []) + 13·(x_5 ∈ |0..10|11 []) + 13·(x_6 ∈ |0..10|11 []) + 19·(x_7 ∈ |0..10|11 []) + 14·(x_8 ∈ |0..10|11 []) + 47·(x_9 ∈ |0..10|11 []) + 34·(x_10 ∈ |0..10|11 []) ≤ 1450
	w66:	40·(x_1 ∈ |0..10|11 []) + 18·(x_2 ∈ |0..10|11 []) + 17·(x_3 ∈ |0..10|11 []) + 46·(x_4 ∈ |0..10|11 []) + 20·(x_5 ∈ |0..10|11 []) + 2·(x_6 ∈ |0..10|11 []) + 38·(x_7 ∈ |0..10|11 []) + 20·(x_8 ∈ |0..10|11 []) + 4·(x_9 ∈ |0..10|11 []) + 9·(x_10 ∈ |0..10|11 []) ≤ 1230
	w67:	42·(x_1 ∈ |0..10|11 []) + 43·(x_2 ∈ |0..10|11 []) + 49·(x_3 ∈ |0..10|11 []) + 35·(x_4 ∈ |0..10|11 []) + 21·(x_5 ∈ |0..10|11 []) + 34·(x_6 ∈ |0..10|11 []) + 17·(x_7 ∈ |0..10|11 []) + 49·(x_8 ∈ |0..10|11 []) + 30·(x_9 ∈ |0..10|11 []) + 47·(x_10 ∈ |0..10|11 []) ≤ 2110
	w68:	25·(x_1 ∈ |0..10|11 []) + 20·(x_2 ∈ |0..10|11 []) + 28·(x_3 ∈ |0..10|11 []) + 27·(x_4 ∈ |0..10|11 []) + 3·(x_5 ∈ |0..10|11 []) + 6·(x_6 ∈ |0..10|11 []) + 23·(x_7 ∈ |0..10|11 []) + 23·(x_8 ∈ |0..10|11 []) + 43·(x_9 ∈ |0..10|11 []) + 9·(x_10 ∈ |0..10|11 []) ≤ 1190
	w69:	16·(x_1 ∈ |0..10|11 []) + 22·(x_2 ∈ |0..10|11 []) + 15·(x_3 ∈ |0..10|11 []) + 40·(x_4 ∈ |0..10|11 []) + 17·(x_5 ∈ |0..10|11 []) + 30·(x_6 ∈ |0..10|11 []) + 11·(x_7 ∈ |0..10|11 []) + (x_8 ∈ |0..10|11 []) + 44·(x_9 ∈ |0..10|11 []) + 42·(x_10 ∈ |0..10|11 []) ≤ 1370
	w70:	46·(x_1 ∈ |0..10|11 []) + 31·(x_2 ∈ |0..10|11 []) + 30·(x_3 ∈ |0..10|11 []) + 2·(x_4 ∈ |0..10|11 []) + 17·(x_5 ∈ |0..10|11 []) + 20·(x_6 ∈ |0..10|11 []) + 7·(x_7 ∈ |0..10|11 []) + 46·(x_8 ∈ |0..10|11 []) + 13·(x_9 ∈ |0..10|11 []) + 9·(x_10 ∈ |0..10|11 []) ≤ 1270
	w71:	45·(x_1 ∈ |0..10|11 []) + 24·(x_2 ∈ |0..10|11 []) + 26·(x_3 ∈ |0..10|11 []) + 32·(x_4 ∈ |0..10|11 []) + 26·(x_5 ∈ |0..10|11 []) + 8·(x_6 ∈ |0..10|11 []) + 2·(x_7 ∈ |0..10|11 []) + 20·(x_8 ∈ |0..10|11 []) + 34·(x_9 ∈ |0..10|11 []) + 8·(x_10 ∈ |0..10|11 []) ≤ 1290
	w72:	14·(x_1 ∈ |0..10|11 []) + 33·(x_2 ∈ |0..10|11 []) + 42·(x_3 ∈ |0..10|11 []) + 16·(x_4 ∈ |0..10|11 []) + 42·(x_5 ∈ |0..10|11 []) + 15·(x_6 ∈ |0..10|11 []) + 23·(x_7 ∈ |0..10|11 []) + 40·(x_8 ∈ |0..10|11 []) + 30·(x_9 ∈ |0..10|11 []) + 4·(x_10 ∈ |0..10|11 []) ≤ 1490
	w73:	15·(x_1 ∈ |0..10|11 []) + 41·(x_2 ∈ |0..10|11 []) + 8·(x_3 ∈ |0..10|11 []) + 8·(x_4 ∈ |0..10|11 []) + 16·(x_5 ∈ |0..10|11 []) + 23·(x_6 ∈ |0..10|11 []) + 41·(x_7 ∈ |0..10|11 []) + 9·(x_8 ∈ |0..10|11 []) + 10·(x_9 ∈ |0..10|11 []) + 23·(x_10 ∈ |0..10|11 []) ≤ 1110
	w74:	39·(x_1 ∈ |0..10|11 []) + 17·(x_2 ∈ |0..10|11 []) + 29·(x_3 ∈ |0..10|11 []) + 13·(x_4 ∈ |0..10|11 []) + 48·(x_5 ∈ |0..10|11 []) + 27·(x_6 ∈ |0..10|11 []) + 32·(x_7 ∈ |0..10|11 []) + 33·(x_8 ∈ |0..10|11 []) + 39·(x_9 ∈ |0..10|11 []) + 34·(x_10 ∈ |0..10|11 []) ≤ 1790
	w75:	9·(x_1 ∈ |0..10|11 []) + 29·(x_2 ∈ |0..10|11 []) + 32·(x_3 ∈ |0..10|11 []) + 9·(x_4 ∈ |0..10|11 []) + 33·(x_5 ∈ |0..10|11 []) + 34·(x_6 ∈ |0..10|11 []) + 2·(x_7 ∈ |0..10|11 []) + 40·(x_8 ∈ |0..10|11 []) + 42·(x_9 ∈ |0..10|11 []) + 30·(x_10 ∈ |0..10|11 []) ≤ 1490
	w76:	42·(x_1 ∈ |0..10|11 []) + 18·(x_2 ∈ |0..10|11 []) + 32·(x_3 ∈ |0..10|11 []) + 14·(x_4 ∈ |0..10|11 []) + 43·(x_5 ∈ |0..10|11 []) + 13·(x_6 ∈ |0..10|11 []) + 41·(x_7 ∈ |0..10|11 []) + 48·(x_8 ∈ |0..10|11 []) + 29·(x_9 ∈ |0..10|11 []) + 39·(x_10 ∈ |0..10|11 []) ≤ 1830
	w77:	11·(x_1 ∈ |0..10|11 []) + 49·(x_2 ∈ |0..10|11 []) + 39·(x_3 ∈ |0..10|11 []) + 19·(x_4 ∈ |0..10|11 []) + 17·(x_5 ∈ |0..10|11 []) + 7·(x_6 ∈ |0..10|11 []) + 15·(x_7 ∈ |0..10|11 []) + 7·(x_8 ∈ |0..10|11 []) + 22·(x_9 ∈ |0..10|11 []) + 16·(x_10 ∈ |0..10|11 []) ≤ 1160
	w78:	18·(x_1 ∈ |0..10|11 []) + 22·(x_2 ∈ |0..10|11 []) + 14·(x_3 ∈ |0..10|11 []) + 42·(x_4 ∈ |0..10|11 []) + 37·(x_5 ∈ |0..10|11 []) + 27·(x_6 ∈ |0..10|11 []) + 11·(x_7 ∈ |0..10|11 []) + 24·(x_8 ∈ |0..10|11 []) + 46·(x_9 ∈ |0..10|11 []) + 9·(x_10 ∈ |0..10|11 []) ≤ 1440
	w79:	31·(x_1 ∈ |0..10|11 []) + 44·(x_2 ∈ |0..10|11 []) + (x_3 ∈ |0..10|11 []) + 2·(x_4 ∈ |0..10|11 []) + 41·(x_5 ∈ |0..10|11 []) + 14·(x_6 ∈ |0..10|11 []) + 3·(x_7 ∈ |0..10|11 []) + 4·(x_8 ∈ |0..10|11 []) + 12·(x_9 ∈ |0..10|11 []) + 12·(x_10 ∈ |0..10|11 []) ≤ 940
	w80:	11·(x_1 ∈ |0..10|11 []) + 20·(x_2 ∈ |0..10|11 []) + 28·(x_3 ∈ |0..10|11 []) + 27·(x_4 ∈ |0..10|11 []) + 21·(x_5 ∈ |0..10|11 []) + 13·(x_6 ∈ |0..10|11 []) + 33·(x_7 ∈ |0..10|11 []) + 16·(x_8 ∈ |0..10|11 []) + 42·(x_9 ∈ |0..10|11 []) + 17·(x_10 ∈ |0..10|11 []) ≤ 1310
	w81:	30·(x_1 ∈ |0..10|11 []) + 23·(x_2 ∈ |0..10|11 []) + 34·(x_3 ∈ |0..10|11 []) + 25·(x_4 ∈ |0..10|11 []) + 21·(x_5 ∈ |0..10|11 []) + 35·(x_6 ∈ |0..10|11 []) + 11·(x_7 ∈ |0..10|11 []) + 39·(x_8 ∈ |0..10|11 []) + 46·(x_9 ∈ |0..10|11 []) + 22·(x_10 ∈ |0..10|11 []) ≤ 1640
	w82:	31·(x_1 ∈ |0..10|11 []) + 42·(x_2 ∈ |0..10|11 []) + 36·(x_3 ∈ |0..10|11 []) + 47·(x_4 ∈ |0..10|11 []) + 7·(x_5 ∈ |0..10|11 []) + 21·(x_6 ∈ |0..10|11 []) + 37·(x_7 ∈ |0..10|11 []) + 39·(x_8 ∈ |0..10|11 []) + 3·(x_9 ∈ |0..10|11 []) + 48·(x_10 ∈ |0..10|11 []) ≤ 1790
	w83:	23·(x_1 ∈ |0..10|11 []) + 47·(x_2 ∈ |0..10|11 []) + 22·(x_3 ∈ |0..10|11 []) + 23·(x_4 ∈ |0..10|11 []) + 5·(x_5 ∈ |0..10|11 []) + 42·(x_6 ∈ |0..10|11 []) + 37·(x_7 ∈ |0..10|11 []) + 16·(x_8 ∈ |0..10|11 []) + 24·(x_9 ∈ |0..10|11 []) + 13·(x_10 ∈ |0..10|11 []) ≤ 1450
	w84:	17·(x_1 ∈ |0..10|11 []) + 44·(x_2 ∈ |0..10|11 []) + 28·(x_3 ∈ |0..10|11 []) + 45·(x_4 ∈ |0..10|11 []) + 24·(x_5 ∈ |0..10|11 []) + 43·(x_6 ∈ |0..10|11 []) + 23·(x_7 ∈ |0..10|11 []) + 25·(x_8 ∈ |0..10|11 []) + 3·(x_9 ∈ |0..10|11 []) + 30·(x_10 ∈ |0..10|11 []) ≤ 1620
	w85:	15·(x_1 ∈ |0..10|11 []) + 34·(x_2 ∈ |0..10|11 []) + 17·(x_3 ∈ |0..10|11 []) + 49·(x_4 ∈ |0..10|11 []) + 31·(x_5 ∈ |0..10|11 []) + 14·(x_6 ∈ |0..10|11 []) + (x_7 ∈ |0..10|11 []) + 23·(x_8 ∈ |0..10|11 []) + 36·(x_9 ∈ |0..10|11 []) + 40·(x_10 ∈ |0..10|11 []) ≤ 1490
	w86:	6·(x_1 ∈ |0..10|11 []) + 47·(x_2 ∈ |0..10|11 []) + 42·(x_3 ∈ |0..10|11 []) + 46·(x_4 ∈ |0..10|11 []) + 23·(x_5 ∈ |0..10|11 []) + 9·(x_6 ∈ |0..10|11 []) + 48·(x_7 ∈ |0..10|11 []) + (x_8 ∈ |0..10|11 []) + 3·(x_9 ∈ |0..10|11 []) + 19·(x_10 ∈ |0..10|11 []) ≤ 1400
	w87:	28·(x_1 ∈ |0..10|11 []) + 16·(x_2 ∈ |0..10|11 []) + 20·(x_3 ∈ |0..10|11 []) + 8·(x_4 ∈ |0..10|11 []) + 22·(x_5 ∈ |0..10|11 []) + 28·(x_6 ∈ |0..10|11 []) + 5·(x_7 ∈ |0..10|11 []) + 22·(x_8 ∈ |0..10|11 []) + 33·(x_9 ∈ |0..10|11 []) + 6·(x_10 ∈ |0..10|11 []) ≤ 1080
	w88:	19·(x_1 ∈ |0..10|11 []) + 5·(x_2 ∈ |0..10|11 []) + 22·(x_3 ∈ |0..10|11 []) + 40·(x_4 ∈ |0..10|11 []) + 6·(x_5 ∈ |0..10|11 []) + 45·(x_6 ∈ |0..10|11 []) + 25·(x_7 ∈ |0..10|11 []) + 38·(x_8 ∈ |0..10|11 []) + 12·(x_9 ∈ |0..10|11 []) + 8·(x_10 ∈ |0..10|11 []) ≤ 1260
	w89:	41·(x_1 ∈ |0..10|11 []) + 14·(x_2 ∈ |0..10|11 []) + 8·(x_3 ∈ |0..10|11 []) + (x_4 ∈ |0..10|11 []) + 32·(x_5 ∈ |0..10|11 []) + 36·(x_6 ∈ |0..10|11 []) + 27·(x_7 ∈ |0..10|11 []) + 4·(x_8 ∈ |0..10|11 []) + 33·(x_9 ∈ |0..10|11 []) + 43·(x_10 ∈ |0..10|11 []) ≤ 1370
	w90:	39·(x_1 ∈ |0..10|11 []) + 24·(x_2 ∈ |0..10|11 []) + 35·(x_3 ∈ |0..10|11 []) + 3·(x_4 ∈ |0..10|11 []) + 28·(x_5 ∈ |0..10|11 []) + 43·(x_6 ∈ |0..10|11 []) + 19·(x_7 ∈ |0..10|11 []) + 13·(x_8 ∈ |0..10|11 []) + 43·(x_9 ∈ |0..10|11 []) + 48·(x_10 ∈ |0..10|11 []) ≤ 1690
	w91:	16·(x_1 ∈ |0..10|11 []) + 13·(x_2 ∈ |0..10|11 []) + 35·(x_3 ∈ |0..10|11 []) + 11·(x_4 ∈ |0..10|11 []) + 26·(x_5 ∈ |0..10|11 []) + 47·(x_6 ∈ |0..10|11 []) + 47·(x_7 ∈ |0..10|11 []) + 19·(x_8 ∈ |0..10|11 []) + 11·(x_9 ∈ |0..10|11 []) + 15·(x_10 ∈ |0..10|11 []) ≤ 1380
	w92:	23·(x_1 ∈ |0..10|11 []) + 13·(x_2 ∈ |0..10|11 []) + 37·(x_3 ∈ |0..10|11 []) + 30·(x_4 ∈ |0..10|11 []) + 13·(x_5 ∈ |0..10|11 []) + 44·(x_6 ∈ |0..10|11 []) + 8·(x_7 ∈ |0..10|11 []) + 27·(x_8 ∈ |0..10|11 []) + 2·(x_9 ∈ |0..10|11 []) + 30·(x_10 ∈ |0..10|11 []) ≤ 1300
	w93:	4·(x_1 ∈ |0..10|11 []) + 7·(x_2 ∈ |0..10|11 []) + 9·(x_3 ∈ |0..10|11 []) + 33·(x_4 ∈ |0..10|11 []) + 31·(x_5 ∈ |0..10|11 []) + 49·(x_6 ∈ |0..10|11 []) + 13·(x_7 ∈ |0..10|11 []) + 16·(x_8 ∈ |0..10|11 []) + 30·(x_9 ∈ |0..10|11 []) + 4·(x_10 ∈ |0..10|11 []) ≤ 1120
	w94:	10·(x_1 ∈ |0..10|11 []) + 46·(x_2 ∈ |0..10|11 []) + 24·(x_3 ∈ |0..10|11 []) + 13·(x_4 ∈ |0..10|11 []) + 15·(x_5 ∈ |0..10|11 []) + 46·(x_6 ∈ |0..10|11 []) + 24·(x_7 ∈ |0..10|11 []) + 34·(x_8 ∈ |0..10|11 []) + 4·(x_9 ∈ |0..10|11 []) + 14·(x_10 ∈ |0..10|11 []) ≤ 1320
	w95:	24·(x_1 ∈ |0..10|11 []) + 44·(x_2 ∈ |0..10|11 []) + 22·(x_3 ∈ |0..10|11 []) + 13·(x_4 ∈ |0..10|11 []) + 26·(x_5 ∈ |0..10|11 []) + 3·(x_6 ∈ |0..10|11 []) + 48·(x_7 ∈ |0..10|11 []) + 18·(x_8 ∈ |0..10|11 []) + 36·(x_9 ∈ |0..10|11 []) + 46·(x_10 ∈ |0..10|11 []) ≤ 1610
	w96:	49·(x_1 ∈ |0..10|11 []) + 12·(x_2 ∈ |0..10|11 []) + 11·(x_3 ∈ |0..10|11 []) + 27·(x_4 ∈ |0..10|11 []) + 23·(x_5 ∈ |0..10|11 []) + 14·(x_6 ∈ |0..10|11 []) + 49·(x_7 ∈ |0..10|11 []) + 23·(x_8 ∈ |0..10|11 []) + 12·(x_9 ∈ |0..10|11 []) + 43·(x_10 ∈ |0..10|11 []) ≤ 1510
	w97:	18·(x_1 ∈ |0..10|11 []) + 31·(x_2 ∈ |0..10|11 []) + 49·(x_3 ∈ |0..10|11 []) + 33·(x_4 ∈ |0..10|11 []) + 7·(x_5 ∈ |0..10|11 []) + 24·(x_6 ∈ |0..10|11 []) + 41·(x_7 ∈ |0..10|11 []) + 30·(x_8 ∈ |0..10|11 []) + 4·(x_9 ∈ |0..10|11 []) + 22·(x_10 ∈ |0..10|11 []) ≤ 1490
	w98:	42·(x_1 ∈ |0..10|11 []) + 42·(x_2 ∈ |0..10|11 []) + 35·(x_3 ∈ |0..10|11 []) + 29·(x_4 ∈ |0..10|11 []) + 16·(x_5 ∈ |0..10|11 []) + 9·(x_6 ∈ |0..10|11 []) + 34·(x_7 ∈ |0..10|11 []) + 9·(x_8 ∈ |0..10|11 []) + 33·(x_9 ∈ |0..10|11 []) + 47·(x_10 ∈ |0..10|11 []) ≤ 1700
	w99:	25·(x_1 ∈ |0..10|11 []) + 20·(x_2 ∈ |0..10|11 []) + 47·(x_3 ∈ |0..10|11 []) + 23·(x_4 ∈ |0..10|11 []) + 3·(x_5 ∈ |0..10|11 []) + 16·(x_6 ∈ |0..10|11 []) + 12·(x_7 ∈ |0..10|11 []) + 42·(x_8 ∈ |0..10|11 []) + 43·(x_9 ∈ |0..10|11 []) + 35·(x_10 ∈ |0..10|11 []) ≤ 1530
	w100:	26·(x_1 ∈ |0..10|11 []) + 19·(x_2 ∈ |0..10|11 []) + 25·(x_3 ∈ |0..10|11 []) + 4·(x_4 ∈ |0..10|11 []) + 36·(x_5 ∈ |0..10|11 []) + 5·(x_6 ∈ |0..10|11 []) + 36·(x_7 ∈ |0..10|11 []) + 22·(x_8 ∈ |0..10|11 []) + 24·(x_9 ∈ |0..10|11 []) + 20·(x_10 ∈ |0..10|11 []) ≤ 1240
	w101:	41·(x_1 ∈ |0..10|11 []) + 27·(x_2 ∈ |0..10|11 []) + 32·(x_3 ∈ |0..10|11 []) + 15·(x_4 ∈ |0..10|11 []) + 32·(x_5 ∈ |0..10|11 []) + 40·(x_6 ∈ |0..10|11 []) + (x_7 ∈ |0..10|11 []) + 19·(x_8 ∈ |0..10|11 []) + 48·(x_9 ∈ |0..10|11 []) + 47·(x_10 ∈ |0..10|11 []) ≤ 1730
	w102:	18·(x_1 ∈ |0..10|11 []) + 25·(x_2 ∈ |0..10|11 []) + 29·(x_3 ∈ |0..10|11 []) + 48·(x_4 ∈ |0..10|11 []) + 28·(x_5 ∈ |0..10|11 []) + 33·(x_6 ∈ |0..10|11 []) + 2·(x_7 ∈ |0..10|11 []) + 35·(x_8 ∈ |0..10|11 []) + 47·(x_9 ∈ |0..10|11 []) + 25·(x_10 ∈ |0..10|11 []) ≤ 1670
	w103:	47·(x_1 ∈ |0..10|11 []) + 49·(x_2 ∈ |0..10|11 []) + 31·(x_3 ∈ |0..10|11 []) + 4·(x_4 ∈ |0..10|11 []) + 9·(x_5 ∈ |0..10|11 []) + 41·(x_6 ∈ |0..10|11 []) + 35·(x_7 ∈ |0..10|11 []) + 6·(x_8 ∈ |0..10|11 []) + 20·(x_9 ∈ |0..10|11 []) + 41·(x_10 ∈ |0..10|11 []) ≤ 1630
	w104:	45·(x_1 ∈ |0..10|11 []) + 25·(x_2 ∈ |0..10|11 []) + 9·(x_3 ∈ |0..10|11 []) + 38·(x_4 ∈ |0..10|11 []) + 2·(x_5 ∈ |0..10|11 []) + 47·(x_6 ∈ |0..10|11 []) + 26·(x_7 ∈ |0..10|11 []) + 20·(x_8 ∈ |0..10|11 []) + 30·(x_9 ∈ |0..10|11 []) + 17·(x_10 ∈ |0..10|11 []) ≤ 1490
	w105:	30·(x_1 ∈ |0..10|11 []) + 10·(x_2 ∈ |0..10|11 []) + 26·(x_3 ∈ |0..10|11 []) + 30·(x_4 ∈ |0..10|11 []) + 41·(x_5 ∈ |0..10|11 []) + 26·(x_6 ∈ |0..10|11 []) + 48·(x_7 ∈ |0..10|11 []) + 15·(x_8 ∈ |0..10|11 []) + 46·(x_9 ∈ |0..10|11 []) + 48·(x_10 ∈ |0..10|11 []) ≤ 1840
	w106:	37·(x_1 ∈ |0..10|11 []) + 32·(x_2 ∈ |0..10|11 []) + 19·(x_3 ∈ |0..10|11 []) + 8·(x_4 ∈ |0..10|11 []) + 37·(x_5 ∈ |0..10|11 []) + 32·(x_6 ∈ |0..10|11 []) + 47·(x_7 ∈ |0..10|11 []) + 47·(x_8 ∈ |0..10|11 []) + 42·(x_9 ∈ |0..10|11 []) + 45·(x_10 ∈ |0..10|11 []) ≤ 1990
	w107:	2·(x_1 ∈ |0..10|11 []) + 39·(x_2 ∈ |0..10|11 []) + 45·(x_3 ∈ |0..10|11 []) + 30·(x_4 ∈ |0..10|11 []) + 20·(x_5 ∈ |0..10|11 []) + 15·(x_6 ∈ |0..10|11 []) + 7·(x_7 ∈ |0..10|11 []) + 49·(x_8 ∈ |0..10|11 []) + 26·(x_9 ∈ |0..10|11 []) + 32·(x_10 ∈ |0..10|11 []) ≤ 1520
	w108:	13·(x_1 ∈ |0..10|11 []) + 8·(x_2 ∈ |0..10|11 []) + 45·(x_3 ∈ |0..10|11 []) + 21·(x_4 ∈ |0..10|11 []) + 45·(x_5 ∈ |0..10|11 []) + 42·(x_6 ∈ |0..10|11 []) + 17·(x_7 ∈ |0..10|11 []) + 20·(x_8 ∈ |0..10|11 []) + 10·(x_9 ∈ |0..10|11 []) + 23·(x_10 ∈ |0..10|11 []) ≤ 1400
	w109:	42·(x_1 ∈ |0..10|11 []) + 39·(x_2 ∈ |0..10|11 []) + 21·(x_3 ∈ |0..10|11 []) + 40·(x_4 ∈ |0..10|11 []) + 9·(x_5 ∈ |0..10|11 []) + 34·(x_6 ∈ |0..10|11 []) + 9·(x_7 ∈ |0..10|11 []) + 32·(x_8 ∈ |0..10|11 []) + 40·(x_9 ∈ |0..10|11 []) + 35·(x_10 ∈ |0..10|11 []) ≤ 1730
	w110:	45·(x_1 ∈ |0..10|11 []) + 41·(x_2 ∈ |0..10|11 []) + 40·(x_3 ∈ |0..10|11 []) + 19·(x_4 ∈ |0..10|11 []) + 7·(x_5 ∈ |0..10|11 []) + 26·(x_6 ∈ |0..10|11 []) + 44·(x_7 ∈ |0..10|11 []) + 12·(x_8 ∈ |0..10|11 []) + 9·(x_9 ∈ |0..10|11 []) + 46·(x_10 ∈ |0..10|11 []) ≤ 1660
	w111:	7·(x_1 ∈ |0..10|11 []) + 35·(x_2 ∈ |0..10|11 []) + 26·(x_3 ∈ |0..10|11 []) + 42·(x_4 ∈ |0..10|11 []) + 6·(x_5 ∈ |0..10|11 []) + 24·(x_6 ∈ |0..10|11 []) + 49·(x_7 ∈ |0..10|11 []) + 13·(x_8 ∈ |0..10|11 []) + 18·(x_9 ∈ |0..10|11 []) + 32·(x_10 ∈ |0..10|11 []) ≤ 1450
	w112:	44·(x_1 ∈ |0..10|11 []) + 36·(x_2 ∈ |0..10|11 []) + 46·(x_3 ∈ |0..10|11 []) + 44·(x_4 ∈ |0..10|11 []) + 44·(x_5 ∈ |0..10|11 []) + 22·(x_6 ∈ |0..10|11 []) + 31·(x_7 ∈ |0..10|11 []) + 25·(x_8 ∈ |0..10|11 []) + 41·(x_9 ∈ |0..10|11 []) + 21·(x_10 ∈ |0..10|11 []) ≤ 2030
	w113:	7·(x_1 ∈ |0..10|11 []) + 13·(x_2 ∈ |0..10|11 []) + 34·(x_3 ∈ |0..10|11 []) + 32·(x_4 ∈ |0..10|11 []) + 4·(x_5 ∈ |0..10|11 []) + 20·(x_6 ∈ |0..10|11 []) + 29·(x_7 ∈ |0..10|11 []) + 31·(x_8 ∈ |0..10|11 []) + 47·(x_9 ∈ |0..10|11 []) + 8·(x_10 ∈ |0..10|11 []) ≤ 1290
	w114:	42·(x_1 ∈ |0..10|11 []) + 16·(x_2 ∈ |0..10|11 []) + 34·(x_3 ∈ |0..10|11 []) + 3·(x_4 ∈ |0..10|11 []) + 2·(x_5 ∈ |0..10|11 []) + 24·(x_6 ∈ |0..10|11 []) + 8·(x_7 ∈ |0..10|11 []) + 46·(x_8 ∈ |0..10|11 []) + 12·(x_9 ∈ |0..10|11 []) + 30·(x_10 ∈ |0..10|11 []) ≤ 1240
	w115:	39·(x_1 ∈ |0..10|11 []) + 41·(x_2 ∈ |0..10|11 []) + 46·(x_3 ∈ |0..10|11 []) + 46·(x_4 ∈ |0..10|11 []) + 12·(x_5 ∈ |0..10|11 []) + 13·(x_6 ∈ |0..10|11 []) + 6·(x_7 ∈ |0..10|11 []) + 39·(x_8 ∈ |0..10|11 []) + 25·(x_9 ∈ |0..10|11 []) + 45·(x_10 ∈ |0..10|11 []) ≤ 1790
	w116:	12·(x_1 ∈ |0..10|11 []) + 25·(x_2 ∈ |0..10|11 []) + 11·(x_3 ∈ |0..10|11 []) + 26·(x_4 ∈ |0..10|11 []) + 24·(x_5 ∈ |0..10|11 []) + 8·(x_6 ∈ |0..10|11 []) + 42·(x_7 ∈ |0..10|11 []) + 29·(x_8 ∈ |0..10|11 []) + 16·(x_9 ∈ |0..10|11 []) + 3·(x_10 ∈ |0..10|11 []) ≤ 1120
	w117:	36·(x_1 ∈ |0..10|11 []) + 26·(x_2 ∈ |0..10|11 []) + 14·(x_3 ∈ |0..10|11 []) + 36·(x_4 ∈ |0..10|11 []) + 24·(x_5 ∈ |0..10|11 []) + 8·(x_6 ∈ |0..10|11 []) + 20·(x_7 ∈ |0..10|11 []) + 45·(x_8 ∈ |0..10|11 []) + 17·(x_9 ∈ |0..10|11 []) + 35·(x_10 ∈ |0..10|11 []) ≤ 1500
	w118:	28·(x_1 ∈ |0..10|11 []) + 49·(x_2 ∈ |0..10|11 []) + 2·(x_3 ∈ |0..10|11 []) + 8·(x_4 ∈ |0..10|11 []) + 48·(x_5 ∈ |0..10|11 []) + 38·(x_6 ∈ |0..10|11 []) + 36·(x_7 ∈ |0..10|11 []) + 17·(x_8 ∈ |0..10|11 []) + 44·(x_9 ∈ |0..10|11 []) + 28·(x_10 ∈ |0..10|11 []) ≤ 1710
	w119:	38·(x_1 ∈ |0..10|11 []) + 18·(x_2 ∈ |0..10|11 []) + 38·(x_3 ∈ |0..10|11 []) + 46·(x_4 ∈ |0..10|11 []) + 6·(x_5 ∈ |0..10|11 []) + 16·(x_6 ∈ |0..10|11 []) + 34·(x_7 ∈ |0..10|11 []) + 21·(x_8 ∈ |0..10|11 []) + 2·(x_9 ∈ |0..10|11 []) + 28·(x_10 ∈ |0..10|11 []) ≤ 1420
	w120:	15·(x_1 ∈ |0..10|11 []) + 36·(x_2 ∈ |0..10|11 []) + 26·(x_3 ∈ |0..10|11 []) + 37·(x_4 ∈ |0..10|11 []) + 36·(x_5 ∈ |0..10|11 []) + 21·(x_6 ∈ |0..10|11 []) + 21·(x_7 ∈ |0..10|11 []) + 40·(x_8 ∈ |0..10|11 []) + 13·(x_9 ∈ |0..10|11 []) + 23·(x_10 ∈ |0..10|11 []) ≤ 1540
	w121:	25·(x_1 ∈ |0..10|11 []) + 30·(x_2 ∈ |0..10|11 []) + 30·(x_3 ∈ |0..10|11 []) + 27·(x_4 ∈ |0..10|11 []) + 20·(x_5 ∈ |0..10|11 []) + 33·(x_6 ∈ |0..10|11 []) + 45·(x_7 ∈ |0..10|11 []) + 40·(x_8 ∈ |0..10|11 []) + 19·(x_9 ∈ |0..10|11 []) + 34·(x_10 ∈ |0..10|11 []) ≤ 1740
	w122:	23·(x_1 ∈ |0..10|11 []) + 38·(x_2 ∈ |0..10|11 []) + 22·(x_3 ∈ |0..10|11 []) + 38·(x_4 ∈ |0..10|11 []) + 24·(x_5 ∈ |0..10|11 []) + 24·(x_6 ∈ |0..10|11 []) + 25·(x_7 ∈ |0..10|11 []) + 24·(x_8 ∈ |0..10|11 []) + 28·(x_9 ∈ |0..10|11 []) + 40·(x_10 ∈ |0..10|11 []) ≤ 1640
	w123:	47·(x_1 ∈ |0..10|11 []) + 34·(x_2 ∈ |0..10|11 []) + 17·(x_3 ∈ |0..10|11 []) + 48·(x_4 ∈ |0..10|11 []) + 32·(x_5 ∈ |0..10|11 []) + 46·(x_6 ∈ |0..10|11 []) + 38·(x_7 ∈ |0..10|11 []) + 46·(x_8 ∈ |0..10|11 []) + 5·(x_9 ∈ |0..10|11 []) + 32·(x_10 ∈ |0..10|11 []) ≤ 1980
	w124:	49·(x_1 ∈ |0..10|11 []) + 10·(x_2 ∈ |0..10|11 []) + 40·(x_3 ∈ |0..10|11 []) + 5·(x_4 ∈ |0..10|11 []) + 26·(x_5 ∈ |0..10|11 []) + 43·(x_6 ∈ |0..10|11 []) + 14·(x_7 ∈ |0..10|11 []) + 48·(x_8 ∈ |0..10|11 []) + 33·(x_9 ∈ |0..10|11 []) + 29·(x_10 ∈ |0..10|11 []) ≤ 1710
	w125:	39·(x_1 ∈ |0..10|11 []) + 27·(x_2 ∈ |0..10|11 []) + 29·(x_3 ∈ |0..10|11 []) + 20·(x_4 ∈ |0..10|11 []) + 42·(x_5 ∈ |0..10|11 []) + 25·(x_6 ∈ |0..10|11 []) + 27·(x_7 ∈ |0..10|11 []) + 7·(x_8 ∈ |0..10|11 []) + 44·(x_9 ∈ |0..10|11 []) + 36·(x_10 ∈ |0..10|11 []) ≤ 1700
	w126:	47·(x_1 ∈ |0..10|11 []) + 34·(x_2 ∈ |0..10|11 []) + 23·(x_3 ∈ |0..10|11 []) + 7·(x_4 ∈ |0..10|11 []) + 8·(x_5 ∈ |0..10|11 []) + 34·(x_6 ∈ |0..10|11 []) + 23·(x_7 ∈ |0..10|11 []) + 24·(x_8 ∈ |0..10|11 []) + 14·(x_9 ∈ |0..10|11 []) + 29·(x_10 ∈ |0..10|11 []) ≤ 1390
	w127:	49·(x_1 ∈ |0..10|11 []) + 16·(x_2 ∈ |0..10|11 []) + 19·(x_3 ∈ |0..10|11 []) + 47·(x_4 ∈ |0..10|11 []) + 10·(x_5 ∈ |0..10|11 []) + 6·(x_6 ∈ |0..10|11 []) + 3·(x_7 ∈ |0..10|11 []) + 26·(x_8 ∈ |0..10|11 []) + 36·(x_9 ∈ |0..10|11 []) + 27·(x_10 ∈ |0..10|11 []) ≤ 1370
	w128:	29·(x_1 ∈ |0..10|11 []) + 16·(x_2 ∈ |0..10|11 []) + 26·(x_3 ∈ |0..10|11 []) + 17·(x_4 ∈ |0..10|11 []) + 36·(x_5 ∈ |0..10|11 []) + 7·(x_6 ∈ |0..10|11 []) + 9·(x_7 ∈ |0..10|11 []) + 26·(x_8 ∈ |0..10|11 []) + 13·(x_9 ∈ |0..10|11 []) + 3·(x_10 ∈ |0..10|11 []) ≤ 1040
	w129:	(x_1 ∈ |0..10|11 []) + 23·(x_2 ∈ |0..10|11 []) + 46·(x_3 ∈ |0..10|11 []) + 8·(x_4 ∈ |0..10|11 []) + 31·(x_5 ∈ |0..10|11 []) + 33·(x_6 ∈ |0..10|11 []) + 46·(x_7 ∈ |0..10|11 []) + 15·(x_8 ∈ |0..10|11 []) + 3·(x_9 ∈ |0..10|11 []) + 26·(x_10 ∈ |0..10|11 []) ≤ 1330
	w130:	5·(x_1 ∈ |0..10|11 []) + 21·(x_2 ∈ |0..10|11 []) + 15·(x_3 ∈ |0..10|11 []) + 46·(x_4 ∈ |0..10|11 []) + 47·(x_5 ∈ |0..10|11 []) + 16·(x_6 ∈ |0..10|11 []) + 47·(x_7 ∈ |0..10|11 []) + 42·(x_8 ∈ |0..10|11 []) + 18·(x_9 ∈ |0..10|11 []) + 16·(x_10 ∈ |0..10|11 []) ≤ 1570
	w131:	48·(x_1 ∈ |0..10|11 []) + 9·(x_2 ∈ |0..10|11 []) + 2·(x_3 ∈ |0..10|11 []) + 12·(x_4 ∈ |0..10|11 []) + 27·(x_5 ∈ |0..10|11 []) + 9·(x_6 ∈ |0..10|11 []) + 20·(x_7 ∈ |0..10|11 []) + 47·(x_8 ∈ |0..10|11 []) + 9·(x_9 ∈ |0..10|11 []) + 45·(x_10 ∈ |0..10|11 []) ≤ 1310
	w132:	34·(x_1 ∈ |0..10|11 []) + 43·(x_2 ∈ |0..10|11 []) + 9·(x_3 ∈ |0..10|11 []) + 14·(x_4 ∈ |0..10|11 []) + 15·(x_5 ∈ |0..10|11 []) + 19·(x_6 ∈ |0..10|11 []) + 32·(x_7 ∈ |0..10|11 []) + 16·(x_8 ∈ |0..10|11 []) + 10·(x_9 ∈ |0..10|11 []) + 28·(x_10 ∈ |0..10|11 []) ≤ 1260
	w133:	3·(x_1 ∈ |0..10|11 []) + 20·(x_2 ∈ |0..10|11 []) + 24·(x_3 ∈ |0..10|11 []) + 2·(x_4 ∈ |0..10|11 []) + 48·(x_5 ∈ |0..10|11 []) + 44·(x_6 ∈ |0..10|11 []) + 19·(x_7 ∈ |0..10|11 []) + 9·(x_8 ∈ |0..10|11 []) + 29·(x_9 ∈ |0..10|11 []) + 22·(x_10 ∈ |0..10|11 []) ≤ 1260
	w134:	11·(x_1 ∈ |0..10|11 []) + 16·(x_2 ∈ |0..10|11 []) + 47·(x_3 ∈ |0..10|11 []) + 35·(x_4 ∈ |0..10|11 []) + 47·(x_5 ∈ |0..10|11 []) + 22·(x_6 ∈ |0..10|11 []) + 13·(x_7 ∈ |0..10|11 []) + 14·(x_8 ∈ |0..10|11 []) + 13·(x_9 ∈ |0..10|11 []) + 45·(x_10 ∈ |0..10|11 []) ≤ 1510
	w135:	40·(x_1 ∈ |0..10|11 []) + 16·(x_2 ∈ |0..10|11 []) + 36·(x_3 ∈ |0..10|11 []) + 33·(x_4 ∈ |0..10|11 []) + 28·(x_5 ∈ |0..10|11 []) + 37·(x_6 ∈ |0..10|11 []) + 41·(x_7 ∈ |0..10|11 []) + 40·(x_8 ∈ |0..10|11 []) + 48·(x_9 ∈ |0..10|11 []) + 24·(x_10 ∈ |0..10|11 []) ≤ 1970
	w136:	(x_1 ∈ |0..10|11 []) + 14·(x_2 ∈ |0..10|11 []) + 26·(x_3 ∈ |0..10|11 []) + 41·(x_4 ∈ |0..10|11 []) + 3·(x_5 ∈ |0..10|11 []) + 7·(x_6 ∈ |0..10|11 []) + 5·(x_7 ∈ |0..10|11 []) + 13·(x_8 ∈ |0..10|11 []) + 14·(x_9 ∈ |0..10|11 []) + 7·(x_10 ∈ |0..10|11 []) ≤ 750
	w137:	24·(x_1 ∈ |0..10|11 []) + 12·(x_2 ∈ |0..10|11 []) + 24·(x_3 ∈ |0..10|11 []) + 48·(x_4 ∈ |0..10|11 []) + 44·(x_5 ∈ |0..10|11 []) + 29·(x_6 ∈ |0..10|11 []) + 8·(x_7 ∈ |0..10|11 []) + 40·(x_8 ∈ |0..10|11 []) + 5·(x_9 ∈ |0..10|11 []) + 41·(x_10 ∈ |0..10|11 []) ≤ 1580
	w138:	22·(x_1 ∈ |0..10|11 []) + 48·(x_2 ∈ |0..10|11 []) + 14·(x_3 ∈ |0..10|11 []) + 35·(x_4 ∈ |0..10|11 []) + 19·(x_5 ∈ |0..10|11 []) + 28·(x_6 ∈ |0..10|11 []) + 42·(x_7 ∈ |0..10|11 []) + 15·(x_8 ∈ |0..10|11 []) + 47·(x_9 ∈ |0..10|11 []) + 49·(x_10 ∈ |0..10|11 []) ≤ 1830
	w139:	29·(x_1 ∈ |0..10|11 []) + 18·(x_2 ∈ |0..10|11 []) + 35·(x_3 ∈ |0..10|11 []) + 32·(x_4 ∈ |0..10|11 []) + 15·(x_5 ∈ |0..10|11 []) + 44·(x_6 ∈ |0..10|11 []) + 24·(x_7 ∈ |0..10|11 []) + 17·(x_8 ∈ |0..10|11 []) + 25·(x_9 ∈ |0..10|11 []) + 6·(x_10 ∈ |0..10|11 []) ≤ 1410
	w140:	27·(x_1 ∈ |0..10|11 []) + 22·(x_2 ∈ |0..10|11 []) + 43·(x_3 ∈ |0..10|11 []) + 19·(x_4 ∈ |0..10|11 []) + (x_5 ∈ |0..10|11 []) + 40·(x_6 ∈ |0..10|11 []) + 46·(x_7 ∈ |0..10|11 []) + 16·(x_8 ∈ |0..10|11 []) + 45·(x_9 ∈ |0..10|11 []) + 49·(x_10 ∈ |0..10|11 []) ≤ 1770
	w141:	(x_1 ∈ |0..10|11 []) + 28·(x_2 ∈ |0..10|11 []) + 44·(x_3 ∈ |0..10|11 []) + 12·(x_4 ∈ |0..10|11 []) + 13·(x_5 ∈ |0..10|11 []) + 29·(x_6 ∈ |0..10|11 []) + 8·(x_7 ∈ |0..10|11 []) + 33·(x_8 ∈ |0..10|11 []) + 43·(x_9 ∈ |0..10|11 []) + 41·(x_10 ∈ |0..10|11 []) ≤ 1450
	w142:	22·(x_1 ∈ |0..10|11 []) + 43·(x_2 ∈ |0..10|11 []) + 23·(x_3 ∈ |0..10|11 []) + 28·(x_4 ∈ |0..10|11 []) + 9·(x_5 ∈ |0..10|11 []) + 4·(x_6 ∈ |0..10|11 []) + 27·(x_7 ∈ |0..10|11 []) + 42·(x_8 ∈ |0..10|11 []) + 26·(x_9 ∈ |0..10|11 []) + 26·(x_10 ∈ |0..10|11 []) ≤ 1440
	w143:	5·(x_1 ∈ |0..10|11 []) + 24·(x_2 ∈ |0..10|11 []) + 5·(x_3 ∈ |0..10|11 []) + 2·(x_4 ∈ |0..10|11 []) + 30·(x_5 ∈ |0..10|11 []) + 24·(x_6 ∈ |0..10|11 []) + 15·(x_7 ∈ |0..10|11 []) + 43·(x_8 ∈ |0..10|11 []) + 26·(x_9 ∈ |0..10|11 []) + 3·(x_10 ∈ |0..10|11 []) ≤ 1010
	w144:	15·(x_1 ∈ |0..10|11 []) + 16·(x_2 ∈ |0..10|11 []) + 14·(x_3 ∈ |0..10|11 []) + 5·(x_4 ∈ |0..10|11 []) + 43·(x_5 ∈ |0..10|11 []) + 10·(x_6 ∈ |0..10|11 []) + 49·(x_7 ∈ |0..10|11 []) + 30·(x_8 ∈ |0..10|11 []) + 14·(x_9 ∈ |0..10|11 []) + 12·(x_10 ∈ |0..10|11 []) ≤ 1190
	w145:	(x_1 ∈ |0..10|11 []) + 13·(x_2 ∈ |0..10|11 []) + 15·(x_3 ∈ |0..10|11 []) + 25·(x_4 ∈ |0..10|11 []) + 26·(x_5 ∈ |0..10|11 []) + 14·(x_6 ∈ |0..10|11 []) + 23·(x_7 ∈ |0..10|11 []) + 48·(x_8 ∈ |0..10|11 []) + 27·(x_9 ∈ |0..10|11 []) + 35·(x_10 ∈ |0..10|11 []) ≤ 1300
	w146:	20·(x_1 ∈ |0..10|11 []) + 32·(x_2 ∈ |0..10|11 []) + 36·(x_3 ∈ |0..10|11 []) + 4·(x_4 ∈ |0..10|11 []) + 46·(x_5 ∈ |0..10|11 []) + 4·(x_6 ∈ |0..10|11 []) + 41·(x_7 ∈ |0..10|11 []) + 23·(x_8 ∈ |0..10|11 []) + 19·(x_9 ∈ |0..10|11 []) + 12·(x_10 ∈ |0..10|11 []) ≤ 1360
	w147:	38·(x_1 ∈ |0..10|11 []) + 16·(x_2 ∈ |0..10|11 []) + (x_3 ∈ |0..10|11 []) + 37·(x_4 ∈ |0..10|11 []) + (x_5 ∈ |0..10|11 []) + 19·(x_6 ∈ |0..10|11 []) + 14·(x_7 ∈ |0..10|11 []) + 3·(x_8 ∈ |0..10|11 []) + 15·(x_9 ∈ |0..10|11 []) + 48·(x_10 ∈ |0..10|11 []) ≤ 1100
	w148:	17·(x_1 ∈ |0..10|11 []) + 32·(x_2 ∈ |0..10|11 []) + 46·(x_3 ∈ |0..10|11 []) + 35·(x_4 ∈ |0..10|11 []) + 28·(x_5 ∈ |0..10|11 []) + 48·(x_6 ∈ |0..10|11 []) + 35·(x_7 ∈ |0..10|11 []) + 6·(x_8 ∈ |0..10|11 []) + 12·(x_9 ∈ |0..10|11 []) + 18·(x_10 ∈ |0..10|11 []) ≤ 1590
	w149:	35·(x_1 ∈ |0..10|11 []) + 37·(x_2 ∈ |0..10|11 []) + 42·(x_3 ∈ |0..10|11 []) + 35·(x_4 ∈ |0..10|11 []) + 25·(x_5 ∈ |0..10|11 []) + 31·(x_6 ∈ |0..10|11 []) + 40·(x_7 ∈ |0..10|11 []) + 10·(x_8 ∈ |0..10|11 []) + 21·(x_9 ∈ |0..10|11 []) + 30·(x_10 ∈ |0..10|11 []) ≤ 1760
	w150:	27·(x_1 ∈ |0..10|11 []) + 2·(x_2 ∈ |0..10|11 []) + 29·(x_3 ∈ |0..10|11 []) + 42·(x_4 ∈ |0..10|11 []) + 24·(x_5 ∈ |0..10|11 []) + 27·(x_6 ∈ |0..10|11 []) + 45·(x_7 ∈ |0..10|11 []) + 19·(x_8 ∈ |0..10|11 []) + 24·(x_9 ∈ |0..10|11 []) + 41·(x_10 ∈ |0..10|11 []) ≤ 1610
	w151:	25·(x_1 ∈ |0..10|11 []) + 35·(x_2 ∈ |0..10|11 []) + 24·(x_3 ∈ |0..10|11 []) + 29·(x_4 ∈ |0..10|11 []) + 7·(x_5 ∈ |0..10|11 []) + (x_6 ∈ |0..10|11 []) + 48·(x_7 ∈ |0..10|11 []) + 7·(x_8 ∈ |0..10|11 []) + 37·(x_9 ∈ |0..10|11 []) + 45·(x_10 ∈ |0..10|11 []) ≤ 1480
	w152:	15·(x_1 ∈ |0..10|11 []) + 5·(x_2 ∈ |0..10|11 []) + 41·(x_3 ∈ |0..10|11 []) + 42·(x_4 ∈ |0..10|11 []) + 38·(x_5 ∈ |0..10|11 []) + 39·(x_6 ∈ |0..10|11 []) + 4·(x_7 ∈ |0..10|11 []) + 8·(x_8 ∈ |0..10|11 []) + 23·(x_9 ∈ |0..10|11 []) + 6·(x_10 ∈ |0..10|11 []) ≤ 1270
	w153:	44·(x_1 ∈ |0..10|11 []) + 5·(x_2 ∈ |0..10|11 []) + 24·(x_3 ∈ |0..10|11 []) + 36·(x_4 ∈ |0..10|11 []) + 29·(x_5 ∈ |0..10|11 []) + 10·(x_6 ∈ |0..10|11 []) + 22·(x_7 ∈ |0..10|11 []) + 28·(x_8 ∈ |0..10|11 []) + 34·(x_9 ∈ |0..10|11 []) + 20·(x_10 ∈ |0..10|11 []) ≤ 1450
	w154:	26·(x_1 ∈ |0..10|11 []) + (x_2 ∈ |0..10|11 []) + 47·(x_3 ∈ |0..10|11 []) + 19·(x_4 ∈ |0..10|11 []) + 21·(x_5 ∈ |0..10|11 []) + 38·(x_6 ∈ |0..10|11 []) + 7·(x_7 ∈ |0..10|11 []) + 17·(x_8 ∈ |0..10|11 []) + 31·(x_9 ∈ |0..10|11 []) + 35·(x_10 ∈ |0..10|11 []) ≤ 1390
	w155:	26·(x_1 ∈ |0..10|11 []) + 12·(x_2 ∈ |0..10|11 []) + 31·(x_3 ∈ |0..10|11 []) + 48·(x_4 ∈ |0..10|11 []) + 38·(x_5 ∈ |0..10|11 []) + (x_6 ∈ |0..10|11 []) + 14·(x_7 ∈ |0..10|11 []) + 16·(x_8 ∈ |0..10|11 []) + 20·(x_9 ∈ |0..10|11 []) + 10·(x_10 ∈ |0..10|11 []) ≤ 1240
	w156:	19·(x_1 ∈ |0..10|11 []) + 17·(x_2 ∈ |0..10|11 []) + 22·(x_3 ∈ |0..10|11 []) + 18·(x_4 ∈ |0..10|11 []) + 13·(x_5 ∈ |0..10|11 []) + 5·(x_6 ∈ |0..10|11 []) + 39·(x_7 ∈ |0..10|11 []) + 35·(x_8 ∈ |0..10|11 []) + 38·(x_9 ∈ |0..10|11 []) + 47·(x_10 ∈ |0..10|11 []) ≤ 1450
	w157:	12·(x_1 ∈ |0..10|11 []) + 31·(x_2 ∈ |0..10|11 []) + 18·(x_3 ∈ |0..10|11 []) + 27·(x_4 ∈ |0..10|11 []) + 36·(x_5 ∈ |0..10|11 []) + 30·(x_6 ∈ |0..10|11 []) + 7·(x_7 ∈ |0..10|11 []) + 36·(x_8 ∈ |0..10|11 []) + 24·(x_9 ∈ |0..10|11 []) + 16·(x_10 ∈ |0..10|11 []) ≤ 1360
	w158:	49·(x_1 ∈ |0..10|11 []) + 34·(x_2 ∈ |0..10|11 []) + 17·(x_3 ∈ |0..10|11 []) + 37·(x_4 ∈ |0..10|11 []) + 23·(x_5 ∈ |0..10|11 []) + 8·(x_6 ∈ |0..10|11 []) + 18·(x_7 ∈ |0..10|11 []) + 5·(x_8 ∈ |0..10|11 []) + 38·(x_9 ∈ |0..10|11 []) + 34·(x_10 ∈ |0..10|11 []) ≤ 1510
	w159:	38·(x_1 ∈ |0..10|11 []) + 2·(x_2 ∈ |0..10|11 []) + 45·(x_3 ∈ |0..10|11 []) + 4·(x_4 ∈ |0..10|11 []) + 22·(x_5 ∈ |0..10|11 []) + 26·(x_6 ∈ |0..10|11 []) + 26·(x_7 ∈ |0..10|11 []) + 5·(x_8 ∈ |0..10|11 []) + 45·(x_9 ∈ |0..10|11 []) + 7·(x_10 ∈ |0..10|11 []) ≤ 1260
	w160:	48·(x_1 ∈ |0..10|11 []) + 17·(x_2 ∈ |0..10|11 []) + 48·(x_3 ∈ |0..10|11 []) + 26·(x_4 ∈ |0..10|11 []) + 27·(x_5 ∈ |0..10|11 []) + 48·(x_6 ∈ |0..10|11 []) + 2·(x_7 ∈ |0..10|11 []) + 37·(x_8 ∈ |0..10|11 []) + 6·(x_9 ∈ |0..10|11 []) + 4·(x_10 ∈ |0..10|11 []) ≤ 1510
	w161:	19·(x_1 ∈ |0..10|11 []) + 21·(x_2 ∈ |0..10|11 []) + (x_3 ∈ |0..10|11 []) + 36·(x_4 ∈ |0..10|11 []) + 31·(x_5 ∈ |0..10|11 []) + 22·(x_6 ∈ |0..10|11 []) + 23·(x_7 ∈ |0..10|11 []) + 11·(x_8 ∈ |0..10|11 []) + 8·(x_9 ∈ |0..10|11 []) + 12·(x_10 ∈ |0..10|11 []) ≤ 1050
	w162:	12·(x_1 ∈ |0..10|11 []) + 44·(x_2 ∈ |0..10|11 []) + 21·(x_3 ∈ |0..10|11 []) + 30·(x_4 ∈ |0..10|11 []) + 8·(x_5 ∈ |0..10|11 []) + 4·(x_6 ∈ |0..10|11 []) + 38·(x_7 ∈ |0..10|11 []) + 12·(x_8 ∈ |0..10|11 []) + 27·(x_9 ∈ |0..10|11 []) + 21·(x_10 ∈ |0..10|11 []) ≤ 1240
	w163:	26·(x_1 ∈ |0..10|11 []) + 44·(x_2 ∈ |0..10|11 []) + 27·(x_3 ∈ |0..10|11 []) + 15·(x_4 ∈ |0..10|11 []) + 37·(x_5 ∈ |0..10|11 []) + 21·(x_6 ∈ |0..10|11 []) + 2·(x_7 ∈ |0..10|11 []) + 9·(x_8 ∈ |0..10|11 []) + 38·(x_9 ∈ |0..10|11 []) + 9·(x_10 ∈ |0..10|11 []) ≤ 1310
	w164:	17·(x_1 ∈ |0..10|11 []) + 41·(x_2 ∈ |0..10|11 []) + 22·(x_3 ∈ |0..10|11 []) + 41·(x_4 ∈ |0..10|11 []) + 32·(x_5 ∈ |0..10|11 []) + 24·(x_6 ∈ |0..10|11 []) + 19·(x_7 ∈ |0..10|11 []) + 38·(x_8 ∈ |0..10|11 []) + 41·(x_9 ∈ |0..10|11 []) + 29·(x_10 ∈ |0..10|11 []) ≤ 1750
	w165:	48·(x_1 ∈ |0..10|11 []) + 34·(x_2 ∈ |0..10|11 []) + 44·(x_3 ∈ |0..10|11 []) + 17·(x_4 ∈ |0..10|11 []) + 45·(x_5 ∈ |0..10|11 []) + 41·(x_6 ∈ |0..10|11 []) + 6·(x_7 ∈ |0..10|11 []) + 29·(x_8 ∈ |0..10|11 []) + 24·(x_9 ∈ |0..10|11 []) + 34·(x_10 ∈ |0..10|11 []) ≤ 1850
	w166:	17·(x_1 ∈ |0..10|11 []) + 11·(x_2 ∈ |0..10|11 []) + 39·(x_3 ∈ |0..10|11 []) + 6·(x_4 ∈ |0..10|11 []) + 31·(x_5 ∈ |0..10|11 []) + 6·(x_6 ∈ |0..10|11 []) + 13·(x_7 ∈ |0..10|11 []) + 48·(x_8 ∈ |0..10|11 []) + 46·(x_9 ∈ |0..10|11 []) + 44·(x_10 ∈ |0..10|11 []) ≤ 1500
	w167:	29·(x_1 ∈ |0..10|11 []) + 28·(x_2 ∈ |0..10|11 []) + 4·(x_3 ∈ |0..10|11 []) + 17·(x_4 ∈ |0..10|11 []) + 10·(x_5 ∈ |0..10|11 []) + 31·(x_6 ∈ |0..10|11 []) + 27·(x_7 ∈ |0..10|11 []) + 38·(x_8 ∈ |0..10|11 []) + 25·(x_9 ∈ |0..10|11 []) + 3·(x_10 ∈ |0..10|11 []) ≤ 1220
	w168:	34·(x_1 ∈ |0..10|11 []) + 21·(x_2 ∈ |0..10|11 []) + 23·(x_3 ∈ |0..10|11 []) + 46·(x_4 ∈ |0..10|11 []) + 5·(x_5 ∈ |0..10|11 []) + 48·(x_6 ∈ |0..10|11 []) + 7·(x_7 ∈ |0..10|11 []) + 37·(x_8 ∈ |0..10|11 []) + 9·(x_9 ∈ |0..10|11 []) + 23·(x_10 ∈ |0..10|11 []) ≤ 1450
	w169:	8·(x_1 ∈ |0..10|11 []) + 22·(x_2 ∈ |0..10|11 []) + 2·(x_3 ∈ |0..10|11 []) + 41·(x_4 ∈ |0..10|11 []) + 35·(x_5 ∈ |0..10|11 []) + 22·(x_6 ∈ |0..10|11 []) + 49·(x_7 ∈ |0..10|11 []) + 45·(x_8 ∈ |0..10|11 []) + 6·(x_9 ∈ |0..10|11 []) + (x_10 ∈ |0..10|11 []) ≤ 1330
	w170:	20·(x_1 ∈ |0..10|11 []) + 43·(x_2 ∈ |0..10|11 []) + 31·(x_3 ∈ |0..10|11 []) + 33·(x_4 ∈ |0..10|11 []) + 9·(x_5 ∈ |0..10|11 []) + 5·(x_6 ∈ |0..10|11 []) + 48·(x_7 ∈ |0..10|11 []) + 43·(x_8 ∈ |0..10|11 []) + 12·(x_9 ∈ |0..10|11 []) + 19·(x_10 ∈ |0..10|11 []) ≤ 1510
	w171:	38·(x_1 ∈ |0..10|11 []) + 30·(x_2 ∈ |0..10|11 []) + 27·(x_3 ∈ |0..10|11 []) + 7·(x_4 ∈ |0..10|11 []) + 38·(x_5 ∈ |0..10|11 []) + 3·(x_6 ∈ |0..10|11 []) + 34·(x_7 ∈ |0..10|11 []) + 32·(x_8 ∈ |0..10|11 []) + 5·(x_9 ∈ |0..10|11 []) + 9·(x_10 ∈ |0..10|11 []) ≤ 1280
	w172:	14·(x_1 ∈ |0..10|11 []) + 45·(x_2 ∈ |0..10|11 []) + 5·(x_3 ∈ |0..10|11 []) + 39·(x_4 ∈ |0..10|11 []) + 24·(x_5 ∈ |0..10|11 []) + 27·(x_6 ∈ |0..10|11 []) + 23·(x_7 ∈ |0..10|11 []) + 39·(x_8 ∈ |0..10|11 []) + 27·(x_9 ∈ |0..10|11 []) + 37·(x_10 ∈ |0..10|11 []) ≤ 1610
	w173:	10·(x_1 ∈ |0..10|11 []) + 21·(x_2 ∈ |0..10|11 []) + 11·(x_3 ∈ |0..10|11 []) + 33·(x_4 ∈ |0..10|11 []) + 31·(x_5 ∈ |0..10|11 []) + 45·(x_6 ∈ |0..10|11 []) + 42·(x_7 ∈ |0..10|11 []) + 8·(x_8 ∈ |0..10|11 []) + 35·(x_9 ∈ |0..10|11 []) + 10·(x_10 ∈ |0..10|11 []) ≤ 1410
	w174:	23·(x_1 ∈ |0..10|11 []) + 18·(x_2 ∈ |0..10|11 []) + 27·(x_3 ∈ |0..10|11 []) + 20·(x_4 ∈ |0..10|11 []) + 18·(x_5 ∈ |0..10|11 []) + 9·(x_6 ∈ |0..10|11 []) + 10·(x_7 ∈ |0..10|11 []) + 6·(x_8 ∈ |0..10|11 []) + 20·(x_9 ∈ |0..10|11 []) + 2·(x_10 ∈ |0..10|11 []) ≤ 880
	w175:	27·(x_1 ∈ |0..10|11 []) + 27·(x_2 ∈ |0..10|11 []) + 30·(x_3 ∈ |0..10|11 []) + 29·(x_4 ∈ |0..10|11 []) + 42·(x_5 ∈ |0..10|11 []) + 17·(x_6 ∈ |0..10|11 []) + 6·(x_7 ∈ |0..10|11 []) + 8·(x_8 ∈ |0..10|11 []) + 30·(x_9 ∈ |0..10|11 []) + 25·(x_10 ∈ |0..10|11 []) ≤ 1380
	w176:	42·(x_1 ∈ |0..10|11 []) + 44·(x_2 ∈ |0..10|11 []) + 22·(x_3 ∈ |0..10|11 []) + 29·(x_4 ∈ |0..10|11 []) + (x_5 ∈ |0..10|11 []) + 25·(x_6 ∈ |0..10|11 []) + 44·(x_7 ∈ |0..10|11 []) + 6·(x_8 ∈ |0..10|11 []) + 38·(x_9 ∈ |0..10|11 []) + 3·(x_10 ∈ |0..10|11 []) ≤ 1460
	w177:	16·(x_1 ∈ |0..10|11 []) + 5·(x_2 ∈ |0..10|11 []) + 45·(x_3 ∈ |0..10|11 []) + 32·(x_4 ∈ |0..10|11 []) + 14·(x_5 ∈ |0..10|11 []) + 47·(x_6 ∈ |0..10|11 []) + 32·(x_7 ∈ |0..10|11 []) + 41·(x_8 ∈ |0..10|11 []) + 18·(x_9 ∈ |0..10|11 []) + 25·(x_10 ∈ |0..10|11 []) ≤ 1580
	w178:	10·(x_1 ∈ |0..10|11 []) + 44·(x_2 ∈ |0..10|11 []) + 37·(x_3 ∈ |0..10|11 []) + 24·(x_4 ∈ |0..10|11 []) + 41·(x_5 ∈ |0..10|11 []) + 8·(x_6 ∈ |0..10|11 []) + 9·(x_7 ∈ |0..10|11 []) + 36·(x_8 ∈ |0..10|11 []) + 21·(x_9 ∈ |0..10|11 []) + 34·(x_10 ∈ |0..10|11 []) ≤ 1520
	w179:	3·(x_1 ∈ |0..10|11 []) + 41·(x_2 ∈ |0..10|11 []) + (x_3 ∈ |0..10|11 []) + 15·(x_4 ∈ |0..10|11 []) + 49·(x_5 ∈ |0..10|11 []) + 49·(x_6 ∈ |0..10|11 []) + 18·(x_7 ∈ |0..10|11 []) + 10·(x_8 ∈ |0..10|11 []) + 12·(x_9 ∈ |0..10|11 []) + 14·(x_10 ∈ |0..10|11 []) ≤ 1220
	w180:	18·(x_1 ∈ |0..10|11 []) + 12·(x_2 ∈ |0..10|11 []) + 34·(x_3 ∈ |0..10|11 []) + 31·(x_4 ∈ |0..10|11 []) + 16·(x_5 ∈ |0..10|11 []) + 15·(x_6 ∈ |0..10|11 []) + 40·(x_7 ∈ |0..10|11 []) + 43·(x_8 ∈ |0..10|11 []) + 49·(x_9 ∈ |0..10|11 []) + 38·(x_10 ∈ |0..10|11 []) ≤ 1700
	w181:	26·(x_1 ∈ |0..10|11 []) + 30·(x_2 ∈ |0..10|11 []) + 23·(x_3 ∈ |0..10|11 []) + 42·(x_4 ∈ |0..10|11 []) + 3·(x_5 ∈ |0..10|11 []) + 4·(x_6 ∈ |0..10|11 []) + 18·(x_7 ∈ |0..10|11 []) + 40·(x_8 ∈ |0..10|11 []) + (x_9 ∈ |0..10|11 []) + 34·(x_10 ∈ |0..10|11 []) ≤ 1270
	w182:	19·(x_1 ∈ |0..10|11 []) + 24·(x_2 ∈ |0..10|11 []) + 10·(x_3 ∈ |0..10|11 []) + 17·(x_4 ∈ |0..10|11 []) + 27·(x_5 ∈ |0..10|11 []) + 46·(x_6 ∈ |0..10|11 []) + 21·(x_7 ∈ |0..10|11 []) + 9·(x_8 ∈ |0..10|11 []) + 10·(x_9 ∈ |0..10|11 []) + 34·(x_10 ∈ |0..10|11 []) ≤ 1240
	w183:	34·(x_1 ∈ |0..10|11 []) + 48·(x_2 ∈ |0..10|11 []) + 40·(x_3 ∈ |0..10|11 []) + 29·(x_4 ∈ |0..10|11 []) + 28·(x_5 ∈ |0..10|11 []) + 10·(x_6 ∈ |0..10|11 []) + 31·(x_7 ∈ |0..10|11 []) + 3·(x_8 ∈ |0..10|11 []) + 28·(x_9 ∈ |0..10|11 []) + 21·(x_10 ∈ |0..10|11 []) ≤ 1560
	w184:	21·(x_1 ∈ |0..10|11 []) + 21·(x_2 ∈ |0..10|11 []) + 5·(x_3 ∈ |0..10|11 []) + 32·(x_4 ∈ |0..10|11 []) + 9·(x_5 ∈ |0..10|11 []) + 16·(x_6 ∈ |0..10|11 []) + 18·(x_7 ∈ |0..10|11 []) + 38·(x_8 ∈ |0..10|11 []) + 40·(x_9 ∈ |0..10|11 []) + 43·(x_10 ∈ |0..10|11 []) ≤ 1390
	w185:	19·(x_1 ∈ |0..10|11 []) + 39·(x_2 ∈ |0..10|11 []) + 41·(x_3 ∈ |0..10|11 []) + 38·(x_4 ∈ |0..10|11 []) + 7·(x_5 ∈ |0..10|11 []) + 4·(x_6 ∈ |0..10|11 []) + 19·(x_7 ∈ |0..10|11 []) + 26·(x_8 ∈ |0..10|11 []) + 28·(x_9 ∈ |0..10|11 []) + 32·(x_10 ∈ |0..10|11 []) ≤ 1450
	w186:	34·(x_1 ∈ |0..10|11 []) + 4·(x_2 ∈ |0..10|11 []) + 45·(x_3 ∈ |0..10|11 []) + 38·(x_4 ∈ |0..10|11 []) + 18·(x_5 ∈ |0..10|11 []) + 17·(x_6 ∈ |0..10|11 []) + 26·(x_7 ∈ |0..10|11 []) + 18·(x_8 ∈ |0..10|11 []) + 22·(x_9 ∈ |0..10|11 []) + 38·(x_10 ∈ |0..10|11 []) ≤ 1490
	w187:	22·(x_1 ∈ |0..10|11 []) + 31·(x_2 ∈ |0..10|11 []) + 43·(x_3 ∈ |0..10|11 []) + 34·(x_4 ∈ |0..10|11 []) + 37·(x_5 ∈ |0..10|11 []) + 36·(x_6 ∈ |0..10|11 []) + 37·(x_7 ∈ |0..10|11 []) + 10·(x_8 ∈ |0..10|11 []) + 8·(x_9 ∈ |0..10|11 []) + 36·(x_10 ∈ |0..10|11 []) ≤ 1690
	w188:	44·(x_1 ∈ |0..10|11 []) + 30·(x_2 ∈ |0..10|11 []) + 44·(x_3 ∈ |0..10|11 []) + 41·(x_4 ∈ |0..10|11 []) + 49·(x_5 ∈ |0..10|11 []) + 41·(x_6 ∈ |0..10|11 []) + 41·(x_7 ∈ |0..10|11 []) + 34·(x_8 ∈ |0..10|11 []) + 16·(x_9 ∈ |0..10|11 []) + 5·(x_10 ∈ |0..10|11 []) ≤ 1980
	w189:	18·(x_1 ∈ |0..10|11 []) + 3·(x_2 ∈ |0..10|11 []) + 33·(x_3 ∈ |0..10|11 []) + 36·(x_4 ∈ |0..10|11 []) + 42·(x_5 ∈ |0..10|11 []) + 25·(x_6 ∈ |0..10|11 []) + 33·(x_7 ∈ |0..10|11 []) + 10·(x_8 ∈ |0..10|11 []) + 49·(x_9 ∈ |0..10|11 []) + 41·(x_10 ∈ |0..10|11 []) ≤ 1670
	w190:	45·(x_1 ∈ |0..10|11 []) + 19·(x_2 ∈ |0..10|11 []) + 30·(x_3 ∈ |0..10|11 []) + 33·(x_4 ∈ |0..10|11 []) + 27·(x_5 ∈ |0..10|11 []) + 31·(x_6 ∈ |0..10|11 []) + 46·(x_7 ∈ |0..10|11 []) + 24·(x_8 ∈ |0..10|11 []) + 46·(x_9 ∈ |0..10|11 []) + 40·(x_10 ∈ |0..10|11 []) ≤ 1960
	w191:	28·(x_1 ∈ |0..10|11 []) + 44·(x_2 ∈ |0..10|11 []) + 36·(x_3 ∈ |0..10|11 []) + 25·(x_4 ∈ |0..10|11 []) + 7·(x_5 ∈ |0..10|11 []) + 24·(x_6 ∈ |0..10|11 []) + 12·(x_7 ∈ |0..10|11 []) + 37·(x_8 ∈ |0..10|11 []) + 27·(x_9 ∈ |0..10|11 []) + 23·(x_10 ∈ |0..10|11 []) ≤ 1510
	w192:	(x_1 ∈ |0..10|11 []) + 35·(x_2 ∈ |0..10|11 []) + 43·(x_3 ∈ |0..10|11 []) + 5·(x_4 ∈ |0..10|11 []) + 26·(x_5 ∈ |0..10|11 []) + 41·(x_6 ∈ |0..10|11 []) + 4·(x_7 ∈ |0..10|11 []) + 37·(x_8 ∈ |0..10|11 []) + 10·(x_9 ∈ |0..10|11 []) + 24·(x_10 ∈ |0..10|11 []) ≤ 1300
	w193:	42·(x_1 ∈ |0..10|11 []) + 27·(x_2 ∈ |0..10|11 []) + 30·(x_3 ∈ |0..10|11 []) + 9·(x_4 ∈ |0..10|11 []) + 6·(x_5 ∈ |0..10|11 []) + 42·(x_6 ∈ |0..10|11 []) + 9·(x_7 ∈ |0..10|11 []) + 26·(x_8 ∈ |0..10|11 []) + 3·(x_9 ∈ |0..10|11 []) + (x_10 ∈ |0..10|11 []) ≤ 1120
	w194:	18·(x_1 ∈ |0..10|11 []) + 17·(x_2 ∈ |0..10|11 []) + 29·(x_3 ∈ |0..10|11 []) + 31·(x_4 ∈ |0..10|11 []) + 24·(x_5 ∈ |0..10|11 []) + 15·(x_6 ∈ |0..10|11 []) + 27·(x_7 ∈ |0..10|11 []) + 48·(x_8 ∈ |0..10|11 []) + 19·(x_9 ∈ |0..10|11 []) + 22·(x_10 ∈ |0..10|11 []) ≤ 1440
	w195:	33·(x_1 ∈ |0..10|11 []) + 31·(x_2 ∈ |0..10|11 []) + 37·(x_3 ∈ |0..10|11 []) + 29·(x_4 ∈ |0..10|11 []) + 11·(x_5 ∈ |0..10|11 []) + 23·(x_6 ∈ |0..10|11 []) + 16·(x_7 ∈ |0..10|11 []) + (x_8 ∈ |0..10|11 []) + 4·(x_9 ∈ |0..10|11 []) + 22·(x_10 ∈ |0..10|11 []) ≤ 1190
	w196:	4·(x_1 ∈ |0..10|11 []) + 27·(x_2 ∈ |0..10|11 []) + 15·(x_3 ∈ |0..10|11 []) + 35·(x_4 ∈ |0..10|11 []) + (x_5 ∈ |0..10|11 []) + 14·(x_6 ∈ |0..10|11 []) + 46·(x_7 ∈ |0..10|11 []) + 31·(x_8 ∈ |0..10|11 []) + 30·(x_9 ∈ |0..10|11 []) + 23·(x_10 ∈ |0..10|11 []) ≤ 1300
	w197:	39·(x_1 ∈ |0..10|11 []) + 35·(x_2 ∈ |0..10|11 []) + 23·(x_3 ∈ |0..10|11 []) + 37·(x_4 ∈ |0..10|11 []) + 43·(x_5 ∈ |0..10|11 []) + 11·(x_6 ∈ |0..10|11 []) + 29·(x_7 ∈ |0..10|11 []) + 24·(x_8 ∈ |0..10|11 []) + 23·(x_9 ∈ |0..10|11 []) + 16·(x_10 ∈ |0..10|11 []) ≤ 1610
	w198:	31·(x_1 ∈ |0..10|11 []) + 37·(x_2 ∈ |0..10|11 []) + 28·(x_3 ∈ |0..10|11 []) + 13·(x_4 ∈ |0..10|11 []) + 14·(x_5 ∈ |0..10|11 []) + 5·(x_6 ∈ |0..10|11 []) + 3·(x_7 ∈ |0..10|11 []) + 5·(x_8 ∈ |0..10|11 []) + 11·(x_9 ∈ |0..10|11 []) + 37·(x_10 ∈ |0..10|11 []) ≤ 1050
	w199:	47·(x_1 ∈ |0..10|11 []) + 26·(x_2 ∈ |0..10|11 []) + 33·(x_3 ∈ |0..10|11 []) + 31·(x_4 ∈ |0..10|11 []) + 23·(x_5 ∈ |0..10|11 []) + 30·(x_6 ∈ |0..10|11 []) + 42·(x_7 ∈ |0..10|11 []) + 17·(x_8 ∈ |0..10|11 []) + 18·(x_9 ∈ |0..10|11 []) + 11·(x_10 ∈ |0..10|11 []) ≤ 1600
	w200:	38·(x_1 ∈ |0..10|11 []) + 22·(x_2 ∈ |0..10|11 []) + 22·(x_3 ∈ |0..10|11 []) + 45·(x_4 ∈ |0..10|11 []) + 32·(x_5 ∈ |0..10|11 []) + 27·(x_6 ∈ |0..10|11 []) + 22·(x_7 ∈ |0..10|11 []) + 31·(x_8 ∈ |0..10|11 []) + 5·(x_9 ∈ |0..10|11 []) + 40·(x_10 ∈ |0..10|11 []) ≤ 1630
	profits:	27·(x_1 ∈ |0..10|11 []) + 33·(x_2 ∈ |0..10|11 []) + 29·(x_3 ∈ |0..10|11 []) + 29·(x_4 ∈ |0..10|11 []) + 31·(x_5 ∈ |0..10|11 []) + 48·(x_6 ∈ |0..10|11 []) + 33·(x_7 ∈ |0..10|11 []) + 16·(x_8 ∈ |0..10|11 []) + 19·(x_9 ∈ |0..10|11 []) + 18·(x_10 ∈ |0..10|11 []) ≥ 1190
	CSE: ""

CMD timeout 180 minizinc -c --solver ./bin/fzn_picat/picat.msc ./experiments/mbkp-control/aux/0920.picat.mzn --fzn ./experiments/mbkp-control/aux/0920.picat.fzn
Flattening done @0.49290875s
CMD timeout 180 ./bin/fzn_picat/Picat/picat ./bin/fzn_picat/fzn_picat_sat.pi -e ./experiments/mbkp-control/aux/0920.picat.dimacs ./experiments/mbkp-control/aux/0920.picat.fzn
Picat encoding done @1.1065437s
Encoded Picat-SAT in 1.1753716 seconds as 27239/214493/975413

SOLVE T/O Some(60.0)
SOLVE DONE @3.3505275
SOLVE CALL RESULT: Got SAT in 3.3505275s with check None: 
BATCH.SH END 0
