BATCH.SH START ./experiments/mbkp-control/runs:0977 (ulimit --clean)
Start EncodeRecord { instance: Some(Instance { problem: Mbkp { bound: 10, n_: 10, m_: 200, q_: 50, family: 1, s_: 25, seed: 4, fl: "0.4", fu: None, skip_obj: true }, i: 98, lp: "./experiments/mbkp-control/lps/1/2_24.lp" }), experiment: Some(Experiment { system: Scop, pb_encoding: Bdd, int_encoding: Dir, con_encoding: Include, split_eq: false, model_config: ModelConfig { scm: Add, cutoff: Mix(1), decomposer: Bdd, equalize_ternaries: true, add_consistency: false, propagate: None, equalize_uniform_bin_ineqs: false } }), statics: None, pb_statics: None, principal: None, time: None, dimacs: None }
model = 
	w1:	32·(x_1 ∈ |0..10|11 []) + 11·(x_2 ∈ |0..10|11 []) + 29·(x_3 ∈ |0..10|11 []) + 43·(x_4 ∈ |0..10|11 []) + 22·(x_5 ∈ |0..10|11 []) + 39·(x_6 ∈ |0..10|11 []) + 23·(x_7 ∈ |0..10|11 []) + 36·(x_8 ∈ |0..10|11 []) + 48·(x_9 ∈ |0..10|11 []) + 8·(x_10 ∈ |0..10|11 []) ≤ 1720
	w2:	10·(x_1 ∈ |0..10|11 []) + 25·(x_2 ∈ |0..10|11 []) + 47·(x_3 ∈ |0..10|11 []) + 22·(x_4 ∈ |0..10|11 []) + 49·(x_5 ∈ |0..10|11 []) + 31·(x_6 ∈ |0..10|11 []) + (x_7 ∈ |0..10|11 []) + 17·(x_8 ∈ |0..10|11 []) + 32·(x_9 ∈ |0..10|11 []) + 3·(x_10 ∈ |0..10|11 []) ≤ 1400
	w3:	40·(x_1 ∈ |0..10|11 []) + 21·(x_2 ∈ |0..10|11 []) + 27·(x_3 ∈ |0..10|11 []) + 35·(x_4 ∈ |0..10|11 []) + 41·(x_5 ∈ |0..10|11 []) + 36·(x_6 ∈ |0..10|11 []) + 23·(x_7 ∈ |0..10|11 []) + 46·(x_8 ∈ |0..10|11 []) + 33·(x_9 ∈ |0..10|11 []) + 18·(x_10 ∈ |0..10|11 []) ≤ 1890
	w4:	16·(x_1 ∈ |0..10|11 []) + 2·(x_2 ∈ |0..10|11 []) + 15·(x_3 ∈ |0..10|11 []) + 42·(x_4 ∈ |0..10|11 []) + 43·(x_5 ∈ |0..10|11 []) + 21·(x_6 ∈ |0..10|11 []) + 7·(x_7 ∈ |0..10|11 []) + 47·(x_8 ∈ |0..10|11 []) + 6·(x_9 ∈ |0..10|11 []) + 31·(x_10 ∈ |0..10|11 []) ≤ 1360
	w5:	43·(x_1 ∈ |0..10|11 []) + 7·(x_2 ∈ |0..10|11 []) + 35·(x_3 ∈ |0..10|11 []) + 48·(x_4 ∈ |0..10|11 []) + 33·(x_5 ∈ |0..10|11 []) + 46·(x_6 ∈ |0..10|11 []) + 4·(x_7 ∈ |0..10|11 []) + 43·(x_8 ∈ |0..10|11 []) + 7·(x_9 ∈ |0..10|11 []) + 23·(x_10 ∈ |0..10|11 []) ≤ 1710
	w6:	36·(x_1 ∈ |0..10|11 []) + 13·(x_2 ∈ |0..10|11 []) + 49·(x_3 ∈ |0..10|11 []) + 31·(x_4 ∈ |0..10|11 []) + 17·(x_5 ∈ |0..10|11 []) + 41·(x_6 ∈ |0..10|11 []) + 22·(x_7 ∈ |0..10|11 []) + 37·(x_8 ∈ |0..10|11 []) + 46·(x_9 ∈ |0..10|11 []) + 20·(x_10 ∈ |0..10|11 []) ≤ 1840
	w7:	38·(x_1 ∈ |0..10|11 []) + 35·(x_2 ∈ |0..10|11 []) + 18·(x_3 ∈ |0..10|11 []) + 6·(x_4 ∈ |0..10|11 []) + 29·(x_5 ∈ |0..10|11 []) + 41·(x_6 ∈ |0..10|11 []) + 46·(x_7 ∈ |0..10|11 []) + 35·(x_8 ∈ |0..10|11 []) + 28·(x_9 ∈ |0..10|11 []) + 42·(x_10 ∈ |0..10|11 []) ≤ 1880
	w8:	(x_1 ∈ |0..10|11 []) + 32·(x_2 ∈ |0..10|11 []) + 3·(x_3 ∈ |0..10|11 []) + 33·(x_4 ∈ |0..10|11 []) + 27·(x_5 ∈ |0..10|11 []) + 49·(x_6 ∈ |0..10|11 []) + 37·(x_7 ∈ |0..10|11 []) + 41·(x_8 ∈ |0..10|11 []) + 14·(x_9 ∈ |0..10|11 []) + 21·(x_10 ∈ |0..10|11 []) ≤ 1520
	w9:	29·(x_1 ∈ |0..10|11 []) + 21·(x_2 ∈ |0..10|11 []) + 5·(x_3 ∈ |0..10|11 []) + 29·(x_4 ∈ |0..10|11 []) + 9·(x_5 ∈ |0..10|11 []) + 47·(x_6 ∈ |0..10|11 []) + 17·(x_7 ∈ |0..10|11 []) + 41·(x_8 ∈ |0..10|11 []) + 43·(x_9 ∈ |0..10|11 []) + 35·(x_10 ∈ |0..10|11 []) ≤ 1630
	w10:	47·(x_1 ∈ |0..10|11 []) + 18·(x_2 ∈ |0..10|11 []) + 7·(x_3 ∈ |0..10|11 []) + 21·(x_4 ∈ |0..10|11 []) + 8·(x_5 ∈ |0..10|11 []) + 33·(x_6 ∈ |0..10|11 []) + 42·(x_7 ∈ |0..10|11 []) + 40·(x_8 ∈ |0..10|11 []) + 10·(x_9 ∈ |0..10|11 []) + 47·(x_10 ∈ |0..10|11 []) ≤ 1610
	w11:	25·(x_1 ∈ |0..10|11 []) + 17·(x_2 ∈ |0..10|11 []) + 45·(x_3 ∈ |0..10|11 []) + 46·(x_4 ∈ |0..10|11 []) + 44·(x_5 ∈ |0..10|11 []) + 32·(x_6 ∈ |0..10|11 []) + 47·(x_7 ∈ |0..10|11 []) + 30·(x_8 ∈ |0..10|11 []) + 20·(x_9 ∈ |0..10|11 []) + 10·(x_10 ∈ |0..10|11 []) ≤ 1870
	w12:	2·(x_1 ∈ |0..10|11 []) + 15·(x_2 ∈ |0..10|11 []) + 25·(x_3 ∈ |0..10|11 []) + 9·(x_4 ∈ |0..10|11 []) + 37·(x_5 ∈ |0..10|11 []) + 44·(x_6 ∈ |0..10|11 []) + 48·(x_7 ∈ |0..10|11 []) + 19·(x_8 ∈ |0..10|11 []) + 9·(x_9 ∈ |0..10|11 []) + 43·(x_10 ∈ |0..10|11 []) ≤ 1480
	w13:	45·(x_1 ∈ |0..10|11 []) + 8·(x_2 ∈ |0..10|11 []) + 41·(x_3 ∈ |0..10|11 []) + 26·(x_4 ∈ |0..10|11 []) + 33·(x_5 ∈ |0..10|11 []) + 49·(x_6 ∈ |0..10|11 []) + 38·(x_7 ∈ |0..10|11 []) + 34·(x_8 ∈ |0..10|11 []) + 39·(x_9 ∈ |0..10|11 []) + 45·(x_10 ∈ |0..10|11 []) ≤ 2110
	w14:	5·(x_1 ∈ |0..10|11 []) + 8·(x_2 ∈ |0..10|11 []) + 43·(x_3 ∈ |0..10|11 []) + 31·(x_4 ∈ |0..10|11 []) + 47·(x_5 ∈ |0..10|11 []) + 35·(x_6 ∈ |0..10|11 []) + 11·(x_7 ∈ |0..10|11 []) + 49·(x_8 ∈ |0..10|11 []) + 10·(x_9 ∈ |0..10|11 []) + 14·(x_10 ∈ |0..10|11 []) ≤ 1490
	w15:	37·(x_1 ∈ |0..10|11 []) + 20·(x_2 ∈ |0..10|11 []) + 29·(x_3 ∈ |0..10|11 []) + 30·(x_4 ∈ |0..10|11 []) + 44·(x_5 ∈ |0..10|11 []) + 31·(x_6 ∈ |0..10|11 []) + 6·(x_7 ∈ |0..10|11 []) + 6·(x_8 ∈ |0..10|11 []) + 27·(x_9 ∈ |0..10|11 []) + 21·(x_10 ∈ |0..10|11 []) ≤ 1480
	w16:	44·(x_1 ∈ |0..10|11 []) + 14·(x_2 ∈ |0..10|11 []) + 40·(x_3 ∈ |0..10|11 []) + 48·(x_4 ∈ |0..10|11 []) + 11·(x_5 ∈ |0..10|11 []) + 4·(x_6 ∈ |0..10|11 []) + 28·(x_7 ∈ |0..10|11 []) + 6·(x_8 ∈ |0..10|11 []) + 49·(x_9 ∈ |0..10|11 []) + 17·(x_10 ∈ |0..10|11 []) ≤ 1540
	w17:	34·(x_1 ∈ |0..10|11 []) + 37·(x_2 ∈ |0..10|11 []) + (x_3 ∈ |0..10|11 []) + 38·(x_4 ∈ |0..10|11 []) + 26·(x_5 ∈ |0..10|11 []) + 18·(x_6 ∈ |0..10|11 []) + (x_7 ∈ |0..10|11 []) + 7·(x_8 ∈ |0..10|11 []) + 47·(x_9 ∈ |0..10|11 []) + 8·(x_10 ∈ |0..10|11 []) ≤ 1280
	w18:	37·(x_1 ∈ |0..10|11 []) + 22·(x_2 ∈ |0..10|11 []) + 14·(x_3 ∈ |0..10|11 []) + 11·(x_4 ∈ |0..10|11 []) + 8·(x_5 ∈ |0..10|11 []) + 7·(x_6 ∈ |0..10|11 []) + 44·(x_7 ∈ |0..10|11 []) + 3·(x_8 ∈ |0..10|11 []) + 5·(x_9 ∈ |0..10|11 []) + 36·(x_10 ∈ |0..10|11 []) ≤ 1100
	w19:	14·(x_1 ∈ |0..10|11 []) + (x_2 ∈ |0..10|11 []) + 30·(x_3 ∈ |0..10|11 []) + 10·(x_4 ∈ |0..10|11 []) + 37·(x_5 ∈ |0..10|11 []) + 9·(x_6 ∈ |0..10|11 []) + 14·(x_7 ∈ |0..10|11 []) + 22·(x_8 ∈ |0..10|11 []) + 43·(x_9 ∈ |0..10|11 []) + 47·(x_10 ∈ |0..10|11 []) ≤ 1340
	w20:	19·(x_1 ∈ |0..10|11 []) + 5·(x_2 ∈ |0..10|11 []) + 38·(x_3 ∈ |0..10|11 []) + 46·(x_4 ∈ |0..10|11 []) + 20·(x_5 ∈ |0..10|11 []) + 11·(x_6 ∈ |0..10|11 []) + 14·(x_7 ∈ |0..10|11 []) + 10·(x_8 ∈ |0..10|11 []) + 30·(x_9 ∈ |0..10|11 []) + 15·(x_10 ∈ |0..10|11 []) ≤ 1230
	w21:	(x_1 ∈ |0..10|11 []) + (x_2 ∈ |0..10|11 []) + 5·(x_3 ∈ |0..10|11 []) + 18·(x_4 ∈ |0..10|11 []) + 11·(x_5 ∈ |0..10|11 []) + 35·(x_6 ∈ |0..10|11 []) + 45·(x_7 ∈ |0..10|11 []) + 7·(x_8 ∈ |0..10|11 []) + 30·(x_9 ∈ |0..10|11 []) + 4·(x_10 ∈ |0..10|11 []) ≤ 920
	w22:	7·(x_1 ∈ |0..10|11 []) + 6·(x_2 ∈ |0..10|11 []) + 43·(x_3 ∈ |0..10|11 []) + 6·(x_4 ∈ |0..10|11 []) + 38·(x_5 ∈ |0..10|11 []) + 28·(x_6 ∈ |0..10|11 []) + 4·(x_7 ∈ |0..10|11 []) + 37·(x_8 ∈ |0..10|11 []) + 8·(x_9 ∈ |0..10|11 []) + 35·(x_10 ∈ |0..10|11 []) ≤ 1250
	w23:	8·(x_1 ∈ |0..10|11 []) + 27·(x_2 ∈ |0..10|11 []) + 25·(x_3 ∈ |0..10|11 []) + 36·(x_4 ∈ |0..10|11 []) + 45·(x_5 ∈ |0..10|11 []) + 48·(x_6 ∈ |0..10|11 []) + 42·(x_7 ∈ |0..10|11 []) + 17·(x_8 ∈ |0..10|11 []) + 41·(x_9 ∈ |0..10|11 []) + 14·(x_10 ∈ |0..10|11 []) ≤ 1790
	w24:	30·(x_1 ∈ |0..10|11 []) + 12·(x_2 ∈ |0..10|11 []) + 33·(x_3 ∈ |0..10|11 []) + 44·(x_4 ∈ |0..10|11 []) + 41·(x_5 ∈ |0..10|11 []) + 26·(x_6 ∈ |0..10|11 []) + 27·(x_7 ∈ |0..10|11 []) + 44·(x_8 ∈ |0..10|11 []) + 42·(x_9 ∈ |0..10|11 []) + 8·(x_10 ∈ |0..10|11 []) ≤ 1810
	w25:	9·(x_1 ∈ |0..10|11 []) + 14·(x_2 ∈ |0..10|11 []) + 8·(x_3 ∈ |0..10|11 []) + 3·(x_4 ∈ |0..10|11 []) + 46·(x_5 ∈ |0..10|11 []) + 5·(x_6 ∈ |0..10|11 []) + 34·(x_7 ∈ |0..10|11 []) + 15·(x_8 ∈ |0..10|11 []) + 12·(x_9 ∈ |0..10|11 []) + 31·(x_10 ∈ |0..10|11 []) ≤ 1040
	w26:	49·(x_1 ∈ |0..10|11 []) + 6·(x_2 ∈ |0..10|11 []) + 39·(x_3 ∈ |0..10|11 []) + 44·(x_4 ∈ |0..10|11 []) + 48·(x_5 ∈ |0..10|11 []) + 2·(x_6 ∈ |0..10|11 []) + 3·(x_7 ∈ |0..10|11 []) + 16·(x_8 ∈ |0..10|11 []) + 3·(x_9 ∈ |0..10|11 []) + 33·(x_10 ∈ |0..10|11 []) ≤ 1430
	w27:	45·(x_1 ∈ |0..10|11 []) + 42·(x_2 ∈ |0..10|11 []) + 38·(x_3 ∈ |0..10|11 []) + 42·(x_4 ∈ |0..10|11 []) + 10·(x_5 ∈ |0..10|11 []) + 42·(x_6 ∈ |0..10|11 []) + 8·(x_7 ∈ |0..10|11 []) + 27·(x_8 ∈ |0..10|11 []) + 30·(x_9 ∈ |0..10|11 []) + 45·(x_10 ∈ |0..10|11 []) ≤ 1940
	w28:	32·(x_1 ∈ |0..10|11 []) + 7·(x_2 ∈ |0..10|11 []) + 46·(x_3 ∈ |0..10|11 []) + 45·(x_4 ∈ |0..10|11 []) + 26·(x_5 ∈ |0..10|11 []) + 34·(x_6 ∈ |0..10|11 []) + 13·(x_7 ∈ |0..10|11 []) + 40·(x_8 ∈ |0..10|11 []) + 47·(x_9 ∈ |0..10|11 []) + 25·(x_10 ∈ |0..10|11 []) ≤ 1860
	w29:	41·(x_1 ∈ |0..10|11 []) + 23·(x_2 ∈ |0..10|11 []) + 36·(x_3 ∈ |0..10|11 []) + 17·(x_4 ∈ |0..10|11 []) + 34·(x_5 ∈ |0..10|11 []) + 38·(x_6 ∈ |0..10|11 []) + 22·(x_7 ∈ |0..10|11 []) + 2·(x_8 ∈ |0..10|11 []) + 49·(x_9 ∈ |0..10|11 []) + 19·(x_10 ∈ |0..10|11 []) ≤ 1660
	w30:	28·(x_1 ∈ |0..10|11 []) + 40·(x_2 ∈ |0..10|11 []) + 27·(x_3 ∈ |0..10|11 []) + 6·(x_4 ∈ |0..10|11 []) + 14·(x_5 ∈ |0..10|11 []) + 37·(x_6 ∈ |0..10|11 []) + 2·(x_7 ∈ |0..10|11 []) + 11·(x_8 ∈ |0..10|11 []) + 2·(x_9 ∈ |0..10|11 []) + 44·(x_10 ∈ |0..10|11 []) ≤ 1240
	w31:	39·(x_1 ∈ |0..10|11 []) + 14·(x_2 ∈ |0..10|11 []) + 37·(x_3 ∈ |0..10|11 []) + 17·(x_4 ∈ |0..10|11 []) + 21·(x_5 ∈ |0..10|11 []) + 25·(x_6 ∈ |0..10|11 []) + 22·(x_7 ∈ |0..10|11 []) + 27·(x_8 ∈ |0..10|11 []) + 39·(x_9 ∈ |0..10|11 []) + 2·(x_10 ∈ |0..10|11 []) ≤ 1430
	w32:	13·(x_1 ∈ |0..10|11 []) + 2·(x_2 ∈ |0..10|11 []) + 30·(x_3 ∈ |0..10|11 []) + 4·(x_4 ∈ |0..10|11 []) + 9·(x_5 ∈ |0..10|11 []) + 7·(x_6 ∈ |0..10|11 []) + 36·(x_7 ∈ |0..10|11 []) + 32·(x_8 ∈ |0..10|11 []) + 39·(x_9 ∈ |0..10|11 []) + 2·(x_10 ∈ |0..10|11 []) ≤ 1030
	w33:	41·(x_1 ∈ |0..10|11 []) + 25·(x_2 ∈ |0..10|11 []) + 39·(x_3 ∈ |0..10|11 []) + 3·(x_4 ∈ |0..10|11 []) + 4·(x_5 ∈ |0..10|11 []) + 18·(x_6 ∈ |0..10|11 []) + 26·(x_7 ∈ |0..10|11 []) + 24·(x_8 ∈ |0..10|11 []) + 11·(x_9 ∈ |0..10|11 []) + 12·(x_10 ∈ |0..10|11 []) ≤ 1200
	w34:	43·(x_1 ∈ |0..10|11 []) + 10·(x_2 ∈ |0..10|11 []) + 41·(x_3 ∈ |0..10|11 []) + 34·(x_4 ∈ |0..10|11 []) + 18·(x_5 ∈ |0..10|11 []) + 24·(x_6 ∈ |0..10|11 []) + 30·(x_7 ∈ |0..10|11 []) + 17·(x_8 ∈ |0..10|11 []) + 12·(x_9 ∈ |0..10|11 []) + 22·(x_10 ∈ |0..10|11 []) ≤ 1480
	w35:	23·(x_1 ∈ |0..10|11 []) + 26·(x_2 ∈ |0..10|11 []) + 27·(x_3 ∈ |0..10|11 []) + 11·(x_4 ∈ |0..10|11 []) + (x_5 ∈ |0..10|11 []) + 16·(x_6 ∈ |0..10|11 []) + 19·(x_7 ∈ |0..10|11 []) + 49·(x_8 ∈ |0..10|11 []) + 46·(x_9 ∈ |0..10|11 []) + 46·(x_10 ∈ |0..10|11 []) ≤ 1560
	w36:	6·(x_1 ∈ |0..10|11 []) + 19·(x_2 ∈ |0..10|11 []) + 38·(x_3 ∈ |0..10|11 []) + 27·(x_4 ∈ |0..10|11 []) + 9·(x_5 ∈ |0..10|11 []) + 20·(x_6 ∈ |0..10|11 []) + 24·(x_7 ∈ |0..10|11 []) + 9·(x_8 ∈ |0..10|11 []) + 19·(x_9 ∈ |0..10|11 []) + 18·(x_10 ∈ |0..10|11 []) ≤ 1110
	w37:	14·(x_1 ∈ |0..10|11 []) + 32·(x_2 ∈ |0..10|11 []) + 39·(x_3 ∈ |0..10|11 []) + 14·(x_4 ∈ |0..10|11 []) + 30·(x_5 ∈ |0..10|11 []) + 2·(x_6 ∈ |0..10|11 []) + 24·(x_7 ∈ |0..10|11 []) + 22·(x_8 ∈ |0..10|11 []) + 38·(x_9 ∈ |0..10|11 []) + 35·(x_10 ∈ |0..10|11 []) ≤ 1480
	w38:	13·(x_1 ∈ |0..10|11 []) + 3·(x_2 ∈ |0..10|11 []) + 13·(x_3 ∈ |0..10|11 []) + 37·(x_4 ∈ |0..10|11 []) + 18·(x_5 ∈ |0..10|11 []) + 42·(x_6 ∈ |0..10|11 []) + 43·(x_7 ∈ |0..10|11 []) + 7·(x_8 ∈ |0..10|11 []) + 39·(x_9 ∈ |0..10|11 []) + 15·(x_10 ∈ |0..10|11 []) ≤ 1360
	w39:	16·(x_1 ∈ |0..10|11 []) + 38·(x_2 ∈ |0..10|11 []) + (x_3 ∈ |0..10|11 []) + 29·(x_4 ∈ |0..10|11 []) + (x_5 ∈ |0..10|11 []) + 20·(x_6 ∈ |0..10|11 []) + 16·(x_7 ∈ |0..10|11 []) + 10·(x_8 ∈ |0..10|11 []) + (x_9 ∈ |0..10|11 []) + 17·(x_10 ∈ |0..10|11 []) ≤ 880
	w40:	20·(x_1 ∈ |0..10|11 []) + 26·(x_2 ∈ |0..10|11 []) + 12·(x_3 ∈ |0..10|11 []) + 18·(x_4 ∈ |0..10|11 []) + 49·(x_5 ∈ |0..10|11 []) + 3·(x_6 ∈ |0..10|11 []) + 4·(x_7 ∈ |0..10|11 []) + 43·(x_8 ∈ |0..10|11 []) + 44·(x_9 ∈ |0..10|11 []) + 23·(x_10 ∈ |0..10|11 []) ≤ 1430
	w41:	16·(x_1 ∈ |0..10|11 []) + 20·(x_2 ∈ |0..10|11 []) + 17·(x_3 ∈ |0..10|11 []) + 10·(x_4 ∈ |0..10|11 []) + 36·(x_5 ∈ |0..10|11 []) + 47·(x_6 ∈ |0..10|11 []) + 16·(x_7 ∈ |0..10|11 []) + 30·(x_8 ∈ |0..10|11 []) + 23·(x_9 ∈ |0..10|11 []) + 46·(x_10 ∈ |0..10|11 []) ≤ 1540
	w42:	27·(x_1 ∈ |0..10|11 []) + 17·(x_2 ∈ |0..10|11 []) + 27·(x_3 ∈ |0..10|11 []) + 38·(x_4 ∈ |0..10|11 []) + 11·(x_5 ∈ |0..10|11 []) + 32·(x_6 ∈ |0..10|11 []) + 28·(x_7 ∈ |0..10|11 []) + 47·(x_8 ∈ |0..10|11 []) + 28·(x_9 ∈ |0..10|11 []) + 36·(x_10 ∈ |0..10|11 []) ≤ 1720
	w43:	19·(x_1 ∈ |0..10|11 []) + 27·(x_2 ∈ |0..10|11 []) + 34·(x_3 ∈ |0..10|11 []) + 18·(x_4 ∈ |0..10|11 []) + 11·(x_5 ∈ |0..10|11 []) + 44·(x_6 ∈ |0..10|11 []) + 27·(x_7 ∈ |0..10|11 []) + 16·(x_8 ∈ |0..10|11 []) + 29·(x_9 ∈ |0..10|11 []) + 27·(x_10 ∈ |0..10|11 []) ≤ 1490
	w44:	43·(x_1 ∈ |0..10|11 []) + 3·(x_2 ∈ |0..10|11 []) + 7·(x_3 ∈ |0..10|11 []) + 46·(x_4 ∈ |0..10|11 []) + 25·(x_5 ∈ |0..10|11 []) + 13·(x_6 ∈ |0..10|11 []) + 44·(x_7 ∈ |0..10|11 []) + 17·(x_8 ∈ |0..10|11 []) + 21·(x_9 ∈ |0..10|11 []) + 36·(x_10 ∈ |0..10|11 []) ≤ 1500
	w45:	8·(x_1 ∈ |0..10|11 []) + 37·(x_2 ∈ |0..10|11 []) + 26·(x_3 ∈ |0..10|11 []) + 33·(x_4 ∈ |0..10|11 []) + 8·(x_5 ∈ |0..10|11 []) + 29·(x_6 ∈ |0..10|11 []) + 23·(x_7 ∈ |0..10|11 []) + 20·(x_8 ∈ |0..10|11 []) + 44·(x_9 ∈ |0..10|11 []) + 10·(x_10 ∈ |0..10|11 []) ≤ 1400
	w46:	29·(x_1 ∈ |0..10|11 []) + 25·(x_2 ∈ |0..10|11 []) + 10·(x_3 ∈ |0..10|11 []) + 2·(x_4 ∈ |0..10|11 []) + 49·(x_5 ∈ |0..10|11 []) + 14·(x_6 ∈ |0..10|11 []) + 4·(x_7 ∈ |0..10|11 []) + 13·(x_8 ∈ |0..10|11 []) + 21·(x_9 ∈ |0..10|11 []) + 2·(x_10 ∈ |0..10|11 []) ≤ 1000
	w47:	21·(x_1 ∈ |0..10|11 []) + 29·(x_2 ∈ |0..10|11 []) + 45·(x_3 ∈ |0..10|11 []) + 10·(x_4 ∈ |0..10|11 []) + 4·(x_5 ∈ |0..10|11 []) + 15·(x_6 ∈ |0..10|11 []) + 15·(x_7 ∈ |0..10|11 []) + 37·(x_8 ∈ |0..10|11 []) + 48·(x_9 ∈ |0..10|11 []) + 38·(x_10 ∈ |0..10|11 []) ≤ 1550
	w48:	48·(x_1 ∈ |0..10|11 []) + 26·(x_2 ∈ |0..10|11 []) + (x_3 ∈ |0..10|11 []) + 24·(x_4 ∈ |0..10|11 []) + 27·(x_5 ∈ |0..10|11 []) + 23·(x_6 ∈ |0..10|11 []) + 9·(x_7 ∈ |0..10|11 []) + 33·(x_8 ∈ |0..10|11 []) + 30·(x_9 ∈ |0..10|11 []) + 34·(x_10 ∈ |0..10|11 []) ≤ 1500
	w49:	41·(x_1 ∈ |0..10|11 []) + 42·(x_2 ∈ |0..10|11 []) + 14·(x_3 ∈ |0..10|11 []) + 29·(x_4 ∈ |0..10|11 []) + 15·(x_5 ∈ |0..10|11 []) + 9·(x_6 ∈ |0..10|11 []) + 18·(x_7 ∈ |0..10|11 []) + 18·(x_8 ∈ |0..10|11 []) + 7·(x_9 ∈ |0..10|11 []) + 33·(x_10 ∈ |0..10|11 []) ≤ 1330
	w50:	40·(x_1 ∈ |0..10|11 []) + 40·(x_2 ∈ |0..10|11 []) + 38·(x_3 ∈ |0..10|11 []) + 44·(x_4 ∈ |0..10|11 []) + 41·(x_5 ∈ |0..10|11 []) + 12·(x_6 ∈ |0..10|11 []) + (x_7 ∈ |0..10|11 []) + 41·(x_8 ∈ |0..10|11 []) + 32·(x_9 ∈ |0..10|11 []) + 44·(x_10 ∈ |0..10|11 []) ≤ 1970
	w51:	24·(x_1 ∈ |0..10|11 []) + 15·(x_2 ∈ |0..10|11 []) + 4·(x_3 ∈ |0..10|11 []) + 30·(x_4 ∈ |0..10|11 []) + 16·(x_5 ∈ |0..10|11 []) + 5·(x_6 ∈ |0..10|11 []) + 41·(x_7 ∈ |0..10|11 []) + 29·(x_8 ∈ |0..10|11 []) + 34·(x_9 ∈ |0..10|11 []) + 8·(x_10 ∈ |0..10|11 []) ≤ 1210
	w52:	39·(x_1 ∈ |0..10|11 []) + 33·(x_2 ∈ |0..10|11 []) + 47·(x_3 ∈ |0..10|11 []) + 38·(x_4 ∈ |0..10|11 []) + 39·(x_5 ∈ |0..10|11 []) + 27·(x_6 ∈ |0..10|11 []) + 25·(x_7 ∈ |0..10|11 []) + 46·(x_8 ∈ |0..10|11 []) + 37·(x_9 ∈ |0..10|11 []) + 11·(x_10 ∈ |0..10|11 []) ≤ 2020
	w53:	12·(x_1 ∈ |0..10|11 []) + 47·(x_2 ∈ |0..10|11 []) + 27·(x_3 ∈ |0..10|11 []) + 27·(x_4 ∈ |0..10|11 []) + 39·(x_5 ∈ |0..10|11 []) + 23·(x_6 ∈ |0..10|11 []) + 47·(x_7 ∈ |0..10|11 []) + 18·(x_8 ∈ |0..10|11 []) + 26·(x_9 ∈ |0..10|11 []) + 32·(x_10 ∈ |0..10|11 []) ≤ 1760
	w54:	25·(x_1 ∈ |0..10|11 []) + 37·(x_2 ∈ |0..10|11 []) + 17·(x_3 ∈ |0..10|11 []) + 38·(x_4 ∈ |0..10|11 []) + 9·(x_5 ∈ |0..10|11 []) + 45·(x_6 ∈ |0..10|11 []) + 27·(x_7 ∈ |0..10|11 []) + 7·(x_8 ∈ |0..10|11 []) + 6·(x_9 ∈ |0..10|11 []) + 22·(x_10 ∈ |0..10|11 []) ≤ 1370
	w55:	4·(x_1 ∈ |0..10|11 []) + 22·(x_2 ∈ |0..10|11 []) + 34·(x_3 ∈ |0..10|11 []) + 41·(x_4 ∈ |0..10|11 []) + 46·(x_5 ∈ |0..10|11 []) + 16·(x_6 ∈ |0..10|11 []) + 48·(x_7 ∈ |0..10|11 []) + 31·(x_8 ∈ |0..10|11 []) + 49·(x_9 ∈ |0..10|11 []) + 27·(x_10 ∈ |0..10|11 []) ≤ 1880
	w56:	5·(x_1 ∈ |0..10|11 []) + 25·(x_2 ∈ |0..10|11 []) + 11·(x_3 ∈ |0..10|11 []) + 28·(x_4 ∈ |0..10|11 []) + 44·(x_5 ∈ |0..10|11 []) + 13·(x_6 ∈ |0..10|11 []) + 5·(x_7 ∈ |0..10|11 []) + 5·(x_8 ∈ |0..10|11 []) + 9·(x_9 ∈ |0..10|11 []) + 26·(x_10 ∈ |0..10|11 []) ≤ 1010
	w57:	16·(x_1 ∈ |0..10|11 []) + 9·(x_2 ∈ |0..10|11 []) + 25·(x_3 ∈ |0..10|11 []) + 4·(x_4 ∈ |0..10|11 []) + 11·(x_5 ∈ |0..10|11 []) + 41·(x_6 ∈ |0..10|11 []) + 31·(x_7 ∈ |0..10|11 []) + 13·(x_8 ∈ |0..10|11 []) + 42·(x_9 ∈ |0..10|11 []) + 33·(x_10 ∈ |0..10|11 []) ≤ 1330
	w58:	2·(x_1 ∈ |0..10|11 []) + 19·(x_2 ∈ |0..10|11 []) + 20·(x_3 ∈ |0..10|11 []) + 33·(x_4 ∈ |0..10|11 []) + 29·(x_5 ∈ |0..10|11 []) + 28·(x_6 ∈ |0..10|11 []) + 10·(x_7 ∈ |0..10|11 []) + 31·(x_8 ∈ |0..10|11 []) + 32·(x_9 ∈ |0..10|11 []) + 42·(x_10 ∈ |0..10|11 []) ≤ 1450
	w59:	13·(x_1 ∈ |0..10|11 []) + 30·(x_2 ∈ |0..10|11 []) + 2·(x_3 ∈ |0..10|11 []) + 42·(x_4 ∈ |0..10|11 []) + 27·(x_5 ∈ |0..10|11 []) + 8·(x_6 ∈ |0..10|11 []) + 45·(x_7 ∈ |0..10|11 []) + 7·(x_8 ∈ |0..10|11 []) + 17·(x_9 ∈ |0..10|11 []) + 25·(x_10 ∈ |0..10|11 []) ≤ 1270
	w60:	20·(x_1 ∈ |0..10|11 []) + 12·(x_2 ∈ |0..10|11 []) + 16·(x_3 ∈ |0..10|11 []) + 41·(x_4 ∈ |0..10|11 []) + 41·(x_5 ∈ |0..10|11 []) + 13·(x_6 ∈ |0..10|11 []) + 14·(x_7 ∈ |0..10|11 []) + 33·(x_8 ∈ |0..10|11 []) + 15·(x_9 ∈ |0..10|11 []) + 39·(x_10 ∈ |0..10|11 []) ≤ 1440
	w61:	20·(x_1 ∈ |0..10|11 []) + 32·(x_2 ∈ |0..10|11 []) + 4·(x_3 ∈ |0..10|11 []) + 8·(x_4 ∈ |0..10|11 []) + 23·(x_5 ∈ |0..10|11 []) + 32·(x_6 ∈ |0..10|11 []) + 24·(x_7 ∈ |0..10|11 []) + 34·(x_8 ∈ |0..10|11 []) + 34·(x_9 ∈ |0..10|11 []) + 40·(x_10 ∈ |0..10|11 []) ≤ 1480
	w62:	32·(x_1 ∈ |0..10|11 []) + 33·(x_2 ∈ |0..10|11 []) + 3·(x_3 ∈ |0..10|11 []) + 2·(x_4 ∈ |0..10|11 []) + 4·(x_5 ∈ |0..10|11 []) + 16·(x_6 ∈ |0..10|11 []) + 47·(x_7 ∈ |0..10|11 []) + 18·(x_8 ∈ |0..10|11 []) + 12·(x_9 ∈ |0..10|11 []) + 2·(x_10 ∈ |0..10|11 []) ≤ 1000
	w63:	16·(x_1 ∈ |0..10|11 []) + 3·(x_2 ∈ |0..10|11 []) + 25·(x_3 ∈ |0..10|11 []) + 39·(x_4 ∈ |0..10|11 []) + 4·(x_5 ∈ |0..10|11 []) + 27·(x_6 ∈ |0..10|11 []) + 27·(x_7 ∈ |0..10|11 []) + (x_8 ∈ |0..10|11 []) + 35·(x_9 ∈ |0..10|11 []) + 45·(x_10 ∈ |0..10|11 []) ≤ 1310
	w64:	43·(x_1 ∈ |0..10|11 []) + 49·(x_2 ∈ |0..10|11 []) + 24·(x_3 ∈ |0..10|11 []) + 11·(x_4 ∈ |0..10|11 []) + 5·(x_5 ∈ |0..10|11 []) + 48·(x_6 ∈ |0..10|11 []) + 14·(x_7 ∈ |0..10|11 []) + 44·(x_8 ∈ |0..10|11 []) + (x_9 ∈ |0..10|11 []) + 23·(x_10 ∈ |0..10|11 []) ≤ 1550
	w65:	8·(x_1 ∈ |0..10|11 []) + 29·(x_2 ∈ |0..10|11 []) + 12·(x_3 ∈ |0..10|11 []) + 6·(x_4 ∈ |0..10|11 []) + 27·(x_5 ∈ |0..10|11 []) + (x_6 ∈ |0..10|11 []) + 41·(x_7 ∈ |0..10|11 []) + 3·(x_8 ∈ |0..10|11 []) + 5·(x_9 ∈ |0..10|11 []) + 41·(x_10 ∈ |0..10|11 []) ≤ 1020
	w66:	26·(x_1 ∈ |0..10|11 []) + 47·(x_2 ∈ |0..10|11 []) + 30·(x_3 ∈ |0..10|11 []) + 17·(x_4 ∈ |0..10|11 []) + 33·(x_5 ∈ |0..10|11 []) + 8·(x_6 ∈ |0..10|11 []) + 48·(x_7 ∈ |0..10|11 []) + 2·(x_8 ∈ |0..10|11 []) + 31·(x_9 ∈ |0..10|11 []) + 45·(x_10 ∈ |0..10|11 []) ≤ 1690
	w67:	24·(x_1 ∈ |0..10|11 []) + 6·(x_2 ∈ |0..10|11 []) + 24·(x_3 ∈ |0..10|11 []) + 16·(x_4 ∈ |0..10|11 []) + 3·(x_5 ∈ |0..10|11 []) + 19·(x_6 ∈ |0..10|11 []) + 41·(x_7 ∈ |0..10|11 []) + (x_8 ∈ |0..10|11 []) + 33·(x_9 ∈ |0..10|11 []) + 29·(x_10 ∈ |0..10|11 []) ≤ 1160
	w68:	26·(x_1 ∈ |0..10|11 []) + 14·(x_2 ∈ |0..10|11 []) + 29·(x_3 ∈ |0..10|11 []) + 19·(x_4 ∈ |0..10|11 []) + 49·(x_5 ∈ |0..10|11 []) + 23·(x_6 ∈ |0..10|11 []) + 13·(x_7 ∈ |0..10|11 []) + 16·(x_8 ∈ |0..10|11 []) + 10·(x_9 ∈ |0..10|11 []) + 8·(x_10 ∈ |0..10|11 []) ≤ 1220
	w69:	19·(x_1 ∈ |0..10|11 []) + 32·(x_2 ∈ |0..10|11 []) + 35·(x_3 ∈ |0..10|11 []) + 4·(x_4 ∈ |0..10|11 []) + 35·(x_5 ∈ |0..10|11 []) + 17·(x_6 ∈ |0..10|11 []) + 41·(x_7 ∈ |0..10|11 []) + 46·(x_8 ∈ |0..10|11 []) + 24·(x_9 ∈ |0..10|11 []) + (x_10 ∈ |0..10|11 []) ≤ 1500
	w70:	17·(x_1 ∈ |0..10|11 []) + 29·(x_2 ∈ |0..10|11 []) + 42·(x_3 ∈ |0..10|11 []) + 22·(x_4 ∈ |0..10|11 []) + 42·(x_5 ∈ |0..10|11 []) + 18·(x_6 ∈ |0..10|11 []) + 12·(x_7 ∈ |0..10|11 []) + 44·(x_8 ∈ |0..10|11 []) + 26·(x_9 ∈ |0..10|11 []) + 40·(x_10 ∈ |0..10|11 []) ≤ 1720
	w71:	11·(x_1 ∈ |0..10|11 []) + 14·(x_2 ∈ |0..10|11 []) + 28·(x_3 ∈ |0..10|11 []) + 3·(x_4 ∈ |0..10|11 []) + 29·(x_5 ∈ |0..10|11 []) + 31·(x_6 ∈ |0..10|11 []) + 18·(x_7 ∈ |0..10|11 []) + 48·(x_8 ∈ |0..10|11 []) + 46·(x_9 ∈ |0..10|11 []) + 38·(x_10 ∈ |0..10|11 []) ≤ 1570
	w72:	4·(x_1 ∈ |0..10|11 []) + 22·(x_2 ∈ |0..10|11 []) + 29·(x_3 ∈ |0..10|11 []) + 8·(x_4 ∈ |0..10|11 []) + 15·(x_5 ∈ |0..10|11 []) + 15·(x_6 ∈ |0..10|11 []) + 43·(x_7 ∈ |0..10|11 []) + 25·(x_8 ∈ |0..10|11 []) + 33·(x_9 ∈ |0..10|11 []) + 17·(x_10 ∈ |0..10|11 []) ≤ 1240
	w73:	25·(x_1 ∈ |0..10|11 []) + 31·(x_2 ∈ |0..10|11 []) + 5·(x_3 ∈ |0..10|11 []) + 41·(x_4 ∈ |0..10|11 []) + 20·(x_5 ∈ |0..10|11 []) + 22·(x_6 ∈ |0..10|11 []) + 49·(x_7 ∈ |0..10|11 []) + 38·(x_8 ∈ |0..10|11 []) + 39·(x_9 ∈ |0..10|11 []) + 40·(x_10 ∈ |0..10|11 []) ≤ 1830
	w74:	38·(x_1 ∈ |0..10|11 []) + 43·(x_2 ∈ |0..10|11 []) + 27·(x_3 ∈ |0..10|11 []) + 12·(x_4 ∈ |0..10|11 []) + 23·(x_5 ∈ |0..10|11 []) + 13·(x_6 ∈ |0..10|11 []) + 30·(x_7 ∈ |0..10|11 []) + 6·(x_8 ∈ |0..10|11 []) + 48·(x_9 ∈ |0..10|11 []) + 29·(x_10 ∈ |0..10|11 []) ≤ 1590
	w75:	(x_1 ∈ |0..10|11 []) + 30·(x_2 ∈ |0..10|11 []) + 7·(x_3 ∈ |0..10|11 []) + 43·(x_4 ∈ |0..10|11 []) + 34·(x_5 ∈ |0..10|11 []) + 26·(x_6 ∈ |0..10|11 []) + 28·(x_7 ∈ |0..10|11 []) + 46·(x_8 ∈ |0..10|11 []) + 25·(x_9 ∈ |0..10|11 []) + 6·(x_10 ∈ |0..10|11 []) ≤ 1450
	w76:	27·(x_1 ∈ |0..10|11 []) + 7·(x_2 ∈ |0..10|11 []) + 25·(x_3 ∈ |0..10|11 []) + 3·(x_4 ∈ |0..10|11 []) + 35·(x_5 ∈ |0..10|11 []) + 9·(x_6 ∈ |0..10|11 []) + 12·(x_7 ∈ |0..10|11 []) + 10·(x_8 ∈ |0..10|11 []) + 35·(x_9 ∈ |0..10|11 []) + 11·(x_10 ∈ |0..10|11 []) ≤ 1030
	w77:	49·(x_1 ∈ |0..10|11 []) + 33·(x_2 ∈ |0..10|11 []) + 35·(x_3 ∈ |0..10|11 []) + 7·(x_4 ∈ |0..10|11 []) + 49·(x_5 ∈ |0..10|11 []) + 27·(x_6 ∈ |0..10|11 []) + 20·(x_7 ∈ |0..10|11 []) + 17·(x_8 ∈ |0..10|11 []) + 27·(x_9 ∈ |0..10|11 []) + 30·(x_10 ∈ |0..10|11 []) ≤ 1740
	w78:	21·(x_1 ∈ |0..10|11 []) + 11·(x_2 ∈ |0..10|11 []) + 18·(x_3 ∈ |0..10|11 []) + 7·(x_4 ∈ |0..10|11 []) + 32·(x_5 ∈ |0..10|11 []) + 19·(x_6 ∈ |0..10|11 []) + 19·(x_7 ∈ |0..10|11 []) + 10·(x_8 ∈ |0..10|11 []) + 18·(x_9 ∈ |0..10|11 []) + 8·(x_10 ∈ |0..10|11 []) ≤ 960
	w79:	18·(x_1 ∈ |0..10|11 []) + 44·(x_2 ∈ |0..10|11 []) + 14·(x_3 ∈ |0..10|11 []) + 35·(x_4 ∈ |0..10|11 []) + 17·(x_5 ∈ |0..10|11 []) + (x_6 ∈ |0..10|11 []) + 29·(x_7 ∈ |0..10|11 []) + 31·(x_8 ∈ |0..10|11 []) + 41·(x_9 ∈ |0..10|11 []) + 18·(x_10 ∈ |0..10|11 []) ≤ 1460
	w80:	20·(x_1 ∈ |0..10|11 []) + 26·(x_2 ∈ |0..10|11 []) + 28·(x_3 ∈ |0..10|11 []) + 20·(x_4 ∈ |0..10|11 []) + 40·(x_5 ∈ |0..10|11 []) + 20·(x_6 ∈ |0..10|11 []) + 20·(x_7 ∈ |0..10|11 []) + 9·(x_8 ∈ |0..10|11 []) + 27·(x_9 ∈ |0..10|11 []) + 31·(x_10 ∈ |0..10|11 []) ≤ 1420
	w81:	35·(x_1 ∈ |0..10|11 []) + 36·(x_2 ∈ |0..10|11 []) + 19·(x_3 ∈ |0..10|11 []) + 24·(x_4 ∈ |0..10|11 []) + 39·(x_5 ∈ |0..10|11 []) + 47·(x_6 ∈ |0..10|11 []) + 29·(x_7 ∈ |0..10|11 []) + 21·(x_8 ∈ |0..10|11 []) + 6·(x_9 ∈ |0..10|11 []) + 37·(x_10 ∈ |0..10|11 []) ≤ 1730
	w82:	14·(x_1 ∈ |0..10|11 []) + 5·(x_2 ∈ |0..10|11 []) + 11·(x_3 ∈ |0..10|11 []) + 30·(x_4 ∈ |0..10|11 []) + 37·(x_5 ∈ |0..10|11 []) + 23·(x_6 ∈ |0..10|11 []) + 28·(x_7 ∈ |0..10|11 []) + 39·(x_8 ∈ |0..10|11 []) + 11·(x_9 ∈ |0..10|11 []) + 4·(x_10 ∈ |0..10|11 []) ≤ 1190
	w83:	45·(x_1 ∈ |0..10|11 []) + 2·(x_2 ∈ |0..10|11 []) + 3·(x_3 ∈ |0..10|11 []) + 40·(x_4 ∈ |0..10|11 []) + 5·(x_5 ∈ |0..10|11 []) + 42·(x_6 ∈ |0..10|11 []) + 3·(x_7 ∈ |0..10|11 []) + 20·(x_8 ∈ |0..10|11 []) + 23·(x_9 ∈ |0..10|11 []) + 8·(x_10 ∈ |0..10|11 []) ≤ 1130
	w84:	33·(x_1 ∈ |0..10|11 []) + 20·(x_2 ∈ |0..10|11 []) + 41·(x_3 ∈ |0..10|11 []) + 45·(x_4 ∈ |0..10|11 []) + 19·(x_5 ∈ |0..10|11 []) + 3·(x_6 ∈ |0..10|11 []) + 18·(x_7 ∈ |0..10|11 []) + 30·(x_8 ∈ |0..10|11 []) + (x_9 ∈ |0..10|11 []) + 9·(x_10 ∈ |0..10|11 []) ≤ 1290
	w85:	24·(x_1 ∈ |0..10|11 []) + 11·(x_2 ∈ |0..10|11 []) + 26·(x_3 ∈ |0..10|11 []) + 41·(x_4 ∈ |0..10|11 []) + 16·(x_5 ∈ |0..10|11 []) + 33·(x_6 ∈ |0..10|11 []) + 15·(x_7 ∈ |0..10|11 []) + 35·(x_8 ∈ |0..10|11 []) + 17·(x_9 ∈ |0..10|11 []) + 9·(x_10 ∈ |0..10|11 []) ≤ 1340
	w86:	25·(x_1 ∈ |0..10|11 []) + 48·(x_2 ∈ |0..10|11 []) + 42·(x_3 ∈ |0..10|11 []) + 39·(x_4 ∈ |0..10|11 []) + 13·(x_5 ∈ |0..10|11 []) + 11·(x_6 ∈ |0..10|11 []) + 9·(x_7 ∈ |0..10|11 []) + 38·(x_8 ∈ |0..10|11 []) + 41·(x_9 ∈ |0..10|11 []) + 19·(x_10 ∈ |0..10|11 []) ≤ 1680
	w87:	47·(x_1 ∈ |0..10|11 []) + 21·(x_2 ∈ |0..10|11 []) + 27·(x_3 ∈ |0..10|11 []) + 31·(x_4 ∈ |0..10|11 []) + 41·(x_5 ∈ |0..10|11 []) + 8·(x_6 ∈ |0..10|11 []) + 28·(x_7 ∈ |0..10|11 []) + 48·(x_8 ∈ |0..10|11 []) + 49·(x_9 ∈ |0..10|11 []) + 29·(x_10 ∈ |0..10|11 []) ≤ 1940
	w88:	42·(x_1 ∈ |0..10|11 []) + 10·(x_2 ∈ |0..10|11 []) + 9·(x_3 ∈ |0..10|11 []) + 24·(x_4 ∈ |0..10|11 []) + 39·(x_5 ∈ |0..10|11 []) + 16·(x_6 ∈ |0..10|11 []) + 41·(x_7 ∈ |0..10|11 []) + 32·(x_8 ∈ |0..10|11 []) + 17·(x_9 ∈ |0..10|11 []) + 45·(x_10 ∈ |0..10|11 []) ≤ 1620
	w89:	13·(x_1 ∈ |0..10|11 []) + 40·(x_2 ∈ |0..10|11 []) + 33·(x_3 ∈ |0..10|11 []) + 14·(x_4 ∈ |0..10|11 []) + 3·(x_5 ∈ |0..10|11 []) + 2·(x_6 ∈ |0..10|11 []) + 2·(x_7 ∈ |0..10|11 []) + 48·(x_8 ∈ |0..10|11 []) + 40·(x_9 ∈ |0..10|11 []) + 7·(x_10 ∈ |0..10|11 []) ≤ 1190
	w90:	33·(x_1 ∈ |0..10|11 []) + 9·(x_2 ∈ |0..10|11 []) + 48·(x_3 ∈ |0..10|11 []) + 29·(x_4 ∈ |0..10|11 []) + 41·(x_5 ∈ |0..10|11 []) + 13·(x_6 ∈ |0..10|11 []) + (x_7 ∈ |0..10|11 []) + 18·(x_8 ∈ |0..10|11 []) + 4·(x_9 ∈ |0..10|11 []) + 36·(x_10 ∈ |0..10|11 []) ≤ 1370
	w91:	31·(x_1 ∈ |0..10|11 []) + 29·(x_2 ∈ |0..10|11 []) + 38·(x_3 ∈ |0..10|11 []) + 29·(x_4 ∈ |0..10|11 []) + 21·(x_5 ∈ |0..10|11 []) + 22·(x_6 ∈ |0..10|11 []) + 19·(x_7 ∈ |0..10|11 []) + 6·(x_8 ∈ |0..10|11 []) + 7·(x_9 ∈ |0..10|11 []) + 10·(x_10 ∈ |0..10|11 []) ≤ 1250
	w92:	6·(x_1 ∈ |0..10|11 []) + 15·(x_2 ∈ |0..10|11 []) + 39·(x_3 ∈ |0..10|11 []) + 49·(x_4 ∈ |0..10|11 []) + 49·(x_5 ∈ |0..10|11 []) + 28·(x_6 ∈ |0..10|11 []) + 42·(x_7 ∈ |0..10|11 []) + 16·(x_8 ∈ |0..10|11 []) + (x_9 ∈ |0..10|11 []) + 35·(x_10 ∈ |0..10|11 []) ≤ 1650
	w93:	31·(x_1 ∈ |0..10|11 []) + 48·(x_2 ∈ |0..10|11 []) + 35·(x_3 ∈ |0..10|11 []) + 28·(x_4 ∈ |0..10|11 []) + 40·(x_5 ∈ |0..10|11 []) + 26·(x_6 ∈ |0..10|11 []) + 16·(x_7 ∈ |0..10|11 []) + 38·(x_8 ∈ |0..10|11 []) + 41·(x_9 ∈ |0..10|11 []) + 44·(x_10 ∈ |0..10|11 []) ≤ 2050
	w94:	47·(x_1 ∈ |0..10|11 []) + 22·(x_2 ∈ |0..10|11 []) + 18·(x_3 ∈ |0..10|11 []) + 37·(x_4 ∈ |0..10|11 []) + 34·(x_5 ∈ |0..10|11 []) + (x_6 ∈ |0..10|11 []) + 28·(x_7 ∈ |0..10|11 []) + 17·(x_8 ∈ |0..10|11 []) + 13·(x_9 ∈ |0..10|11 []) + 15·(x_10 ∈ |0..10|11 []) ≤ 1370
	w95:	48·(x_1 ∈ |0..10|11 []) + 11·(x_2 ∈ |0..10|11 []) + 10·(x_3 ∈ |0..10|11 []) + 10·(x_4 ∈ |0..10|11 []) + 38·(x_5 ∈ |0..10|11 []) + 33·(x_6 ∈ |0..10|11 []) + (x_7 ∈ |0..10|11 []) + 27·(x_8 ∈ |0..10|11 []) + 41·(x_9 ∈ |0..10|11 []) + 22·(x_10 ∈ |0..10|11 []) ≤ 1420
	w96:	27·(x_1 ∈ |0..10|11 []) + (x_2 ∈ |0..10|11 []) + 35·(x_3 ∈ |0..10|11 []) + 23·(x_4 ∈ |0..10|11 []) + 6·(x_5 ∈ |0..10|11 []) + 22·(x_6 ∈ |0..10|11 []) + 16·(x_7 ∈ |0..10|11 []) + 44·(x_8 ∈ |0..10|11 []) + 21·(x_9 ∈ |0..10|11 []) + 16·(x_10 ∈ |0..10|11 []) ≤ 1240
	w97:	12·(x_1 ∈ |0..10|11 []) + 38·(x_2 ∈ |0..10|11 []) + 28·(x_3 ∈ |0..10|11 []) + 21·(x_4 ∈ |0..10|11 []) + 34·(x_5 ∈ |0..10|11 []) + (x_6 ∈ |0..10|11 []) + 38·(x_7 ∈ |0..10|11 []) + 29·(x_8 ∈ |0..10|11 []) + 13·(x_9 ∈ |0..10|11 []) + 14·(x_10 ∈ |0..10|11 []) ≤ 1340
	w98:	34·(x_1 ∈ |0..10|11 []) + 43·(x_2 ∈ |0..10|11 []) + 38·(x_3 ∈ |0..10|11 []) + 47·(x_4 ∈ |0..10|11 []) + 3·(x_5 ∈ |0..10|11 []) + 13·(x_6 ∈ |0..10|11 []) + 33·(x_7 ∈ |0..10|11 []) + 44·(x_8 ∈ |0..10|11 []) + 21·(x_9 ∈ |0..10|11 []) + 41·(x_10 ∈ |0..10|11 []) ≤ 1870
	w99:	33·(x_1 ∈ |0..10|11 []) + 26·(x_2 ∈ |0..10|11 []) + 2·(x_3 ∈ |0..10|11 []) + 35·(x_4 ∈ |0..10|11 []) + 32·(x_5 ∈ |0..10|11 []) + 47·(x_6 ∈ |0..10|11 []) + 7·(x_7 ∈ |0..10|11 []) + 28·(x_8 ∈ |0..10|11 []) + 49·(x_9 ∈ |0..10|11 []) + 24·(x_10 ∈ |0..10|11 []) ≤ 1670
	w100:	26·(x_1 ∈ |0..10|11 []) + 49·(x_2 ∈ |0..10|11 []) + 44·(x_3 ∈ |0..10|11 []) + 32·(x_4 ∈ |0..10|11 []) + 43·(x_5 ∈ |0..10|11 []) + 4·(x_6 ∈ |0..10|11 []) + 20·(x_7 ∈ |0..10|11 []) + 7·(x_8 ∈ |0..10|11 []) + 46·(x_9 ∈ |0..10|11 []) + 32·(x_10 ∈ |0..10|11 []) ≤ 1790
	w101:	31·(x_1 ∈ |0..10|11 []) + 26·(x_2 ∈ |0..10|11 []) + 8·(x_3 ∈ |0..10|11 []) + (x_4 ∈ |0..10|11 []) + 49·(x_5 ∈ |0..10|11 []) + 32·(x_6 ∈ |0..10|11 []) + (x_7 ∈ |0..10|11 []) + 43·(x_8 ∈ |0..10|11 []) + 38·(x_9 ∈ |0..10|11 []) + 40·(x_10 ∈ |0..10|11 []) ≤ 1590
	w102:	17·(x_1 ∈ |0..10|11 []) + 23·(x_2 ∈ |0..10|11 []) + 45·(x_3 ∈ |0..10|11 []) + 13·(x_4 ∈ |0..10|11 []) + 42·(x_5 ∈ |0..10|11 []) + (x_6 ∈ |0..10|11 []) + 14·(x_7 ∈ |0..10|11 []) + 20·(x_8 ∈ |0..10|11 []) + 35·(x_9 ∈ |0..10|11 []) + 40·(x_10 ∈ |0..10|11 []) ≤ 1480
	w103:	48·(x_1 ∈ |0..10|11 []) + 36·(x_2 ∈ |0..10|11 []) + 4·(x_3 ∈ |0..10|11 []) + 35·(x_4 ∈ |0..10|11 []) + 34·(x_5 ∈ |0..10|11 []) + 27·(x_6 ∈ |0..10|11 []) + 35·(x_7 ∈ |0..10|11 []) + 45·(x_8 ∈ |0..10|11 []) + 20·(x_9 ∈ |0..10|11 []) + 36·(x_10 ∈ |0..10|11 []) ≤ 1890
	w104:	15·(x_1 ∈ |0..10|11 []) + 45·(x_2 ∈ |0..10|11 []) + 8·(x_3 ∈ |0..10|11 []) + 30·(x_4 ∈ |0..10|11 []) + 13·(x_5 ∈ |0..10|11 []) + 20·(x_6 ∈ |0..10|11 []) + 14·(x_7 ∈ |0..10|11 []) + 8·(x_8 ∈ |0..10|11 []) + 41·(x_9 ∈ |0..10|11 []) + 15·(x_10 ∈ |0..10|11 []) ≤ 1230
	w105:	23·(x_1 ∈ |0..10|11 []) + 43·(x_2 ∈ |0..10|11 []) + 11·(x_3 ∈ |0..10|11 []) + 49·(x_4 ∈ |0..10|11 []) + 48·(x_5 ∈ |0..10|11 []) + 29·(x_6 ∈ |0..10|11 []) + 27·(x_7 ∈ |0..10|11 []) + 29·(x_8 ∈ |0..10|11 []) + 16·(x_9 ∈ |0..10|11 []) + 32·(x_10 ∈ |0..10|11 []) ≤ 1810
	w106:	37·(x_1 ∈ |0..10|11 []) + 9·(x_2 ∈ |0..10|11 []) + 48·(x_3 ∈ |0..10|11 []) + 15·(x_4 ∈ |0..10|11 []) + 40·(x_5 ∈ |0..10|11 []) + 41·(x_6 ∈ |0..10|11 []) + 41·(x_7 ∈ |0..10|11 []) + 41·(x_8 ∈ |0..10|11 []) + 35·(x_9 ∈ |0..10|11 []) + 48·(x_10 ∈ |0..10|11 []) ≤ 2100
	w107:	31·(x_1 ∈ |0..10|11 []) + 45·(x_2 ∈ |0..10|11 []) + 38·(x_3 ∈ |0..10|11 []) + 22·(x_4 ∈ |0..10|11 []) + 38·(x_5 ∈ |0..10|11 []) + 43·(x_6 ∈ |0..10|11 []) + 33·(x_7 ∈ |0..10|11 []) + 39·(x_8 ∈ |0..10|11 []) + 21·(x_9 ∈ |0..10|11 []) + 27·(x_10 ∈ |0..10|11 []) ≤ 1990
	w108:	45·(x_1 ∈ |0..10|11 []) + 21·(x_2 ∈ |0..10|11 []) + 7·(x_3 ∈ |0..10|11 []) + 34·(x_4 ∈ |0..10|11 []) + 9·(x_5 ∈ |0..10|11 []) + 34·(x_6 ∈ |0..10|11 []) + 30·(x_7 ∈ |0..10|11 []) + 44·(x_8 ∈ |0..10|11 []) + 3·(x_9 ∈ |0..10|11 []) + 9·(x_10 ∈ |0..10|11 []) ≤ 1390
	w109:	26·(x_1 ∈ |0..10|11 []) + 45·(x_2 ∈ |0..10|11 []) + (x_3 ∈ |0..10|11 []) + 37·(x_4 ∈ |0..10|11 []) + 15·(x_5 ∈ |0..10|11 []) + 22·(x_6 ∈ |0..10|11 []) + 41·(x_7 ∈ |0..10|11 []) + 47·(x_8 ∈ |0..10|11 []) + 30·(x_9 ∈ |0..10|11 []) + 49·(x_10 ∈ |0..10|11 []) ≤ 1850
	w110:	27·(x_1 ∈ |0..10|11 []) + 32·(x_2 ∈ |0..10|11 []) + 45·(x_3 ∈ |0..10|11 []) + 16·(x_4 ∈ |0..10|11 []) + 31·(x_5 ∈ |0..10|11 []) + 37·(x_6 ∈ |0..10|11 []) + 3·(x_7 ∈ |0..10|11 []) + 10·(x_8 ∈ |0..10|11 []) + (x_9 ∈ |0..10|11 []) + 25·(x_10 ∈ |0..10|11 []) ≤ 1340
	w111:	3·(x_1 ∈ |0..10|11 []) + 45·(x_2 ∈ |0..10|11 []) + 21·(x_3 ∈ |0..10|11 []) + 28·(x_4 ∈ |0..10|11 []) + 14·(x_5 ∈ |0..10|11 []) + 3·(x_6 ∈ |0..10|11 []) + 35·(x_7 ∈ |0..10|11 []) + 19·(x_8 ∈ |0..10|11 []) + 3·(x_9 ∈ |0..10|11 []) + 11·(x_10 ∈ |0..10|11 []) ≤ 1070
	w112:	44·(x_1 ∈ |0..10|11 []) + 24·(x_2 ∈ |0..10|11 []) + 46·(x_3 ∈ |0..10|11 []) + 5·(x_4 ∈ |0..10|11 []) + 31·(x_5 ∈ |0..10|11 []) + 6·(x_6 ∈ |0..10|11 []) + 2·(x_7 ∈ |0..10|11 []) + 13·(x_8 ∈ |0..10|11 []) + 44·(x_9 ∈ |0..10|11 []) + 4·(x_10 ∈ |0..10|11 []) ≤ 1290
	w113:	37·(x_1 ∈ |0..10|11 []) + 30·(x_2 ∈ |0..10|11 []) + 30·(x_3 ∈ |0..10|11 []) + 13·(x_4 ∈ |0..10|11 []) + 29·(x_5 ∈ |0..10|11 []) + 32·(x_6 ∈ |0..10|11 []) + 39·(x_7 ∈ |0..10|11 []) + 39·(x_8 ∈ |0..10|11 []) + 45·(x_9 ∈ |0..10|11 []) + 38·(x_10 ∈ |0..10|11 []) ≤ 1960
	w114:	11·(x_1 ∈ |0..10|11 []) + 16·(x_2 ∈ |0..10|11 []) + 7·(x_3 ∈ |0..10|11 []) + 2·(x_4 ∈ |0..10|11 []) + 47·(x_5 ∈ |0..10|11 []) + 23·(x_6 ∈ |0..10|11 []) + 22·(x_7 ∈ |0..10|11 []) + 6·(x_8 ∈ |0..10|11 []) + 7·(x_9 ∈ |0..10|11 []) + 36·(x_10 ∈ |0..10|11 []) ≤ 1040
	w115:	37·(x_1 ∈ |0..10|11 []) + 35·(x_2 ∈ |0..10|11 []) + 42·(x_3 ∈ |0..10|11 []) + 45·(x_4 ∈ |0..10|11 []) + 23·(x_5 ∈ |0..10|11 []) + 44·(x_6 ∈ |0..10|11 []) + 21·(x_7 ∈ |0..10|11 []) + 35·(x_8 ∈ |0..10|11 []) + 29·(x_9 ∈ |0..10|11 []) + 20·(x_10 ∈ |0..10|11 []) ≤ 1950
	w116:	12·(x_1 ∈ |0..10|11 []) + 30·(x_2 ∈ |0..10|11 []) + 29·(x_3 ∈ |0..10|11 []) + 41·(x_4 ∈ |0..10|11 []) + 24·(x_5 ∈ |0..10|11 []) + 2·(x_6 ∈ |0..10|11 []) + 45·(x_7 ∈ |0..10|11 []) + 20·(x_8 ∈ |0..10|11 []) + 4·(x_9 ∈ |0..10|11 []) + 24·(x_10 ∈ |0..10|11 []) ≤ 1360
	w117:	13·(x_1 ∈ |0..10|11 []) + 23·(x_2 ∈ |0..10|11 []) + 3·(x_3 ∈ |0..10|11 []) + 16·(x_4 ∈ |0..10|11 []) + (x_5 ∈ |0..10|11 []) + 16·(x_6 ∈ |0..10|11 []) + 11·(x_7 ∈ |0..10|11 []) + 12·(x_8 ∈ |0..10|11 []) + 6·(x_9 ∈ |0..10|11 []) + 16·(x_10 ∈ |0..10|11 []) ≤ 690
	w118:	42·(x_1 ∈ |0..10|11 []) + 33·(x_2 ∈ |0..10|11 []) + 44·(x_3 ∈ |0..10|11 []) + 35·(x_4 ∈ |0..10|11 []) + 38·(x_5 ∈ |0..10|11 []) + 25·(x_6 ∈ |0..10|11 []) + 47·(x_7 ∈ |0..10|11 []) + 15·(x_8 ∈ |0..10|11 []) + 45·(x_9 ∈ |0..10|11 []) + 11·(x_10 ∈ |0..10|11 []) ≤ 1980
	w119:	43·(x_1 ∈ |0..10|11 []) + 26·(x_2 ∈ |0..10|11 []) + 30·(x_3 ∈ |0..10|11 []) + 7·(x_4 ∈ |0..10|11 []) + 47·(x_5 ∈ |0..10|11 []) + 29·(x_6 ∈ |0..10|11 []) + 9·(x_7 ∈ |0..10|11 []) + 6·(x_8 ∈ |0..10|11 []) + 5·(x_9 ∈ |0..10|11 []) + 5·(x_10 ∈ |0..10|11 []) ≤ 1220
	w120:	13·(x_1 ∈ |0..10|11 []) + 16·(x_2 ∈ |0..10|11 []) + 16·(x_3 ∈ |0..10|11 []) + 26·(x_4 ∈ |0..10|11 []) + 42·(x_5 ∈ |0..10|11 []) + 35·(x_6 ∈ |0..10|11 []) + 27·(x_7 ∈ |0..10|11 []) + 4·(x_8 ∈ |0..10|11 []) + 11·(x_9 ∈ |0..10|11 []) + 36·(x_10 ∈ |0..10|11 []) ≤ 1330
	w121:	37·(x_1 ∈ |0..10|11 []) + 22·(x_2 ∈ |0..10|11 []) + 46·(x_3 ∈ |0..10|11 []) + 13·(x_4 ∈ |0..10|11 []) + 22·(x_5 ∈ |0..10|11 []) + 23·(x_6 ∈ |0..10|11 []) + 29·(x_7 ∈ |0..10|11 []) + 45·(x_8 ∈ |0..10|11 []) + 43·(x_9 ∈ |0..10|11 []) + 39·(x_10 ∈ |0..10|11 []) ≤ 1880
	w122:	3·(x_1 ∈ |0..10|11 []) + 11·(x_2 ∈ |0..10|11 []) + 7·(x_3 ∈ |0..10|11 []) + 36·(x_4 ∈ |0..10|11 []) + 7·(x_5 ∈ |0..10|11 []) + 25·(x_6 ∈ |0..10|11 []) + 22·(x_7 ∈ |0..10|11 []) + 45·(x_8 ∈ |0..10|11 []) + 11·(x_9 ∈ |0..10|11 []) + 45·(x_10 ∈ |0..10|11 []) ≤ 1250
	w123:	32·(x_1 ∈ |0..10|11 []) + 43·(x_2 ∈ |0..10|11 []) + 6·(x_3 ∈ |0..10|11 []) + 24·(x_4 ∈ |0..10|11 []) + 30·(x_5 ∈ |0..10|11 []) + 25·(x_6 ∈ |0..10|11 []) + 30·(x_7 ∈ |0..10|11 []) + 37·(x_8 ∈ |0..10|11 []) + 6·(x_9 ∈ |0..10|11 []) + 22·(x_10 ∈ |0..10|11 []) ≤ 1500
	w124:	11·(x_1 ∈ |0..10|11 []) + 8·(x_2 ∈ |0..10|11 []) + 18·(x_3 ∈ |0..10|11 []) + 39·(x_4 ∈ |0..10|11 []) + 35·(x_5 ∈ |0..10|11 []) + 20·(x_6 ∈ |0..10|11 []) + 3·(x_7 ∈ |0..10|11 []) + 4·(x_8 ∈ |0..10|11 []) + 3·(x_9 ∈ |0..10|11 []) + 22·(x_10 ∈ |0..10|11 []) ≤ 960
	w125:	39·(x_1 ∈ |0..10|11 []) + 15·(x_2 ∈ |0..10|11 []) + 46·(x_3 ∈ |0..10|11 []) + 40·(x_4 ∈ |0..10|11 []) + 10·(x_5 ∈ |0..10|11 []) + 16·(x_6 ∈ |0..10|11 []) + 26·(x_7 ∈ |0..10|11 []) + 20·(x_8 ∈ |0..10|11 []) + 35·(x_9 ∈ |0..10|11 []) + 8·(x_10 ∈ |0..10|11 []) ≤ 1500
	w126:	39·(x_1 ∈ |0..10|11 []) + 20·(x_2 ∈ |0..10|11 []) + 21·(x_3 ∈ |0..10|11 []) + 39·(x_4 ∈ |0..10|11 []) + 18·(x_5 ∈ |0..10|11 []) + 2·(x_6 ∈ |0..10|11 []) + 41·(x_7 ∈ |0..10|11 []) + 40·(x_8 ∈ |0..10|11 []) + 15·(x_9 ∈ |0..10|11 []) + 42·(x_10 ∈ |0..10|11 []) ≤ 1630
	w127:	9·(x_1 ∈ |0..10|11 []) + 21·(x_2 ∈ |0..10|11 []) + (x_3 ∈ |0..10|11 []) + 33·(x_4 ∈ |0..10|11 []) + 35·(x_5 ∈ |0..10|11 []) + 7·(x_6 ∈ |0..10|11 []) + 3·(x_7 ∈ |0..10|11 []) + 8·(x_8 ∈ |0..10|11 []) + 31·(x_9 ∈ |0..10|11 []) + 20·(x_10 ∈ |0..10|11 []) ≤ 990
	w128:	14·(x_1 ∈ |0..10|11 []) + 47·(x_2 ∈ |0..10|11 []) + 32·(x_3 ∈ |0..10|11 []) + 27·(x_4 ∈ |0..10|11 []) + (x_5 ∈ |0..10|11 []) + 39·(x_6 ∈ |0..10|11 []) + 40·(x_7 ∈ |0..10|11 []) + 48·(x_8 ∈ |0..10|11 []) + 16·(x_9 ∈ |0..10|11 []) + 14·(x_10 ∈ |0..10|11 []) ≤ 1640
	w129:	12·(x_1 ∈ |0..10|11 []) + 49·(x_2 ∈ |0..10|11 []) + 3·(x_3 ∈ |0..10|11 []) + 19·(x_4 ∈ |0..10|11 []) + 6·(x_5 ∈ |0..10|11 []) + 44·(x_6 ∈ |0..10|11 []) + 20·(x_7 ∈ |0..10|11 []) + 8·(x_8 ∈ |0..10|11 []) + 5·(x_9 ∈ |0..10|11 []) + 41·(x_10 ∈ |0..10|11 []) ≤ 1220
	w130:	10·(x_1 ∈ |0..10|11 []) + 27·(x_2 ∈ |0..10|11 []) + 4·(x_3 ∈ |0..10|11 []) + 34·(x_4 ∈ |0..10|11 []) + 35·(x_5 ∈ |0..10|11 []) + 40·(x_6 ∈ |0..10|11 []) + 24·(x_7 ∈ |0..10|11 []) + 7·(x_8 ∈ |0..10|11 []) + 47·(x_9 ∈ |0..10|11 []) + 21·(x_10 ∈ |0..10|11 []) ≤ 1470
	w131:	9·(x_1 ∈ |0..10|11 []) + 2·(x_2 ∈ |0..10|11 []) + 37·(x_3 ∈ |0..10|11 []) + 29·(x_4 ∈ |0..10|11 []) + (x_5 ∈ |0..10|11 []) + 33·(x_6 ∈ |0..10|11 []) + 38·(x_7 ∈ |0..10|11 []) + 31·(x_8 ∈ |0..10|11 []) + (x_9 ∈ |0..10|11 []) + 35·(x_10 ∈ |0..10|11 []) ≤ 1270
	w132:	49·(x_1 ∈ |0..10|11 []) + 16·(x_2 ∈ |0..10|11 []) + 27·(x_3 ∈ |0..10|11 []) + 43·(x_4 ∈ |0..10|11 []) + 25·(x_5 ∈ |0..10|11 []) + 25·(x_6 ∈ |0..10|11 []) + 22·(x_7 ∈ |0..10|11 []) + 42·(x_8 ∈ |0..10|11 []) + 3·(x_9 ∈ |0..10|11 []) + 37·(x_10 ∈ |0..10|11 []) ≤ 1710
	w133:	25·(x_1 ∈ |0..10|11 []) + 13·(x_2 ∈ |0..10|11 []) + 7·(x_3 ∈ |0..10|11 []) + 21·(x_4 ∈ |0..10|11 []) + 16·(x_5 ∈ |0..10|11 []) + 14·(x_6 ∈ |0..10|11 []) + 14·(x_7 ∈ |0..10|11 []) + (x_8 ∈ |0..10|11 []) + 38·(x_9 ∈ |0..10|11 []) + 6·(x_10 ∈ |0..10|11 []) ≤ 910
	w134:	35·(x_1 ∈ |0..10|11 []) + 39·(x_2 ∈ |0..10|11 []) + 34·(x_3 ∈ |0..10|11 []) + 35·(x_4 ∈ |0..10|11 []) + 38·(x_5 ∈ |0..10|11 []) + 28·(x_6 ∈ |0..10|11 []) + (x_7 ∈ |0..10|11 []) + 27·(x_8 ∈ |0..10|11 []) + 2·(x_9 ∈ |0..10|11 []) + 10·(x_10 ∈ |0..10|11 []) ≤ 1470
	w135:	26·(x_1 ∈ |0..10|11 []) + 33·(x_2 ∈ |0..10|11 []) + 40·(x_3 ∈ |0..10|11 []) + 12·(x_4 ∈ |0..10|11 []) + 17·(x_5 ∈ |0..10|11 []) + 2·(x_6 ∈ |0..10|11 []) + 44·(x_7 ∈ |0..10|11 []) + 6·(x_8 ∈ |0..10|11 []) + 15·(x_9 ∈ |0..10|11 []) + 45·(x_10 ∈ |0..10|11 []) ≤ 1420
	w136:	3·(x_1 ∈ |0..10|11 []) + 32·(x_2 ∈ |0..10|11 []) + 21·(x_3 ∈ |0..10|11 []) + 36·(x_4 ∈ |0..10|11 []) + 29·(x_5 ∈ |0..10|11 []) + 48·(x_6 ∈ |0..10|11 []) + 14·(x_7 ∈ |0..10|11 []) + 46·(x_8 ∈ |0..10|11 []) + 42·(x_9 ∈ |0..10|11 []) + 25·(x_10 ∈ |0..10|11 []) ≤ 1750
	w137:	31·(x_1 ∈ |0..10|11 []) + 24·(x_2 ∈ |0..10|11 []) + 10·(x_3 ∈ |0..10|11 []) + 12·(x_4 ∈ |0..10|11 []) + 28·(x_5 ∈ |0..10|11 []) + 32·(x_6 ∈ |0..10|11 []) + 24·(x_7 ∈ |0..10|11 []) + 42·(x_8 ∈ |0..10|11 []) + 4·(x_9 ∈ |0..10|11 []) + 21·(x_10 ∈ |0..10|11 []) ≤ 1340
	w138:	44·(x_1 ∈ |0..10|11 []) + 14·(x_2 ∈ |0..10|11 []) + 22·(x_3 ∈ |0..10|11 []) + 31·(x_4 ∈ |0..10|11 []) + 44·(x_5 ∈ |0..10|11 []) + 29·(x_6 ∈ |0..10|11 []) + 7·(x_7 ∈ |0..10|11 []) + 6·(x_8 ∈ |0..10|11 []) + 12·(x_9 ∈ |0..10|11 []) + 6·(x_10 ∈ |0..10|11 []) ≤ 1270
	w139:	45·(x_1 ∈ |0..10|11 []) + 2·(x_2 ∈ |0..10|11 []) + 36·(x_3 ∈ |0..10|11 []) + 24·(x_4 ∈ |0..10|11 []) + 45·(x_5 ∈ |0..10|11 []) + 29·(x_6 ∈ |0..10|11 []) + 20·(x_7 ∈ |0..10|11 []) + 42·(x_8 ∈ |0..10|11 []) + 31·(x_9 ∈ |0..10|11 []) + 5·(x_10 ∈ |0..10|11 []) ≤ 1650
	w140:	23·(x_1 ∈ |0..10|11 []) + 23·(x_2 ∈ |0..10|11 []) + 40·(x_3 ∈ |0..10|11 []) + 46·(x_4 ∈ |0..10|11 []) + 41·(x_5 ∈ |0..10|11 []) + 6·(x_6 ∈ |0..10|11 []) + 17·(x_7 ∈ |0..10|11 []) + 2·(x_8 ∈ |0..10|11 []) + 24·(x_9 ∈ |0..10|11 []) + 7·(x_10 ∈ |0..10|11 []) ≤ 1350
	w141:	44·(x_1 ∈ |0..10|11 []) + 3·(x_2 ∈ |0..10|11 []) + 17·(x_3 ∈ |0..10|11 []) + 35·(x_4 ∈ |0..10|11 []) + 34·(x_5 ∈ |0..10|11 []) + 13·(x_6 ∈ |0..10|11 []) + 40·(x_7 ∈ |0..10|11 []) + 17·(x_8 ∈ |0..10|11 []) + 29·(x_9 ∈ |0..10|11 []) + 16·(x_10 ∈ |0..10|11 []) ≤ 1460
	w142:	8·(x_1 ∈ |0..10|11 []) + 42·(x_2 ∈ |0..10|11 []) + 7·(x_3 ∈ |0..10|11 []) + 8·(x_4 ∈ |0..10|11 []) + 27·(x_5 ∈ |0..10|11 []) + 35·(x_6 ∈ |0..10|11 []) + 7·(x_7 ∈ |0..10|11 []) + 21·(x_8 ∈ |0..10|11 []) + 3·(x_9 ∈ |0..10|11 []) + 11·(x_10 ∈ |0..10|11 []) ≤ 1000
	w143:	41·(x_1 ∈ |0..10|11 []) + 25·(x_2 ∈ |0..10|11 []) + 22·(x_3 ∈ |0..10|11 []) + 4·(x_4 ∈ |0..10|11 []) + 2·(x_5 ∈ |0..10|11 []) + 12·(x_6 ∈ |0..10|11 []) + 15·(x_7 ∈ |0..10|11 []) + 16·(x_8 ∈ |0..10|11 []) + 8·(x_9 ∈ |0..10|11 []) + 14·(x_10 ∈ |0..10|11 []) ≤ 940
	w144:	6·(x_1 ∈ |0..10|11 []) + 40·(x_2 ∈ |0..10|11 []) + 27·(x_3 ∈ |0..10|11 []) + 21·(x_4 ∈ |0..10|11 []) + 39·(x_5 ∈ |0..10|11 []) + 12·(x_6 ∈ |0..10|11 []) + 40·(x_7 ∈ |0..10|11 []) + 3·(x_8 ∈ |0..10|11 []) + 35·(x_9 ∈ |0..10|11 []) + 29·(x_10 ∈ |0..10|11 []) ≤ 1490
	w145:	45·(x_1 ∈ |0..10|11 []) + 27·(x_2 ∈ |0..10|11 []) + 20·(x_3 ∈ |0..10|11 []) + 22·(x_4 ∈ |0..10|11 []) + 41·(x_5 ∈ |0..10|11 []) + 38·(x_6 ∈ |0..10|11 []) + 29·(x_7 ∈ |0..10|11 []) + 25·(x_8 ∈ |0..10|11 []) + 20·(x_9 ∈ |0..10|11 []) + 37·(x_10 ∈ |0..10|11 []) ≤ 1790
	w146:	32·(x_1 ∈ |0..10|11 []) + 45·(x_2 ∈ |0..10|11 []) + 12·(x_3 ∈ |0..10|11 []) + 30·(x_4 ∈ |0..10|11 []) + 30·(x_5 ∈ |0..10|11 []) + (x_6 ∈ |0..10|11 []) + 39·(x_7 ∈ |0..10|11 []) + 18·(x_8 ∈ |0..10|11 []) + 46·(x_9 ∈ |0..10|11 []) + 30·(x_10 ∈ |0..10|11 []) ≤ 1670
	w147:	13·(x_1 ∈ |0..10|11 []) + 40·(x_2 ∈ |0..10|11 []) + 23·(x_3 ∈ |0..10|11 []) + 25·(x_4 ∈ |0..10|11 []) + (x_5 ∈ |0..10|11 []) + 48·(x_6 ∈ |0..10|11 []) + 19·(x_7 ∈ |0..10|11 []) + 21·(x_8 ∈ |0..10|11 []) + 10·(x_9 ∈ |0..10|11 []) + 46·(x_10 ∈ |0..10|11 []) ≤ 1450
	w148:	23·(x_1 ∈ |0..10|11 []) + 29·(x_2 ∈ |0..10|11 []) + 23·(x_3 ∈ |0..10|11 []) + 13·(x_4 ∈ |0..10|11 []) + 34·(x_5 ∈ |0..10|11 []) + 27·(x_6 ∈ |0..10|11 []) + 11·(x_7 ∈ |0..10|11 []) + 30·(x_8 ∈ |0..10|11 []) + 36·(x_9 ∈ |0..10|11 []) + 40·(x_10 ∈ |0..10|11 []) ≤ 1570
	w149:	15·(x_1 ∈ |0..10|11 []) + 18·(x_2 ∈ |0..10|11 []) + 48·(x_3 ∈ |0..10|11 []) + 49·(x_4 ∈ |0..10|11 []) + 10·(x_5 ∈ |0..10|11 []) + 31·(x_6 ∈ |0..10|11 []) + 12·(x_7 ∈ |0..10|11 []) + 37·(x_8 ∈ |0..10|11 []) + 4·(x_9 ∈ |0..10|11 []) + 37·(x_10 ∈ |0..10|11 []) ≤ 1540
	w150:	45·(x_1 ∈ |0..10|11 []) + 39·(x_2 ∈ |0..10|11 []) + 31·(x_3 ∈ |0..10|11 []) + 13·(x_4 ∈ |0..10|11 []) + 48·(x_5 ∈ |0..10|11 []) + 43·(x_6 ∈ |0..10|11 []) + 7·(x_7 ∈ |0..10|11 []) + 7·(x_8 ∈ |0..10|11 []) + 15·(x_9 ∈ |0..10|11 []) + 17·(x_10 ∈ |0..10|11 []) ≤ 1560
	w151:	19·(x_1 ∈ |0..10|11 []) + 10·(x_2 ∈ |0..10|11 []) + 7·(x_3 ∈ |0..10|11 []) + 2·(x_4 ∈ |0..10|11 []) + 44·(x_5 ∈ |0..10|11 []) + 27·(x_6 ∈ |0..10|11 []) + 19·(x_7 ∈ |0..10|11 []) + 30·(x_8 ∈ |0..10|11 []) + 47·(x_9 ∈ |0..10|11 []) + 37·(x_10 ∈ |0..10|11 []) ≤ 1430
	w152:	33·(x_1 ∈ |0..10|11 []) + 17·(x_2 ∈ |0..10|11 []) + 23·(x_3 ∈ |0..10|11 []) + 47·(x_4 ∈ |0..10|11 []) + 42·(x_5 ∈ |0..10|11 []) + 8·(x_6 ∈ |0..10|11 []) + 28·(x_7 ∈ |0..10|11 []) + 2·(x_8 ∈ |0..10|11 []) + 2·(x_9 ∈ |0..10|11 []) + 38·(x_10 ∈ |0..10|11 []) ≤ 1420
	w153:	28·(x_1 ∈ |0..10|11 []) + 39·(x_2 ∈ |0..10|11 []) + 46·(x_3 ∈ |0..10|11 []) + 46·(x_4 ∈ |0..10|11 []) + 3·(x_5 ∈ |0..10|11 []) + (x_6 ∈ |0..10|11 []) + 47·(x_7 ∈ |0..10|11 []) + 14·(x_8 ∈ |0..10|11 []) + 7·(x_9 ∈ |0..10|11 []) + 40·(x_10 ∈ |0..10|11 []) ≤ 1600
	w154:	32·(x_1 ∈ |0..10|11 []) + 22·(x_2 ∈ |0..10|11 []) + 23·(x_3 ∈ |0..10|11 []) + 30·(x_4 ∈ |0..10|11 []) + 19·(x_5 ∈ |0..10|11 []) + 13·(x_6 ∈ |0..10|11 []) + 42·(x_7 ∈ |0..10|11 []) + 42·(x_8 ∈ |0..10|11 []) + 3·(x_9 ∈ |0..10|11 []) + 29·(x_10 ∈ |0..10|11 []) ≤ 1500
	w155:	23·(x_1 ∈ |0..10|11 []) + 34·(x_2 ∈ |0..10|11 []) + 7·(x_3 ∈ |0..10|11 []) + 6·(x_4 ∈ |0..10|11 []) + (x_5 ∈ |0..10|11 []) + 35·(x_6 ∈ |0..10|11 []) + 7·(x_7 ∈ |0..10|11 []) + 7·(x_8 ∈ |0..10|11 []) + 47·(x_9 ∈ |0..10|11 []) + 18·(x_10 ∈ |0..10|11 []) ≤ 1090
	w156:	14·(x_1 ∈ |0..10|11 []) + 9·(x_2 ∈ |0..10|11 []) + 40·(x_3 ∈ |0..10|11 []) + 49·(x_4 ∈ |0..10|11 []) + 30·(x_5 ∈ |0..10|11 []) + 13·(x_6 ∈ |0..10|11 []) + 21·(x_7 ∈ |0..10|11 []) + 43·(x_8 ∈ |0..10|11 []) + 4·(x_9 ∈ |0..10|11 []) + 40·(x_10 ∈ |0..10|11 []) ≤ 1550
	w157:	17·(x_1 ∈ |0..10|11 []) + 44·(x_2 ∈ |0..10|11 []) + 13·(x_3 ∈ |0..10|11 []) + 41·(x_4 ∈ |0..10|11 []) + 5·(x_5 ∈ |0..10|11 []) + 19·(x_6 ∈ |0..10|11 []) + 44·(x_7 ∈ |0..10|11 []) + 36·(x_8 ∈ |0..10|11 []) + 17·(x_9 ∈ |0..10|11 []) + 2·(x_10 ∈ |0..10|11 []) ≤ 1400
	w158:	46·(x_1 ∈ |0..10|11 []) + 36·(x_2 ∈ |0..10|11 []) + 40·(x_3 ∈ |0..10|11 []) + 25·(x_4 ∈ |0..10|11 []) + 38·(x_5 ∈ |0..10|11 []) + 29·(x_6 ∈ |0..10|11 []) + (x_7 ∈ |0..10|11 []) + 24·(x_8 ∈ |0..10|11 []) + 18·(x_9 ∈ |0..10|11 []) + 5·(x_10 ∈ |0..10|11 []) ≤ 1550
	w159:	45·(x_1 ∈ |0..10|11 []) + 42·(x_2 ∈ |0..10|11 []) + 26·(x_3 ∈ |0..10|11 []) + 7·(x_4 ∈ |0..10|11 []) + 22·(x_5 ∈ |0..10|11 []) + 2·(x_6 ∈ |0..10|11 []) + 30·(x_7 ∈ |0..10|11 []) + 47·(x_8 ∈ |0..10|11 []) + 23·(x_9 ∈ |0..10|11 []) + 27·(x_10 ∈ |0..10|11 []) ≤ 1600
	w160:	6·(x_1 ∈ |0..10|11 []) + 20·(x_2 ∈ |0..10|11 []) + 18·(x_3 ∈ |0..10|11 []) + 44·(x_4 ∈ |0..10|11 []) + 4·(x_5 ∈ |0..10|11 []) + 10·(x_6 ∈ |0..10|11 []) + 25·(x_7 ∈ |0..10|11 []) + 11·(x_8 ∈ |0..10|11 []) + 41·(x_9 ∈ |0..10|11 []) + 47·(x_10 ∈ |0..10|11 []) ≤ 1330
	w161:	11·(x_1 ∈ |0..10|11 []) + 8·(x_2 ∈ |0..10|11 []) + 40·(x_3 ∈ |0..10|11 []) + 40·(x_4 ∈ |0..10|11 []) + 36·(x_5 ∈ |0..10|11 []) + 40·(x_6 ∈ |0..10|11 []) + 49·(x_7 ∈ |0..10|11 []) + 29·(x_8 ∈ |0..10|11 []) + 12·(x_9 ∈ |0..10|11 []) + 43·(x_10 ∈ |0..10|11 []) ≤ 1820
	w162:	39·(x_1 ∈ |0..10|11 []) + 45·(x_2 ∈ |0..10|11 []) + 33·(x_3 ∈ |0..10|11 []) + 36·(x_4 ∈ |0..10|11 []) + 9·(x_5 ∈ |0..10|11 []) + 3·(x_6 ∈ |0..10|11 []) + 30·(x_7 ∈ |0..10|11 []) + 8·(x_8 ∈ |0..10|11 []) + 32·(x_9 ∈ |0..10|11 []) + 45·(x_10 ∈ |0..10|11 []) ≤ 1650
	w163:	26·(x_1 ∈ |0..10|11 []) + 34·(x_2 ∈ |0..10|11 []) + 27·(x_3 ∈ |0..10|11 []) + 11·(x_4 ∈ |0..10|11 []) + 11·(x_5 ∈ |0..10|11 []) + 16·(x_6 ∈ |0..10|11 []) + 37·(x_7 ∈ |0..10|11 []) + 11·(x_8 ∈ |0..10|11 []) + 4·(x_9 ∈ |0..10|11 []) + 23·(x_10 ∈ |0..10|11 []) ≤ 1180
	w164:	26·(x_1 ∈ |0..10|11 []) + 24·(x_2 ∈ |0..10|11 []) + 47·(x_3 ∈ |0..10|11 []) + 27·(x_4 ∈ |0..10|11 []) + 44·(x_5 ∈ |0..10|11 []) + 12·(x_6 ∈ |0..10|11 []) + 44·(x_7 ∈ |0..10|11 []) + 16·(x_8 ∈ |0..10|11 []) + 15·(x_9 ∈ |0..10|11 []) + 8·(x_10 ∈ |0..10|11 []) ≤ 1550
	w165:	45·(x_1 ∈ |0..10|11 []) + 22·(x_2 ∈ |0..10|11 []) + 43·(x_3 ∈ |0..10|11 []) + 31·(x_4 ∈ |0..10|11 []) + 37·(x_5 ∈ |0..10|11 []) + 29·(x_6 ∈ |0..10|11 []) + 42·(x_7 ∈ |0..10|11 []) + 25·(x_8 ∈ |0..10|11 []) + 11·(x_9 ∈ |0..10|11 []) + 40·(x_10 ∈ |0..10|11 []) ≤ 1920
	w166:	45·(x_1 ∈ |0..10|11 []) + 40·(x_2 ∈ |0..10|11 []) + 22·(x_3 ∈ |0..10|11 []) + 32·(x_4 ∈ |0..10|11 []) + 36·(x_5 ∈ |0..10|11 []) + 45·(x_6 ∈ |0..10|11 []) + 19·(x_7 ∈ |0..10|11 []) + 29·(x_8 ∈ |0..10|11 []) + 5·(x_9 ∈ |0..10|11 []) + 48·(x_10 ∈ |0..10|11 []) ≤ 1900
	w167:	19·(x_1 ∈ |0..10|11 []) + 35·(x_2 ∈ |0..10|11 []) + 15·(x_3 ∈ |0..10|11 []) + 38·(x_4 ∈ |0..10|11 []) + 47·(x_5 ∈ |0..10|11 []) + 16·(x_6 ∈ |0..10|11 []) + 21·(x_7 ∈ |0..10|11 []) + 17·(x_8 ∈ |0..10|11 []) + 24·(x_9 ∈ |0..10|11 []) + 8·(x_10 ∈ |0..10|11 []) ≤ 1420
	w168:	22·(x_1 ∈ |0..10|11 []) + 26·(x_2 ∈ |0..10|11 []) + 28·(x_3 ∈ |0..10|11 []) + 45·(x_4 ∈ |0..10|11 []) + 29·(x_5 ∈ |0..10|11 []) + 10·(x_6 ∈ |0..10|11 []) + 32·(x_7 ∈ |0..10|11 []) + 8·(x_8 ∈ |0..10|11 []) + 15·(x_9 ∈ |0..10|11 []) + 25·(x_10 ∈ |0..10|11 []) ≤ 1420
	w169:	19·(x_1 ∈ |0..10|11 []) + 31·(x_2 ∈ |0..10|11 []) + 39·(x_3 ∈ |0..10|11 []) + 10·(x_4 ∈ |0..10|11 []) + 46·(x_5 ∈ |0..10|11 []) + 46·(x_6 ∈ |0..10|11 []) + 49·(x_7 ∈ |0..10|11 []) + 43·(x_8 ∈ |0..10|11 []) + 18·(x_9 ∈ |0..10|11 []) + 46·(x_10 ∈ |0..10|11 []) ≤ 2050
	w170:	2·(x_1 ∈ |0..10|11 []) + 8·(x_2 ∈ |0..10|11 []) + 49·(x_3 ∈ |0..10|11 []) + 38·(x_4 ∈ |0..10|11 []) + 5·(x_5 ∈ |0..10|11 []) + 3·(x_6 ∈ |0..10|11 []) + 13·(x_7 ∈ |0..10|11 []) + 37·(x_8 ∈ |0..10|11 []) + 48·(x_9 ∈ |0..10|11 []) + 12·(x_10 ∈ |0..10|11 []) ≤ 1270
	w171:	7·(x_1 ∈ |0..10|11 []) + 12·(x_2 ∈ |0..10|11 []) + 6·(x_3 ∈ |0..10|11 []) + 5·(x_4 ∈ |0..10|11 []) + 18·(x_5 ∈ |0..10|11 []) + 27·(x_6 ∈ |0..10|11 []) + 24·(x_7 ∈ |0..10|11 []) + 28·(x_8 ∈ |0..10|11 []) + 14·(x_9 ∈ |0..10|11 []) + 35·(x_10 ∈ |0..10|11 []) ≤ 1040
	w172:	3·(x_1 ∈ |0..10|11 []) + 29·(x_2 ∈ |0..10|11 []) + 38·(x_3 ∈ |0..10|11 []) + 38·(x_4 ∈ |0..10|11 []) + 4·(x_5 ∈ |0..10|11 []) + 15·(x_6 ∈ |0..10|11 []) + 7·(x_7 ∈ |0..10|11 []) + 23·(x_8 ∈ |0..10|11 []) + 25·(x_9 ∈ |0..10|11 []) + 22·(x_10 ∈ |0..10|11 []) ≤ 1200
	w173:	6·(x_1 ∈ |0..10|11 []) + 12·(x_2 ∈ |0..10|11 []) + 27·(x_3 ∈ |0..10|11 []) + 25·(x_4 ∈ |0..10|11 []) + 42·(x_5 ∈ |0..10|11 []) + 9·(x_6 ∈ |0..10|11 []) + 34·(x_7 ∈ |0..10|11 []) + 42·(x_8 ∈ |0..10|11 []) + 42·(x_9 ∈ |0..10|11 []) + 5·(x_10 ∈ |0..10|11 []) ≤ 1440
	w174:	4·(x_1 ∈ |0..10|11 []) + 43·(x_2 ∈ |0..10|11 []) + 3·(x_3 ∈ |0..10|11 []) + 40·(x_4 ∈ |0..10|11 []) + 35·(x_5 ∈ |0..10|11 []) + 8·(x_6 ∈ |0..10|11 []) + 6·(x_7 ∈ |0..10|11 []) + 4·(x_8 ∈ |0..10|11 []) + 29·(x_9 ∈ |0..10|11 []) + 49·(x_10 ∈ |0..10|11 []) ≤ 1300
	w175:	28·(x_1 ∈ |0..10|11 []) + 15·(x_2 ∈ |0..10|11 []) + 47·(x_3 ∈ |0..10|11 []) + 11·(x_4 ∈ |0..10|11 []) + 17·(x_5 ∈ |0..10|11 []) + 41·(x_6 ∈ |0..10|11 []) + 2·(x_7 ∈ |0..10|11 []) + 20·(x_8 ∈ |0..10|11 []) + 18·(x_9 ∈ |0..10|11 []) + 10·(x_10 ∈ |0..10|11 []) ≤ 1230
	w176:	35·(x_1 ∈ |0..10|11 []) + 10·(x_2 ∈ |0..10|11 []) + 9·(x_3 ∈ |0..10|11 []) + 30·(x_4 ∈ |0..10|11 []) + 44·(x_5 ∈ |0..10|11 []) + 46·(x_6 ∈ |0..10|11 []) + 23·(x_7 ∈ |0..10|11 []) + 8·(x_8 ∈ |0..10|11 []) + 3·(x_9 ∈ |0..10|11 []) + 12·(x_10 ∈ |0..10|11 []) ≤ 1300
	w177:	29·(x_1 ∈ |0..10|11 []) + 2·(x_2 ∈ |0..10|11 []) + 33·(x_3 ∈ |0..10|11 []) + 18·(x_4 ∈ |0..10|11 []) + 18·(x_5 ∈ |0..10|11 []) + 26·(x_6 ∈ |0..10|11 []) + 36·(x_7 ∈ |0..10|11 []) + 41·(x_8 ∈ |0..10|11 []) + 12·(x_9 ∈ |0..10|11 []) + 3·(x_10 ∈ |0..10|11 []) ≤ 1290
	w178:	27·(x_1 ∈ |0..10|11 []) + 44·(x_2 ∈ |0..10|11 []) + 23·(x_3 ∈ |0..10|11 []) + 2·(x_4 ∈ |0..10|11 []) + 14·(x_5 ∈ |0..10|11 []) + 35·(x_6 ∈ |0..10|11 []) + 23·(x_7 ∈ |0..10|11 []) + 22·(x_8 ∈ |0..10|11 []) + 47·(x_9 ∈ |0..10|11 []) + 49·(x_10 ∈ |0..10|11 []) ≤ 1690
	w179:	20·(x_1 ∈ |0..10|11 []) + 34·(x_2 ∈ |0..10|11 []) + 31·(x_3 ∈ |0..10|11 []) + 21·(x_4 ∈ |0..10|11 []) + 3·(x_5 ∈ |0..10|11 []) + 7·(x_6 ∈ |0..10|11 []) + 35·(x_7 ∈ |0..10|11 []) + 12·(x_8 ∈ |0..10|11 []) + 9·(x_9 ∈ |0..10|11 []) + 39·(x_10 ∈ |0..10|11 []) ≤ 1240
	w180:	10·(x_1 ∈ |0..10|11 []) + 17·(x_2 ∈ |0..10|11 []) + 38·(x_3 ∈ |0..10|11 []) + 16·(x_4 ∈ |0..10|11 []) + 6·(x_5 ∈ |0..10|11 []) + 38·(x_6 ∈ |0..10|11 []) + 39·(x_7 ∈ |0..10|11 []) + 15·(x_8 ∈ |0..10|11 []) + 46·(x_9 ∈ |0..10|11 []) + 12·(x_10 ∈ |0..10|11 []) ≤ 1400
	w181:	33·(x_1 ∈ |0..10|11 []) + 47·(x_2 ∈ |0..10|11 []) + 3·(x_3 ∈ |0..10|11 []) + 25·(x_4 ∈ |0..10|11 []) + 41·(x_5 ∈ |0..10|11 []) + 31·(x_6 ∈ |0..10|11 []) + 41·(x_7 ∈ |0..10|11 []) + 19·(x_8 ∈ |0..10|11 []) + 3·(x_9 ∈ |0..10|11 []) + 19·(x_10 ∈ |0..10|11 []) ≤ 1550
	w182:	6·(x_1 ∈ |0..10|11 []) + 5·(x_2 ∈ |0..10|11 []) + 14·(x_3 ∈ |0..10|11 []) + 9·(x_4 ∈ |0..10|11 []) + 32·(x_5 ∈ |0..10|11 []) + 23·(x_6 ∈ |0..10|11 []) + 33·(x_7 ∈ |0..10|11 []) + 21·(x_8 ∈ |0..10|11 []) + 14·(x_9 ∈ |0..10|11 []) + 3·(x_10 ∈ |0..10|11 []) ≤ 940
	w183:	49·(x_1 ∈ |0..10|11 []) + 3·(x_2 ∈ |0..10|11 []) + 35·(x_3 ∈ |0..10|11 []) + 12·(x_4 ∈ |0..10|11 []) + 15·(x_5 ∈ |0..10|11 []) + 46·(x_6 ∈ |0..10|11 []) + 30·(x_7 ∈ |0..10|11 []) + 12·(x_8 ∈ |0..10|11 []) + 7·(x_9 ∈ |0..10|11 []) + 34·(x_10 ∈ |0..10|11 []) ≤ 1430
	w184:	45·(x_1 ∈ |0..10|11 []) + 37·(x_2 ∈ |0..10|11 []) + 27·(x_3 ∈ |0..10|11 []) + 48·(x_4 ∈ |0..10|11 []) + 2·(x_5 ∈ |0..10|11 []) + 35·(x_6 ∈ |0..10|11 []) + 36·(x_7 ∈ |0..10|11 []) + 21·(x_8 ∈ |0..10|11 []) + 4·(x_9 ∈ |0..10|11 []) + 45·(x_10 ∈ |0..10|11 []) ≤ 1770
	w185:	4·(x_1 ∈ |0..10|11 []) + 17·(x_2 ∈ |0..10|11 []) + 19·(x_3 ∈ |0..10|11 []) + 10·(x_4 ∈ |0..10|11 []) + 14·(x_5 ∈ |0..10|11 []) + 40·(x_6 ∈ |0..10|11 []) + 46·(x_7 ∈ |0..10|11 []) + 45·(x_8 ∈ |0..10|11 []) + 36·(x_9 ∈ |0..10|11 []) + 44·(x_10 ∈ |0..10|11 []) ≤ 1620
	w186:	10·(x_1 ∈ |0..10|11 []) + 6·(x_2 ∈ |0..10|11 []) + 46·(x_3 ∈ |0..10|11 []) + 23·(x_4 ∈ |0..10|11 []) + (x_5 ∈ |0..10|11 []) + 43·(x_6 ∈ |0..10|11 []) + 30·(x_7 ∈ |0..10|11 []) + 24·(x_8 ∈ |0..10|11 []) + 44·(x_9 ∈ |0..10|11 []) + 31·(x_10 ∈ |0..10|11 []) ≤ 1520
	w187:	17·(x_1 ∈ |0..10|11 []) + 42·(x_2 ∈ |0..10|11 []) + 45·(x_3 ∈ |0..10|11 []) + 34·(x_4 ∈ |0..10|11 []) + 29·(x_5 ∈ |0..10|11 []) + 46·(x_6 ∈ |0..10|11 []) + 23·(x_7 ∈ |0..10|11 []) + 15·(x_8 ∈ |0..10|11 []) + 13·(x_9 ∈ |0..10|11 []) + 17·(x_10 ∈ |0..10|11 []) ≤ 1660
	w188:	29·(x_1 ∈ |0..10|11 []) + 39·(x_2 ∈ |0..10|11 []) + 36·(x_3 ∈ |0..10|11 []) + 4·(x_4 ∈ |0..10|11 []) + 22·(x_5 ∈ |0..10|11 []) + 27·(x_6 ∈ |0..10|11 []) + 33·(x_7 ∈ |0..10|11 []) + 44·(x_8 ∈ |0..10|11 []) + 2·(x_9 ∈ |0..10|11 []) + 12·(x_10 ∈ |0..10|11 []) ≤ 1460
	w189:	18·(x_1 ∈ |0..10|11 []) + 26·(x_2 ∈ |0..10|11 []) + 41·(x_3 ∈ |0..10|11 []) + 11·(x_4 ∈ |0..10|11 []) + 28·(x_5 ∈ |0..10|11 []) + 46·(x_6 ∈ |0..10|11 []) + 13·(x_7 ∈ |0..10|11 []) + 32·(x_8 ∈ |0..10|11 []) + 37·(x_9 ∈ |0..10|11 []) + 48·(x_10 ∈ |0..10|11 []) ≤ 1770
	w190:	39·(x_1 ∈ |0..10|11 []) + 14·(x_2 ∈ |0..10|11 []) + 48·(x_3 ∈ |0..10|11 []) + 27·(x_4 ∈ |0..10|11 []) + (x_5 ∈ |0..10|11 []) + 3·(x_6 ∈ |0..10|11 []) + 27·(x_7 ∈ |0..10|11 []) + 4·(x_8 ∈ |0..10|11 []) + 35·(x_9 ∈ |0..10|11 []) + 16·(x_10 ∈ |0..10|11 []) ≤ 1260
	w191:	43·(x_1 ∈ |0..10|11 []) + 5·(x_2 ∈ |0..10|11 []) + 11·(x_3 ∈ |0..10|11 []) + 47·(x_4 ∈ |0..10|11 []) + 32·(x_5 ∈ |0..10|11 []) + 8·(x_6 ∈ |0..10|11 []) + 5·(x_7 ∈ |0..10|11 []) + (x_8 ∈ |0..10|11 []) + 39·(x_9 ∈ |0..10|11 []) + 42·(x_10 ∈ |0..10|11 []) ≤ 1370
	w192:	22·(x_1 ∈ |0..10|11 []) + 35·(x_2 ∈ |0..10|11 []) + 37·(x_3 ∈ |0..10|11 []) + 28·(x_4 ∈ |0..10|11 []) + 29·(x_5 ∈ |0..10|11 []) + 26·(x_6 ∈ |0..10|11 []) + 15·(x_7 ∈ |0..10|11 []) + 29·(x_8 ∈ |0..10|11 []) + 31·(x_9 ∈ |0..10|11 []) + 36·(x_10 ∈ |0..10|11 []) ≤ 1700
	w193:	7·(x_1 ∈ |0..10|11 []) + 6·(x_2 ∈ |0..10|11 []) + 12·(x_3 ∈ |0..10|11 []) + 35·(x_4 ∈ |0..10|11 []) + 29·(x_5 ∈ |0..10|11 []) + 43·(x_6 ∈ |0..10|11 []) + 26·(x_7 ∈ |0..10|11 []) + 43·(x_8 ∈ |0..10|11 []) + 5·(x_9 ∈ |0..10|11 []) + 25·(x_10 ∈ |0..10|11 []) ≤ 1360
	w194:	41·(x_1 ∈ |0..10|11 []) + 39·(x_2 ∈ |0..10|11 []) + 45·(x_3 ∈ |0..10|11 []) + 3·(x_4 ∈ |0..10|11 []) + 43·(x_5 ∈ |0..10|11 []) + 45·(x_6 ∈ |0..10|11 []) + 43·(x_7 ∈ |0..10|11 []) + 45·(x_8 ∈ |0..10|11 []) + 32·(x_9 ∈ |0..10|11 []) + 19·(x_10 ∈ |0..10|11 []) ≤ 2100
	w195:	36·(x_1 ∈ |0..10|11 []) + 39·(x_2 ∈ |0..10|11 []) + 47·(x_3 ∈ |0..10|11 []) + 43·(x_4 ∈ |0..10|11 []) + 4·(x_5 ∈ |0..10|11 []) + 48·(x_6 ∈ |0..10|11 []) + 47·(x_7 ∈ |0..10|11 []) + 3·(x_8 ∈ |0..10|11 []) + 9·(x_9 ∈ |0..10|11 []) + 13·(x_10 ∈ |0..10|11 []) ≤ 1710
	w196:	8·(x_1 ∈ |0..10|11 []) + 46·(x_2 ∈ |0..10|11 []) + 6·(x_3 ∈ |0..10|11 []) + 37·(x_4 ∈ |0..10|11 []) + 13·(x_5 ∈ |0..10|11 []) + 46·(x_6 ∈ |0..10|11 []) + 41·(x_7 ∈ |0..10|11 []) + 36·(x_8 ∈ |0..10|11 []) + 42·(x_9 ∈ |0..10|11 []) + 25·(x_10 ∈ |0..10|11 []) ≤ 1770
	w197:	12·(x_1 ∈ |0..10|11 []) + 41·(x_2 ∈ |0..10|11 []) + 21·(x_3 ∈ |0..10|11 []) + 46·(x_4 ∈ |0..10|11 []) + 5·(x_5 ∈ |0..10|11 []) + 29·(x_6 ∈ |0..10|11 []) + 45·(x_7 ∈ |0..10|11 []) + 12·(x_8 ∈ |0..10|11 []) + 8·(x_9 ∈ |0..10|11 []) + (x_10 ∈ |0..10|11 []) ≤ 1300
	w198:	45·(x_1 ∈ |0..10|11 []) + 43·(x_2 ∈ |0..10|11 []) + 16·(x_3 ∈ |0..10|11 []) + 14·(x_4 ∈ |0..10|11 []) + 31·(x_5 ∈ |0..10|11 []) + 3·(x_6 ∈ |0..10|11 []) + 47·(x_7 ∈ |0..10|11 []) + 38·(x_8 ∈ |0..10|11 []) + 43·(x_9 ∈ |0..10|11 []) + 39·(x_10 ∈ |0..10|11 []) ≤ 1880
	w199:	7·(x_1 ∈ |0..10|11 []) + 37·(x_2 ∈ |0..10|11 []) + 20·(x_3 ∈ |0..10|11 []) + 2·(x_4 ∈ |0..10|11 []) + 12·(x_5 ∈ |0..10|11 []) + 2·(x_6 ∈ |0..10|11 []) + 32·(x_7 ∈ |0..10|11 []) + 2·(x_8 ∈ |0..10|11 []) + 11·(x_9 ∈ |0..10|11 []) + 28·(x_10 ∈ |0..10|11 []) ≤ 900
	w200:	22·(x_1 ∈ |0..10|11 []) + 23·(x_2 ∈ |0..10|11 []) + 9·(x_3 ∈ |0..10|11 []) + 21·(x_4 ∈ |0..10|11 []) + 7·(x_5 ∈ |0..10|11 []) + 28·(x_6 ∈ |0..10|11 []) + (x_7 ∈ |0..10|11 []) + 29·(x_8 ∈ |0..10|11 []) + 49·(x_9 ∈ |0..10|11 []) + 12·(x_10 ∈ |0..10|11 []) ≤ 1180
	profits:	15·(x_1 ∈ |0..10|11 []) + (x_2 ∈ |0..10|11 []) + 23·(x_3 ∈ |0..10|11 []) + 25·(x_4 ∈ |0..10|11 []) + 10·(x_5 ∈ |0..10|11 []) + 14·(x_6 ∈ |0..10|11 []) + 49·(x_7 ∈ |0..10|11 []) + 39·(x_8 ∈ |0..10|11 []) + 12·(x_9 ∈ |0..10|11 []) + 14·(x_10 ∈ |0..10|11 []) ≥ 820
	CSE: ""

CMD timeout 180 java -Xmx3000000k -Xmx3000000k -Xss128m -cp ./bin/fun-scop/scop.jar fun.scop.launcher.XCSP19Encode -hybrid -tmp ./experiments/mbkp-control/aux ./experiments/mbkp-control/aux/0977.scop.xcsp
Encoded Fun-sCOP () in 13.473075 seconds as 1328013/3714910/10829144

SOLVE T/O Some(60.0)
SOLVE DONE @1.3358872
SOLVE CALL RESULT: Got SAT in 1.3358872s with check None: 
BATCH.SH END 0
