BATCH.SH START ./experiments/mbkp-control/runs:0981 (ulimit --clean)
Start EncodeRecord { instance: Some(Instance { problem: Mbkp { bound: 10, n_: 10, m_: 200, q_: 50, family: 1, s_: 25, seed: 4, fl: "0.4", fu: None, skip_obj: true }, i: 99, lp: "./experiments/mbkp-control/lps/1/3_24.lp" }), experiment: Some(Experiment { system: SavileRow, pb_encoding: Gt, int_encoding: Dir, con_encoding: Include, split_eq: false, model_config: ModelConfig { scm: Add, cutoff: Order, decomposer: Gt, equalize_ternaries: true, add_consistency: false, propagate: None, equalize_uniform_bin_ineqs: false } }), statics: None, pb_statics: None, principal: None, time: None, dimacs: None }
model = 
	w1:	26·(x_1 ∈ |0..10|11 []) + 27·(x_2 ∈ |0..10|11 []) + 46·(x_3 ∈ |0..10|11 []) + 45·(x_4 ∈ |0..10|11 []) + 8·(x_5 ∈ |0..10|11 []) + 31·(x_6 ∈ |0..10|11 []) + 37·(x_7 ∈ |0..10|11 []) + 35·(x_8 ∈ |0..10|11 []) + 45·(x_9 ∈ |0..10|11 []) + 16·(x_10 ∈ |0..10|11 []) ≤ 1870
	w2:	29·(x_1 ∈ |0..10|11 []) + 44·(x_2 ∈ |0..10|11 []) + 10·(x_3 ∈ |0..10|11 []) + 13·(x_4 ∈ |0..10|11 []) + 41·(x_5 ∈ |0..10|11 []) + 38·(x_6 ∈ |0..10|11 []) + 37·(x_7 ∈ |0..10|11 []) + 30·(x_8 ∈ |0..10|11 []) + (x_9 ∈ |0..10|11 []) + 22·(x_10 ∈ |0..10|11 []) ≤ 1560
	w3:	45·(x_1 ∈ |0..10|11 []) + 40·(x_2 ∈ |0..10|11 []) + 25·(x_3 ∈ |0..10|11 []) + 35·(x_4 ∈ |0..10|11 []) + 41·(x_5 ∈ |0..10|11 []) + 8·(x_6 ∈ |0..10|11 []) + 42·(x_7 ∈ |0..10|11 []) + 29·(x_8 ∈ |0..10|11 []) + 10·(x_9 ∈ |0..10|11 []) + 36·(x_10 ∈ |0..10|11 []) ≤ 1840
	w4:	7·(x_1 ∈ |0..10|11 []) + 44·(x_2 ∈ |0..10|11 []) + 46·(x_3 ∈ |0..10|11 []) + 48·(x_4 ∈ |0..10|11 []) + 27·(x_5 ∈ |0..10|11 []) + 45·(x_6 ∈ |0..10|11 []) + 21·(x_7 ∈ |0..10|11 []) + 29·(x_8 ∈ |0..10|11 []) + 34·(x_9 ∈ |0..10|11 []) + 46·(x_10 ∈ |0..10|11 []) ≤ 2050
	w5:	43·(x_1 ∈ |0..10|11 []) + 43·(x_2 ∈ |0..10|11 []) + 24·(x_3 ∈ |0..10|11 []) + 13·(x_4 ∈ |0..10|11 []) + 44·(x_5 ∈ |0..10|11 []) + 33·(x_6 ∈ |0..10|11 []) + 22·(x_7 ∈ |0..10|11 []) + 38·(x_8 ∈ |0..10|11 []) + 16·(x_9 ∈ |0..10|11 []) + 37·(x_10 ∈ |0..10|11 []) ≤ 1850
	w6:	40·(x_1 ∈ |0..10|11 []) + 49·(x_2 ∈ |0..10|11 []) + 10·(x_3 ∈ |0..10|11 []) + 16·(x_4 ∈ |0..10|11 []) + 33·(x_5 ∈ |0..10|11 []) + 42·(x_6 ∈ |0..10|11 []) + 43·(x_7 ∈ |0..10|11 []) + 10·(x_8 ∈ |0..10|11 []) + 8·(x_9 ∈ |0..10|11 []) + 48·(x_10 ∈ |0..10|11 []) ≤ 1770
	w7:	26·(x_1 ∈ |0..10|11 []) + 49·(x_2 ∈ |0..10|11 []) + 17·(x_3 ∈ |0..10|11 []) + 21·(x_4 ∈ |0..10|11 []) + 21·(x_5 ∈ |0..10|11 []) + 49·(x_6 ∈ |0..10|11 []) + 27·(x_7 ∈ |0..10|11 []) + 25·(x_8 ∈ |0..10|11 []) + 37·(x_9 ∈ |0..10|11 []) + 30·(x_10 ∈ |0..10|11 []) ≤ 1780
	w8:	47·(x_1 ∈ |0..10|11 []) + 12·(x_2 ∈ |0..10|11 []) + 5·(x_3 ∈ |0..10|11 []) + 29·(x_4 ∈ |0..10|11 []) + 8·(x_5 ∈ |0..10|11 []) + 35·(x_6 ∈ |0..10|11 []) + 13·(x_7 ∈ |0..10|11 []) + 43·(x_8 ∈ |0..10|11 []) + 45·(x_9 ∈ |0..10|11 []) + 35·(x_10 ∈ |0..10|11 []) ≤ 1610
	w9:	48·(x_1 ∈ |0..10|11 []) + 19·(x_2 ∈ |0..10|11 []) + 34·(x_3 ∈ |0..10|11 []) + 43·(x_4 ∈ |0..10|11 []) + 5·(x_5 ∈ |0..10|11 []) + 45·(x_6 ∈ |0..10|11 []) + 16·(x_7 ∈ |0..10|11 []) + 32·(x_8 ∈ |0..10|11 []) + 34·(x_9 ∈ |0..10|11 []) + 3·(x_10 ∈ |0..10|11 []) ≤ 1650
	w10:	27·(x_1 ∈ |0..10|11 []) + 7·(x_2 ∈ |0..10|11 []) + 47·(x_3 ∈ |0..10|11 []) + 17·(x_4 ∈ |0..10|11 []) + 29·(x_5 ∈ |0..10|11 []) + 10·(x_6 ∈ |0..10|11 []) + 4·(x_7 ∈ |0..10|11 []) + 26·(x_8 ∈ |0..10|11 []) + 25·(x_9 ∈ |0..10|11 []) + 48·(x_10 ∈ |0..10|11 []) ≤ 1420
	w11:	36·(x_1 ∈ |0..10|11 []) + 24·(x_2 ∈ |0..10|11 []) + 34·(x_3 ∈ |0..10|11 []) + 32·(x_4 ∈ |0..10|11 []) + 43·(x_5 ∈ |0..10|11 []) + 21·(x_6 ∈ |0..10|11 []) + 17·(x_7 ∈ |0..10|11 []) + 23·(x_8 ∈ |0..10|11 []) + 32·(x_9 ∈ |0..10|11 []) + 11·(x_10 ∈ |0..10|11 []) ≤ 1610
	w12:	6·(x_1 ∈ |0..10|11 []) + 23·(x_2 ∈ |0..10|11 []) + 12·(x_3 ∈ |0..10|11 []) + 36·(x_4 ∈ |0..10|11 []) + 37·(x_5 ∈ |0..10|11 []) + 14·(x_6 ∈ |0..10|11 []) + 24·(x_7 ∈ |0..10|11 []) + 42·(x_8 ∈ |0..10|11 []) + 5·(x_9 ∈ |0..10|11 []) + 29·(x_10 ∈ |0..10|11 []) ≤ 1340
	w13:	26·(x_1 ∈ |0..10|11 []) + 9·(x_2 ∈ |0..10|11 []) + 16·(x_3 ∈ |0..10|11 []) + 29·(x_4 ∈ |0..10|11 []) + 28·(x_5 ∈ |0..10|11 []) + 38·(x_6 ∈ |0..10|11 []) + 45·(x_7 ∈ |0..10|11 []) + 38·(x_8 ∈ |0..10|11 []) + 43·(x_9 ∈ |0..10|11 []) + 12·(x_10 ∈ |0..10|11 []) ≤ 1680
	w14:	12·(x_1 ∈ |0..10|11 []) + 44·(x_2 ∈ |0..10|11 []) + 44·(x_3 ∈ |0..10|11 []) + 43·(x_4 ∈ |0..10|11 []) + 48·(x_5 ∈ |0..10|11 []) + 6·(x_6 ∈ |0..10|11 []) + 47·(x_7 ∈ |0..10|11 []) + 15·(x_8 ∈ |0..10|11 []) + 11·(x_9 ∈ |0..10|11 []) + 18·(x_10 ∈ |0..10|11 []) ≤ 1700
	w15:	31·(x_1 ∈ |0..10|11 []) + 30·(x_2 ∈ |0..10|11 []) + 17·(x_3 ∈ |0..10|11 []) + 48·(x_4 ∈ |0..10|11 []) + 48·(x_5 ∈ |0..10|11 []) + 19·(x_6 ∈ |0..10|11 []) + 39·(x_7 ∈ |0..10|11 []) + 11·(x_8 ∈ |0..10|11 []) + 31·(x_9 ∈ |0..10|11 []) + 3·(x_10 ∈ |0..10|11 []) ≤ 1630
	w16:	27·(x_1 ∈ |0..10|11 []) + 7·(x_2 ∈ |0..10|11 []) + 43·(x_3 ∈ |0..10|11 []) + 19·(x_4 ∈ |0..10|11 []) + 35·(x_5 ∈ |0..10|11 []) + 36·(x_6 ∈ |0..10|11 []) + 12·(x_7 ∈ |0..10|11 []) + 9·(x_8 ∈ |0..10|11 []) + 47·(x_9 ∈ |0..10|11 []) + 35·(x_10 ∈ |0..10|11 []) ≤ 1590
	w17:	4·(x_1 ∈ |0..10|11 []) + 4·(x_2 ∈ |0..10|11 []) + 4·(x_3 ∈ |0..10|11 []) + 15·(x_4 ∈ |0..10|11 []) + 36·(x_5 ∈ |0..10|11 []) + 23·(x_6 ∈ |0..10|11 []) + 44·(x_7 ∈ |0..10|11 []) + 12·(x_8 ∈ |0..10|11 []) + 23·(x_9 ∈ |0..10|11 []) + 15·(x_10 ∈ |0..10|11 []) ≤ 1060
	w18:	36·(x_1 ∈ |0..10|11 []) + 29·(x_2 ∈ |0..10|11 []) + 5·(x_3 ∈ |0..10|11 []) + 33·(x_4 ∈ |0..10|11 []) + 37·(x_5 ∈ |0..10|11 []) + 23·(x_6 ∈ |0..10|11 []) + 43·(x_7 ∈ |0..10|11 []) + 9·(x_8 ∈ |0..10|11 []) + (x_9 ∈ |0..10|11 []) + 31·(x_10 ∈ |0..10|11 []) ≤ 1460
	w19:	19·(x_1 ∈ |0..10|11 []) + 46·(x_2 ∈ |0..10|11 []) + 28·(x_3 ∈ |0..10|11 []) + 8·(x_4 ∈ |0..10|11 []) + 14·(x_5 ∈ |0..10|11 []) + 15·(x_6 ∈ |0..10|11 []) + 15·(x_7 ∈ |0..10|11 []) + 36·(x_8 ∈ |0..10|11 []) + 32·(x_9 ∈ |0..10|11 []) + 3·(x_10 ∈ |0..10|11 []) ≤ 1270
	w20:	15·(x_1 ∈ |0..10|11 []) + 23·(x_2 ∈ |0..10|11 []) + 45·(x_3 ∈ |0..10|11 []) + 31·(x_4 ∈ |0..10|11 []) + 43·(x_5 ∈ |0..10|11 []) + 40·(x_6 ∈ |0..10|11 []) + 20·(x_7 ∈ |0..10|11 []) + 24·(x_8 ∈ |0..10|11 []) + 10·(x_9 ∈ |0..10|11 []) + 13·(x_10 ∈ |0..10|11 []) ≤ 1560
	w21:	15·(x_1 ∈ |0..10|11 []) + 23·(x_2 ∈ |0..10|11 []) + 48·(x_3 ∈ |0..10|11 []) + 36·(x_4 ∈ |0..10|11 []) + 3·(x_5 ∈ |0..10|11 []) + 15·(x_6 ∈ |0..10|11 []) + 34·(x_7 ∈ |0..10|11 []) + 34·(x_8 ∈ |0..10|11 []) + 32·(x_9 ∈ |0..10|11 []) + 41·(x_10 ∈ |0..10|11 []) ≤ 1660
	w22:	38·(x_1 ∈ |0..10|11 []) + 37·(x_2 ∈ |0..10|11 []) + 35·(x_3 ∈ |0..10|11 []) + 11·(x_4 ∈ |0..10|11 []) + 10·(x_5 ∈ |0..10|11 []) + (x_6 ∈ |0..10|11 []) + 27·(x_7 ∈ |0..10|11 []) + 47·(x_8 ∈ |0..10|11 []) + 35·(x_9 ∈ |0..10|11 []) + 20·(x_10 ∈ |0..10|11 []) ≤ 1540
	w23:	3·(x_1 ∈ |0..10|11 []) + 48·(x_2 ∈ |0..10|11 []) + 41·(x_3 ∈ |0..10|11 []) + 34·(x_4 ∈ |0..10|11 []) + 5·(x_5 ∈ |0..10|11 []) + 42·(x_6 ∈ |0..10|11 []) + 7·(x_7 ∈ |0..10|11 []) + 35·(x_8 ∈ |0..10|11 []) + 45·(x_9 ∈ |0..10|11 []) + 23·(x_10 ∈ |0..10|11 []) ≤ 1670
	w24:	42·(x_1 ∈ |0..10|11 []) + 27·(x_2 ∈ |0..10|11 []) + 39·(x_3 ∈ |0..10|11 []) + 48·(x_4 ∈ |0..10|11 []) + 37·(x_5 ∈ |0..10|11 []) + 26·(x_6 ∈ |0..10|11 []) + 47·(x_7 ∈ |0..10|11 []) + 27·(x_8 ∈ |0..10|11 []) + 7·(x_9 ∈ |0..10|11 []) + 46·(x_10 ∈ |0..10|11 []) ≤ 2040
	w25:	37·(x_1 ∈ |0..10|11 []) + 33·(x_2 ∈ |0..10|11 []) + 2·(x_3 ∈ |0..10|11 []) + 34·(x_4 ∈ |0..10|11 []) + 43·(x_5 ∈ |0..10|11 []) + 32·(x_6 ∈ |0..10|11 []) + 30·(x_7 ∈ |0..10|11 []) + 29·(x_8 ∈ |0..10|11 []) + 28·(x_9 ∈ |0..10|11 []) + 25·(x_10 ∈ |0..10|11 []) ≤ 1730
	w26:	35·(x_1 ∈ |0..10|11 []) + 48·(x_2 ∈ |0..10|11 []) + 39·(x_3 ∈ |0..10|11 []) + 22·(x_4 ∈ |0..10|11 []) + 3·(x_5 ∈ |0..10|11 []) + 45·(x_6 ∈ |0..10|11 []) + 2·(x_7 ∈ |0..10|11 []) + 7·(x_8 ∈ |0..10|11 []) + 24·(x_9 ∈ |0..10|11 []) + 45·(x_10 ∈ |0..10|11 []) ≤ 1590
	w27:	4·(x_1 ∈ |0..10|11 []) + 19·(x_2 ∈ |0..10|11 []) + 2·(x_3 ∈ |0..10|11 []) + 38·(x_4 ∈ |0..10|11 []) + 20·(x_5 ∈ |0..10|11 []) + 43·(x_6 ∈ |0..10|11 []) + 40·(x_7 ∈ |0..10|11 []) + 28·(x_8 ∈ |0..10|11 []) + 9·(x_9 ∈ |0..10|11 []) + 19·(x_10 ∈ |0..10|11 []) ≤ 1310
	w28:	41·(x_1 ∈ |0..10|11 []) + 11·(x_2 ∈ |0..10|11 []) + 15·(x_3 ∈ |0..10|11 []) + 13·(x_4 ∈ |0..10|11 []) + 12·(x_5 ∈ |0..10|11 []) + 12·(x_6 ∈ |0..10|11 []) + 39·(x_7 ∈ |0..10|11 []) + 20·(x_8 ∈ |0..10|11 []) + (x_9 ∈ |0..10|11 []) + 7·(x_10 ∈ |0..10|11 []) ≤ 1010
	w29:	38·(x_1 ∈ |0..10|11 []) + 48·(x_2 ∈ |0..10|11 []) + 37·(x_3 ∈ |0..10|11 []) + 41·(x_4 ∈ |0..10|11 []) + 13·(x_5 ∈ |0..10|11 []) + 18·(x_6 ∈ |0..10|11 []) + 13·(x_7 ∈ |0..10|11 []) + 11·(x_8 ∈ |0..10|11 []) + 4·(x_9 ∈ |0..10|11 []) + 19·(x_10 ∈ |0..10|11 []) ≤ 1430
	w30:	14·(x_1 ∈ |0..10|11 []) + 33·(x_2 ∈ |0..10|11 []) + 27·(x_3 ∈ |0..10|11 []) + 17·(x_4 ∈ |0..10|11 []) + 10·(x_5 ∈ |0..10|11 []) + 24·(x_6 ∈ |0..10|11 []) + 37·(x_7 ∈ |0..10|11 []) + 38·(x_8 ∈ |0..10|11 []) + 21·(x_9 ∈ |0..10|11 []) + 46·(x_10 ∈ |0..10|11 []) ≤ 1580
	w31:	12·(x_1 ∈ |0..10|11 []) + 2·(x_2 ∈ |0..10|11 []) + 20·(x_3 ∈ |0..10|11 []) + 49·(x_4 ∈ |0..10|11 []) + 38·(x_5 ∈ |0..10|11 []) + 7·(x_6 ∈ |0..10|11 []) + 2·(x_7 ∈ |0..10|11 []) + 9·(x_8 ∈ |0..10|11 []) + 28·(x_9 ∈ |0..10|11 []) + 39·(x_10 ∈ |0..10|11 []) ≤ 1210
	w32:	4·(x_1 ∈ |0..10|11 []) + 41·(x_2 ∈ |0..10|11 []) + 34·(x_3 ∈ |0..10|11 []) + 45·(x_4 ∈ |0..10|11 []) + (x_5 ∈ |0..10|11 []) + 6·(x_6 ∈ |0..10|11 []) + 47·(x_7 ∈ |0..10|11 []) + 36·(x_8 ∈ |0..10|11 []) + 21·(x_9 ∈ |0..10|11 []) + 30·(x_10 ∈ |0..10|11 []) ≤ 1560
	w33:	19·(x_1 ∈ |0..10|11 []) + 47·(x_2 ∈ |0..10|11 []) + 24·(x_3 ∈ |0..10|11 []) + 4·(x_4 ∈ |0..10|11 []) + 43·(x_5 ∈ |0..10|11 []) + 9·(x_6 ∈ |0..10|11 []) + 49·(x_7 ∈ |0..10|11 []) + 11·(x_8 ∈ |0..10|11 []) + 17·(x_9 ∈ |0..10|11 []) + 7·(x_10 ∈ |0..10|11 []) ≤ 1360
	w34:	47·(x_1 ∈ |0..10|11 []) + 14·(x_2 ∈ |0..10|11 []) + 49·(x_3 ∈ |0..10|11 []) + 20·(x_4 ∈ |0..10|11 []) + 11·(x_5 ∈ |0..10|11 []) + 25·(x_6 ∈ |0..10|11 []) + 48·(x_7 ∈ |0..10|11 []) + 38·(x_8 ∈ |0..10|11 []) + 44·(x_9 ∈ |0..10|11 []) + 40·(x_10 ∈ |0..10|11 []) ≤ 1980
	w35:	24·(x_1 ∈ |0..10|11 []) + 4·(x_2 ∈ |0..10|11 []) + 3·(x_3 ∈ |0..10|11 []) + (x_4 ∈ |0..10|11 []) + 23·(x_5 ∈ |0..10|11 []) + 41·(x_6 ∈ |0..10|11 []) + 29·(x_7 ∈ |0..10|11 []) + 45·(x_8 ∈ |0..10|11 []) + 3·(x_9 ∈ |0..10|11 []) + 42·(x_10 ∈ |0..10|11 []) ≤ 1270
	w36:	15·(x_1 ∈ |0..10|11 []) + 42·(x_2 ∈ |0..10|11 []) + 2·(x_3 ∈ |0..10|11 []) + 33·(x_4 ∈ |0..10|11 []) + 47·(x_5 ∈ |0..10|11 []) + 3·(x_6 ∈ |0..10|11 []) + 46·(x_7 ∈ |0..10|11 []) + 19·(x_8 ∈ |0..10|11 []) + 6·(x_9 ∈ |0..10|11 []) + 5·(x_10 ∈ |0..10|11 []) ≤ 1290
	w37:	8·(x_1 ∈ |0..10|11 []) + 31·(x_2 ∈ |0..10|11 []) + 2·(x_3 ∈ |0..10|11 []) + 15·(x_4 ∈ |0..10|11 []) + 34·(x_5 ∈ |0..10|11 []) + 25·(x_6 ∈ |0..10|11 []) + 38·(x_7 ∈ |0..10|11 []) + 18·(x_8 ∈ |0..10|11 []) + 20·(x_9 ∈ |0..10|11 []) + 7·(x_10 ∈ |0..10|11 []) ≤ 1170
	w38:	48·(x_1 ∈ |0..10|11 []) + 10·(x_2 ∈ |0..10|11 []) + 16·(x_3 ∈ |0..10|11 []) + 15·(x_4 ∈ |0..10|11 []) + (x_5 ∈ |0..10|11 []) + 24·(x_6 ∈ |0..10|11 []) + 34·(x_7 ∈ |0..10|11 []) + 38·(x_8 ∈ |0..10|11 []) + 45·(x_9 ∈ |0..10|11 []) + 31·(x_10 ∈ |0..10|11 []) ≤ 1550
	w39:	16·(x_1 ∈ |0..10|11 []) + 6·(x_2 ∈ |0..10|11 []) + 31·(x_3 ∈ |0..10|11 []) + 15·(x_4 ∈ |0..10|11 []) + 7·(x_5 ∈ |0..10|11 []) + 36·(x_6 ∈ |0..10|11 []) + 25·(x_7 ∈ |0..10|11 []) + 33·(x_8 ∈ |0..10|11 []) + 2·(x_9 ∈ |0..10|11 []) + 27·(x_10 ∈ |0..10|11 []) ≤ 1170
	w40:	10·(x_1 ∈ |0..10|11 []) + (x_2 ∈ |0..10|11 []) + 38·(x_3 ∈ |0..10|11 []) + 27·(x_4 ∈ |0..10|11 []) + 40·(x_5 ∈ |0..10|11 []) + 44·(x_6 ∈ |0..10|11 []) + 10·(x_7 ∈ |0..10|11 []) + 7·(x_8 ∈ |0..10|11 []) + 31·(x_9 ∈ |0..10|11 []) + 37·(x_10 ∈ |0..10|11 []) ≤ 1450
	w41:	41·(x_1 ∈ |0..10|11 []) + (x_2 ∈ |0..10|11 []) + 26·(x_3 ∈ |0..10|11 []) + 39·(x_4 ∈ |0..10|11 []) + 11·(x_5 ∈ |0..10|11 []) + 12·(x_6 ∈ |0..10|11 []) + 32·(x_7 ∈ |0..10|11 []) + 42·(x_8 ∈ |0..10|11 []) + 29·(x_9 ∈ |0..10|11 []) + 9·(x_10 ∈ |0..10|11 []) ≤ 1430
	w42:	10·(x_1 ∈ |0..10|11 []) + 48·(x_2 ∈ |0..10|11 []) + 13·(x_3 ∈ |0..10|11 []) + 15·(x_4 ∈ |0..10|11 []) + 38·(x_5 ∈ |0..10|11 []) + 8·(x_6 ∈ |0..10|11 []) + 13·(x_7 ∈ |0..10|11 []) + 23·(x_8 ∈ |0..10|11 []) + 25·(x_9 ∈ |0..10|11 []) + 46·(x_10 ∈ |0..10|11 []) ≤ 1410
	w43:	8·(x_1 ∈ |0..10|11 []) + 5·(x_2 ∈ |0..10|11 []) + 45·(x_3 ∈ |0..10|11 []) + 28·(x_4 ∈ |0..10|11 []) + 7·(x_5 ∈ |0..10|11 []) + 49·(x_6 ∈ |0..10|11 []) + 42·(x_7 ∈ |0..10|11 []) + 21·(x_8 ∈ |0..10|11 []) + 13·(x_9 ∈ |0..10|11 []) + 12·(x_10 ∈ |0..10|11 []) ≤ 1360
	w44:	36·(x_1 ∈ |0..10|11 []) + 24·(x_2 ∈ |0..10|11 []) + 13·(x_3 ∈ |0..10|11 []) + 16·(x_4 ∈ |0..10|11 []) + 39·(x_5 ∈ |0..10|11 []) + 17·(x_6 ∈ |0..10|11 []) + 6·(x_7 ∈ |0..10|11 []) + 5·(x_8 ∈ |0..10|11 []) + 31·(x_9 ∈ |0..10|11 []) + 15·(x_10 ∈ |0..10|11 []) ≤ 1190
	w45:	10·(x_1 ∈ |0..10|11 []) + 14·(x_2 ∈ |0..10|11 []) + 18·(x_3 ∈ |0..10|11 []) + 9·(x_4 ∈ |0..10|11 []) + 41·(x_5 ∈ |0..10|11 []) + 4·(x_6 ∈ |0..10|11 []) + 37·(x_7 ∈ |0..10|11 []) + 25·(x_8 ∈ |0..10|11 []) + (x_9 ∈ |0..10|11 []) + 20·(x_10 ∈ |0..10|11 []) ≤ 1050
	w46:	16·(x_1 ∈ |0..10|11 []) + 49·(x_2 ∈ |0..10|11 []) + 5·(x_3 ∈ |0..10|11 []) + (x_4 ∈ |0..10|11 []) + 12·(x_5 ∈ |0..10|11 []) + 13·(x_6 ∈ |0..10|11 []) + 14·(x_7 ∈ |0..10|11 []) + 3·(x_8 ∈ |0..10|11 []) + 48·(x_9 ∈ |0..10|11 []) + 42·(x_10 ∈ |0..10|11 []) ≤ 1200
	w47:	48·(x_1 ∈ |0..10|11 []) + 22·(x_2 ∈ |0..10|11 []) + 3·(x_3 ∈ |0..10|11 []) + 7·(x_4 ∈ |0..10|11 []) + 23·(x_5 ∈ |0..10|11 []) + 22·(x_6 ∈ |0..10|11 []) + 37·(x_7 ∈ |0..10|11 []) + 46·(x_8 ∈ |0..10|11 []) + 26·(x_9 ∈ |0..10|11 []) + 4·(x_10 ∈ |0..10|11 []) ≤ 1400
	w48:	12·(x_1 ∈ |0..10|11 []) + 10·(x_2 ∈ |0..10|11 []) + 32·(x_3 ∈ |0..10|11 []) + 7·(x_4 ∈ |0..10|11 []) + 49·(x_5 ∈ |0..10|11 []) + 13·(x_6 ∈ |0..10|11 []) + 9·(x_7 ∈ |0..10|11 []) + 3·(x_8 ∈ |0..10|11 []) + 38·(x_9 ∈ |0..10|11 []) + 34·(x_10 ∈ |0..10|11 []) ≤ 1220
	w49:	34·(x_1 ∈ |0..10|11 []) + 49·(x_2 ∈ |0..10|11 []) + 12·(x_3 ∈ |0..10|11 []) + 5·(x_4 ∈ |0..10|11 []) + 11·(x_5 ∈ |0..10|11 []) + 3·(x_6 ∈ |0..10|11 []) + 25·(x_7 ∈ |0..10|11 []) + 18·(x_8 ∈ |0..10|11 []) + 12·(x_9 ∈ |0..10|11 []) + 20·(x_10 ∈ |0..10|11 []) ≤ 1110
	w50:	10·(x_1 ∈ |0..10|11 []) + 25·(x_2 ∈ |0..10|11 []) + 31·(x_3 ∈ |0..10|11 []) + 23·(x_4 ∈ |0..10|11 []) + 19·(x_5 ∈ |0..10|11 []) + 35·(x_6 ∈ |0..10|11 []) + 12·(x_7 ∈ |0..10|11 []) + 38·(x_8 ∈ |0..10|11 []) + 46·(x_9 ∈ |0..10|11 []) + 9·(x_10 ∈ |0..10|11 []) ≤ 1460
	w51:	46·(x_1 ∈ |0..10|11 []) + 31·(x_2 ∈ |0..10|11 []) + 21·(x_3 ∈ |0..10|11 []) + 37·(x_4 ∈ |0..10|11 []) + 29·(x_5 ∈ |0..10|11 []) + 18·(x_6 ∈ |0..10|11 []) + 19·(x_7 ∈ |0..10|11 []) + 6·(x_8 ∈ |0..10|11 []) + 2·(x_9 ∈ |0..10|11 []) + 14·(x_10 ∈ |0..10|11 []) ≤ 1320
	w52:	5·(x_1 ∈ |0..10|11 []) + 23·(x_2 ∈ |0..10|11 []) + 30·(x_3 ∈ |0..10|11 []) + 9·(x_4 ∈ |0..10|11 []) + 48·(x_5 ∈ |0..10|11 []) + 21·(x_6 ∈ |0..10|11 []) + 34·(x_7 ∈ |0..10|11 []) + 2·(x_8 ∈ |0..10|11 []) + 29·(x_9 ∈ |0..10|11 []) + 11·(x_10 ∈ |0..10|11 []) ≤ 1250
	w53:	13·(x_1 ∈ |0..10|11 []) + 37·(x_2 ∈ |0..10|11 []) + 49·(x_3 ∈ |0..10|11 []) + 35·(x_4 ∈ |0..10|11 []) + 8·(x_5 ∈ |0..10|11 []) + 45·(x_6 ∈ |0..10|11 []) + 5·(x_7 ∈ |0..10|11 []) + 43·(x_8 ∈ |0..10|11 []) + 47·(x_9 ∈ |0..10|11 []) + 22·(x_10 ∈ |0..10|11 []) ≤ 1790
	w54:	11·(x_1 ∈ |0..10|11 []) + 42·(x_2 ∈ |0..10|11 []) + 43·(x_3 ∈ |0..10|11 []) + 44·(x_4 ∈ |0..10|11 []) + 40·(x_5 ∈ |0..10|11 []) + 42·(x_6 ∈ |0..10|11 []) + 8·(x_7 ∈ |0..10|11 []) + 18·(x_8 ∈ |0..10|11 []) + 11·(x_9 ∈ |0..10|11 []) + 39·(x_10 ∈ |0..10|11 []) ≤ 1760
	w55:	12·(x_1 ∈ |0..10|11 []) + 12·(x_2 ∈ |0..10|11 []) + 27·(x_3 ∈ |0..10|11 []) + 37·(x_4 ∈ |0..10|11 []) + (x_5 ∈ |0..10|11 []) + 35·(x_6 ∈ |0..10|11 []) + 17·(x_7 ∈ |0..10|11 []) + 31·(x_8 ∈ |0..10|11 []) + (x_9 ∈ |0..10|11 []) + 6·(x_10 ∈ |0..10|11 []) ≤ 1050
	w56:	42·(x_1 ∈ |0..10|11 []) + 16·(x_2 ∈ |0..10|11 []) + 9·(x_3 ∈ |0..10|11 []) + 12·(x_4 ∈ |0..10|11 []) + 38·(x_5 ∈ |0..10|11 []) + 9·(x_6 ∈ |0..10|11 []) + 18·(x_7 ∈ |0..10|11 []) + 12·(x_8 ∈ |0..10|11 []) + 42·(x_9 ∈ |0..10|11 []) + 23·(x_10 ∈ |0..10|11 []) ≤ 1300
	w57:	31·(x_1 ∈ |0..10|11 []) + 44·(x_2 ∈ |0..10|11 []) + 37·(x_3 ∈ |0..10|11 []) + 34·(x_4 ∈ |0..10|11 []) + 35·(x_5 ∈ |0..10|11 []) + 37·(x_6 ∈ |0..10|11 []) + 48·(x_7 ∈ |0..10|11 []) + 41·(x_8 ∈ |0..10|11 []) + 23·(x_9 ∈ |0..10|11 []) + 3·(x_10 ∈ |0..10|11 []) ≤ 1970
	w58:	34·(x_1 ∈ |0..10|11 []) + 35·(x_2 ∈ |0..10|11 []) + 5·(x_3 ∈ |0..10|11 []) + 40·(x_4 ∈ |0..10|11 []) + 47·(x_5 ∈ |0..10|11 []) + 36·(x_6 ∈ |0..10|11 []) + 9·(x_7 ∈ |0..10|11 []) + 44·(x_8 ∈ |0..10|11 []) + 45·(x_9 ∈ |0..10|11 []) + 15·(x_10 ∈ |0..10|11 []) ≤ 1830
	w59:	37·(x_1 ∈ |0..10|11 []) + 31·(x_2 ∈ |0..10|11 []) + 45·(x_3 ∈ |0..10|11 []) + 2·(x_4 ∈ |0..10|11 []) + 48·(x_5 ∈ |0..10|11 []) + 46·(x_6 ∈ |0..10|11 []) + 47·(x_7 ∈ |0..10|11 []) + 26·(x_8 ∈ |0..10|11 []) + 4·(x_9 ∈ |0..10|11 []) + 31·(x_10 ∈ |0..10|11 []) ≤ 1870
	w60:	4·(x_1 ∈ |0..10|11 []) + 9·(x_2 ∈ |0..10|11 []) + 13·(x_3 ∈ |0..10|11 []) + 37·(x_4 ∈ |0..10|11 []) + 42·(x_5 ∈ |0..10|11 []) + 16·(x_6 ∈ |0..10|11 []) + 37·(x_7 ∈ |0..10|11 []) + 6·(x_8 ∈ |0..10|11 []) + 33·(x_9 ∈ |0..10|11 []) + 11·(x_10 ∈ |0..10|11 []) ≤ 1230
	w61:	36·(x_1 ∈ |0..10|11 []) + 13·(x_2 ∈ |0..10|11 []) + 6·(x_3 ∈ |0..10|11 []) + 25·(x_4 ∈ |0..10|11 []) + 37·(x_5 ∈ |0..10|11 []) + 19·(x_6 ∈ |0..10|11 []) + (x_7 ∈ |0..10|11 []) + 38·(x_8 ∈ |0..10|11 []) + 17·(x_9 ∈ |0..10|11 []) + (x_10 ∈ |0..10|11 []) ≤ 1140
	w62:	19·(x_1 ∈ |0..10|11 []) + 41·(x_2 ∈ |0..10|11 []) + 10·(x_3 ∈ |0..10|11 []) + 4·(x_4 ∈ |0..10|11 []) + 30·(x_5 ∈ |0..10|11 []) + 49·(x_6 ∈ |0..10|11 []) + 2·(x_7 ∈ |0..10|11 []) + 19·(x_8 ∈ |0..10|11 []) + 5·(x_9 ∈ |0..10|11 []) + 29·(x_10 ∈ |0..10|11 []) ≤ 1230
	w63:	22·(x_1 ∈ |0..10|11 []) + 24·(x_2 ∈ |0..10|11 []) + 49·(x_3 ∈ |0..10|11 []) + 38·(x_4 ∈ |0..10|11 []) + 25·(x_5 ∈ |0..10|11 []) + 14·(x_6 ∈ |0..10|11 []) + 47·(x_7 ∈ |0..10|11 []) + 48·(x_8 ∈ |0..10|11 []) + 19·(x_9 ∈ |0..10|11 []) + 45·(x_10 ∈ |0..10|11 []) ≤ 1950
	w64:	6·(x_1 ∈ |0..10|11 []) + 15·(x_2 ∈ |0..10|11 []) + 25·(x_3 ∈ |0..10|11 []) + 15·(x_4 ∈ |0..10|11 []) + 33·(x_5 ∈ |0..10|11 []) + 4·(x_6 ∈ |0..10|11 []) + 14·(x_7 ∈ |0..10|11 []) + 37·(x_8 ∈ |0..10|11 []) + 37·(x_9 ∈ |0..10|11 []) + 47·(x_10 ∈ |0..10|11 []) ≤ 1370
	w65:	(x_1 ∈ |0..10|11 []) + 46·(x_2 ∈ |0..10|11 []) + 27·(x_3 ∈ |0..10|11 []) + 23·(x_4 ∈ |0..10|11 []) + 39·(x_5 ∈ |0..10|11 []) + 18·(x_6 ∈ |0..10|11 []) + 12·(x_7 ∈ |0..10|11 []) + 5·(x_8 ∈ |0..10|11 []) + 23·(x_9 ∈ |0..10|11 []) + 43·(x_10 ∈ |0..10|11 []) ≤ 1400
	w66:	7·(x_1 ∈ |0..10|11 []) + 33·(x_2 ∈ |0..10|11 []) + 20·(x_3 ∈ |0..10|11 []) + 26·(x_4 ∈ |0..10|11 []) + 33·(x_5 ∈ |0..10|11 []) + 31·(x_6 ∈ |0..10|11 []) + 4·(x_7 ∈ |0..10|11 []) + 32·(x_8 ∈ |0..10|11 []) + 31·(x_9 ∈ |0..10|11 []) + 28·(x_10 ∈ |0..10|11 []) ≤ 1450
	w67:	39·(x_1 ∈ |0..10|11 []) + 30·(x_2 ∈ |0..10|11 []) + (x_3 ∈ |0..10|11 []) + 12·(x_4 ∈ |0..10|11 []) + 8·(x_5 ∈ |0..10|11 []) + 31·(x_6 ∈ |0..10|11 []) + 47·(x_7 ∈ |0..10|11 []) + 17·(x_8 ∈ |0..10|11 []) + 31·(x_9 ∈ |0..10|11 []) + 44·(x_10 ∈ |0..10|11 []) ≤ 1530
	w68:	38·(x_1 ∈ |0..10|11 []) + 17·(x_2 ∈ |0..10|11 []) + 26·(x_3 ∈ |0..10|11 []) + 45·(x_4 ∈ |0..10|11 []) + 27·(x_5 ∈ |0..10|11 []) + 8·(x_6 ∈ |0..10|11 []) + 44·(x_7 ∈ |0..10|11 []) + 8·(x_8 ∈ |0..10|11 []) + 17·(x_9 ∈ |0..10|11 []) + 17·(x_10 ∈ |0..10|11 []) ≤ 1460
	w69:	40·(x_1 ∈ |0..10|11 []) + 2·(x_2 ∈ |0..10|11 []) + 30·(x_3 ∈ |0..10|11 []) + 25·(x_4 ∈ |0..10|11 []) + 9·(x_5 ∈ |0..10|11 []) + 48·(x_6 ∈ |0..10|11 []) + 38·(x_7 ∈ |0..10|11 []) + 37·(x_8 ∈ |0..10|11 []) + 46·(x_9 ∈ |0..10|11 []) + 10·(x_10 ∈ |0..10|11 []) ≤ 1680
	w70:	43·(x_1 ∈ |0..10|11 []) + 33·(x_2 ∈ |0..10|11 []) + 2·(x_3 ∈ |0..10|11 []) + 22·(x_4 ∈ |0..10|11 []) + 38·(x_5 ∈ |0..10|11 []) + 40·(x_6 ∈ |0..10|11 []) + 9·(x_7 ∈ |0..10|11 []) + 19·(x_8 ∈ |0..10|11 []) + 29·(x_9 ∈ |0..10|11 []) + 44·(x_10 ∈ |0..10|11 []) ≤ 1650
	w71:	24·(x_1 ∈ |0..10|11 []) + 29·(x_2 ∈ |0..10|11 []) + 18·(x_3 ∈ |0..10|11 []) + 6·(x_4 ∈ |0..10|11 []) + (x_5 ∈ |0..10|11 []) + 45·(x_6 ∈ |0..10|11 []) + 20·(x_7 ∈ |0..10|11 []) + 40·(x_8 ∈ |0..10|11 []) + 29·(x_9 ∈ |0..10|11 []) + 11·(x_10 ∈ |0..10|11 []) ≤ 1320
	w72:	28·(x_1 ∈ |0..10|11 []) + 9·(x_2 ∈ |0..10|11 []) + 27·(x_3 ∈ |0..10|11 []) + 48·(x_4 ∈ |0..10|11 []) + 6·(x_5 ∈ |0..10|11 []) + 23·(x_6 ∈ |0..10|11 []) + 40·(x_7 ∈ |0..10|11 []) + 48·(x_8 ∈ |0..10|11 []) + 37·(x_9 ∈ |0..10|11 []) + 23·(x_10 ∈ |0..10|11 []) ≤ 1710
	w73:	38·(x_1 ∈ |0..10|11 []) + 18·(x_2 ∈ |0..10|11 []) + 19·(x_3 ∈ |0..10|11 []) + 20·(x_4 ∈ |0..10|11 []) + 33·(x_5 ∈ |0..10|11 []) + 8·(x_6 ∈ |0..10|11 []) + 10·(x_7 ∈ |0..10|11 []) + 19·(x_8 ∈ |0..10|11 []) + 36·(x_9 ∈ |0..10|11 []) + 9·(x_10 ∈ |0..10|11 []) ≤ 1240
	w74:	46·(x_1 ∈ |0..10|11 []) + 33·(x_2 ∈ |0..10|11 []) + 21·(x_3 ∈ |0..10|11 []) + 44·(x_4 ∈ |0..10|11 []) + 36·(x_5 ∈ |0..10|11 []) + 24·(x_6 ∈ |0..10|11 []) + 43·(x_7 ∈ |0..10|11 []) + 8·(x_8 ∈ |0..10|11 []) + 47·(x_9 ∈ |0..10|11 []) + 48·(x_10 ∈ |0..10|11 []) ≤ 2070
	w75:	34·(x_1 ∈ |0..10|11 []) + 3·(x_2 ∈ |0..10|11 []) + 49·(x_3 ∈ |0..10|11 []) + 5·(x_4 ∈ |0..10|11 []) + 37·(x_5 ∈ |0..10|11 []) + 16·(x_6 ∈ |0..10|11 []) + 20·(x_7 ∈ |0..10|11 []) + 18·(x_8 ∈ |0..10|11 []) + 7·(x_9 ∈ |0..10|11 []) + 23·(x_10 ∈ |0..10|11 []) ≤ 1250
	w76:	38·(x_1 ∈ |0..10|11 []) + 26·(x_2 ∈ |0..10|11 []) + 25·(x_3 ∈ |0..10|11 []) + 25·(x_4 ∈ |0..10|11 []) + 6·(x_5 ∈ |0..10|11 []) + 30·(x_6 ∈ |0..10|11 []) + 40·(x_7 ∈ |0..10|11 []) + 6·(x_8 ∈ |0..10|11 []) + 44·(x_9 ∈ |0..10|11 []) + 23·(x_10 ∈ |0..10|11 []) ≤ 1550
	w77:	15·(x_1 ∈ |0..10|11 []) + 44·(x_2 ∈ |0..10|11 []) + 30·(x_3 ∈ |0..10|11 []) + 49·(x_4 ∈ |0..10|11 []) + 14·(x_5 ∈ |0..10|11 []) + 39·(x_6 ∈ |0..10|11 []) + 16·(x_7 ∈ |0..10|11 []) + 27·(x_8 ∈ |0..10|11 []) + 32·(x_9 ∈ |0..10|11 []) + 49·(x_10 ∈ |0..10|11 []) ≤ 1860
	w78:	10·(x_1 ∈ |0..10|11 []) + 20·(x_2 ∈ |0..10|11 []) + 18·(x_3 ∈ |0..10|11 []) + 13·(x_4 ∈ |0..10|11 []) + 14·(x_5 ∈ |0..10|11 []) + 36·(x_6 ∈ |0..10|11 []) + 36·(x_7 ∈ |0..10|11 []) + 44·(x_8 ∈ |0..10|11 []) + 14·(x_9 ∈ |0..10|11 []) + 19·(x_10 ∈ |0..10|11 []) ≤ 1320
	w79:	15·(x_1 ∈ |0..10|11 []) + 15·(x_2 ∈ |0..10|11 []) + 14·(x_3 ∈ |0..10|11 []) + 36·(x_4 ∈ |0..10|11 []) + 11·(x_5 ∈ |0..10|11 []) + 10·(x_6 ∈ |0..10|11 []) + 45·(x_7 ∈ |0..10|11 []) + 16·(x_8 ∈ |0..10|11 []) + 48·(x_9 ∈ |0..10|11 []) + 42·(x_10 ∈ |0..10|11 []) ≤ 1490
	w80:	47·(x_1 ∈ |0..10|11 []) + 32·(x_2 ∈ |0..10|11 []) + 26·(x_3 ∈ |0..10|11 []) + 25·(x_4 ∈ |0..10|11 []) + 11·(x_5 ∈ |0..10|11 []) + 41·(x_6 ∈ |0..10|11 []) + 9·(x_7 ∈ |0..10|11 []) + 35·(x_8 ∈ |0..10|11 []) + 37·(x_9 ∈ |0..10|11 []) + 10·(x_10 ∈ |0..10|11 []) ≤ 1610
	w81:	3·(x_1 ∈ |0..10|11 []) + 22·(x_2 ∈ |0..10|11 []) + 46·(x_3 ∈ |0..10|11 []) + 22·(x_4 ∈ |0..10|11 []) + 36·(x_5 ∈ |0..10|11 []) + 22·(x_6 ∈ |0..10|11 []) + 10·(x_7 ∈ |0..10|11 []) + 44·(x_8 ∈ |0..10|11 []) + 10·(x_9 ∈ |0..10|11 []) + 10·(x_10 ∈ |0..10|11 []) ≤ 1330
	w82:	12·(x_1 ∈ |0..10|11 []) + 9·(x_2 ∈ |0..10|11 []) + 29·(x_3 ∈ |0..10|11 []) + 7·(x_4 ∈ |0..10|11 []) + (x_5 ∈ |0..10|11 []) + 13·(x_6 ∈ |0..10|11 []) + 43·(x_7 ∈ |0..10|11 []) + 33·(x_8 ∈ |0..10|11 []) + 25·(x_9 ∈ |0..10|11 []) + 2·(x_10 ∈ |0..10|11 []) ≤ 1030
	w83:	36·(x_1 ∈ |0..10|11 []) + 33·(x_2 ∈ |0..10|11 []) + 26·(x_3 ∈ |0..10|11 []) + 38·(x_4 ∈ |0..10|11 []) + 39·(x_5 ∈ |0..10|11 []) + 24·(x_6 ∈ |0..10|11 []) + 5·(x_7 ∈ |0..10|11 []) + 22·(x_8 ∈ |0..10|11 []) + 33·(x_9 ∈ |0..10|11 []) + 46·(x_10 ∈ |0..10|11 []) ≤ 1780
	w84:	12·(x_1 ∈ |0..10|11 []) + 25·(x_2 ∈ |0..10|11 []) + 29·(x_3 ∈ |0..10|11 []) + 27·(x_4 ∈ |0..10|11 []) + (x_5 ∈ |0..10|11 []) + 3·(x_6 ∈ |0..10|11 []) + 43·(x_7 ∈ |0..10|11 []) + 41·(x_8 ∈ |0..10|11 []) + 43·(x_9 ∈ |0..10|11 []) + 39·(x_10 ∈ |0..10|11 []) ≤ 1550
	w85:	48·(x_1 ∈ |0..10|11 []) + 2·(x_2 ∈ |0..10|11 []) + 14·(x_3 ∈ |0..10|11 []) + 46·(x_4 ∈ |0..10|11 []) + 38·(x_5 ∈ |0..10|11 []) + 30·(x_6 ∈ |0..10|11 []) + 47·(x_7 ∈ |0..10|11 []) + 12·(x_8 ∈ |0..10|11 []) + 26·(x_9 ∈ |0..10|11 []) + 25·(x_10 ∈ |0..10|11 []) ≤ 1700
	w86:	43·(x_1 ∈ |0..10|11 []) + 7·(x_2 ∈ |0..10|11 []) + 16·(x_3 ∈ |0..10|11 []) + 36·(x_4 ∈ |0..10|11 []) + 28·(x_5 ∈ |0..10|11 []) + 6·(x_6 ∈ |0..10|11 []) + 40·(x_7 ∈ |0..10|11 []) + 5·(x_8 ∈ |0..10|11 []) + 43·(x_9 ∈ |0..10|11 []) + 30·(x_10 ∈ |0..10|11 []) ≤ 1500
	w87:	20·(x_1 ∈ |0..10|11 []) + 3·(x_2 ∈ |0..10|11 []) + 29·(x_3 ∈ |0..10|11 []) + 45·(x_4 ∈ |0..10|11 []) + 41·(x_5 ∈ |0..10|11 []) + 49·(x_6 ∈ |0..10|11 []) + 9·(x_7 ∈ |0..10|11 []) + 30·(x_8 ∈ |0..10|11 []) + 7·(x_9 ∈ |0..10|11 []) + 49·(x_10 ∈ |0..10|11 []) ≤ 1660
	w88:	5·(x_1 ∈ |0..10|11 []) + 48·(x_2 ∈ |0..10|11 []) + 41·(x_3 ∈ |0..10|11 []) + 22·(x_4 ∈ |0..10|11 []) + 39·(x_5 ∈ |0..10|11 []) + 32·(x_6 ∈ |0..10|11 []) + 28·(x_7 ∈ |0..10|11 []) + 2·(x_8 ∈ |0..10|11 []) + 24·(x_9 ∈ |0..10|11 []) + 15·(x_10 ∈ |0..10|11 []) ≤ 1510
	w89:	47·(x_1 ∈ |0..10|11 []) + 20·(x_2 ∈ |0..10|11 []) + 15·(x_3 ∈ |0..10|11 []) + 28·(x_4 ∈ |0..10|11 []) + 40·(x_5 ∈ |0..10|11 []) + 29·(x_6 ∈ |0..10|11 []) + 5·(x_7 ∈ |0..10|11 []) + 49·(x_8 ∈ |0..10|11 []) + 6·(x_9 ∈ |0..10|11 []) + 46·(x_10 ∈ |0..10|11 []) ≤ 1680
	w90:	27·(x_1 ∈ |0..10|11 []) + 2·(x_2 ∈ |0..10|11 []) + 44·(x_3 ∈ |0..10|11 []) + 4·(x_4 ∈ |0..10|11 []) + 26·(x_5 ∈ |0..10|11 []) + 44·(x_6 ∈ |0..10|11 []) + 41·(x_7 ∈ |0..10|11 []) + 21·(x_8 ∈ |0..10|11 []) + 22·(x_9 ∈ |0..10|11 []) + 28·(x_10 ∈ |0..10|11 []) ≤ 1530
	w91:	19·(x_1 ∈ |0..10|11 []) + 5·(x_2 ∈ |0..10|11 []) + 47·(x_3 ∈ |0..10|11 []) + 24·(x_4 ∈ |0..10|11 []) + 24·(x_5 ∈ |0..10|11 []) + 42·(x_6 ∈ |0..10|11 []) + (x_7 ∈ |0..10|11 []) + 39·(x_8 ∈ |0..10|11 []) + 35·(x_9 ∈ |0..10|11 []) + 47·(x_10 ∈ |0..10|11 []) ≤ 1670
	w92:	20·(x_1 ∈ |0..10|11 []) + 30·(x_2 ∈ |0..10|11 []) + 12·(x_3 ∈ |0..10|11 []) + 18·(x_4 ∈ |0..10|11 []) + 44·(x_5 ∈ |0..10|11 []) + 12·(x_6 ∈ |0..10|11 []) + 46·(x_7 ∈ |0..10|11 []) + 41·(x_8 ∈ |0..10|11 []) + 37·(x_9 ∈ |0..10|11 []) + 18·(x_10 ∈ |0..10|11 []) ≤ 1640
	w93:	20·(x_1 ∈ |0..10|11 []) + 45·(x_2 ∈ |0..10|11 []) + 47·(x_3 ∈ |0..10|11 []) + 34·(x_4 ∈ |0..10|11 []) + 11·(x_5 ∈ |0..10|11 []) + 45·(x_6 ∈ |0..10|11 []) + 33·(x_7 ∈ |0..10|11 []) + 49·(x_8 ∈ |0..10|11 []) + 45·(x_9 ∈ |0..10|11 []) + 30·(x_10 ∈ |0..10|11 []) ≤ 2120
	w94:	39·(x_1 ∈ |0..10|11 []) + 47·(x_2 ∈ |0..10|11 []) + 29·(x_3 ∈ |0..10|11 []) + 16·(x_4 ∈ |0..10|11 []) + 24·(x_5 ∈ |0..10|11 []) + 2·(x_6 ∈ |0..10|11 []) + 39·(x_7 ∈ |0..10|11 []) + 6·(x_8 ∈ |0..10|11 []) + 3·(x_9 ∈ |0..10|11 []) + 28·(x_10 ∈ |0..10|11 []) ≤ 1370
	w95:	4·(x_1 ∈ |0..10|11 []) + 8·(x_2 ∈ |0..10|11 []) + 42·(x_3 ∈ |0..10|11 []) + 5·(x_4 ∈ |0..10|11 []) + 45·(x_5 ∈ |0..10|11 []) + 48·(x_6 ∈ |0..10|11 []) + 46·(x_7 ∈ |0..10|11 []) + 7·(x_8 ∈ |0..10|11 []) + 17·(x_9 ∈ |0..10|11 []) + 13·(x_10 ∈ |0..10|11 []) ≤ 1390
	w96:	34·(x_1 ∈ |0..10|11 []) + 28·(x_2 ∈ |0..10|11 []) + 17·(x_3 ∈ |0..10|11 []) + 39·(x_4 ∈ |0..10|11 []) + 16·(x_5 ∈ |0..10|11 []) + 38·(x_6 ∈ |0..10|11 []) + 41·(x_7 ∈ |0..10|11 []) + 49·(x_8 ∈ |0..10|11 []) + 17·(x_9 ∈ |0..10|11 []) + 37·(x_10 ∈ |0..10|11 []) ≤ 1870
	w97:	3·(x_1 ∈ |0..10|11 []) + 36·(x_2 ∈ |0..10|11 []) + 4·(x_3 ∈ |0..10|11 []) + 40·(x_4 ∈ |0..10|11 []) + 28·(x_5 ∈ |0..10|11 []) + 38·(x_6 ∈ |0..10|11 []) + 11·(x_7 ∈ |0..10|11 []) + 22·(x_8 ∈ |0..10|11 []) + (x_9 ∈ |0..10|11 []) + 11·(x_10 ∈ |0..10|11 []) ≤ 1140
	w98:	27·(x_1 ∈ |0..10|11 []) + 20·(x_2 ∈ |0..10|11 []) + 4·(x_3 ∈ |0..10|11 []) + 13·(x_4 ∈ |0..10|11 []) + 8·(x_5 ∈ |0..10|11 []) + 4·(x_6 ∈ |0..10|11 []) + 17·(x_7 ∈ |0..10|11 []) + 23·(x_8 ∈ |0..10|11 []) + 14·(x_9 ∈ |0..10|11 []) + 13·(x_10 ∈ |0..10|11 []) ≤ 840
	w99:	23·(x_1 ∈ |0..10|11 []) + 4·(x_2 ∈ |0..10|11 []) + 13·(x_3 ∈ |0..10|11 []) + 30·(x_4 ∈ |0..10|11 []) + 11·(x_5 ∈ |0..10|11 []) + 10·(x_6 ∈ |0..10|11 []) + 25·(x_7 ∈ |0..10|11 []) + (x_8 ∈ |0..10|11 []) + 14·(x_9 ∈ |0..10|11 []) + 40·(x_10 ∈ |0..10|11 []) ≤ 1010
	w100:	32·(x_1 ∈ |0..10|11 []) + 43·(x_2 ∈ |0..10|11 []) + 22·(x_3 ∈ |0..10|11 []) + 20·(x_4 ∈ |0..10|11 []) + 48·(x_5 ∈ |0..10|11 []) + 45·(x_6 ∈ |0..10|11 []) + 21·(x_7 ∈ |0..10|11 []) + 17·(x_8 ∈ |0..10|11 []) + 2·(x_9 ∈ |0..10|11 []) + 30·(x_10 ∈ |0..10|11 []) ≤ 1650
	w101:	39·(x_1 ∈ |0..10|11 []) + 47·(x_2 ∈ |0..10|11 []) + 16·(x_3 ∈ |0..10|11 []) + 15·(x_4 ∈ |0..10|11 []) + 36·(x_5 ∈ |0..10|11 []) + 18·(x_6 ∈ |0..10|11 []) + 45·(x_7 ∈ |0..10|11 []) + 18·(x_8 ∈ |0..10|11 []) + 34·(x_9 ∈ |0..10|11 []) + 8·(x_10 ∈ |0..10|11 []) ≤ 1630
	w102:	33·(x_1 ∈ |0..10|11 []) + 2·(x_2 ∈ |0..10|11 []) + 34·(x_3 ∈ |0..10|11 []) + (x_4 ∈ |0..10|11 []) + 20·(x_5 ∈ |0..10|11 []) + 36·(x_6 ∈ |0..10|11 []) + 44·(x_7 ∈ |0..10|11 []) + 11·(x_8 ∈ |0..10|11 []) + 17·(x_9 ∈ |0..10|11 []) + 32·(x_10 ∈ |0..10|11 []) ≤ 1360
	w103:	48·(x_1 ∈ |0..10|11 []) + 7·(x_2 ∈ |0..10|11 []) + (x_3 ∈ |0..10|11 []) + 47·(x_4 ∈ |0..10|11 []) + 12·(x_5 ∈ |0..10|11 []) + 6·(x_6 ∈ |0..10|11 []) + 38·(x_7 ∈ |0..10|11 []) + 29·(x_8 ∈ |0..10|11 []) + 14·(x_9 ∈ |0..10|11 []) + 38·(x_10 ∈ |0..10|11 []) ≤ 1420
	w104:	16·(x_1 ∈ |0..10|11 []) + 49·(x_2 ∈ |0..10|11 []) + 45·(x_3 ∈ |0..10|11 []) + 13·(x_4 ∈ |0..10|11 []) + 5·(x_5 ∈ |0..10|11 []) + 36·(x_6 ∈ |0..10|11 []) + 19·(x_7 ∈ |0..10|11 []) + 43·(x_8 ∈ |0..10|11 []) + 29·(x_9 ∈ |0..10|11 []) + 13·(x_10 ∈ |0..10|11 []) ≤ 1580
	w105:	48·(x_1 ∈ |0..10|11 []) + 8·(x_2 ∈ |0..10|11 []) + 10·(x_3 ∈ |0..10|11 []) + 33·(x_4 ∈ |0..10|11 []) + 3·(x_5 ∈ |0..10|11 []) + 38·(x_6 ∈ |0..10|11 []) + 44·(x_7 ∈ |0..10|11 []) + 21·(x_8 ∈ |0..10|11 []) + 26·(x_9 ∈ |0..10|11 []) + 10·(x_10 ∈ |0..10|11 []) ≤ 1420
	w106:	9·(x_1 ∈ |0..10|11 []) + (x_2 ∈ |0..10|11 []) + 30·(x_3 ∈ |0..10|11 []) + 25·(x_4 ∈ |0..10|11 []) + 13·(x_5 ∈ |0..10|11 []) + 37·(x_6 ∈ |0..10|11 []) + 43·(x_7 ∈ |0..10|11 []) + 8·(x_8 ∈ |0..10|11 []) + 7·(x_9 ∈ |0..10|11 []) + 24·(x_10 ∈ |0..10|11 []) ≤ 1160
	w107:	15·(x_1 ∈ |0..10|11 []) + 6·(x_2 ∈ |0..10|11 []) + 20·(x_3 ∈ |0..10|11 []) + 11·(x_4 ∈ |0..10|11 []) + 3·(x_5 ∈ |0..10|11 []) + 46·(x_6 ∈ |0..10|11 []) + 5·(x_7 ∈ |0..10|11 []) + 38·(x_8 ∈ |0..10|11 []) + 16·(x_9 ∈ |0..10|11 []) + 36·(x_10 ∈ |0..10|11 []) ≤ 1160
	w108:	6·(x_1 ∈ |0..10|11 []) + 46·(x_2 ∈ |0..10|11 []) + 4·(x_3 ∈ |0..10|11 []) + 48·(x_4 ∈ |0..10|11 []) + 21·(x_5 ∈ |0..10|11 []) + 33·(x_6 ∈ |0..10|11 []) + 49·(x_7 ∈ |0..10|11 []) + 2·(x_8 ∈ |0..10|11 []) + 41·(x_9 ∈ |0..10|11 []) + 41·(x_10 ∈ |0..10|11 []) ≤ 1720
	w109:	14·(x_1 ∈ |0..10|11 []) + (x_2 ∈ |0..10|11 []) + 4·(x_3 ∈ |0..10|11 []) + 6·(x_4 ∈ |0..10|11 []) + 42·(x_5 ∈ |0..10|11 []) + 46·(x_6 ∈ |0..10|11 []) + 23·(x_7 ∈ |0..10|11 []) + 30·(x_8 ∈ |0..10|11 []) + 33·(x_9 ∈ |0..10|11 []) + 14·(x_10 ∈ |0..10|11 []) ≤ 1260
	w110:	14·(x_1 ∈ |0..10|11 []) + 29·(x_2 ∈ |0..10|11 []) + 39·(x_3 ∈ |0..10|11 []) + 46·(x_4 ∈ |0..10|11 []) + 7·(x_5 ∈ |0..10|11 []) + 42·(x_6 ∈ |0..10|11 []) + 38·(x_7 ∈ |0..10|11 []) + 14·(x_8 ∈ |0..10|11 []) + 32·(x_9 ∈ |0..10|11 []) + 28·(x_10 ∈ |0..10|11 []) ≤ 1710
	w111:	48·(x_1 ∈ |0..10|11 []) + 36·(x_2 ∈ |0..10|11 []) + 37·(x_3 ∈ |0..10|11 []) + 23·(x_4 ∈ |0..10|11 []) + 42·(x_5 ∈ |0..10|11 []) + 46·(x_6 ∈ |0..10|11 []) + 19·(x_7 ∈ |0..10|11 []) + 20·(x_8 ∈ |0..10|11 []) + 2·(x_9 ∈ |0..10|11 []) + 19·(x_10 ∈ |0..10|11 []) ≤ 1720
	w112:	32·(x_1 ∈ |0..10|11 []) + 30·(x_2 ∈ |0..10|11 []) + 33·(x_3 ∈ |0..10|11 []) + 35·(x_4 ∈ |0..10|11 []) + 28·(x_5 ∈ |0..10|11 []) + 44·(x_6 ∈ |0..10|11 []) + 7·(x_7 ∈ |0..10|11 []) + 26·(x_8 ∈ |0..10|11 []) + 18·(x_9 ∈ |0..10|11 []) + 34·(x_10 ∈ |0..10|11 []) ≤ 1690
	w113:	43·(x_1 ∈ |0..10|11 []) + 46·(x_2 ∈ |0..10|11 []) + 11·(x_3 ∈ |0..10|11 []) + 3·(x_4 ∈ |0..10|11 []) + 34·(x_5 ∈ |0..10|11 []) + 23·(x_6 ∈ |0..10|11 []) + 10·(x_7 ∈ |0..10|11 []) + 48·(x_8 ∈ |0..10|11 []) + 11·(x_9 ∈ |0..10|11 []) + 40·(x_10 ∈ |0..10|11 []) ≤ 1590
	w114:	10·(x_1 ∈ |0..10|11 []) + 8·(x_2 ∈ |0..10|11 []) + 6·(x_3 ∈ |0..10|11 []) + 5·(x_4 ∈ |0..10|11 []) + 14·(x_5 ∈ |0..10|11 []) + 27·(x_6 ∈ |0..10|11 []) + 12·(x_7 ∈ |0..10|11 []) + 45·(x_8 ∈ |0..10|11 []) + 36·(x_9 ∈ |0..10|11 []) + 35·(x_10 ∈ |0..10|11 []) ≤ 1170
	w115:	7·(x_1 ∈ |0..10|11 []) + 18·(x_2 ∈ |0..10|11 []) + 26·(x_3 ∈ |0..10|11 []) + 12·(x_4 ∈ |0..10|11 []) + 30·(x_5 ∈ |0..10|11 []) + 9·(x_6 ∈ |0..10|11 []) + 25·(x_7 ∈ |0..10|11 []) + 11·(x_8 ∈ |0..10|11 []) + 20·(x_9 ∈ |0..10|11 []) + 43·(x_10 ∈ |0..10|11 []) ≤ 1180
	w116:	6·(x_1 ∈ |0..10|11 []) + 37·(x_2 ∈ |0..10|11 []) + 6·(x_3 ∈ |0..10|11 []) + 39·(x_4 ∈ |0..10|11 []) + 42·(x_5 ∈ |0..10|11 []) + 29·(x_6 ∈ |0..10|11 []) + 43·(x_7 ∈ |0..10|11 []) + 5·(x_8 ∈ |0..10|11 []) + 5·(x_9 ∈ |0..10|11 []) + 49·(x_10 ∈ |0..10|11 []) ≤ 1540
	w117:	37·(x_1 ∈ |0..10|11 []) + 6·(x_2 ∈ |0..10|11 []) + (x_3 ∈ |0..10|11 []) + 47·(x_4 ∈ |0..10|11 []) + 32·(x_5 ∈ |0..10|11 []) + 38·(x_6 ∈ |0..10|11 []) + 23·(x_7 ∈ |0..10|11 []) + 5·(x_8 ∈ |0..10|11 []) + 39·(x_9 ∈ |0..10|11 []) + 10·(x_10 ∈ |0..10|11 []) ≤ 1400
	w118:	11·(x_1 ∈ |0..10|11 []) + 13·(x_2 ∈ |0..10|11 []) + 18·(x_3 ∈ |0..10|11 []) + 32·(x_4 ∈ |0..10|11 []) + 5·(x_5 ∈ |0..10|11 []) + 13·(x_6 ∈ |0..10|11 []) + 36·(x_7 ∈ |0..10|11 []) + 27·(x_8 ∈ |0..10|11 []) + 45·(x_9 ∈ |0..10|11 []) + 41·(x_10 ∈ |0..10|11 []) ≤ 1420
	w119:	20·(x_1 ∈ |0..10|11 []) + 7·(x_2 ∈ |0..10|11 []) + 6·(x_3 ∈ |0..10|11 []) + 41·(x_4 ∈ |0..10|11 []) + 45·(x_5 ∈ |0..10|11 []) + 23·(x_6 ∈ |0..10|11 []) + 27·(x_7 ∈ |0..10|11 []) + 46·(x_8 ∈ |0..10|11 []) + 46·(x_9 ∈ |0..10|11 []) + 22·(x_10 ∈ |0..10|11 []) ≤ 1670
	w120:	20·(x_1 ∈ |0..10|11 []) + 33·(x_2 ∈ |0..10|11 []) + 3·(x_3 ∈ |0..10|11 []) + 39·(x_4 ∈ |0..10|11 []) + 11·(x_5 ∈ |0..10|11 []) + 10·(x_6 ∈ |0..10|11 []) + 12·(x_7 ∈ |0..10|11 []) + 47·(x_8 ∈ |0..10|11 []) + 37·(x_9 ∈ |0..10|11 []) + 25·(x_10 ∈ |0..10|11 []) ≤ 1400
	w121:	3·(x_1 ∈ |0..10|11 []) + 44·(x_2 ∈ |0..10|11 []) + 15·(x_3 ∈ |0..10|11 []) + 11·(x_4 ∈ |0..10|11 []) + 46·(x_5 ∈ |0..10|11 []) + 28·(x_6 ∈ |0..10|11 []) + 30·(x_7 ∈ |0..10|11 []) + 37·(x_8 ∈ |0..10|11 []) + 32·(x_9 ∈ |0..10|11 []) + 32·(x_10 ∈ |0..10|11 []) ≤ 1640
	w122:	47·(x_1 ∈ |0..10|11 []) + 25·(x_2 ∈ |0..10|11 []) + 30·(x_3 ∈ |0..10|11 []) + 3·(x_4 ∈ |0..10|11 []) + 44·(x_5 ∈ |0..10|11 []) + 12·(x_6 ∈ |0..10|11 []) + 17·(x_7 ∈ |0..10|11 []) + 15·(x_8 ∈ |0..10|11 []) + 16·(x_9 ∈ |0..10|11 []) + 7·(x_10 ∈ |0..10|11 []) ≤ 1270
	w123:	47·(x_1 ∈ |0..10|11 []) + 22·(x_2 ∈ |0..10|11 []) + 23·(x_3 ∈ |0..10|11 []) + 20·(x_4 ∈ |0..10|11 []) + 47·(x_5 ∈ |0..10|11 []) + 46·(x_6 ∈ |0..10|11 []) + 7·(x_7 ∈ |0..10|11 []) + 48·(x_8 ∈ |0..10|11 []) + 21·(x_9 ∈ |0..10|11 []) + 17·(x_10 ∈ |0..10|11 []) ≤ 1760
	w124:	4·(x_1 ∈ |0..10|11 []) + 48·(x_2 ∈ |0..10|11 []) + 39·(x_3 ∈ |0..10|11 []) + 2·(x_4 ∈ |0..10|11 []) + 10·(x_5 ∈ |0..10|11 []) + 13·(x_6 ∈ |0..10|11 []) + 13·(x_7 ∈ |0..10|11 []) + 36·(x_8 ∈ |0..10|11 []) + 23·(x_9 ∈ |0..10|11 []) + (x_10 ∈ |0..10|11 []) ≤ 1110
	w125:	22·(x_1 ∈ |0..10|11 []) + 34·(x_2 ∈ |0..10|11 []) + 25·(x_3 ∈ |0..10|11 []) + 14·(x_4 ∈ |0..10|11 []) + 28·(x_5 ∈ |0..10|11 []) + 36·(x_6 ∈ |0..10|11 []) + 42·(x_7 ∈ |0..10|11 []) + 13·(x_8 ∈ |0..10|11 []) + 11·(x_9 ∈ |0..10|11 []) + 12·(x_10 ∈ |0..10|11 []) ≤ 1400
	w126:	31·(x_1 ∈ |0..10|11 []) + 39·(x_2 ∈ |0..10|11 []) + 17·(x_3 ∈ |0..10|11 []) + 24·(x_4 ∈ |0..10|11 []) + 7·(x_5 ∈ |0..10|11 []) + 22·(x_6 ∈ |0..10|11 []) + 25·(x_7 ∈ |0..10|11 []) + 14·(x_8 ∈ |0..10|11 []) + 37·(x_9 ∈ |0..10|11 []) + 20·(x_10 ∈ |0..10|11 []) ≤ 1390
	w127:	22·(x_1 ∈ |0..10|11 []) + 40·(x_2 ∈ |0..10|11 []) + 49·(x_3 ∈ |0..10|11 []) + 41·(x_4 ∈ |0..10|11 []) + 14·(x_5 ∈ |0..10|11 []) + 13·(x_6 ∈ |0..10|11 []) + 7·(x_7 ∈ |0..10|11 []) + 26·(x_8 ∈ |0..10|11 []) + 37·(x_9 ∈ |0..10|11 []) + 38·(x_10 ∈ |0..10|11 []) ≤ 1690
	w128:	35·(x_1 ∈ |0..10|11 []) + 24·(x_2 ∈ |0..10|11 []) + 36·(x_3 ∈ |0..10|11 []) + 34·(x_4 ∈ |0..10|11 []) + 2·(x_5 ∈ |0..10|11 []) + 8·(x_6 ∈ |0..10|11 []) + 26·(x_7 ∈ |0..10|11 []) + 40·(x_8 ∈ |0..10|11 []) + 22·(x_9 ∈ |0..10|11 []) + 4·(x_10 ∈ |0..10|11 []) ≤ 1360
	w129:	48·(x_1 ∈ |0..10|11 []) + 11·(x_2 ∈ |0..10|11 []) + 40·(x_3 ∈ |0..10|11 []) + 13·(x_4 ∈ |0..10|11 []) + 15·(x_5 ∈ |0..10|11 []) + 38·(x_6 ∈ |0..10|11 []) + 41·(x_7 ∈ |0..10|11 []) + 23·(x_8 ∈ |0..10|11 []) + 3·(x_9 ∈ |0..10|11 []) + 31·(x_10 ∈ |0..10|11 []) ≤ 1550
	w130:	37·(x_1 ∈ |0..10|11 []) + 42·(x_2 ∈ |0..10|11 []) + 5·(x_3 ∈ |0..10|11 []) + 14·(x_4 ∈ |0..10|11 []) + 48·(x_5 ∈ |0..10|11 []) + 38·(x_6 ∈ |0..10|11 []) + 5·(x_7 ∈ |0..10|11 []) + 9·(x_8 ∈ |0..10|11 []) + 17·(x_9 ∈ |0..10|11 []) + 17·(x_10 ∈ |0..10|11 []) ≤ 1370
	w131:	48·(x_1 ∈ |0..10|11 []) + 11·(x_2 ∈ |0..10|11 []) + 33·(x_3 ∈ |0..10|11 []) + 36·(x_4 ∈ |0..10|11 []) + 32·(x_5 ∈ |0..10|11 []) + 8·(x_6 ∈ |0..10|11 []) + 20·(x_7 ∈ |0..10|11 []) + 31·(x_8 ∈ |0..10|11 []) + 49·(x_9 ∈ |0..10|11 []) + 31·(x_10 ∈ |0..10|11 []) ≤ 1770
	w132:	48·(x_1 ∈ |0..10|11 []) + 10·(x_2 ∈ |0..10|11 []) + 40·(x_3 ∈ |0..10|11 []) + 22·(x_4 ∈ |0..10|11 []) + 32·(x_5 ∈ |0..10|11 []) + 44·(x_6 ∈ |0..10|11 []) + 46·(x_7 ∈ |0..10|11 []) + 37·(x_8 ∈ |0..10|11 []) + 28·(x_9 ∈ |0..10|11 []) + 40·(x_10 ∈ |0..10|11 []) ≤ 2050
	w133:	8·(x_1 ∈ |0..10|11 []) + 10·(x_2 ∈ |0..10|11 []) + 30·(x_3 ∈ |0..10|11 []) + 16·(x_4 ∈ |0..10|11 []) + 7·(x_5 ∈ |0..10|11 []) + 28·(x_6 ∈ |0..10|11 []) + (x_7 ∈ |0..10|11 []) + 30·(x_8 ∈ |0..10|11 []) + 4·(x_9 ∈ |0..10|11 []) + 13·(x_10 ∈ |0..10|11 []) ≤ 870
	w134:	35·(x_1 ∈ |0..10|11 []) + 27·(x_2 ∈ |0..10|11 []) + 22·(x_3 ∈ |0..10|11 []) + 37·(x_4 ∈ |0..10|11 []) + 42·(x_5 ∈ |0..10|11 []) + 6·(x_6 ∈ |0..10|11 []) + 16·(x_7 ∈ |0..10|11 []) + 46·(x_8 ∈ |0..10|11 []) + 15·(x_9 ∈ |0..10|11 []) + 26·(x_10 ∈ |0..10|11 []) ≤ 1610
	w135:	19·(x_1 ∈ |0..10|11 []) + 7·(x_2 ∈ |0..10|11 []) + 10·(x_3 ∈ |0..10|11 []) + 9·(x_4 ∈ |0..10|11 []) + (x_5 ∈ |0..10|11 []) + 11·(x_6 ∈ |0..10|11 []) + 49·(x_7 ∈ |0..10|11 []) + 20·(x_8 ∈ |0..10|11 []) + 18·(x_9 ∈ |0..10|11 []) + 40·(x_10 ∈ |0..10|11 []) ≤ 1080
	w136:	22·(x_1 ∈ |0..10|11 []) + 41·(x_2 ∈ |0..10|11 []) + 17·(x_3 ∈ |0..10|11 []) + 21·(x_4 ∈ |0..10|11 []) + 27·(x_5 ∈ |0..10|11 []) + 44·(x_6 ∈ |0..10|11 []) + 36·(x_7 ∈ |0..10|11 []) + 42·(x_8 ∈ |0..10|11 []) + 47·(x_9 ∈ |0..10|11 []) + 28·(x_10 ∈ |0..10|11 []) ≤ 1920
	w137:	37·(x_1 ∈ |0..10|11 []) + 10·(x_2 ∈ |0..10|11 []) + 35·(x_3 ∈ |0..10|11 []) + 17·(x_4 ∈ |0..10|11 []) + 14·(x_5 ∈ |0..10|11 []) + 33·(x_6 ∈ |0..10|11 []) + 25·(x_7 ∈ |0..10|11 []) + 32·(x_8 ∈ |0..10|11 []) + 36·(x_9 ∈ |0..10|11 []) + 26·(x_10 ∈ |0..10|11 []) ≤ 1560
	w138:	11·(x_1 ∈ |0..10|11 []) + 10·(x_2 ∈ |0..10|11 []) + 32·(x_3 ∈ |0..10|11 []) + 12·(x_4 ∈ |0..10|11 []) + 49·(x_5 ∈ |0..10|11 []) + 8·(x_6 ∈ |0..10|11 []) + 15·(x_7 ∈ |0..10|11 []) + (x_8 ∈ |0..10|11 []) + 27·(x_9 ∈ |0..10|11 []) + 5·(x_10 ∈ |0..10|11 []) ≤ 1000
	w139:	21·(x_1 ∈ |0..10|11 []) + 39·(x_2 ∈ |0..10|11 []) + 37·(x_3 ∈ |0..10|11 []) + 43·(x_4 ∈ |0..10|11 []) + 19·(x_5 ∈ |0..10|11 []) + 42·(x_6 ∈ |0..10|11 []) + 11·(x_7 ∈ |0..10|11 []) + 48·(x_8 ∈ |0..10|11 []) + 18·(x_9 ∈ |0..10|11 []) + 48·(x_10 ∈ |0..10|11 []) ≤ 1920
	w140:	27·(x_1 ∈ |0..10|11 []) + 9·(x_2 ∈ |0..10|11 []) + 35·(x_3 ∈ |0..10|11 []) + 39·(x_4 ∈ |0..10|11 []) + 9·(x_5 ∈ |0..10|11 []) + 46·(x_6 ∈ |0..10|11 []) + 15·(x_7 ∈ |0..10|11 []) + 23·(x_8 ∈ |0..10|11 []) + 26·(x_9 ∈ |0..10|11 []) + 25·(x_10 ∈ |0..10|11 []) ≤ 1500
	w141:	(x_1 ∈ |0..10|11 []) + 37·(x_2 ∈ |0..10|11 []) + 25·(x_3 ∈ |0..10|11 []) + 24·(x_4 ∈ |0..10|11 []) + 36·(x_5 ∈ |0..10|11 []) + 41·(x_6 ∈ |0..10|11 []) + 11·(x_7 ∈ |0..10|11 []) + 6·(x_8 ∈ |0..10|11 []) + 20·(x_9 ∈ |0..10|11 []) + 40·(x_10 ∈ |0..10|11 []) ≤ 1420
	w142:	5·(x_1 ∈ |0..10|11 []) + 32·(x_2 ∈ |0..10|11 []) + 49·(x_3 ∈ |0..10|11 []) + 28·(x_4 ∈ |0..10|11 []) + 45·(x_5 ∈ |0..10|11 []) + 2·(x_6 ∈ |0..10|11 []) + 2·(x_7 ∈ |0..10|11 []) + 16·(x_8 ∈ |0..10|11 []) + 19·(x_9 ∈ |0..10|11 []) + 7·(x_10 ∈ |0..10|11 []) ≤ 1210
	w143:	15·(x_1 ∈ |0..10|11 []) + 28·(x_2 ∈ |0..10|11 []) + 45·(x_3 ∈ |0..10|11 []) + 5·(x_4 ∈ |0..10|11 []) + 17·(x_5 ∈ |0..10|11 []) + 14·(x_6 ∈ |0..10|11 []) + 47·(x_7 ∈ |0..10|11 []) + 23·(x_8 ∈ |0..10|11 []) + 23·(x_9 ∈ |0..10|11 []) + 8·(x_10 ∈ |0..10|11 []) ≤ 1330
	w144:	7·(x_1 ∈ |0..10|11 []) + 48·(x_2 ∈ |0..10|11 []) + 13·(x_3 ∈ |0..10|11 []) + 12·(x_4 ∈ |0..10|11 []) + 5·(x_5 ∈ |0..10|11 []) + 10·(x_6 ∈ |0..10|11 []) + 45·(x_7 ∈ |0..10|11 []) + 2·(x_8 ∈ |0..10|11 []) + 31·(x_9 ∈ |0..10|11 []) + 41·(x_10 ∈ |0..10|11 []) ≤ 1260
	w145:	48·(x_1 ∈ |0..10|11 []) + 6·(x_2 ∈ |0..10|11 []) + 39·(x_3 ∈ |0..10|11 []) + 24·(x_4 ∈ |0..10|11 []) + 22·(x_5 ∈ |0..10|11 []) + 11·(x_6 ∈ |0..10|11 []) + 18·(x_7 ∈ |0..10|11 []) + 48·(x_8 ∈ |0..10|11 []) + 42·(x_9 ∈ |0..10|11 []) + 36·(x_10 ∈ |0..10|11 []) ≤ 1740
	w146:	41·(x_1 ∈ |0..10|11 []) + 23·(x_2 ∈ |0..10|11 []) + 28·(x_3 ∈ |0..10|11 []) + 27·(x_4 ∈ |0..10|11 []) + 48·(x_5 ∈ |0..10|11 []) + 44·(x_6 ∈ |0..10|11 []) + 48·(x_7 ∈ |0..10|11 []) + 40·(x_8 ∈ |0..10|11 []) + 6·(x_9 ∈ |0..10|11 []) + 7·(x_10 ∈ |0..10|11 []) ≤ 1840
	w147:	44·(x_1 ∈ |0..10|11 []) + 37·(x_2 ∈ |0..10|11 []) + 47·(x_3 ∈ |0..10|11 []) + 34·(x_4 ∈ |0..10|11 []) + 47·(x_5 ∈ |0..10|11 []) + 45·(x_6 ∈ |0..10|11 []) + 47·(x_7 ∈ |0..10|11 []) + 39·(x_8 ∈ |0..10|11 []) + 17·(x_9 ∈ |0..10|11 []) + 20·(x_10 ∈ |0..10|11 []) ≤ 2230
	w148:	44·(x_1 ∈ |0..10|11 []) + 16·(x_2 ∈ |0..10|11 []) + 41·(x_3 ∈ |0..10|11 []) + 11·(x_4 ∈ |0..10|11 []) + 30·(x_5 ∈ |0..10|11 []) + 41·(x_6 ∈ |0..10|11 []) + 27·(x_7 ∈ |0..10|11 []) + 39·(x_8 ∈ |0..10|11 []) + 2·(x_9 ∈ |0..10|11 []) + 20·(x_10 ∈ |0..10|11 []) ≤ 1600
	w149:	43·(x_1 ∈ |0..10|11 []) + 44·(x_2 ∈ |0..10|11 []) + 42·(x_3 ∈ |0..10|11 []) + 5·(x_4 ∈ |0..10|11 []) + 47·(x_5 ∈ |0..10|11 []) + 34·(x_6 ∈ |0..10|11 []) + 45·(x_7 ∈ |0..10|11 []) + 11·(x_8 ∈ |0..10|11 []) + 20·(x_9 ∈ |0..10|11 []) + 47·(x_10 ∈ |0..10|11 []) ≤ 2000
	w150:	27·(x_1 ∈ |0..10|11 []) + 8·(x_2 ∈ |0..10|11 []) + 46·(x_3 ∈ |0..10|11 []) + 5·(x_4 ∈ |0..10|11 []) + 47·(x_5 ∈ |0..10|11 []) + 27·(x_6 ∈ |0..10|11 []) + 12·(x_7 ∈ |0..10|11 []) + 21·(x_8 ∈ |0..10|11 []) + 28·(x_9 ∈ |0..10|11 []) + 26·(x_10 ∈ |0..10|11 []) ≤ 1460
	w151:	28·(x_1 ∈ |0..10|11 []) + 40·(x_2 ∈ |0..10|11 []) + 47·(x_3 ∈ |0..10|11 []) + 7·(x_4 ∈ |0..10|11 []) + 6·(x_5 ∈ |0..10|11 []) + 48·(x_6 ∈ |0..10|11 []) + 47·(x_7 ∈ |0..10|11 []) + 15·(x_8 ∈ |0..10|11 []) + 40·(x_9 ∈ |0..10|11 []) + 22·(x_10 ∈ |0..10|11 []) ≤ 1770
	w152:	5·(x_1 ∈ |0..10|11 []) + 6·(x_2 ∈ |0..10|11 []) + 30·(x_3 ∈ |0..10|11 []) + 42·(x_4 ∈ |0..10|11 []) + 4·(x_5 ∈ |0..10|11 []) + 26·(x_6 ∈ |0..10|11 []) + 29·(x_7 ∈ |0..10|11 []) + 18·(x_8 ∈ |0..10|11 []) + 44·(x_9 ∈ |0..10|11 []) + 20·(x_10 ∈ |0..10|11 []) ≤ 1320
	w153:	9·(x_1 ∈ |0..10|11 []) + 22·(x_2 ∈ |0..10|11 []) + 46·(x_3 ∈ |0..10|11 []) + 33·(x_4 ∈ |0..10|11 []) + 2·(x_5 ∈ |0..10|11 []) + 14·(x_6 ∈ |0..10|11 []) + 5·(x_7 ∈ |0..10|11 []) + 9·(x_8 ∈ |0..10|11 []) + 28·(x_9 ∈ |0..10|11 []) + 7·(x_10 ∈ |0..10|11 []) ≤ 1030
	w154:	(x_1 ∈ |0..10|11 []) + 17·(x_2 ∈ |0..10|11 []) + 7·(x_3 ∈ |0..10|11 []) + 3·(x_4 ∈ |0..10|11 []) + 6·(x_5 ∈ |0..10|11 []) + 14·(x_6 ∈ |0..10|11 []) + 24·(x_7 ∈ |0..10|11 []) + 23·(x_8 ∈ |0..10|11 []) + 3·(x_9 ∈ |0..10|11 []) + 11·(x_10 ∈ |0..10|11 []) ≤ 640
	w155:	27·(x_1 ∈ |0..10|11 []) + 15·(x_2 ∈ |0..10|11 []) + 37·(x_3 ∈ |0..10|11 []) + 42·(x_4 ∈ |0..10|11 []) + 15·(x_5 ∈ |0..10|11 []) + 16·(x_6 ∈ |0..10|11 []) + 45·(x_7 ∈ |0..10|11 []) + 21·(x_8 ∈ |0..10|11 []) + 47·(x_9 ∈ |0..10|11 []) + 27·(x_10 ∈ |0..10|11 []) ≤ 1720
	w156:	23·(x_1 ∈ |0..10|11 []) + 30·(x_2 ∈ |0..10|11 []) + 9·(x_3 ∈ |0..10|11 []) + 9·(x_4 ∈ |0..10|11 []) + 37·(x_5 ∈ |0..10|11 []) + 43·(x_6 ∈ |0..10|11 []) + 14·(x_7 ∈ |0..10|11 []) + 19·(x_8 ∈ |0..10|11 []) + 48·(x_9 ∈ |0..10|11 []) + 42·(x_10 ∈ |0..10|11 []) ≤ 1620
	w157:	28·(x_1 ∈ |0..10|11 []) + 4·(x_2 ∈ |0..10|11 []) + 31·(x_3 ∈ |0..10|11 []) + (x_4 ∈ |0..10|11 []) + 20·(x_5 ∈ |0..10|11 []) + 34·(x_6 ∈ |0..10|11 []) + 44·(x_7 ∈ |0..10|11 []) + 35·(x_8 ∈ |0..10|11 []) + 38·(x_9 ∈ |0..10|11 []) + (x_10 ∈ |0..10|11 []) ≤ 1390
	w158:	14·(x_1 ∈ |0..10|11 []) + 22·(x_2 ∈ |0..10|11 []) + 9·(x_3 ∈ |0..10|11 []) + 43·(x_4 ∈ |0..10|11 []) + 40·(x_5 ∈ |0..10|11 []) + 28·(x_6 ∈ |0..10|11 []) + 18·(x_7 ∈ |0..10|11 []) + 44·(x_8 ∈ |0..10|11 []) + 48·(x_9 ∈ |0..10|11 []) + 32·(x_10 ∈ |0..10|11 []) ≤ 1760
	w159:	3·(x_1 ∈ |0..10|11 []) + 41·(x_2 ∈ |0..10|11 []) + 16·(x_3 ∈ |0..10|11 []) + 8·(x_4 ∈ |0..10|11 []) + 9·(x_5 ∈ |0..10|11 []) + 28·(x_6 ∈ |0..10|11 []) + 39·(x_7 ∈ |0..10|11 []) + 45·(x_8 ∈ |0..10|11 []) + 14·(x_9 ∈ |0..10|11 []) + 31·(x_10 ∈ |0..10|11 []) ≤ 1380
	w160:	17·(x_1 ∈ |0..10|11 []) + 27·(x_2 ∈ |0..10|11 []) + 40·(x_3 ∈ |0..10|11 []) + 32·(x_4 ∈ |0..10|11 []) + 28·(x_5 ∈ |0..10|11 []) + 33·(x_6 ∈ |0..10|11 []) + 14·(x_7 ∈ |0..10|11 []) + 21·(x_8 ∈ |0..10|11 []) + 19·(x_9 ∈ |0..10|11 []) + 19·(x_10 ∈ |0..10|11 []) ≤ 1480
	w161:	22·(x_1 ∈ |0..10|11 []) + 18·(x_2 ∈ |0..10|11 []) + 14·(x_3 ∈ |0..10|11 []) + 29·(x_4 ∈ |0..10|11 []) + 3·(x_5 ∈ |0..10|11 []) + 19·(x_6 ∈ |0..10|11 []) + 25·(x_7 ∈ |0..10|11 []) + 32·(x_8 ∈ |0..10|11 []) + 12·(x_9 ∈ |0..10|11 []) + 17·(x_10 ∈ |0..10|11 []) ≤ 1130
	w162:	47·(x_1 ∈ |0..10|11 []) + 33·(x_2 ∈ |0..10|11 []) + 46·(x_3 ∈ |0..10|11 []) + 3·(x_4 ∈ |0..10|11 []) + 48·(x_5 ∈ |0..10|11 []) + 20·(x_6 ∈ |0..10|11 []) + 20·(x_7 ∈ |0..10|11 []) + 35·(x_8 ∈ |0..10|11 []) + 21·(x_9 ∈ |0..10|11 []) + 35·(x_10 ∈ |0..10|11 []) ≤ 1820
	w163:	40·(x_1 ∈ |0..10|11 []) + 45·(x_2 ∈ |0..10|11 []) + 45·(x_3 ∈ |0..10|11 []) + 39·(x_4 ∈ |0..10|11 []) + 6·(x_5 ∈ |0..10|11 []) + 18·(x_6 ∈ |0..10|11 []) + 32·(x_7 ∈ |0..10|11 []) + 10·(x_8 ∈ |0..10|11 []) + 29·(x_9 ∈ |0..10|11 []) + 28·(x_10 ∈ |0..10|11 []) ≤ 1720
	w164:	47·(x_1 ∈ |0..10|11 []) + 13·(x_2 ∈ |0..10|11 []) + 4·(x_3 ∈ |0..10|11 []) + 38·(x_4 ∈ |0..10|11 []) + 41·(x_5 ∈ |0..10|11 []) + 3·(x_6 ∈ |0..10|11 []) + 20·(x_7 ∈ |0..10|11 []) + 33·(x_8 ∈ |0..10|11 []) + 16·(x_9 ∈ |0..10|11 []) + 3·(x_10 ∈ |0..10|11 []) ≤ 1290
	w165:	19·(x_1 ∈ |0..10|11 []) + 33·(x_2 ∈ |0..10|11 []) + 14·(x_3 ∈ |0..10|11 []) + 23·(x_4 ∈ |0..10|11 []) + 38·(x_5 ∈ |0..10|11 []) + 13·(x_6 ∈ |0..10|11 []) + 23·(x_7 ∈ |0..10|11 []) + 17·(x_8 ∈ |0..10|11 []) + 26·(x_9 ∈ |0..10|11 []) + 9·(x_10 ∈ |0..10|11 []) ≤ 1270
	w166:	43·(x_1 ∈ |0..10|11 []) + 44·(x_2 ∈ |0..10|11 []) + 29·(x_3 ∈ |0..10|11 []) + 29·(x_4 ∈ |0..10|11 []) + 40·(x_5 ∈ |0..10|11 []) + 20·(x_6 ∈ |0..10|11 []) + 43·(x_7 ∈ |0..10|11 []) + 44·(x_8 ∈ |0..10|11 []) + (x_9 ∈ |0..10|11 []) + 14·(x_10 ∈ |0..10|11 []) ≤ 1810
	w167:	9·(x_1 ∈ |0..10|11 []) + 24·(x_2 ∈ |0..10|11 []) + 22·(x_3 ∈ |0..10|11 []) + 41·(x_4 ∈ |0..10|11 []) + 18·(x_5 ∈ |0..10|11 []) + 30·(x_6 ∈ |0..10|11 []) + 17·(x_7 ∈ |0..10|11 []) + 27·(x_8 ∈ |0..10|11 []) + 38·(x_9 ∈ |0..10|11 []) + 35·(x_10 ∈ |0..10|11 []) ≤ 1540
	w168:	26·(x_1 ∈ |0..10|11 []) + 18·(x_2 ∈ |0..10|11 []) + 19·(x_3 ∈ |0..10|11 []) + 21·(x_4 ∈ |0..10|11 []) + 16·(x_5 ∈ |0..10|11 []) + 19·(x_6 ∈ |0..10|11 []) + 49·(x_7 ∈ |0..10|11 []) + 44·(x_8 ∈ |0..10|11 []) + 21·(x_9 ∈ |0..10|11 []) + 7·(x_10 ∈ |0..10|11 []) ≤ 1420
	w169:	6·(x_1 ∈ |0..10|11 []) + 26·(x_2 ∈ |0..10|11 []) + 13·(x_3 ∈ |0..10|11 []) + 9·(x_4 ∈ |0..10|11 []) + 42·(x_5 ∈ |0..10|11 []) + 25·(x_6 ∈ |0..10|11 []) + (x_7 ∈ |0..10|11 []) + 2·(x_8 ∈ |0..10|11 []) + 21·(x_9 ∈ |0..10|11 []) + 20·(x_10 ∈ |0..10|11 []) ≤ 970
	w170:	37·(x_1 ∈ |0..10|11 []) + 36·(x_2 ∈ |0..10|11 []) + 2·(x_3 ∈ |0..10|11 []) + 45·(x_4 ∈ |0..10|11 []) + 33·(x_5 ∈ |0..10|11 []) + 11·(x_6 ∈ |0..10|11 []) + 47·(x_7 ∈ |0..10|11 []) + 38·(x_8 ∈ |0..10|11 []) + 36·(x_9 ∈ |0..10|11 []) + 45·(x_10 ∈ |0..10|11 []) ≤ 1950
	w171:	43·(x_1 ∈ |0..10|11 []) + 49·(x_2 ∈ |0..10|11 []) + 8·(x_3 ∈ |0..10|11 []) + 46·(x_4 ∈ |0..10|11 []) + 47·(x_5 ∈ |0..10|11 []) + 29·(x_6 ∈ |0..10|11 []) + 11·(x_7 ∈ |0..10|11 []) + 44·(x_8 ∈ |0..10|11 []) + 19·(x_9 ∈ |0..10|11 []) + 27·(x_10 ∈ |0..10|11 []) ≤ 1910
	w172:	32·(x_1 ∈ |0..10|11 []) + 18·(x_2 ∈ |0..10|11 []) + 19·(x_3 ∈ |0..10|11 []) + 5·(x_4 ∈ |0..10|11 []) + 45·(x_5 ∈ |0..10|11 []) + (x_6 ∈ |0..10|11 []) + 35·(x_7 ∈ |0..10|11 []) + 26·(x_8 ∈ |0..10|11 []) + 16·(x_9 ∈ |0..10|11 []) + 48·(x_10 ∈ |0..10|11 []) ≤ 1450
	w173:	28·(x_1 ∈ |0..10|11 []) + 14·(x_2 ∈ |0..10|11 []) + 8·(x_3 ∈ |0..10|11 []) + 34·(x_4 ∈ |0..10|11 []) + 46·(x_5 ∈ |0..10|11 []) + 46·(x_6 ∈ |0..10|11 []) + 3·(x_7 ∈ |0..10|11 []) + 13·(x_8 ∈ |0..10|11 []) + 7·(x_9 ∈ |0..10|11 []) + 37·(x_10 ∈ |0..10|11 []) ≤ 1390
	w174:	10·(x_1 ∈ |0..10|11 []) + 39·(x_2 ∈ |0..10|11 []) + 11·(x_3 ∈ |0..10|11 []) + 49·(x_4 ∈ |0..10|11 []) + 21·(x_5 ∈ |0..10|11 []) + 32·(x_6 ∈ |0..10|11 []) + 42·(x_7 ∈ |0..10|11 []) + 27·(x_8 ∈ |0..10|11 []) + 8·(x_9 ∈ |0..10|11 []) + 15·(x_10 ∈ |0..10|11 []) ≤ 1500
	w175:	35·(x_1 ∈ |0..10|11 []) + 8·(x_2 ∈ |0..10|11 []) + 22·(x_3 ∈ |0..10|11 []) + 29·(x_4 ∈ |0..10|11 []) + 20·(x_5 ∈ |0..10|11 []) + 34·(x_6 ∈ |0..10|11 []) + 19·(x_7 ∈ |0..10|11 []) + 41·(x_8 ∈ |0..10|11 []) + 48·(x_9 ∈ |0..10|11 []) + 3·(x_10 ∈ |0..10|11 []) ≤ 1530
	w176:	27·(x_1 ∈ |0..10|11 []) + 9·(x_2 ∈ |0..10|11 []) + 4·(x_3 ∈ |0..10|11 []) + 34·(x_4 ∈ |0..10|11 []) + 8·(x_5 ∈ |0..10|11 []) + 11·(x_6 ∈ |0..10|11 []) + 38·(x_7 ∈ |0..10|11 []) + 24·(x_8 ∈ |0..10|11 []) + 14·(x_9 ∈ |0..10|11 []) + 20·(x_10 ∈ |0..10|11 []) ≤ 1110
	w177:	14·(x_1 ∈ |0..10|11 []) + 27·(x_2 ∈ |0..10|11 []) + 32·(x_3 ∈ |0..10|11 []) + 38·(x_4 ∈ |0..10|11 []) + 38·(x_5 ∈ |0..10|11 []) + 25·(x_6 ∈ |0..10|11 []) + 23·(x_7 ∈ |0..10|11 []) + 13·(x_8 ∈ |0..10|11 []) + 20·(x_9 ∈ |0..10|11 []) + 20·(x_10 ∈ |0..10|11 []) ≤ 1480
	w178:	41·(x_1 ∈ |0..10|11 []) + 28·(x_2 ∈ |0..10|11 []) + 12·(x_3 ∈ |0..10|11 []) + 41·(x_4 ∈ |0..10|11 []) + 36·(x_5 ∈ |0..10|11 []) + 37·(x_6 ∈ |0..10|11 []) + 47·(x_7 ∈ |0..10|11 []) + 18·(x_8 ∈ |0..10|11 []) + 29·(x_9 ∈ |0..10|11 []) + 39·(x_10 ∈ |0..10|11 []) ≤ 1940
	w179:	22·(x_1 ∈ |0..10|11 []) + 4·(x_2 ∈ |0..10|11 []) + 32·(x_3 ∈ |0..10|11 []) + 13·(x_4 ∈ |0..10|11 []) + 25·(x_5 ∈ |0..10|11 []) + 28·(x_6 ∈ |0..10|11 []) + 31·(x_7 ∈ |0..10|11 []) + 32·(x_8 ∈ |0..10|11 []) + 9·(x_9 ∈ |0..10|11 []) + 21·(x_10 ∈ |0..10|11 []) ≤ 1280
	w180:	28·(x_1 ∈ |0..10|11 []) + 26·(x_2 ∈ |0..10|11 []) + 46·(x_3 ∈ |0..10|11 []) + 4·(x_4 ∈ |0..10|11 []) + 5·(x_5 ∈ |0..10|11 []) + 47·(x_6 ∈ |0..10|11 []) + 30·(x_7 ∈ |0..10|11 []) + 42·(x_8 ∈ |0..10|11 []) + 10·(x_9 ∈ |0..10|11 []) + 34·(x_10 ∈ |0..10|11 []) ≤ 1610
	w181:	19·(x_1 ∈ |0..10|11 []) + 49·(x_2 ∈ |0..10|11 []) + 11·(x_3 ∈ |0..10|11 []) + 27·(x_4 ∈ |0..10|11 []) + 8·(x_5 ∈ |0..10|11 []) + 31·(x_6 ∈ |0..10|11 []) + 9·(x_7 ∈ |0..10|11 []) + 39·(x_8 ∈ |0..10|11 []) + 6·(x_9 ∈ |0..10|11 []) + 2·(x_10 ∈ |0..10|11 []) ≤ 1180
	w182:	40·(x_1 ∈ |0..10|11 []) + 42·(x_2 ∈ |0..10|11 []) + 3·(x_3 ∈ |0..10|11 []) + 47·(x_4 ∈ |0..10|11 []) + 27·(x_5 ∈ |0..10|11 []) + 9·(x_6 ∈ |0..10|11 []) + 21·(x_7 ∈ |0..10|11 []) + 18·(x_8 ∈ |0..10|11 []) + 2·(x_9 ∈ |0..10|11 []) + 24·(x_10 ∈ |0..10|11 []) ≤ 1370
	w183:	28·(x_1 ∈ |0..10|11 []) + 3·(x_2 ∈ |0..10|11 []) + 12·(x_3 ∈ |0..10|11 []) + 25·(x_4 ∈ |0..10|11 []) + 4·(x_5 ∈ |0..10|11 []) + 30·(x_6 ∈ |0..10|11 []) + 45·(x_7 ∈ |0..10|11 []) + 16·(x_8 ∈ |0..10|11 []) + 18·(x_9 ∈ |0..10|11 []) + 47·(x_10 ∈ |0..10|11 []) ≤ 1340
	w184:	21·(x_1 ∈ |0..10|11 []) + 12·(x_2 ∈ |0..10|11 []) + 16·(x_3 ∈ |0..10|11 []) + 34·(x_4 ∈ |0..10|11 []) + 46·(x_5 ∈ |0..10|11 []) + 38·(x_6 ∈ |0..10|11 []) + 16·(x_7 ∈ |0..10|11 []) + 17·(x_8 ∈ |0..10|11 []) + 12·(x_9 ∈ |0..10|11 []) + 25·(x_10 ∈ |0..10|11 []) ≤ 1400
	w185:	5·(x_1 ∈ |0..10|11 []) + 25·(x_2 ∈ |0..10|11 []) + 41·(x_3 ∈ |0..10|11 []) + 29·(x_4 ∈ |0..10|11 []) + 39·(x_5 ∈ |0..10|11 []) + 23·(x_6 ∈ |0..10|11 []) + 44·(x_7 ∈ |0..10|11 []) + 26·(x_8 ∈ |0..10|11 []) + 14·(x_9 ∈ |0..10|11 []) + 18·(x_10 ∈ |0..10|11 []) ≤ 1560
	w186:	8·(x_1 ∈ |0..10|11 []) + 7·(x_2 ∈ |0..10|11 []) + 20·(x_3 ∈ |0..10|11 []) + (x_4 ∈ |0..10|11 []) + 5·(x_5 ∈ |0..10|11 []) + 19·(x_6 ∈ |0..10|11 []) + 44·(x_7 ∈ |0..10|11 []) + 10·(x_8 ∈ |0..10|11 []) + 43·(x_9 ∈ |0..10|11 []) + 11·(x_10 ∈ |0..10|11 []) ≤ 990
	w187:	26·(x_1 ∈ |0..10|11 []) + 24·(x_2 ∈ |0..10|11 []) + 37·(x_3 ∈ |0..10|11 []) + 42·(x_4 ∈ |0..10|11 []) + (x_5 ∈ |0..10|11 []) + 31·(x_6 ∈ |0..10|11 []) + 37·(x_7 ∈ |0..10|11 []) + 2·(x_8 ∈ |0..10|11 []) + 7·(x_9 ∈ |0..10|11 []) + 28·(x_10 ∈ |0..10|11 []) ≤ 1390
	w188:	34·(x_1 ∈ |0..10|11 []) + 20·(x_2 ∈ |0..10|11 []) + 10·(x_3 ∈ |0..10|11 []) + 35·(x_4 ∈ |0..10|11 []) + 12·(x_5 ∈ |0..10|11 []) + 23·(x_6 ∈ |0..10|11 []) + 39·(x_7 ∈ |0..10|11 []) + 44·(x_8 ∈ |0..10|11 []) + 31·(x_9 ∈ |0..10|11 []) + (x_10 ∈ |0..10|11 []) ≤ 1470
	w189:	5·(x_1 ∈ |0..10|11 []) + 19·(x_2 ∈ |0..10|11 []) + 26·(x_3 ∈ |0..10|11 []) + 5·(x_4 ∈ |0..10|11 []) + 46·(x_5 ∈ |0..10|11 []) + 13·(x_6 ∈ |0..10|11 []) + 35·(x_7 ∈ |0..10|11 []) + 32·(x_8 ∈ |0..10|11 []) + 15·(x_9 ∈ |0..10|11 []) + 44·(x_10 ∈ |0..10|11 []) ≤ 1420
	w190:	18·(x_1 ∈ |0..10|11 []) + 26·(x_2 ∈ |0..10|11 []) + 4·(x_3 ∈ |0..10|11 []) + (x_4 ∈ |0..10|11 []) + 28·(x_5 ∈ |0..10|11 []) + 19·(x_6 ∈ |0..10|11 []) + 33·(x_7 ∈ |0..10|11 []) + 30·(x_8 ∈ |0..10|11 []) + 17·(x_9 ∈ |0..10|11 []) + 24·(x_10 ∈ |0..10|11 []) ≤ 1180
	w191:	6·(x_1 ∈ |0..10|11 []) + 46·(x_2 ∈ |0..10|11 []) + 46·(x_3 ∈ |0..10|11 []) + 31·(x_4 ∈ |0..10|11 []) + 10·(x_5 ∈ |0..10|11 []) + 14·(x_6 ∈ |0..10|11 []) + 31·(x_7 ∈ |0..10|11 []) + 38·(x_8 ∈ |0..10|11 []) + 36·(x_9 ∈ |0..10|11 []) + 18·(x_10 ∈ |0..10|11 []) ≤ 1630
	w192:	16·(x_1 ∈ |0..10|11 []) + 45·(x_2 ∈ |0..10|11 []) + 13·(x_3 ∈ |0..10|11 []) + 32·(x_4 ∈ |0..10|11 []) + 23·(x_5 ∈ |0..10|11 []) + 28·(x_6 ∈ |0..10|11 []) + 25·(x_7 ∈ |0..10|11 []) + 25·(x_8 ∈ |0..10|11 []) + 38·(x_9 ∈ |0..10|11 []) + 21·(x_10 ∈ |0..10|11 []) ≤ 1570
	w193:	38·(x_1 ∈ |0..10|11 []) + 49·(x_2 ∈ |0..10|11 []) + 39·(x_3 ∈ |0..10|11 []) + 18·(x_4 ∈ |0..10|11 []) + 31·(x_5 ∈ |0..10|11 []) + 7·(x_6 ∈ |0..10|11 []) + 33·(x_7 ∈ |0..10|11 []) + 13·(x_8 ∈ |0..10|11 []) + 48·(x_9 ∈ |0..10|11 []) + 17·(x_10 ∈ |0..10|11 []) ≤ 1730
	w194:	12·(x_1 ∈ |0..10|11 []) + 28·(x_2 ∈ |0..10|11 []) + 44·(x_3 ∈ |0..10|11 []) + 27·(x_4 ∈ |0..10|11 []) + 22·(x_5 ∈ |0..10|11 []) + 46·(x_6 ∈ |0..10|11 []) + 24·(x_7 ∈ |0..10|11 []) + 47·(x_8 ∈ |0..10|11 []) + 34·(x_9 ∈ |0..10|11 []) + 49·(x_10 ∈ |0..10|11 []) ≤ 1970
	w195:	48·(x_1 ∈ |0..10|11 []) + 49·(x_2 ∈ |0..10|11 []) + 26·(x_3 ∈ |0..10|11 []) + 8·(x_4 ∈ |0..10|11 []) + 15·(x_5 ∈ |0..10|11 []) + 5·(x_6 ∈ |0..10|11 []) + 34·(x_7 ∈ |0..10|11 []) + 10·(x_8 ∈ |0..10|11 []) + 16·(x_9 ∈ |0..10|11 []) + 25·(x_10 ∈ |0..10|11 []) ≤ 1390
	w196:	39·(x_1 ∈ |0..10|11 []) + 11·(x_2 ∈ |0..10|11 []) + (x_3 ∈ |0..10|11 []) + 4·(x_4 ∈ |0..10|11 []) + 16·(x_5 ∈ |0..10|11 []) + 8·(x_6 ∈ |0..10|11 []) + 35·(x_7 ∈ |0..10|11 []) + 25·(x_8 ∈ |0..10|11 []) + 47·(x_9 ∈ |0..10|11 []) + 3·(x_10 ∈ |0..10|11 []) ≤ 1110
	w197:	40·(x_1 ∈ |0..10|11 []) + 2·(x_2 ∈ |0..10|11 []) + 2·(x_3 ∈ |0..10|11 []) + 34·(x_4 ∈ |0..10|11 []) + 49·(x_5 ∈ |0..10|11 []) + 23·(x_6 ∈ |0..10|11 []) + 3·(x_7 ∈ |0..10|11 []) + 11·(x_8 ∈ |0..10|11 []) + 12·(x_9 ∈ |0..10|11 []) + 40·(x_10 ∈ |0..10|11 []) ≤ 1270
	w198:	23·(x_1 ∈ |0..10|11 []) + (x_2 ∈ |0..10|11 []) + 26·(x_3 ∈ |0..10|11 []) + 9·(x_4 ∈ |0..10|11 []) + 41·(x_5 ∈ |0..10|11 []) + 48·(x_6 ∈ |0..10|11 []) + 27·(x_7 ∈ |0..10|11 []) + 15·(x_8 ∈ |0..10|11 []) + 9·(x_9 ∈ |0..10|11 []) + 25·(x_10 ∈ |0..10|11 []) ≤ 1320
	w199:	31·(x_1 ∈ |0..10|11 []) + 30·(x_2 ∈ |0..10|11 []) + 33·(x_3 ∈ |0..10|11 []) + 36·(x_4 ∈ |0..10|11 []) + 17·(x_5 ∈ |0..10|11 []) + (x_6 ∈ |0..10|11 []) + 2·(x_7 ∈ |0..10|11 []) + 41·(x_8 ∈ |0..10|11 []) + 31·(x_9 ∈ |0..10|11 []) + 15·(x_10 ∈ |0..10|11 []) ≤ 1400
	w200:	(x_1 ∈ |0..10|11 []) + 9·(x_2 ∈ |0..10|11 []) + 8·(x_3 ∈ |0..10|11 []) + 49·(x_4 ∈ |0..10|11 []) + 15·(x_5 ∈ |0..10|11 []) + 9·(x_6 ∈ |0..10|11 []) + 16·(x_7 ∈ |0..10|11 []) + 13·(x_8 ∈ |0..10|11 []) + 24·(x_9 ∈ |0..10|11 []) + 14·(x_10 ∈ |0..10|11 []) ≤ 930
	profits:	5·(x_1 ∈ |0..10|11 []) + 18·(x_2 ∈ |0..10|11 []) + 10·(x_3 ∈ |0..10|11 []) + 21·(x_4 ∈ |0..10|11 []) + 12·(x_5 ∈ |0..10|11 []) + 20·(x_6 ∈ |0..10|11 []) + 18·(x_7 ∈ |0..10|11 []) + 32·(x_8 ∈ |0..10|11 []) + 24·(x_9 ∈ |0..10|11 []) + 48·(x_10 ∈ |0..10|11 []) ≥ 840
	CSE: ""

CMD timeout 180 ./bin/savilerow/savilerow ./experiments/mbkp-control/aux/0981.essence.eprime -sat -sat-pb-ggt -sat-sum-ggt -out-sat ./experiments/mbkp-control/aux/0981.essence.dimacs -out-info ./experiments/mbkp-control/aux/0981.essence.info -out-solution ./experiments/mbkp-control/aux/0981.essence.solution
DONE 119.10835, solve=false
Encoded SavileRow (GT) in 143.69913 seconds as 636616/96641695/289718592

SOLVE T/O Some(60.0)
/var/spool/slurmd/job1883761/slurm_script: line 5: 1931189 Killed                  ( exec ./target/release/pbc load "$1/$id.json" )
BATCH.SH END 137
slurmstepd-extra002: error: Detected 1 oom-kill event(s) in step 1883761.batch cgroup. Some of your processes may have been killed by the cgroup out-of-memory handler.
